 CoreClient

 Timestamp is 507eb518 (Wed Oct 17 20:39:36 2012)

 Preferred load address is 10000000

 Start         Length     Name                   Class
 0001:00000000 000501e6H .text                   CODE
 0001:000501f0 00001934H .text$x                 CODE
 0001:00051b30 00000576H .text$yc                CODE
 0001:000520b0 000002baH .text$yd                CODE
 0002:00000000 00000344H .idata$5                DATA
 0002:00000344 00000004H .CRT$XCA                DATA
 0002:00000348 000000a8H .CRT$XCU                DATA
 0002:000003f0 00000004H .CRT$XCZ                DATA
 0002:000003f4 00000004H .CRT$XIA                DATA
 0002:000003f8 00000004H .CRT$XIAA               DATA
 0002:000003fc 00000004H .CRT$XIC                DATA
 0002:00000400 00000004H .CRT$XIZ                DATA
 0002:00000410 00008008H .rdata                  DATA
 0002:00008418 0000005cH .rdata$debug            DATA
 0002:00008474 00000b30H .rdata$r                DATA
 0002:00008fb0 00000190H .rdata$sxdata           DATA
 0002:00009140 00000004H .rtc$IAA                DATA
 0002:00009144 00000004H .rtc$IZZ                DATA
 0002:00009148 00000004H .rtc$TAA                DATA
 0002:0000914c 00000004H .rtc$TZZ                DATA
 0002:00009150 0000164cH .xdata$x                DATA
 0002:0000a79c 00000078H .idata$2                DATA
 0002:0000a814 00000014H .idata$3                DATA
 0002:0000a828 00000344H .idata$4                DATA
 0002:0000ab6c 000016aaH .idata$6                DATA
 0002:0000c220 000014a2H .edata                  DATA
 0003:00000000 000019d8H .data                   DATA
 0003:000019d8 00b94c74H .bss                    DATA

  Address         Publics by Value              Rva+Base       Lib:Object

 0000:00000000       __except_list              00000000     <absolute>
 0000:00000064       ___safe_se_handler_count   00000064     <absolute>
 0000:00009876       __fltused                  00009876     <absolute>
 0000:00009876       __ldused                   00009876     <absolute>
 0000:00000000       ___ImageBase               10000000     <linker-defined>
 0001:00000000       ??4KMapMusic@@QAEAAV0@ABV0@@Z 10001000 f i KMissle.obj
 0001:00000020       ?GetGameTime@KSubWorldSet@@QAEHXZ 10001020 f i KMissle.obj
 0001:00000030       ?GetGameVersion@KSubWorldSet@@QAEHXZ 10001030 f i KMissle.obj
 0001:00000040       ?SetPing@KSubWorldSet@@QAEXK@Z 10001040 f i KMissle.obj
 0001:00000050       ?GetPing@KSubWorldSet@@QAEKXZ 10001050 f i KMissle.obj
 0001:00000060       ??1KSubWorldSet@@QAE@XZ    10001060 f i KMissle.obj
 0001:00000070       ??4KSubWorldSet@@QAEAAV0@ABV0@@Z 10001070 f i KMissle.obj
 0001:00000090       ??1KNode@@UAE@XZ           10001090 f i KMissle.obj
 0001:000000a0       ??_EKNode@@UAEPAXI@Z       100010a0 f i KMissle.obj
 0001:000000a0       ??_GKNode@@UAEPAXI@Z       100010a0 f i KMissle.obj
 0001:000000c0       ??0KNode@@QAE@XZ           100010c0 f i KMissle.obj
 0001:000000e0       ?GetNext@KNode@@QAEPAV1@XZ 100010e0 f i KMissle.obj
 0001:000000f0       ?InsertBefore@KNode@@QAEXPAV1@@Z 100010f0 f i KMissle.obj
 0001:00000120       ?GetHead@KList@@QAEPAVKNode@@XZ 10001120 f i KMissle.obj
 0001:00000130       ?AddTail@KList@@QAEXPAVKNode@@@Z 10001130 f i KMissle.obj
 0001:00000160       ?g_DirSin@@YAHHH@Z         10001160 f i KMissle.obj
 0001:00000180       ?g_DirCos@@YAHHH@Z         10001180 f i KMissle.obj
 0001:000001a0       ?g_GetDistance@@YAHHHHH@Z  100011a0 f i KMissle.obj
 0001:000001e0       ?g_GetDirIndex@@YAHHHHH@Z  100011e0 f i KMissle.obj
 0001:000002a0       ?g_Dir2DirIndex@@YAHHH@Z   100012a0 f i KMissle.obj
 0001:000002c0       ?g_DirIndex2Dir@@YAHHH@Z   100012c0 f i KMissle.obj
 0001:000002e0       ??0KSkillSpecialNode@@QAE@XZ 100012e0 f i KMissle.obj
 0001:00000300       ??1KSkillSpecialNode@@UAE@XZ 10001300 f i KMissle.obj
 0001:00000320       ??_GKSkillSpecialNode@@UAEPAXI@Z 10001320 f i KMissle.obj
 0001:00000320       ??_EKSkillSpecialNode@@UAEPAXI@Z 10001320 f i KMissle.obj
 0001:00000360       ?SpecialMovieIsAllEnd@KMissleRes@@QAEHXZ 10001360 f i KMissle.obj
 0001:00000380       ??0KIndexNode@@QAE@XZ      10001380 f i KMissle.obj
 0001:000003a0       ??1KIndexNode@@UAE@XZ      100013a0 f i KMissle.obj
 0001:000003b0       ?IsMatch@KNpc@@QAEHK@Z     100013b0 f i KMissle.obj
 0001:000003c0       ??0KWorldMsgNode@@QAE@XZ   100013c0 f i KMissle.obj
 0001:000003e0       ?GetMoney@KInventory@@QAEHXZ 100013e0 f i KMissle.obj
 0001:000003f0       ?SetMoney@KInventory@@QAEHH@Z 100013f0 f i KMissle.obj
 0001:00000410       ??4KInventory@@QAEAAV0@ABV0@@Z 10001410 f i KMissle.obj
 0001:00000430       ??1KWorldMsgNode@@UAE@XZ   10001430 f i KMissle.obj
 0001:00000440       ?FindNpc@KRegion@@QAEHHHHH@Z 10001440 f i KMissle.obj
 0001:000004d0       ?ZAxisMove@KMissle@@AAEXXZ 100014d0 f i KMissle.obj
 0001:00000500       ?TestBarrier@KMissle@@AAEHXZ 10001500 f i KMissle.obj
 0001:00000560       ?GetEquipment@KItemList@@QAEHH@Z 10001560 f i KMissle.obj
 0001:00000570       ?GetMoney@KItemList@@QAEHH@Z 10001570 f i KMissle.obj
 0001:00000590       ?Hand@KItemList@@QAEHXZ    10001590 f i KMissle.obj
 0001:000005a0       ?IsLockOperation@KItemList@@QAEHXZ 100015a0 f i KMissle.obj
 0001:000005b0       ??4KItemList@@QAEAAV0@ABV0@@Z 100015b0 f i KMissle.obj
 0001:000005d0       ?GetSkill@KSkillManager@@QAEPAVISkill@@HH@Z 100015d0 f i KMissle.obj
 0001:00000610       ??0KMissleSet@@QAE@XZ      10001610 f i KMissle.obj
 0001:00000670       ??1KMissleSet@@QAE@XZ      10001670 f i KMissle.obj
 0001:000006d0       ??4KMissleSet@@QAEAAV0@ABV0@@Z 100016d0 f i KMissle.obj
 0001:000006f0       ?KSG_StringGetInt@@YAHPAPADH@Z 100016f0 f i KMissle.obj
 0001:00000700       ?KSG_StringSkipSymbol@@YA_NPAPADH@Z 10001700 f i KMissle.obj
 0001:00000710       ??0KMissle@@QAE@XZ         10001710 f   KMissle.obj
 0001:000007e0       ?Release@KMissle@@AAEXXZ   100017e0 f   KMissle.obj
 0001:00000820       ??1KMissle@@UAE@XZ         10001820 f   KMissle.obj
 0001:00000880       ?GetInfoFromTabFile@KMissle@@QAEHPAVKITabFile@@H@Z 10001880 f   KMissle.obj
 0001:00000e10       ?Init@KMissle@@AAEHHHHHH@Z 10001e10 f   KMissle.obj
 0001:00000e30       ?OnWait@KMissle@@AAEXXZ    10001e30 f   KMissle.obj
 0001:00000e40       ?OnCollision@KMissle@@AAEXXZ 10001e40 f   KMissle.obj
 0001:00000e50       ?OnVanish@KMissle@@AAEXXZ  10001e50 f   KMissle.obj
 0001:00000e60       ??4KMissle@@AAEAAV0@AAV0@@Z 10001e60 f   KMissle.obj
 0001:000010d0       ?ProcessDamage@KMissle@@AAEHH@Z 100020d0 f   KMissle.obj
 0001:000010e0       ?DoVanish@KMissle@@AAEXXZ  100020e0 f   KMissle.obj
 0001:00001150       ?DoFly@KMissle@@AAEXXZ     10002150 f   KMissle.obj
 0001:00001170       ?GetOffsetAxis@KMissle@@SAHHHHHHHAAH00@Z 10002170 f   KMissle.obj
 0001:00001260       ?CreateSpecialEffect@KMissle@@QAEHW4eMissleStatus@@HHHH@Z 10002260 f   KMissle.obj
 0001:00001410       ?CreateMissleForShow@KMissle@@SAHPAD00PAUTMissleForShow@@@Z 10002410 f   KMissle.obj
 0001:000015f0       ?DoWait@KMissle@@AAEXXZ    100025f0 f   KMissle.obj
 0001:00001670       ?CheckNearestCollision@KMissle@@AAEHXZ 10002670 f   KMissle.obj
 0001:00001830       ?GetMpsPos@KMissle@@QAEXPAH0@Z 10002830 f   KMissle.obj
 0001:00001880       ??_GKIndexNode@@UAEPAXI@Z  10002880 f i KMissle.obj
 0001:00001880       ??_EKIndexNode@@UAEPAXI@Z  10002880 f i KMissle.obj
 0001:000018a0       ?Send@KWorldMsg@@QAEHKHHH@Z 100028a0 f i KMissle.obj
 0001:00001910       ??_GKWorldMsgNode@@UAEPAXI@Z 10002910 f i KMissle.obj
 0001:00001910       ??_EKWorldMsgNode@@UAEPAXI@Z 10002910 f i KMissle.obj
 0001:00001930       ??_EKMissle@@UAEPAXI@Z     10002930 f i KMissle.obj
 0001:00001930       ??_GKMissle@@UAEPAXI@Z     10002930 f i KMissle.obj
 0001:00001950       ?GetInfoFromTabFile@KMissle@@QAEHH@Z 10002950 f   KMissle.obj
 0001:00001970       ?Paint@KMissle@@QAEXXZ     10002970 f   KMissle.obj
 0001:00001a80       ?CheckBeyondRegion@KMissle@@AAEHHH@Z 10002a80 f   KMissle.obj
 0001:00001cd0       ?DoCollision@KMissle@@AAEXXZ 10002cd0 f   KMissle.obj
 0001:00001e10       ?ProcessCollision@KMissle@@AAEHHHHHHH@Z 10002e10 f   KMissle.obj
 0001:00001f90       ?ProcessCollision@KMissle@@AAEHXZ 10002f90 f   KMissle.obj
 0001:00001fd0       ?GetLightInfo@KMissle@@QAEXPAUKLightInfo@@@Z 10002fd0 f   KMissle.obj
 0001:00002040       ?PrePareFly@KMissle@@AAEHXZ 10003040 f   KMissle.obj
 0001:00002260       ?CheckCollision@KMissle@@AAEHXZ 10003260 f   KMissle.obj
 0001:00002440       ?OnFly@KMissle@@AAEXXZ     10003440 f   KMissle.obj
 0001:00002b60       ?Activate@KMissle@@QAEHXZ  10003b60 f   KMissle.obj
 0001:00002e00       ?GetPrev@KNode@@QAEPAV1@XZ 10003e00 f i KMissleRes.obj
 0001:00002e10       ?Remove@KNode@@QAEXXZ      10003e10 f i KMissleRes.obj
 0001:00002e40       ??0KList@@QAE@XZ           10003e40 f i KMissleRes.obj
 0001:00002e70       ?GetTail@KList@@QAEPAVKNode@@XZ 10003e70 f i KMissleRes.obj
 0001:00002e80       ?RemoveHead@KList@@QAEPAVKNode@@XZ 10003e80 f i KMissleRes.obj
 0001:00002ec0       ?RemoveTail@KList@@QAEPAVKNode@@XZ 10003ec0 f i KMissleRes.obj
 0001:00002f00       ?GetSndVolume@KOption@@QAEHXZ 10003f00 f i KMissleRes.obj
 0001:00002f10       ??1KList@@QAE@XZ           10003f10 f i KMissleRes.obj
 0001:00002f20       ??1KMissleRes@@QAE@XZ      10003f20 f   KMissleRes.obj
 0001:00002fd0       ?LoadResource@KMissleRes@@QAEXHPAD0@Z 10003fd0 f   KMissleRes.obj
 0001:00003010       ?Remove@KMissleRes@@QAEXXZ 10004010 f   KMissleRes.obj
 0001:00003020       ?Clear@KMissleRes@@QAEXXZ  10004020 f   KMissleRes.obj
 0001:000030d0       ?Draw@KMissleRes@@QAEHHHHHHHH@Z 100040d0 f   KMissleRes.obj
 0001:00003380       ?GetSndVolume@KMissleRes@@QAEHH@Z 10004380 f   KMissleRes.obj
 0001:000033b0       ?StopSound@KMissleRes@@QAEXXZ 100043b0 f   KMissleRes.obj
 0001:00003400       ??0KMissleRes@@QAE@XZ      10004400 f   KMissleRes.obj
 0001:000034a0       ?Init@KMissleRes@@QAEHXZ   100044a0 f   KMissleRes.obj
 0001:000034b0       ?PlaySoundA@KMissleRes@@QAEXHHHH@Z 100044b0 f   KMissleRes.obj
 0001:00003580       ?Init@KMissleSet@@QAEXXZ   10004580 f   KMissleSet.obj
 0001:000035d0       ?FindFree@KMissleSet@@QAEHXZ 100045d0 f   KMissleSet.obj
 0001:000035e0       ?Add@KMissleSet@@QAEHHHHHHH@Z 100045e0 f   KMissleSet.obj
 0001:00003670       ?Add@KMissleSet@@QAEHHHH@Z 10004670 f   KMissleSet.obj
 0001:000037b0       ?CreateMissile@KMissleSet@@QAEHHHHHHHHH@Z 100047b0 f   KMissleSet.obj
 0001:000037e0       ?Activate@KMissleSet@@QAEHXZ 100047e0 f   KMissleSet.obj
 0001:00003810       ?Remove@KMissleSet@@QAEXH@Z 10004810 f   KMissleSet.obj
 0001:00003850       ?Draw@KMissleSet@@QAEXXZ   10004850 f   KMissleSet.obj
 0001:00003870       ?GetCount@KMissleSet@@QAEHXZ 10004870 f   KMissleSet.obj
 0001:000038c0       ?ClearMissles@KMissleSet@@QAEXXZ 100048c0 f   KMissleSet.obj
 0001:000038f0       ?GetSkillLRInfo@KSkill@@QBE?AW4eSkillLRInfo@@XZ 100048f0 f i KSkillList.obj
 0001:00003900       ??0KSkillList@@QAE@XZ      10004900 f   KSkillList.obj
 0001:00003930       ??1KSkillList@@QAE@XZ      10004930 f   KSkillList.obj
 0001:00003940       ?FindSame@KSkillList@@QAEHH@Z 10004940 f   KSkillList.obj
 0001:00003970       ?FindFree@KSkillList@@QAEHXZ 10004970 f   KSkillList.obj
 0001:00003990       ?GetCount@KSkillList@@QAEHXZ 10004990 f   KSkillList.obj
 0001:000039b0       ?IncreaseLevel@KSkillList@@QAEHHH@Z 100049b0 f   KSkillList.obj
 0001:00003a30       ?Add@KSkillList@@QAEHHHHH@Z 10004a30 f   KSkillList.obj
 0001:00003b10       ?GetLevel@KSkillList@@QAEHH@Z 10004b10 f   KSkillList.obj
 0001:00003b40       ?GetCurrentLevel@KSkillList@@QAEHH@Z 10004b40 f   KSkillList.obj
 0001:00003b70       ?CanCast@KSkillList@@QAEHHK@Z 10004b70 f   KSkillList.obj
 0001:00003bb0       ?SetNextCastTime@KSkillList@@QAEXHK@Z 10004bb0 f   KSkillList.obj
 0001:00003be0       ?GetSkillSortList@KSkillList@@QAEHPAUKUiSkillData@@@Z 10004be0 f   KSkillList.obj
 0001:00003d00       ?GetLeftSkillSortList@KSkillList@@QAEHPAUKUiSkillData@@@Z 10004d00 f   KSkillList.obj
 0001:00003e30       ?GetRightSkillSortList@KSkillList@@QAEHPAUKUiSkillData@@@Z 10004e30 f   KSkillList.obj
 0001:00003f50       ?GetSkillPosition@KSkillList@@QAEHH@Z 10004f50 f   KSkillList.obj
 0001:00004020       ?SetLevel@KSkillList@@QAEHHH@Z 10005020 f   KSkillList.obj
 0001:00004060       ?SetSkillLevel@KSkillList@@QAEXHH@Z 10005060 f   KSkillList.obj
 0001:000040a0       ??0KSkillManager@@QAE@XZ   100050a0 f   KSkillManager.obj
 0001:000040b0       ??1KSkillManager@@QAE@XZ   100050b0 f   KSkillManager.obj
 0001:000040f0       ?Init@KSkillManager@@QAEHXZ 100050f0 f   KSkillManager.obj
 0001:000042c0       ??4ISkill@@QAEAAV0@ABV0@@Z 100052c0 f i KSkillManager.obj
 0001:000042d0       ?SetSkillId@KSkill@@QAEXH@Z 100052d0 f i KSkillManager.obj
 0001:000042e0       ?SetSkillLevel@KSkill@@QAEXK@Z 100052e0 f i KSkillManager.obj
 0001:000042f0       ?GetSkillStyle@KSkillManager@@AAEHK@Z 100052f0 f i KSkillManager.obj
 0001:00004310       ??4KSkill@@QAEAAV0@ABV0@@Z 10005310 f i KSkillManager.obj
 0001:00004de0       ?InstanceSkill@KSkillManager@@AAEPAVISkill@@KK@Z 10005de0 f   KSkillManager.obj
 0001:00004f60       ??0KMagicAttrib@@QAE@XZ    10005f60 f i KSkills.obj
 0001:00004f70       ??1ISkill@@UAE@XZ          10005f70 f i KSkills.obj
 0001:00004f80       ?IsAura@ISkill@@UBEHXZ     10005f80 f i KSkills.obj
 0001:00004f90       ?IsPhysical@ISkill@@UBEHXZ 10005f90 f i KSkills.obj
 0001:00004fa0       ?GetSkillLevelUpScriptId@ISkill@@UBEKXZ 10005fa0 f i KSkills.obj
 0001:00004fb0       ??_GISkill@@UAEPAXI@Z      10005fb0 f i KSkills.obj
 0001:00004fb0       ??_EISkill@@UAEPAXI@Z      10005fb0 f i KSkills.obj
 0001:00004fd0       ??0ISkill@@QAE@XZ          10005fd0 f i KSkills.obj
 0001:00004fe0       ??_H@YGXPAXIHP6EPAX0@Z@Z   10005fe0 f i KSkills.obj
 0001:00005020       ??1KSkill@@UAE@XZ          10006020 f   KSkills.obj
 0001:00005030       ?Param2PCoordinate@KSkill@@ABEHHHHPAH0W4eSkillLauncherType@@@Z 10006030 f i KSkills.obj
 0001:00005100       ?CanCastSkill@KSkill@@UBEHHAAH0@Z 10006100 f   KSkills.obj
 0001:00005280       ?GetChildSkillNum@KSkill@@QBEHH@Z 10006280 f   KSkills.obj
 0001:00005290       ?CreateMissle@KSkill@@ABEXHHH@Z 10006290 f   KSkills.obj
 0001:000054c0       ?GetInfoFromTabFile@KSkill@@QAEHPAVKITabFile@@H@Z 100064c0 f   KSkills.obj
 0001:00005b40       ?GetMissleGenerateTime@KSkill@@QBEIH@Z 10006b40 f   KSkills.obj
 0001:00005c50       ?GetSkillIdFromName@KSkill@@SAHPAD@Z 10006c50 f   KSkills.obj
 0001:00005cf0       ?CastInitiativeSkill@KSkill@@ABEHHHHH@Z 10006cf0 f   KSkills.obj
 0001:00005d00       ?CastPassivitySkill@KSkill@@ABEHHHHH@Z 10006d00 f   KSkills.obj
 0001:00005d10       ?MagicAttrib2String@KSkill@@ABEPBDH@Z 10006d10 f i KSkills.obj
 0001:00005d20       ?DrawSkillIcon@KSkill@@UAEXHHHH@Z 10006d20 f   KSkills.obj
 0001:00005dc0       ?GetDescAboutLevel@KSkill@@QAEXPAD@Z 10006dc0 f   KSkills.obj
 0001:000060b0       ?PlayPreCastSound@KSkill@@QBEXHHH@Z 100070b0 f   KSkills.obj
 0001:00006160       ??0KSkill@@QAE@XZ          10007160 f   KSkills.obj
 0001:00006560       ?IsTargetOnly@KSkill@@UBEHXZ 10007560 f i KSkills.obj
 0001:00006570       ?IsTargetEnemy@KSkill@@UBEHXZ 10007570 f i KSkills.obj
 0001:00006580       ?IsTargetAlly@KSkill@@UBEHXZ 10007580 f i KSkills.obj
 0001:00006590       ?IsTargetObj@KSkill@@UBEHXZ 10007590 f i KSkills.obj
 0001:000065a0       ?GetSkillName@KSkill@@UAEPBDXZ 100075a0 f i KSkills.obj
 0001:000065b0       ?GetSkillStyle@KSkill@@UAEHXZ 100075b0 f i KSkills.obj
 0001:000065c0       ?GetAttackRadius@KSkill@@UBEHXZ 100075c0 f i KSkills.obj
 0001:000065d0       ?GetSkillCost@KSkill@@UBEHPAX@Z 100075d0 f i KSkills.obj
 0001:000065e0       ?GetSkillCostType@KSkill@@UBE?AW4NPCATTRIB@@XZ 100075e0 f i KSkills.obj
 0001:000065f0       ?GetSkillId@KSkill@@UAEHXZ 100075f0 f i KSkills.obj
 0001:00006600       ?IsAura@KSkill@@UBEHXZ     10007600 f i KSkills.obj
 0001:00006610       ?IsPhysical@KSkill@@UBEHXZ 10007610 f i KSkills.obj
 0001:00006620       ??_GKSkill@@UAEPAXI@Z      10007620 f i KSkills.obj
 0001:00006620       ??_EKSkill@@UAEPAXI@Z      10007620 f i KSkills.obj
 0001:00006640       ?CastZone@KSkill@@ABEHPAUTOrdinSkillParam@@HHH@Z 10007640 f   KSkills.obj
 0001:00006a10       ?CastLine@KSkill@@ABEHPAUTOrdinSkillParam@@HHH@Z 10007a10 f   KSkills.obj
 0001:00006ce0       ?CastExtractiveLineMissle@KSkill@@ABEHPAUTOrdinSkillParam@@HHHHHHH@Z 10007ce0 f   KSkills.obj
 0001:00006f40       ?CastWall@KSkill@@ABEHPAUTOrdinSkillParam@@HHH@Z 10007f40 f   KSkills.obj
 0001:00007280       ?CastCircle@KSkill@@ABEHPAUTOrdinSkillParam@@HHH@Z 10008280 f   KSkills.obj
 0001:00007560       ?GetInfoFromTabFile@KSkill@@QAEHH@Z 10008560 f   KSkills.obj
 0001:00007580       ?ParseString2MagicAttrib@KSkill@@AAEHKPAD0@Z 10008580 f   KSkills.obj
 0001:00007a40       ?GetDesc@KSkill@@SAXKKPADH_N@Z 10008a40 f   KSkills.obj
 0001:00007d90       ?CastMissles@KSkill@@ABEHHHHHW4eSkillLauncherType@@@Z 10008d90 f   KSkills.obj
 0001:00008b90       ?LoadSkillLevelData@KSkill@@UAEXKH@Z 10009b90 f   KSkills.obj
 0001:00008ee0       ?Cast@KSkill@@QBEHHHHHW4eSkillLauncherType@@@Z 10009ee0 f   KSkills.obj
 0001:00009050       ?OnMissleEvent@KSkill@@QBEHGPAVKMissle@@@Z 1000a050 f   KSkills.obj
 0001:00009220       ?FlyEvent@KSkill@@ABEXPAVKMissle@@@Z 1000a220 f   KSkills.obj
 0001:00009230       ?Collidsion@KSkill@@ABEXPAVKMissle@@@Z 1000a230 f   KSkills.obj
 0001:00009240       ?CastSpread@KSkill@@ABEHPAUTOrdinSkillParam@@HHH@Z 1000a240 f   KSkills.obj
 0001:00009660       ?Vanish@KSkill@@ABEXPAVKMissle@@@Z 1000a660 f   KSkills.obj
 0001:00009670       ??0KSkillSpecial@@QAE@XZ   1000a670 f   KSkillSpecial.obj
 0001:000096b0       ?Init@KSkillSpecial@@QAEHXZ 1000a6b0 f   KSkillSpecial.obj
 0001:000096d0       ?SetAnimation@KSkillSpecial@@QAEXPADI@Z 1000a6d0 f   KSkillSpecial.obj
 0001:00009710       ?Remove@KSkillSpecial@@QAEXXZ 1000a710 f   KSkillSpecial.obj
 0001:00009720       ?Draw@KSkillSpecial@@QAEXH@Z 1000a720 f   KSkillSpecial.obj
 0001:00009870       ?GetDelayPerCast@KThiefSkill@@QAEKXZ 1000a870 f i KThiefSkill.obj
 0001:00009880       ?GetSkillId@KThiefSkill@@UAEHXZ 1000a880 f   KThiefSkill.obj
 0001:00009890       ?GetSkillName@KThiefSkill@@UAEPBDXZ 1000a890 f   KThiefSkill.obj
 0001:000098a0       ?GetSkillStyle@KThiefSkill@@UAEHXZ 1000a8a0 f   KThiefSkill.obj
 0001:000098b0       ?LoadSkillLevelData@KThiefSkill@@UAEXKH@Z 1000a8b0 f   KThiefSkill.obj
 0001:000098c0       ?DoSkill@KThiefSkill@@QAEHPAVKNpc@@HH@Z 1000a8c0 f   KThiefSkill.obj
 0001:00009980       ?Cast@KThiefSkill@@QAEHPAVKPlayer@@0@Z 1000a980 f   KThiefSkill.obj
 0001:00009990       ?OnSkill@KThiefSkill@@QAEHPAVKNpc@@@Z 1000a990 f   KThiefSkill.obj
 0001:00009a30       ?CanCastSkill@KThiefSkill@@UBEHHAAH0@Z 1000aa30 f   KThiefSkill.obj
 0001:00009ad0       ?GetDesc@KThiefSkill@@QAEXKKPADH_N@Z 1000aad0 f   KThiefSkill.obj
 0001:00009af0       ?LoadSetting@KThiefSkill@@QAEHPAD@Z 1000aaf0 f   KThiefSkill.obj
 0001:00009df0       ?GetSkillCost@KThiefSkill@@UBEHPAX@Z 1000adf0 f   KThiefSkill.obj
 0001:00009e10       ?DrawSkillIcon@KThiefSkill@@UAEXHHHH@Z 1000ae10 f   KThiefSkill.obj
 0001:00009eb0       ??0KThiefSkill@@QAE@XZ     1000aeb0 f   KThiefSkill.obj
 0001:00009ef0       ?GetSkillCostType@KThiefSkill@@UBE?AW4NPCATTRIB@@XZ 1000aef0 f i KThiefSkill.obj
 0001:00009f00       ?GetAttackRadius@KThiefSkill@@UBEHXZ 1000af00 f i KThiefSkill.obj
 0001:00009f10       ?IsTargetOnly@KThiefSkill@@UBEHXZ 1000af10 f i KThiefSkill.obj
 0001:00009f20       ?IsTargetEnemy@KThiefSkill@@UBEHXZ 1000af20 f i KThiefSkill.obj
 0001:00009f30       ?IsTargetAlly@KThiefSkill@@UBEHXZ 1000af30 f i KThiefSkill.obj
 0001:00009f40       ?IsTargetObj@KThiefSkill@@UBEHXZ 1000af40 f i KThiefSkill.obj
 0001:00009f50       ??1KThiefSkill@@UAE@XZ     1000af50 f   KThiefSkill.obj
 0001:00009f60       ??_GKThiefSkill@@UAEPAXI@Z 1000af60 f i KThiefSkill.obj
 0001:00009f60       ??_EKThiefSkill@@UAEPAXI@Z 1000af60 f i KThiefSkill.obj
 0001:00009f80       ?Init@KFaction@@QAEHXZ     1000af80 f   KFaction.obj
 0001:0000a490       ?GetID@KFaction@@QAEHHH@Z  1000b490 f   KFaction.obj
 0001:0000a4b0       ?GetID@KFaction@@QAEHHPAD@Z 1000b4b0 f   KFaction.obj
 0001:0000a530       ?GetCamp@KFaction@@QAEHH@Z 1000b530 f   KFaction.obj
 0001:0000a550       ?g_RandPercent@@YAHH@Z     1000b550 f i KNpc.obj
 0001:0000a570       ??0KNpcTemplate@@QAE@XZ    1000b570 f i KNpc.obj
 0001:0000a580       ??0KOutputTextParam@@QAE@XZ 1000b580 f i KNpc.obj
 0001:0000a5a0       ?SetAdjustColorId@KNpcRes@@QAEXK@Z 1000b5a0 f i KNpc.obj
 0001:0000a5b0       ?GetPlayerWalkSpeed@KNpcSet@@QAEHXZ 1000b5b0 f i KNpc.obj
 0001:0000a5c0       ?GetPlayerRunSpeed@KNpcSet@@QAEHXZ 1000b5c0 f i KNpc.obj
 0001:0000a5d0       ?GetPlayerAttackFrame@KNpcSet@@QAEHXZ 1000b5d0 f i KNpc.obj
 0001:0000a5e0       ?GetPlayerHurtFrame@KNpcSet@@QAEHXZ 1000b5e0 f i KNpc.obj
 0001:0000a5f0       ?GetPlayerStandFrame@KNpcSet@@QAEHH@Z 1000b5f0 f i KNpc.obj
 0001:0000a610       ?GetPlayerWalkFrame@KNpcSet@@QAEHH@Z 1000b610 f i KNpc.obj
 0001:0000a630       ?GetPlayerRunFrame@KNpcSet@@QAEHH@Z 1000b630 f i KNpc.obj
 0001:0000a650       ?IsNeedShadow@KSkill@@QBEHXZ 1000b650 f i KNpc.obj
 0001:0000a660       ?GetPreCastEffectFile@KSkill@@QBEPBDXZ 1000b660 f i KNpc.obj
 0001:0000a670       ?GetActionType@KSkill@@QBE?AW4CLIENTACTION@@XZ 1000b670 f i KNpc.obj
 0001:0000a680       ?GetDelayPerCast@KSkill@@QBEHXZ 1000b680 f i KNpc.obj
 0001:0000a690       ?GetChildSkillNum@KSkill@@QBEHXZ 1000b690 f i KNpc.obj
 0001:0000a6a0       ?GetChildSkillId@KSkill@@QBEHXZ 1000b6a0 f i KNpc.obj
 0001:0000a6b0       ?GetMeleeType@KSkill@@QBEHXZ 1000b6b0 f i KNpc.obj
 0001:0000a6c0       ?GetStateSpecailId@KSkill@@QBEHXZ 1000b6c0 f i KNpc.obj
 0001:0000a6d0       ?Init@KNpc@@QAEXXZ         1000b6d0 f   KNpc.obj
 0001:0000aa30       ?GetActiveSkill@KNpc@@QAEPAVISkill@@XZ 1000ba30 f   KNpc.obj
 0001:0000aa90       ?SetCurrentCamp@KNpc@@QAEXH@Z 1000ba90 f   KNpc.obj
 0001:0000aaa0       ?SetCamp@KNpc@@QAEXH@Z     1000baa0 f   KNpc.obj
 0001:0000aab0       ?RestoreCurrentCamp@KNpc@@QAEXXZ 1000bab0 f   KNpc.obj
 0001:0000aac0       ?DoDefense@KNpc@@AAEXXZ    1000bac0 f   KNpc.obj
 0001:0000aad0       ?OnDefense@KNpc@@AAEXXZ    1000bad0 f   KNpc.obj
 0001:0000aae0       ?DoIdle@KNpc@@AAEXXZ       1000bae0 f   KNpc.obj
 0001:0000ab00       ?OnIdle@KNpc@@AAEXXZ       1000bb00 f   KNpc.obj
 0001:0000ab10       ?DoHurt@KNpc@@AAEXHHH@Z    1000bb10 f   KNpc.obj
 0001:0000abb0       ?DoSpecial2@KNpc@@AAEXXZ   1000bbb0 f   KNpc.obj
 0001:0000abc0       ?DoSpecial3@KNpc@@AAEXXZ   1000bbc0 f   KNpc.obj
 0001:0000abd0       ?OnSpecial3@KNpc@@AAEXXZ   1000bbd0 f   KNpc.obj
 0001:0000abe0       ?DoSpecial4@KNpc@@AAEXXZ   1000bbe0 f   KNpc.obj
 0001:0000abf0       ?OnSpecial4@KNpc@@AAEXXZ   1000bbf0 f   KNpc.obj
 0001:0000ac00       ?OnRevive@KNpc@@AAEXXZ     1000bc00 f   KNpc.obj
 0001:0000ac10       ?DoSit@KNpc@@AAEXXZ        1000bc10 f   KNpc.obj
 0001:0000ac50       ?DoAttack@KNpc@@AAEXXZ     1000bc50 f   KNpc.obj
 0001:0000acb0       ?DoBlurAttack@KNpc@@AAEHXZ 1000bcb0 f   KNpc.obj
 0001:0000ad20       ?DoMagic@KNpc@@AAEXXZ      1000bd20 f   KNpc.obj
 0001:0000ad70       ?DoWalk@KNpc@@AAEXXZ       1000bd70 f   KNpc.obj
 0001:0000add0       ?DoPlayerTalk@KNpc@@QAEXPAD@Z 1000bdd0 f   KNpc.obj
 0001:0000ade0       ?OnPlayerTalk@KNpc@@AAEXXZ 1000bde0 f   KNpc.obj
 0001:0000adf0       ?GetSkillLevel@KNpc@@QAEHH@Z 1000bdf0 f   KNpc.obj
 0001:0000ae20       ?ModifyAttrib@KNpc@@QAEXHPAX@Z 1000be20 f   KNpc.obj
 0001:0000ae40       ?SetImmediatelySkillEffect@KNpc@@QAEXHPAXH@Z 1000be40 f   KNpc.obj
 0001:0000ae80       ?ServeJump@KNpc@@AAEXH@Z   1000be80 f   KNpc.obj
 0001:0000b1f0       ?SendCommand@KNpc@@QAEXW4NPCCMD@@HHH@Z 1000c1f0 f   KNpc.obj
 0001:0000b220       ?NewPath@KNpc@@AAEHHH@Z    1000c220 f   KNpc.obj
 0001:0000b240       ?SelfDamage@KNpc@@QAEXH@Z  1000c240 f   KNpc.obj
 0001:0000b260       ?DoJump@KNpc@@AAEXXZ       1000c260 f   KNpc.obj
 0001:0000b2d0       ?WaitForFrame@KNpc@@AAEHXZ 1000c2d0 f   KNpc.obj
 0001:0000b300       ?IsReachFrame@KNpc@@AAEHH@Z 1000c300 f   KNpc.obj
 0001:0000b330       ?GetMpsPos@KNpc@@QAEXPAH0@Z 1000c330 f   KNpc.obj
 0001:0000b380       ?SetActiveSkill@KNpc@@QAEHH@Z 1000c380 f   KNpc.obj
 0001:0000b3f0       ?SetAuraSkill@KNpc@@QAEXH@Z 1000c3f0 f   KNpc.obj
 0001:0000b470       ?SetPlayerIdx@KNpc@@QAEHH@Z 1000c470 f   KNpc.obj
 0001:0000b4a0       ?PaintInfo@KNpc@@QAEHH_NHK@Z 1000c4a0 f   KNpc.obj
 0001:0000b790       ?PaintChat@KNpc@@QAEHH@Z   1000c790 f   KNpc.obj
 0001:0000b8a0       ?SetChatInfo@KNpc@@QAEHPBD0G@Z 1000c8a0 f   KNpc.obj
 0001:0000ba10       ?PaintLife@KNpc@@QAEHH_N@Z 1000ca10 f   KNpc.obj
 0001:0000bb60       ?PaintMana@KNpc@@QAEHH@Z   1000cb60 f   KNpc.obj
 0001:0000bb70       ?AddBaseLifeMax@KNpc@@QAEXH@Z 1000cb70 f   KNpc.obj
 0001:0000bb90       ?AddCurLifeMax@KNpc@@QAEXH@Z 1000cb90 f   KNpc.obj
 0001:0000bba0       ?AddBaseStaminaMax@KNpc@@QAEXH@Z 1000cba0 f   KNpc.obj
 0001:0000bbc0       ?AddCurStaminaMax@KNpc@@QAEXH@Z 1000cbc0 f   KNpc.obj
 0001:0000bbd0       ?AddBaseManaMax@KNpc@@QAEXH@Z 1000cbd0 f   KNpc.obj
 0001:0000bbf0       ?AddCurManaMax@KNpc@@QAEXH@Z 1000cbf0 f   KNpc.obj
 0001:0000bc00       ?CalcCurLifeReplenish@KNpc@@QAEXXZ 1000cc00 f   KNpc.obj
 0001:0000bc10       ?Remove@KNpc@@QAEXXZ       1000cc10 f   KNpc.obj
 0001:0000bc30       ?RemoveRes@KNpc@@QAEXXZ    1000cc30 f   KNpc.obj
 0001:0000bc40       ?SetSeries@KNpc@@QAEXH@Z   1000cc40 f   KNpc.obj
 0001:0000bc60       ?ModifyMissleCollsion@KNpc@@QAEHH@Z 1000cc60 f   KNpc.obj
 0001:0000bc90       ?ModifyMissleSpeed@KNpc@@QAEHH@Z 1000cc90 f   KNpc.obj
 0001:0000bcb0       ?CheckHitTarget@KNpc@@AAEHHHH@Z 1000ccb0 f   KNpc.obj
 0001:0000bd40       ?SetPhysicsDamage@KNpc@@QAEXHH@Z 1000cd40 f   KNpc.obj
 0001:0000bd60       ?SetBaseAttackRating@KNpc@@QAEXH@Z 1000cd60 f   KNpc.obj
 0001:0000bd80       ?SetBaseDefence@KNpc@@QAEXH@Z 1000cd80 f   KNpc.obj
 0001:0000bda0       ?SetMenuState@KNpc@@QAEXHPADH@Z 1000cda0 f   KNpc.obj
 0001:0000bdb0       ?GetMenuState@KNpc@@QAEHXZ 1000cdb0 f   KNpc.obj
 0001:0000bdc0       ?SearchAroundID@KNpc@@QAEKK@Z 1000cdc0 f   KNpc.obj
 0001:0000be30       ?SetSpecialSpr@KNpc@@QAEXPAD@Z 1000ce30 f   KNpc.obj
 0001:0000be40       ?SetInstantSpr@KNpc@@QAEXH@Z 1000ce40 f   KNpc.obj
 0001:0000bea0       ?GetNormalNpcStandDir@KNpc@@QAEHH@Z 1000cea0 f   KNpc.obj
 0001:0000beb0       ?ClearNpcState@KNpc@@QAEXXZ 1000ceb0 f   KNpc.obj
 0001:0000bf10       ?DrawBorder@KNpc@@QAEXXZ   1000cf10 f   KNpc.obj
 0001:0000bf30       ?DrawMenuState@KNpc@@QAEHH@Z 1000cf30 f   KNpc.obj
 0001:0000bf50       ?IsPlayer@KNpc@@QAEHXZ     1000cf50 f   KNpc.obj
 0001:0000bf60       ?ClearStateSkillEffect@KNpc@@QAEXXZ 1000cf60 f   KNpc.obj
 0001:0000c020       ?ClearNormalState@KNpc@@QAEXXZ 1000d020 f   KNpc.obj
 0001:0000c180       ?CheckTrap@KNpc@@QAEXXZ    1000d180 f   KNpc.obj
 0001:0000c200       ?SetFightMode@KNpc@@QAEXH@Z 1000d200 f   KNpc.obj
 0001:0000c210       ?TurnTo@KNpc@@QAEXH@Z      1000d210 f   KNpc.obj
 0001:0000c280       ?ReCalcStateEffect@KNpc@@QAEXXZ 1000d280 f   KNpc.obj
 0001:0000c310       ?GetCurActiveWeaponSkill@KNpc@@QAEHXZ 1000d310 f   KNpc.obj
 0001:0000c3c0       ?HurtAutoMove@KNpc@@AAEXXZ 1000d3c0 f   KNpc.obj
 0001:0000c760       ?ClearBlood@KNpc@@QAEXXZ   1000d760 f   KNpc.obj
 0001:0000c780       ?SetBlood@KNpc@@QAEXH@Z    1000d780 f   KNpc.obj
 0001:0000c7c0       ?PaintBlood@KNpc@@QAEHH@Z  1000d7c0 f   KNpc.obj
 0001:0000c8b0       ?GetNpcPate@KNpc@@QAEHXZ   1000d8b0 f   KNpc.obj
 0001:0000c910       ?GetNpcPatePeopleInfo@KNpc@@QAEHXZ 1000d910 f   KNpc.obj
 0001:0000c9a0       ?GetSkill@KSkillManager@@QAEPAVISkill@@HHW4eSKillStyle@@@Z 1000d9a0 f i KNpc.obj
 0001:0000ca00       ??1KNpc@@QAE@XZ            1000da00 f i KNpc.obj
 0001:0000ca70       ??0KNpc@@QAE@XZ            1000da70 f   KNpc.obj
 0001:0000cba0       ?ProcessState@KNpc@@QAEHXZ 1000dba0 f   KNpc.obj
 0001:0000cdd0       ?DoDeath@KNpc@@AAEXH@Z     1000ddd0 f   KNpc.obj
 0001:0000ce90       ?DoSpecial1@KNpc@@AAEXXZ   1000de90 f   KNpc.obj
 0001:0000cea0       ?DoStand@KNpc@@AAEXXZ      1000dea0 f   KNpc.obj
 0001:0000cf30       ?OnStand@KNpc@@AAEXXZ      1000df30 f   KNpc.obj
 0001:0000cf70       ?DoRevive@KNpc@@AAEXXZ     1000df70 f   KNpc.obj
 0001:0000d060       ?DoRun@KNpc@@AAEXXZ        1000e060 f   KNpc.obj
 0001:0000d0c0       ?OnSit@KNpc@@AAEXXZ        1000e0c0 f   KNpc.obj
 0001:0000d0e0       ?OnSkill@KNpc@@AAEXXZ      1000e0e0 f   KNpc.obj
 0001:0000d1b0       ?RunTo@KNpc@@AAEXHH@Z      1000e1b0 f   KNpc.obj
 0001:0000d1d0       ?Goto@KNpc@@AAEXHH@Z       1000e1d0 f   KNpc.obj
 0001:0000d1f0       ?AppendSkillEffect@KNpc@@QAEXHHPAX0@Z 1000e1f0 f   KNpc.obj
 0001:0000d530       ?ServeMove@KNpc@@AAEXH@Z   1000e530 f   KNpc.obj
 0001:0000d9a0       ?NewJump@KNpc@@AAEHHH@Z    1000e9a0 f   KNpc.obj
 0001:0000dc20       ?Cost@KNpc@@QAEHW4NPCATTRIB@@HH@Z 1000ec20 f   KNpc.obj
 0001:0000dd30       ?OnJump@KNpc@@AAEHXZ       1000ed30 f   KNpc.obj
 0001:0000dd70       ?Paint@KNpc@@QAEXXZ        1000ed70 f   KNpc.obj
 0001:0000de10       ??0KStateNode@@QAE@XZ      1000ee10 f i KNpc.obj
 0001:0000ded0       ??1KStateNode@@UAE@XZ      1000eed0 f i KNpc.obj
 0001:0000dee0       ??_GKStateNode@@UAEPAXI@Z  1000eee0 f i KNpc.obj
 0001:0000dee0       ??_EKStateNode@@UAEPAXI@Z  1000eee0 f i KNpc.obj
 0001:0000df00       ?ModifyMissleLifeTime@KNpc@@QAEHH@Z 1000ef00 f   KNpc.obj
 0001:0000df10       ?DoManyAttack@KNpc@@AAEHXZ 1000ef10 f   KNpc.obj
 0001:0000e030       ?OnManyAttack@KNpc@@AAEXXZ 1000f030 f   KNpc.obj
 0001:0000e0b0       ?DoRunAttack@KNpc@@AAEHXZ  1000f0b0 f   KNpc.obj
 0001:0000e2b0       ?DoJumpAttack@KNpc@@AAEHXZ 1000f2b0 f   KNpc.obj
 0001:0000e430       ?OnJumpAttack@KNpc@@AAEHXZ 1000f430 f   KNpc.obj
 0001:0000e540       ?SetNpcState@KNpc@@QAEXPAE@Z 1000f540 f   KNpc.obj
 0001:0000e5b0       ?RestoreNpcBaseInfo@KNpc@@QAEXXZ 1000f5b0 f   KNpc.obj
 0001:0000e840       ?DrawBlood@KNpc@@QAEXXZ    1000f840 f   KNpc.obj
 0001:0000e870       ?ProcNetCommand@KNpc@@QAEXW4NPCCMD@@HHH@Z 1000f870 f   KNpc.obj
 0001:0000e920       ?OnDeath@KNpc@@AAEXXZ      1000f920 f   KNpc.obj
 0001:0000ea80       ?OnHurt@KNpc@@AAEXXZ       1000fa80 f   KNpc.obj
 0001:0000eca0       ?OnSpecial1@KNpc@@AAEXXZ   1000fca0 f   KNpc.obj
 0001:0000ed40       ?OnSpecial2@KNpc@@AAEXXZ   1000fd40 f   KNpc.obj
 0001:0000edc0       ?OnRun@KNpc@@AAEXXZ        1000fdc0 f   KNpc.obj
 0001:0000ede0       ?CastMeleeSkill@KNpc@@AAEHPAVKSkill@@@Z 1000fde0 f   KNpc.obj
 0001:0000ef20       ?JumpTo@KNpc@@AAEXHH@Z     1000ff20 f   KNpc.obj
 0001:0000ef60       ?OnWalk@KNpc@@AAEXXZ       1000ff60 f   KNpc.obj
 0001:0000ef80       ?SetStateSkillEffect@KNpc@@QAEXHHHPAXHH@Z 1000ff80 f   KNpc.obj
 0001:0000f170       ?OnRunAttack@KNpc@@AAEXXZ  10010170 f   KNpc.obj
 0001:0000f2a0       ?LoadDataFromTemplate@KNpc@@QAEXHH@Z 100102a0 f   KNpc.obj
 0001:0000f3e0       ?ProcStatus@KNpc@@QAEXXZ   100103e0 f   KNpc.obj
 0001:0000f4a0       ?DoOrdinSkill@KNpc@@AAEHPAVKSkill@@HH@Z 100104a0 f   KNpc.obj
 0001:0000f710       ?GetNpcCopyFromTemplate@KNpc@@QAEXHH@Z 10010710 f   KNpc.obj
 0001:0000f8f0       ?DoSkill@KNpc@@AAEXHH@Z    100108f0 f   KNpc.obj
 0001:0000fa10       ?Load@KNpc@@QAEXHH@Z       10010a10 f   KNpc.obj
 0001:0000fd10       ?ProcCommand@KNpc@@QAEXH@Z 10010d10 f   KNpc.obj
 0001:0000ff10       ?Activate@KNpc@@QAEXXZ     10010f10 f   KNpc.obj
 0001:00010100       ?GetNpcMoveOffset@KNpcAI@@AAEHHHPAH0@Z 10011100 f i KNpcAI.obj
 0001:00010150       ?CanShowNpc@KNpcAI@@AAEHXZ 10011150 f i KNpcAI.obj
 0001:00010180       ??0KNpcAI@@QAE@XZ          10011180 f   KNpcAI.obj
 0001:00010190       ?FollowObject@KNpcAI@@AAEXH@Z 10011190 f   KNpcAI.obj
 0001:00010210       ?FollowPeople@KNpcAI@@AAEXH@Z 10011210 f   KNpcAI.obj
 0001:000104f0       ?TriggerMapTrap@KNpcAI@@AAEXXZ 100114f0 f   KNpcAI.obj
 0001:00010510       ?TriggerObjectTrap@KNpcAI@@AAEXXZ 10011510 f   KNpcAI.obj
 0001:00010520       ?GetNearestNpc@KNpcAI@@AAEHH@Z 10011520 f   KNpcAI.obj
 0001:00010940       ?IsPlayerCome@KNpcAI@@AAEHXZ 10011940 f   KNpcAI.obj
 0001:00010990       ?GetNpcNumber@KNpcAI@@AAEHH@Z 10011990 f   KNpcAI.obj
 0001:00010b70       ?KeepAttackRange@KNpcAI@@AAEXHH@Z 10011b70 f   KNpcAI.obj
 0001:00010c40       ?GetRandomNumber@@YAHHH@Z  10011c40 f i KNpcAI.obj
 0001:00010c60       ?InEyeshot@KNpcAI@@AAEHH@Z 10011c60 f   KNpcAI.obj
 0001:00010c90       ?CommonAction@KNpcAI@@AAEXXZ 10011c90 f   KNpcAI.obj
 0001:00010d40       ?KeepActiveRange@KNpcAI@@AAEHXZ 10011d40 f   KNpcAI.obj
 0001:00010e10       ?DoShowFlee@KNpcAI@@AAEHH@Z 10011e10 f   KNpcAI.obj
 0001:00010f00       ?Flee@KNpcAI@@AAEXH@Z      10011f00 f   KNpcAI.obj
 0001:00010f80       ?ShowNpcType11@KNpcAI@@AAEHXZ 10011f80 f   KNpcAI.obj
 0001:000110c0       ?ShowNpcType12@KNpcAI@@AAEHXZ 100120c0 f   KNpcAI.obj
 0001:00011200       ?ShowNpcType13@KNpcAI@@AAEHXZ 10012200 f   KNpcAI.obj
 0001:00011320       ?ShowNpcType14@KNpcAI@@AAEHXZ 10012320 f   KNpcAI.obj
 0001:00011480       ?ShowNpcType15@KNpcAI@@AAEHXZ 10012480 f   KNpcAI.obj
 0001:000115a0       ?ShowNpcType16@KNpcAI@@AAEHXZ 100125a0 f   KNpcAI.obj
 0001:000116e0       ?ShowNpcType17@KNpcAI@@AAEHXZ 100126e0 f   KNpcAI.obj
 0001:00011840       ?ProcessPlayer@KNpcAI@@AAEXXZ 10012840 f   KNpcAI.obj
 0001:00011880       ?FollowAttack@KNpcAI@@AAEXH@Z 10012880 f   KNpcAI.obj
 0001:00011940       ?ProcessAIType01@KNpcAI@@AAEXXZ 10012940 f   KNpcAI.obj
 0001:00011ac0       ?ProcessAIType02@KNpcAI@@AAEXXZ 10012ac0 f   KNpcAI.obj
 0001:00011cc0       ?ProcessAIType03@KNpcAI@@AAEXXZ 10012cc0 f   KNpcAI.obj
 0001:00011e60       ?ProcessAIType04@KNpcAI@@AAEXXZ 10012e60 f   KNpcAI.obj
 0001:00011fb0       ?ProcessAIType05@KNpcAI@@AAEXXZ 10012fb0 f   KNpcAI.obj
 0001:00012160       ?ProcessAIType06@KNpcAI@@AAEXXZ 10013160 f   KNpcAI.obj
 0001:000122e0       ?ProcessShowNpc@KNpcAI@@AAEHXZ 100132e0 f   KNpcAI.obj
 0001:00012360       ?Activate@KNpcAI@@QAEXH@Z  10013360 f   KNpcAI.obj
 0001:00012420       ??1KNpcAttribModify@@QAE@XZ 10013420 f   KNpcAttribModify.obj
 0001:00012430       ?ModifyAttrib@KNpcAttribModify@@QAEXPAVKNpc@@PAX@Z 10013430 f   KNpcAttribModify.obj
 0001:00012460       ?AddColdDamageV@KNpcAttribModify@@AAEXPAVKNpc@@PAX@Z 10013460 f   KNpcAttribModify.obj
 0001:000124e0       ?AddFireDamageV@KNpcAttribModify@@AAEXPAVKNpc@@PAX@Z 100134e0 f   KNpcAttribModify.obj
 0001:00012520       ?AddLightingDamageV@KNpcAttribModify@@AAEXPAVKNpc@@PAX@Z 10013520 f   KNpcAttribModify.obj
 0001:00012560       ?AddPhysicsDamageP@KNpcAttribModify@@AAEXPAVKNpc@@PAX@Z 10013560 f   KNpcAttribModify.obj
 0001:000126c0       ?AddPoisonDamageV@KNpcAttribModify@@AAEXPAVKNpc@@PAX@Z 100136c0 f   KNpcAttribModify.obj
 0001:00012740       ?AddPhysicsDamageV@KNpcAttribModify@@AAEXPAVKNpc@@PAX@Z 10013740 f   KNpcAttribModify.obj
 0001:00012770       ?AllresP@KNpcAttribModify@@AAEXPAVKNpc@@PAX@Z 10013770 f   KNpcAttribModify.obj
 0001:000127c0       ?AllSkillV@KNpcAttribModify@@AAEXPAVKNpc@@PAX@Z 100137c0 f   KNpcAttribModify.obj
 0001:000127f0       ?AttackRatingP@KNpcAttribModify@@AAEXPAVKNpc@@PAX@Z 100137f0 f   KNpcAttribModify.obj
 0001:00012860       ?AttackRatingV@KNpcAttribModify@@AAEXPAVKNpc@@PAX@Z 10013860 f   KNpcAttribModify.obj
 0001:00012890       ?AttackSpeedV@KNpcAttribModify@@AAEXPAVKNpc@@PAX@Z 10013890 f   KNpcAttribModify.obj
 0001:000128c0       ?BadStatusTimeReduceV@KNpcAttribModify@@AAEXPAVKNpc@@PAX@Z 100138c0 f   KNpcAttribModify.obj
 0001:000128d0       ?BurnTimeReduceP@KNpcAttribModify@@AAEXPAVKNpc@@PAX@Z 100138d0 f   KNpcAttribModify.obj
 0001:000128e0       ?CastSpeedV@KNpcAttribModify@@AAEXPAVKNpc@@PAX@Z 100138e0 f   KNpcAttribModify.obj
 0001:00012910       ?ChangeCampV@KNpcAttribModify@@AAEXPAVKNpc@@PAX@Z 10013910 f   KNpcAttribModify.obj
 0001:00012960       ?ColdArmorV@KNpcAttribModify@@AAEXPAVKNpc@@PAX@Z 10013960 f   KNpcAttribModify.obj
 0001:000129d0       ?ColdresP@KNpcAttribModify@@AAEXPAVKNpc@@PAX@Z 100139d0 f   KNpcAttribModify.obj
 0001:00012a00       ?DeadlyStrikeP@KNpcAttribModify@@AAEXPAVKNpc@@PAX@Z 10013a00 f   KNpcAttribModify.obj
 0001:00012a30       ?DexterityV@KNpcAttribModify@@AAEXPAVKNpc@@PAX@Z 10013a30 f   KNpcAttribModify.obj
 0001:00012a80       ?EarthSkillV@KNpcAttribModify@@AAEXPAVKNpc@@PAX@Z 10013a80 f   KNpcAttribModify.obj
 0001:00012ab0       ?EnergyV@KNpcAttribModify@@AAEXPAVKNpc@@PAX@Z 10013ab0 f   KNpcAttribModify.obj
 0001:00012b00       ?FastHitRecoverV@KNpcAttribModify@@AAEXPAVKNpc@@PAX@Z 10013b00 f   KNpcAttribModify.obj
 0001:00012b30       ?FastWalkRunP@KNpcAttribModify@@AAEXPAVKNpc@@PAX@Z 10013b30 f   KNpcAttribModify.obj
 0001:00012ba0       ?FireArmorV@KNpcAttribModify@@AAEXPAVKNpc@@PAX@Z 10013ba0 f   KNpcAttribModify.obj
 0001:00012c10       ?FireSkillV@KNpcAttribModify@@AAEXPAVKNpc@@PAX@Z 10013c10 f   KNpcAttribModify.obj
 0001:00012c40       ?FreezeTimeReduceP@KNpcAttribModify@@AAEXPAVKNpc@@PAX@Z 10013c40 f   KNpcAttribModify.obj
 0001:00012c70       ?KnockBackP@KNpcAttribModify@@AAEXPAVKNpc@@PAX@Z 10013c70 f   KNpcAttribModify.obj
 0001:00012ca0       ?LifeMaxP@KNpcAttribModify@@AAEXPAVKNpc@@PAX@Z 10013ca0 f   KNpcAttribModify.obj
 0001:00012d10       ?LifeMaxV@KNpcAttribModify@@AAEXPAVKNpc@@PAX@Z 10013d10 f   KNpcAttribModify.obj
 0001:00012d40       ?LifeReplenishV@KNpcAttribModify@@AAEXPAVKNpc@@PAX@Z 10013d40 f   KNpcAttribModify.obj
 0001:00012d70       ?LifeV@KNpcAttribModify@@AAEXPAVKNpc@@PAX@Z 10013d70 f   KNpcAttribModify.obj
 0001:00012da0       ?LightingArmorV@KNpcAttribModify@@AAEXPAVKNpc@@PAX@Z 10013da0 f   KNpcAttribModify.obj
 0001:00012e10       ?LightingresP@KNpcAttribModify@@AAEXPAVKNpc@@PAX@Z 10013e10 f   KNpcAttribModify.obj
 0001:00012e40       ?LuckyV@KNpcAttribModify@@AAEXPAVKNpc@@PAX@Z 10013e40 f   KNpcAttribModify.obj
 0001:00012e80       ?ManaMaxP@KNpcAttribModify@@AAEXPAVKNpc@@PAX@Z 10013e80 f   KNpcAttribModify.obj
 0001:00012ef0       ?ManaMaxV@KNpcAttribModify@@AAEXPAVKNpc@@PAX@Z 10013ef0 f   KNpcAttribModify.obj
 0001:00012f20       ?ManaReplenishV@KNpcAttribModify@@AAEXPAVKNpc@@PAX@Z 10013f20 f   KNpcAttribModify.obj
 0001:00012f50       ?ManaV@KNpcAttribModify@@AAEXPAVKNpc@@PAX@Z 10013f50 f   KNpcAttribModify.obj
 0001:00012f80       ?ManaShieldP@KNpcAttribModify@@AAEXPAVKNpc@@PAX@Z 10013f80 f   KNpcAttribModify.obj
 0001:00012fe0       ?MeleeDamageReturnP@KNpcAttribModify@@AAEXPAVKNpc@@PAX@Z 10013fe0 f   KNpcAttribModify.obj
 0001:00013010       ?MeleeDamageReturnV@KNpcAttribModify@@AAEXPAVKNpc@@PAX@Z 10014010 f   KNpcAttribModify.obj
 0001:00013040       ?MetalSkillV@KNpcAttribModify@@AAEXPAVKNpc@@PAX@Z 10014040 f   KNpcAttribModify.obj
 0001:00013070       ?PhysicsArmorV@KNpcAttribModify@@AAEXPAVKNpc@@PAX@Z 10014070 f   KNpcAttribModify.obj
 0001:000130e0       ?PhysicsresP@KNpcAttribModify@@AAEXPAVKNpc@@PAX@Z 100140e0 f   KNpcAttribModify.obj
 0001:00013110       ?Damage2ManaP@KNpcAttribModify@@AAEXPAVKNpc@@PAX@Z 10014110 f   KNpcAttribModify.obj
 0001:00013140       ?PoisonArmorV@KNpcAttribModify@@AAEXPAVKNpc@@PAX@Z 10014140 f   KNpcAttribModify.obj
 0001:000131b0       ?PoisonDamageReduceV@KNpcAttribModify@@AAEXPAVKNpc@@PAX@Z 100141b0 f   KNpcAttribModify.obj
 0001:000131f0       ?PoisonresP@KNpcAttribModify@@AAEXPAVKNpc@@PAX@Z 100141f0 f   KNpcAttribModify.obj
 0001:00013220       ?PoisonTimeReduceP@KNpcAttribModify@@AAEXPAVKNpc@@PAX@Z 10014220 f   KNpcAttribModify.obj
 0001:00013250       ?RangeDamageReturnV@KNpcAttribModify@@AAEXPAVKNpc@@PAX@Z 10014250 f   KNpcAttribModify.obj
 0001:00013280       ?RangeDamageReturnP@KNpcAttribModify@@AAEXPAVKNpc@@PAX@Z 10014280 f   KNpcAttribModify.obj
 0001:000132b0       ?SlowMissleB@KNpcAttribModify@@AAEXPAVKNpc@@PAX@Z 100142b0 f   KNpcAttribModify.obj
 0001:000132f0       ?StaminaMaxP@KNpcAttribModify@@AAEXPAVKNpc@@PAX@Z 100142f0 f   KNpcAttribModify.obj
 0001:00013360       ?StaminaMaxV@KNpcAttribModify@@AAEXPAVKNpc@@PAX@Z 10014360 f   KNpcAttribModify.obj
 0001:00013390       ?StaminaReplenishV@KNpcAttribModify@@AAEXPAVKNpc@@PAX@Z 10014390 f   KNpcAttribModify.obj
 0001:000133c0       ?StaminaV@KNpcAttribModify@@AAEXPAVKNpc@@PAX@Z 100143c0 f   KNpcAttribModify.obj
 0001:000133f0       ?StealLifeP@KNpcAttribModify@@AAEXPAVKNpc@@PAX@Z 100143f0 f   KNpcAttribModify.obj
 0001:00013430       ?StealManaP@KNpcAttribModify@@AAEXPAVKNpc@@PAX@Z 10014430 f   KNpcAttribModify.obj
 0001:00013470       ?StealStaminaP@KNpcAttribModify@@AAEXPAVKNpc@@PAX@Z 10014470 f   KNpcAttribModify.obj
 0001:000134b0       ?StrengthV@KNpcAttribModify@@AAEXPAVKNpc@@PAX@Z 100144b0 f   KNpcAttribModify.obj
 0001:00013500       ?StunTimeReduceP@KNpcAttribModify@@AAEXPAVKNpc@@PAX@Z 10014500 f   KNpcAttribModify.obj
 0001:00013530       ?VisionRadiusP@KNpcAttribModify@@AAEXPAVKNpc@@PAX@Z 10014530 f   KNpcAttribModify.obj
 0001:00013560       ?VitalityV@KNpcAttribModify@@AAEXPAVKNpc@@PAX@Z 10014560 f   KNpcAttribModify.obj
 0001:000135b0       ?WaterSkillV@KNpcAttribModify@@AAEXPAVKNpc@@PAX@Z 100145b0 f   KNpcAttribModify.obj
 0001:000135e0       ?WoodSkillV@KNpcAttribModify@@AAEXPAVKNpc@@PAX@Z 100145e0 f   KNpcAttribModify.obj
 0001:00013610       ?FireresP@KNpcAttribModify@@AAEXPAVKNpc@@PAX@Z 10014610 f   KNpcAttribModify.obj
 0001:00013640       ?ArmorDefenseV@KNpcAttribModify@@AAEXPAVKNpc@@PAX@Z 10014640 f   KNpcAttribModify.obj
 0001:00013670       ?ColdEnhanceP@KNpcAttribModify@@AAEXPAVKNpc@@PAX@Z 10014670 f   KNpcAttribModify.obj
 0001:000136a0       ?FireEnhanceP@KNpcAttribModify@@AAEXPAVKNpc@@PAX@Z 100146a0 f   KNpcAttribModify.obj
 0001:000136d0       ?LightingEnhanceP@KNpcAttribModify@@AAEXPAVKNpc@@PAX@Z 100146d0 f   KNpcAttribModify.obj
 0001:00013700       ?PoisonEnhanceP@KNpcAttribModify@@AAEXPAVKNpc@@PAX@Z 10014700 f   KNpcAttribModify.obj
 0001:00013730       ?LifePotionV@KNpcAttribModify@@AAEXPAVKNpc@@PAX@Z 10014730 f   KNpcAttribModify.obj
 0001:00013790       ?ManaPotionV@KNpcAttribModify@@AAEXPAVKNpc@@PAX@Z 10014790 f   KNpcAttribModify.obj
 0001:000137f0       ?PhysicsResMaxP@KNpcAttribModify@@AAEXPAVKNpc@@PAX@Z 100147f0 f   KNpcAttribModify.obj
 0001:00013820       ?ColdResMaxP@KNpcAttribModify@@AAEXPAVKNpc@@PAX@Z 10014820 f   KNpcAttribModify.obj
 0001:00013850       ?FireResMaxP@KNpcAttribModify@@AAEXPAVKNpc@@PAX@Z 10014850 f   KNpcAttribModify.obj
 0001:00013880       ?LightingResMaxP@KNpcAttribModify@@AAEXPAVKNpc@@PAX@Z 10014880 f   KNpcAttribModify.obj
 0001:000138b0       ?PoisonResMaxP@KNpcAttribModify@@AAEXPAVKNpc@@PAX@Z 100148b0 f   KNpcAttribModify.obj
 0001:000138e0       ?AllResMaxP@KNpcAttribModify@@AAEXPAVKNpc@@PAX@Z 100148e0 f   KNpcAttribModify.obj
 0001:00013930       ?FatallyStrikeP@KNpcAttribModify@@AAEXPAVKNpc@@PAX@Z 10014930 f   KNpcAttribModify.obj
 0001:00013940       ?MixPoisonDamage@KNpcAttribModify@@QAEXPAUKMagicAttrib@@0@Z 10014940 f   KNpcAttribModify.obj
 0001:00013a00       ??0KNpcAttribModify@@QAE@XZ 10014a00 f   KNpcAttribModify.obj
 0001:00013d70       ?Init@KNpcDeathCalcExp@@QAEXH@Z 10014d70 f   KNpcDeathCalcExp.obj
 0001:00013db0       ?Active@KNpcDeathCalcExp@@QAEXXZ 10014db0 f   KNpcDeathCalcExp.obj
 0001:00013e10       ?Clear@KNpcDeathCalcExp@@QAEXXZ 10014e10 f   KNpcDeathCalcExp.obj
 0001:00013e30       ??0KNpcFindPath@@QAE@XZ    10014e30 f   KNpcFindPath.obj
 0001:00013e50       ?Init@KNpcFindPath@@QAEXH@Z 10014e50 f   KNpcFindPath.obj
 0001:00013e80       ?Dir64To8@KNpcFindPath@@QAEHH@Z 10014e80 f   KNpcFindPath.obj
 0001:00013e90       ?Dir8To64@KNpcFindPath@@QAEHH@Z 10014e90 f   KNpcFindPath.obj
 0001:00013ea0       ?CheckDistance@KNpcFindPath@@QAEHHHHHH@Z 10014ea0 f   KNpcFindPath.obj
 0001:00013ed0       ?CheckBarrier@KNpcFindPath@@QAEHHH@Z 10014ed0 f   KNpcFindPath.obj
 0001:00013f30       ?GetDir@KNpcFindPath@@QAEHHHHHHHPAH@Z 10014f30 f   KNpcFindPath.obj
 0001:000143c0       ?Init@KNpcGold@@QAEXH@Z    100153c0 f   KNpcGold.obj
 0001:00014400       ?SetGoldType@KNpcGold@@QAEXH@Z 10015400 f   KNpcGold.obj
 0001:00014410       ?SetGoldTypeAndBackData@KNpcGold@@QAEXXZ 10015410 f   KNpcGold.obj
 0001:00014490       ?RecoverBackData@KNpcGold@@QAEXXZ 10015490 f   KNpcGold.obj
 0001:000146b0       ?RandChangeGold@KNpcGold@@QAEXXZ 100156b0 f   KNpcGold.obj
 0001:000148f0       ?GetGoldType@KNpcGold@@QAEHXZ 100158f0 f   KNpcGold.obj
 0001:00014910       ?SetGoldCurrentType@KNpcGold@@QAEXH@Z 10015910 f   KNpcGold.obj
 0001:00014930       ?ClientClearState@KNpcGold@@QAEXXZ 10015930 f   KNpcGold.obj
 0001:00014940       ??0KNpcGoldTemplate@@QAE@XZ 10015940 f   KNpcGold.obj
 0001:00014970       ?Init@KNpcGoldTemplate@@QAEHXZ 10015970 f   KNpcGold.obj
 0001:00014c10       ?CheckExist@KSprControl@@QAEHXZ 10015c10 f i KNpcRes.obj
 0001:00014c30       ?GetShadowName@KNpcRes@@SAXPAD0@Z 10015c30 f   KNpcRes.obj
 0001:00014c40       ?SetHelm@KNpcRes@@QAEHH@Z  10015c40 f   KNpcRes.obj
 0001:00014d40       ?SetArmor@KNpcRes@@QAEHH@Z 10015d40 f   KNpcRes.obj
 0001:00014e40       ?GetNpcKind@KNpcResNode@@QAEHXZ 10015e40 f i KNpcRes.obj
 0001:00014e50       ?SetWeapon@KNpcRes@@QAEHH@Z 10015e50 f   KNpcRes.obj
 0001:000151f0       ?SetHorse@KNpcRes@@QAEHH@Z 100161f0 f   KNpcRes.obj
 0001:00015300       ?SetAction@KNpcRes@@QAEHH@Z 10016300 f   KNpcRes.obj
 0001:000156a0       ?SetRideHorse@KNpcRes@@QAEHH@Z 100166a0 f   KNpcRes.obj
 0001:00015a40       ?SetPos@KNpcRes@@QAEXHHHHHH@Z 10016a40 f   KNpcRes.obj
 0001:00015aa0       ?SetSpecialSpr@KNpcRes@@QAEXPAD@Z 10016aa0 f   KNpcRes.obj
 0001:00015b50       ?SetMenuStateSpr@KNpcRes@@AAEXH@Z 10016b50 f   KNpcRes.obj
 0001:00015c60       ?GetSoundName@KNpcRes@@AAEXXZ 10016c60 f   KNpcRes.obj
 0001:00015c80       ?GetSndVolume@KNpcRes@@QAEHH@Z 10016c80 f   KNpcRes.obj
 0001:00015cb0       ?StopSound@KNpcRes@@QAEXXZ 10016cb0 f   KNpcRes.obj
 0001:00015cf0       ?SetMenuState@KNpcRes@@QAEXHPADH@Z 10016cf0 f   KNpcRes.obj
 0001:00015d30       ?GetMenuState@KNpcRes@@QAEHXZ 10016d30 f   KNpcRes.obj
 0001:00015d50       ?SetSleepState@KNpcRes@@QAEXH@Z 10016d50 f   KNpcRes.obj
 0001:00015da0       ?GetSleepState@KNpcRes@@QAEHXZ 10016da0 f   KNpcRes.obj
 0001:00015db0       ?DrawBorder@KNpcRes@@QAEXXZ 10016db0 f   KNpcRes.obj
 0001:00015eb0       ?DrawMenuState@KNpcRes@@QAEHH@Z 10016eb0 f   KNpcRes.obj
 0001:00015f90       ?GetNormalNpcStandDir@KNpcRes@@QAEHH@Z 10016f90 f   KNpcRes.obj
 0001:00015fd0       ?Release@KStateSpr@@QAEXXZ 10016fd0 f   KNpcRes.obj
 0001:00015ff0       ??0KNpcBlur@@QAE@XZ        10016ff0 f   KNpcRes.obj
 0001:00016010       ??1KNpcBlur@@QAE@XZ        10017010 f   KNpcRes.obj
 0001:00016020       ?SetNextNo@KNpcBlur@@QAEXXZ 10017020 f   KNpcRes.obj
 0001:00016040       ?SetMapPos@KNpcBlur@@QAEXHHHH@Z 10017040 f   KNpcRes.obj
 0001:000160a0       ?ChangeAlpha@KNpcBlur@@QAEXXZ 100170a0 f   KNpcRes.obj
 0001:00016150       ?ClearCurNo@KNpcBlur@@QAEXXZ 10017150 f   KNpcRes.obj
 0001:00016180       ?SetFile@KNpcBlur@@QAEXHPADHHHHH@Z 10017180 f   KNpcRes.obj
 0001:00016260       ?Draw@KNpcBlur@@QAEXH@Z    10017260 f   KNpcRes.obj
 0001:000162a0       ?NowGetBlur@KNpcBlur@@QAEHXZ 100172a0 f   KNpcRes.obj
 0001:000162b0       ?Init@KNpcBlur@@QAEHXZ     100172b0 f   KNpcRes.obj
 0001:00016310       ?Remove@KNpcBlur@@QAEXXZ   10017310 f   KNpcRes.obj
 0001:00016350       ?AddObj@KNpcBlur@@QAEXXZ   10017350 f   KNpcRes.obj
 0001:00016360       ?RemoveObj@KNpcBlur@@QAEXXZ 10017360 f   KNpcRes.obj
 0001:00016370       ?Init@KNpcRes@@QAEHPADPAVKNpcResList@@@Z 10017370 f   KNpcRes.obj
 0001:000165c0       ?Remove@KNpcRes@@QAEXH@Z   100175c0 f   KNpcRes.obj
 0001:00016600       ??1KNpcRes@@QAE@XZ         10017600 f   KNpcRes.obj
 0001:00016610       ?SetState@KNpcRes@@QAEXPAVKList@@PAVKNpcResList@@@Z 10017610 f   KNpcRes.obj
 0001:00016850       ?SetBlur@KNpcRes@@QAEXH@Z  10017850 f   KNpcRes.obj
 0001:00016860       ?PlaySoundA@KNpcRes@@AAEXHH@Z 10017860 f   KNpcRes.obj
 0001:00016920       ??0KStateSpr@@QAE@XZ       10017920 f   KNpcRes.obj
 0001:00016940       ??0KNpcRes@@QAE@XZ         10017940 f   KNpcRes.obj
 0001:00016a20       ?Draw@KNpcRes@@QAEXHHHHH@Z 10017a20 f   KNpcRes.obj
 0001:000171b0       ?Init@KNpcResList@@QAEHXZ  100181b0 f   KNpcResList.obj
 0001:00017200       ??1KNpcResList@@QAE@XZ     10018200 f   KNpcResList.obj
 0001:00017280       ?FindNpcRes@KNpcResList@@AAEPAVKNpcResNode@@PAD@Z 10018280 f   KNpcResList.obj
 0001:00017330       ?AddNpcRes@KNpcResList@@QAEPAVKNpcResNode@@PAD@Z 10018330 f   KNpcResList.obj
 0001:00017400       ??0KNpcResList@@QAE@XZ     10018400 f   KNpcResList.obj
 0001:00017480       ?ComposePathAndName@KNpcResNode@@QAEXPAD00@Z 10018480 f   KNpcResNode.obj
 0001:00017580       ?CheckPartExist@KNpcResNode@@QAEHH@Z 10018580 f   KNpcResNode.obj
 0001:000175b0       ?GetActionSoundName@KNpcResNode@@QAEXHPAD@Z 100185b0 f   KNpcResNode.obj
 0001:000175e0       ?GetShadowName@KNpcResNode@@SAXPAD0@Z 100185e0 f   KNpcResNode.obj
 0001:00017660       ??0CActionName@@QAE@XZ     10018660 f   KNpcResNode.obj
 0001:00017690       ?Init@CActionName@@QAEHPAD@Z 10018690 f   KNpcResNode.obj
 0001:000177e0       ?GetActionNo@CActionName@@QAEHPAD@Z 100187e0 f   KNpcResNode.obj
 0001:00017850       ?GetActionCount@CActionName@@QAEHXZ 10018850 f   KNpcResNode.obj
 0001:00017860       ?GetActionName@CActionName@@QAEHHPADH@Z 10018860 f   KNpcResNode.obj
 0001:000178c0       ??0CShadowFileName@@QAE@XZ 100188c0 f   KNpcResNode.obj
 0001:000178d0       ??1CShadowFileName@@QAE@XZ 100188d0 f   KNpcResNode.obj
 0001:00017900       ?Init@CShadowFileName@@QAEXH@Z 10018900 f   KNpcResNode.obj
 0001:00017960       ?GetFile@CShadowFileName@@QAEHHPAH0000PAD@Z 10018960 f   KNpcResNode.obj
 0001:000179e0       ??0CStateMagicTable@@QAE@XZ 100189e0 f   KNpcResNode.obj
 0001:00017a40       ?Init@CStateMagicTable@@QAEHXZ 10018a40 f   KNpcResNode.obj
 0001:00017c60       ?GetInfo@CStateMagicTable@@QAEXHPADPAH111111@Z 10018c60 f   KNpcResNode.obj
 0001:00017d50       ??0CRESINFO@@QAE@XZ        10018d50 f   KNpcResNode.obj
 0001:00017d60       ?AutoDelete@CRESINFO@@QAEXXZ 10018d60 f   KNpcResNode.obj
 0001:00017d90       ?AutoNew@CRESINFO@@QAEHHH@Z 10018d90 f   KNpcResNode.obj
 0001:00017e40       ?GetName@CRESINFO@@QAEHHHPAD0H@Z 10018e40 f   KNpcResNode.obj
 0001:00017ec0       ?GetInterval@CRESINFO@@QAEHHHH@Z 10018ec0 f   KNpcResNode.obj
 0001:00017f00       ?GetTotalFrames@CRESINFO@@QAEHHHH@Z 10018f00 f   KNpcResNode.obj
 0001:00017f40       ?GetTotalDirs@CRESINFO@@QAEHHHH@Z 10018f40 f   KNpcResNode.obj
 0001:00017f80       ??0CEquipStyleTable@@QAE@XZ 10018f80 f   KNpcResNode.obj
 0001:00017f90       ?AutoDelete@CEquipStyleTable@@QAEXXZ 10018f90 f   KNpcResNode.obj
 0001:00017fc0       ?AutoNew@CEquipStyleTable@@QAEHHH@Z 10018fc0 f   KNpcResNode.obj
 0001:00018040       ?SetValue@CEquipStyleTable@@QAEXHHH@Z 10019040 f   KNpcResNode.obj
 0001:00018070       ?GetValue@CEquipStyleTable@@QAEHHH@Z 10019070 f   KNpcResNode.obj
 0001:000180b0       ?SortStrToNum@CSortTable@@AAEXPADPAHH@Z 100190b0 f   KNpcResNode.obj
 0001:00018170       ?GetSort@CSortTable@@QAEHHHHPAHH@Z 10019170 f   KNpcResNode.obj
 0001:000183e0       ?Clear@SACTTABLEOFF@@QAEXXZ 100193e0 f i KNpcResNode.obj
 0001:00018400       ?Clear@SECTINFO@KNpcResNode@@QAEXXZ 10019400 f i KNpcResNode.obj
 0001:00018410       ?GetFileName@KNpcResNode@@QAEHHHHPAD0H@Z 10019410 f   KNpcResNode.obj
 0001:00018450       ?GetInterval@KNpcResNode@@QAEHHHHH@Z 10019450 f   KNpcResNode.obj
 0001:00018480       ?GetTotalFrames@KNpcResNode@@QAEHHHHH@Z 10019480 f   KNpcResNode.obj
 0001:000184b0       ?GetTotalDirs@KNpcResNode@@QAEHHHHH@Z 100194b0 f   KNpcResNode.obj
 0001:000184e0       ?GetActNo@KNpcResNode@@QAEHHHH@Z 100194e0 f   KNpcResNode.obj
 0001:00018520       ?GetSort@KNpcResNode@@QAEHHHHPAHH@Z 10019520 f   KNpcResNode.obj
 0001:00018580       ??1CRESINFO@@QAE@XZ        10019580 f   KNpcResNode.obj
 0001:00018590       ??1CEquipStyleTable@@QAE@XZ 10019590 f   KNpcResNode.obj
 0001:000185a0       ?Release@CSortTable@@AAEXXZ 100195a0 f   KNpcResNode.obj
 0001:000185f0       ?GetTable@CSortTable@@QAEHPAVKIniFile@@PAVCActionName@@H@Z 100195f0 f   KNpcResNode.obj
 0001:00018b20       ??0SACTTABLEOFF@@QAE@XZ    10019b20 f i KNpcResNode.obj
 0001:00018b40       ??0SECTINFO@KNpcResNode@@QAE@XZ 10019b40 f i KNpcResNode.obj
 0001:00018b50       ??0CSortTable@@QAE@XZ      10019b50 f   KNpcResNode.obj
 0001:00018ba0       ??1CSortTable@@QAE@XZ      10019ba0 f   KNpcResNode.obj
 0001:00018bb0       ?GetTable@CSortTable@@QAEHPADPAVCActionName@@H@Z 10019bb0 f   KNpcResNode.obj
 0001:00018cb0       ??0KNpcResNode@@QAE@XZ     10019cb0 f   KNpcResNode.obj
 0001:00018d90       ??1KNpcResNode@@UAE@XZ     10019d90 f   KNpcResNode.obj
 0001:00018e30       ?Init@KNpcResNode@@QAEHPADPAVCActionName@@1@Z 10019e30 f   KNpcResNode.obj
 0001:00019c60       ??_EKNpcResNode@@UAEPAXI@Z 1001ac60 f i KNpcResNode.obj
 0001:00019c60       ??_GKNpcResNode@@UAEPAXI@Z 1001ac60 f i KNpcResNode.obj
 0001:00019c80       ?GetEnmityPKState@KPlayerPK@@QAEHXZ 1001ac80 f i KNpcSet.obj
 0001:00019c90       ?GetEnmityPKAimNpcID@KPlayerPK@@QAEHXZ 1001ac90 f i KNpcSet.obj
 0001:00019ca0       ?GetExercisePKAim@KPlayerPK@@QAEHXZ 1001aca0 f i KNpcSet.obj
 0001:00019cb0       ?Clear@KSkillList@@QAEXXZ  1001acb0 f i KNpcSet.obj
 0001:00019cd0       ??1KNpcSet@@QAE@XZ         1001acd0 f i KNpcSet.obj
 0001:00019d50       ?LoadPlayerBaseValue@KNpcSet@@QAEXPAD@Z 1001ad50 f   KNpcSet.obj
 0001:00019ed0       ?IsNpcExist@KNpcSet@@QAEHHK@Z 1001aed0 f   KNpcSet.obj
 0001:00019ef0       ?GenOneRelation@KNpcSet@@AAE?AW4NPC_RELATION@@W4NPCKIND@@0W4NPCCAMP@@1@Z 1001aef0 f   KNpcSet.obj
 0001:00019f80       ?GenRelationTable@KNpcSet@@AAEHXZ 1001af80 f   KNpcSet.obj
 0001:0001a000       ?SearchID@KNpcSet@@QAEHK@Z 1001b000 f   KNpcSet.obj
 0001:0001a050       ?SearchClientID@KNpcSet@@QAEHUKClientNpcID@@@Z 1001b050 f   KNpcSet.obj
 0001:0001a0a0       ?SearchName@KNpcSet@@QAEHPAD@Z 1001b0a0 f   KNpcSet.obj
 0001:0001a110       ?SearchNameID@KNpcSet@@QAEHK@Z 1001b110 f   KNpcSet.obj
 0001:0001a190       ?FindFree@KNpcSet@@AAEHXZ  1001b190 f   KNpcSet.obj
 0001:0001a1a0       ?Add@KNpcSet@@QAEHHHHHHHH@Z 1001b1a0 f   KNpcSet.obj
 0001:0001a310       ?Remove@KNpcSet@@QAEXH@Z   1001b310 f   KNpcSet.obj
 0001:0001a380       ?RemoveAll@KNpcSet@@QAEXXZ 1001b380 f   KNpcSet.obj
 0001:0001a420       ?InsertNpcToRegion@KNpcSet@@QAEXH@Z 1001b420 f   KNpcSet.obj
 0001:0001a4d0       ?SetID@KNpcSet@@AAEXH@Z    1001b4d0 f   KNpcSet.obj
 0001:0001a500       ?GetDistance@KNpcSet@@SAHHH@Z 1001b500 f   KNpcSet.obj
 0001:0001a670       ?GetDistanceSquare@KNpcSet@@SAHHH@Z 1001b670 f   KNpcSet.obj
 0001:0001a7b0       ?GetNextIdx@KNpcSet@@QAEHH@Z 1001b7b0 f   KNpcSet.obj
 0001:0001a7d0       ?CheckBalance@KNpcSet@@QAEXXZ 1001b7d0 f   KNpcSet.obj
 0001:0001a910       ?GetAroundPlayerForTeamInvite@KNpcSet@@QAEHPAUKUiPlayerItem@@H@Z 1001b910 f   KNpcSet.obj
 0001:0001aac0       ?GetAroundPlayer@KNpcSet@@QAEHPAUKUiPlayerItem@@H@Z 1001bac0 f   KNpcSet.obj
 0001:0001abe0       ?SetShowNameFlag@KNpcSet@@QAEXH@Z 1001bbe0 f   KNpcSet.obj
 0001:0001ac00       ?CheckShowName@KNpcSet@@QAEHXZ 1001bc00 f   KNpcSet.obj
 0001:0001ac10       ?SetShowLifeFlag@KNpcSet@@QAEXH@Z 1001bc10 f   KNpcSet.obj
 0001:0001ac30       ?CheckShowLife@KNpcSet@@QAEHXZ 1001bc30 f   KNpcSet.obj
 0001:0001ac40       ?SetShowChatFlag@KNpcSet@@QAEXH@Z 1001bc40 f   KNpcSet.obj
 0001:0001ac60       ?CheckShowChat@KNpcSet@@QAEHXZ 1001bc60 f   KNpcSet.obj
 0001:0001ac70       ?SetShowManaFlag@KNpcSet@@QAEXH@Z 1001bc70 f   KNpcSet.obj
 0001:0001ac90       ?CheckShowMana@KNpcSet@@QAEHXZ 1001bc90 f   KNpcSet.obj
 0001:0001aca0       ?ClearActivateFlagOfAllNpc@KNpcSet@@QAEXXZ 1001bca0 f   KNpcSet.obj
 0001:0001ace0       ?GetAroundOpenCaptain@KNpcSet@@QAEXH@Z 1001bce0 f   KNpcSet.obj
 0001:0001ae70       ?GetRequestIndex@KNpcSet@@QAEHK@Z 1001be70 f   KNpcSet.obj
 0001:0001aeb0       ?GetRelation@KNpcSet@@QAE?AW4NPC_RELATION@@HH@Z 1001beb0 f   KNpcSet.obj
 0001:0001afd0       ??0KInstantSpecial@@QAE@XZ 1001bfd0 f   KNpcSet.obj
 0001:0001b010       ?LoadSprName@KInstantSpecial@@AAEXXZ 1001c010 f   KNpcSet.obj
 0001:0001b0c0       ?LoadSoundName@KInstantSpecial@@AAEXXZ 1001c0c0 f   KNpcSet.obj
 0001:0001b1b0       ?GetSprName@KInstantSpecial@@QAEXHPADH@Z 1001c1b0 f   KNpcSet.obj
 0001:0001b230       ?PlaySoundA@KInstantSpecial@@QAEXH@Z 1001c230 f   KNpcSet.obj
 0001:0001b2c0       ??0KNpcSet@@QAE@XZ         1001c2c0 f   KNpcSet.obj
 0001:0001b360       ?Init@KNpcSet@@QAEXXZ      1001c360 f   KNpcSet.obj
 0001:0001b430       ?AddClientNpc@KNpcSet@@QAEHHHHHHH@Z 1001c430 f   KNpcSet.obj
 0001:0001b520       ?Add@KNpcSet@@QAEHHHHH@Z   1001c520 f   KNpcSet.obj
 0001:0001b5b0       ?SearchNpcAt@KNpcSet@@QAEHHHHH@Z 1001c5b0 f   KNpcSet.obj
 0001:0001b720       ?IsNpcRequestExist@KNpcSet@@QAEHK@Z 1001c720 f   KNpcSet.obj
 0001:0001b740       ?InsertNpcRequest@KNpcSet@@QAEXK@Z 1001c740 f   KNpcSet.obj
 0001:0001b7b0       ?RemoveNpcRequest@KNpcSet@@QAEXK@Z 1001c7b0 f   KNpcSet.obj
 0001:0001b820       ?Add@KNpcSet@@QAEHHPAX@Z   1001c820 f   KNpcSet.obj
 0001:0001b920       ?InitNpcBaseData@KNpcTemplate@@QAEXH@Z 1001c920 f   KNpcTemplate.obj
 0001:0001bb70       ?GetNpcLevelDataFromScript@KNpcTemplate@@SAHPAVKLuaScript@@PADH1@Z 1001cb70 f   KNpcTemplate.obj
 0001:0001bc10       ?GetNpcLevelDataFromScript@KNpcTemplate@@SAHPAVKLuaScript@@PADHNNN@Z 1001cc10 f   KNpcTemplate.obj
 0001:0001bca0       ?SkillString2Id@KNpcTemplate@@SAHPAD@Z 1001cca0 f   KNpcTemplate.obj
 0001:0001bd90       ?InitNpcLevelData@KNpcTemplate@@QAEXPAVKTabFile@@HPAVKLuaScript@@H@Z 1001cd90 f   KNpcTemplate.obj
 0001:0001bec0       ?strstr@@YAPADPADPBD@Z     1001cec0 f i KPlayer.obj
 0001:0001bed0       ?GetDetailType@KItem@@QBEHXZ 1001ced0 f i KPlayer.obj
 0001:0001bee0       ?GetGenre@KItem@@QBEHXZ    1001cee0 f i KPlayer.obj
 0001:0001bef0       ?Clear@BuySellInfo@@QAEXXZ 1001cef0 f i KPlayer.obj
 0001:0001bf10       ?IsCanInput@KNpc@@QAEHXZ   1001cf10 f i KPlayer.obj
 0001:0001bf20       ??1CChatFriendTeam@@QAE@XZ 1001cf20 f i KPlayer.obj
 0001:0001bf30       ?Release@KPlayer@@QAEXXZ   1001cf30 f   KPlayer.obj
 0001:0001c000       ?SetPlayerIndex@KPlayer@@QAEXH@Z 1001d000 f   KPlayer.obj
 0001:0001c020       ?GetPlayerIndex@KPlayer@@QAEHXZ 1001d020 f   KPlayer.obj
 0001:0001c030       ?Active@KPlayer@@QAEXXZ    1001d030 f   KPlayer.obj
 0001:0001c100       ?ProcessMsg@KPlayer@@QAEXPAVKWorldMsgNode@@@Z 1001d100 f   KPlayer.obj
 0001:0001c110       ?OnButtonUp@KPlayer@@AAEXHHW4MOUSE_BUTTON@@@Z 1001d110 f   KPlayer.obj
 0001:0001c120       ?GetDamageAttribs@KSkill@@QAEPAUKMagicAttrib@@XZ 1001d120 f i KPlayer.obj
 0001:0001c130       ?TurnLeft@KPlayer@@QAEXXZ  1001d130 f   KPlayer.obj
 0001:0001c180       ?TurnRight@KPlayer@@QAEXXZ 1001d180 f   KPlayer.obj
 0001:0001c1d0       ?TurnBack@KPlayer@@QAEXXZ  1001d1d0 f   KPlayer.obj
 0001:0001c220       ?FindSelectNpc@KPlayer@@QAEXHHH@Z 1001d220 f   KPlayer.obj
 0001:0001c250       ?FindSelectObject@KPlayer@@QAEXHH@Z 1001d250 f   KPlayer.obj
 0001:0001c270       ?NetCommandPlayerTalk@KPlayer@@AAEHPAE@Z 1001d270 f   KPlayer.obj
 0001:0001c280       ?ConformIdx@KPlayer@@QAEHH@Z 1001d280 f   KPlayer.obj
 0001:0001c2a0       ?CalcCurLucky@KPlayer@@AAEXXZ 1001d2a0 f   KPlayer.obj
 0001:0001c2b0       ?ChangeCurVitality@KPlayer@@QAEXH@Z 1001d2b0 f   KPlayer.obj
 0001:0001c330       ?ChangeCurEngergy@KPlayer@@QAEXH@Z 1001d330 f   KPlayer.obj
 0001:0001c380       ?AddBaseLucky@KPlayer@@QAEXH@Z 1001d380 f   KPlayer.obj
 0001:0001c3a0       ?SetNpcPhysicsDamage@KPlayer@@AAEXXZ 1001d3a0 f   KPlayer.obj
 0001:0001c430       ?SetNpcAttackRating@KPlayer@@AAEXXZ 1001d430 f   KPlayer.obj
 0001:0001c460       ?SetNpcDefence@KPlayer@@AAEXXZ 1001d460 f   KPlayer.obj
 0001:0001c490       ?AddSelfExp@KPlayer@@QAEXHH@Z 1001d490 f   KPlayer.obj
 0001:0001c530       ?DirectAddExp@KPlayer@@QAEXH@Z 1001d530 f   KPlayer.obj
 0001:0001c580       ?ReCalcEquip@KPlayer@@QAEXXZ 1001d580 f   KPlayer.obj
 0001:0001c5e0       ?ReCalcState@KPlayer@@QAEXXZ 1001d5e0 f   KPlayer.obj
 0001:0001c600       ?AddLeadExp@KPlayer@@QAEXH@Z 1001d600 f   KPlayer.obj
 0001:0001c680       ?LevelAddBaseLifeMax@KPlayer@@AAEXXZ 1001d680 f   KPlayer.obj
 0001:0001c6e0       ?LevelAddBaseStaminaMax@KPlayer@@AAEXXZ 1001d6e0 f   KPlayer.obj
 0001:0001c740       ?LevelAddBaseManaMax@KPlayer@@AAEXXZ 1001d740 f   KPlayer.obj
 0001:0001c7a0       ?ChangePlayerCamp@KPlayer@@QAEXH@Z 1001d7a0 f   KPlayer.obj
 0001:0001c7c0       ?ApplyTeamInfo@KPlayer@@QAEXK@Z 1001d7c0 f   KPlayer.obj
 0001:0001c800       ?ApplySelfTeamInfo@KPlayer@@QAEXXZ 1001d800 f   KPlayer.obj
 0001:0001c820       ?ApplyCreateTeam@KPlayer@@QAEHXZ 1001d820 f   KPlayer.obj
 0001:0001c830       ?AcceptTeamMember@KPlayer@@QAEXK@Z 1001d830 f   KPlayer.obj
 0001:0001c8d0       ?TeamDropApplyOne@KPlayer@@QAEXK@Z 1001d8d0 f   KPlayer.obj
 0001:0001c930       ?LeaveTeam@KPlayer@@QAEXXZ 1001d930 f   KPlayer.obj
 0001:0001c960       ?TeamKickMember@KPlayer@@QAEXK@Z 1001d960 f   KPlayer.obj
 0001:0001c9b0       ?ApplyTeamChangeCaptain@KPlayer@@QAEXK@Z 1001d9b0 f   KPlayer.obj
 0001:0001ca00       ?ApplyTeamDismiss@KPlayer@@QAEXXZ 1001da00 f   KPlayer.obj
 0001:0001ca50       ?ApplySetPK@KPlayer@@QAEXH@Z 1001da50 f   KPlayer.obj
 0001:0001ca90       ?ApplyFactionData@KPlayer@@QAEXXZ 1001da90 f   KPlayer.obj
 0001:0001cac0       ?SendChat@KPlayer@@QAEXPAUKUiMsgParam@@PAD@Z 1001dac0 f   KPlayer.obj
 0001:0001cb30       ?ApplyAddBaseAttribute@KPlayer@@QAEXHH@Z 1001db30 f   KPlayer.obj
 0001:0001cb80       ?ApplyAddSkillLevel@KPlayer@@QAEHHH@Z 1001db80 f   KPlayer.obj
 0001:0001cc20       ?ChatAddFriend@KPlayer@@QAEXH@Z 1001dc20 f   KPlayer.obj
 0001:0001cc60       ?ChatRefuseFriend@KPlayer@@QAEXH@Z 1001dc60 f   KPlayer.obj
 0001:0001cca0       ?TradeApplyClose@KPlayer@@QAEXXZ 1001dca0 f   KPlayer.obj
 0001:0001ccd0       ?TradeApplyStart@KPlayer@@QAEXH@Z 1001dcd0 f   KPlayer.obj
 0001:0001cd70       ?s2cApplyAddTeam@KPlayer@@QAEXPAE@Z 1001dd70 f   KPlayer.obj
 0001:0001cf60       ?SetLeftSkill@KPlayer@@QAEXH@Z 1001df60 f   KPlayer.obj
 0001:0001cfb0       ?SetRightSkill@KPlayer@@QAEXH@Z 1001dfb0 f   KPlayer.obj
 0001:0001d060       ?UpdateWeaponSkill@KPlayer@@QAEXXZ 1001e060 f   KPlayer.obj
 0001:0001d130       ?SetChatCurChannel@KPlayer@@QAEXH@Z 1001e130 f   KPlayer.obj
 0001:0001d150       ?TeamInviteAdd@KPlayer@@QAEXK@Z 1001e150 f   KPlayer.obj
 0001:0001d160       ?ExecuteScript@KPlayer@@QAEHKPADH@Z 1001e160 f   KPlayer.obj
 0001:0001d320       ?ExecuteScript@KPlayer@@QAEHKPAD0@Z 1001e320 f   KPlayer.obj
 0001:0001d500       ?ExecuteScript@KPlayer@@QAEHPAD00@Z 1001e500 f   KPlayer.obj
 0001:0001d550       ?DoScript@KPlayer@@QAEHPAD@Z 1001e550 f   KPlayer.obj
 0001:0001d6c0       ??_EKLuaScript@@UAEPAXI@Z  1001e6c0 f i KPlayer.obj
 0001:0001d6c0       ??_GKLuaScript@@UAEPAXI@Z  1001e6c0 f i KPlayer.obj
 0001:0001d6e0       ?ProcessPlayerSelectFromUI@KPlayer@@QAEXPAE@Z 1001e6e0 f   KPlayer.obj
 0001:0001d740       ?OnSelectFromUI@KPlayer@@QAEXPAUPLAYER_SELECTUI_COMMAND@@W4UIInfo@@@Z 1001e740 f   KPlayer.obj
 0001:0001d7c0       ?ChatFriendOnLine@KPlayer@@QAEXKH@Z 1001e7c0 f   KPlayer.obj
 0001:0001d8d0       ?GetFactionName@KPlayer@@QAEXPADH@Z 1001e8d0 f   KPlayer.obj
 0001:0001d8f0       ?OnScriptAction@KPlayer@@QAEXPAUPLAYER_SCRIPTACTION_SYNC@@@Z 1001e8f0 f   KPlayer.obj
 0001:0001e1f0       ?s2cTradeChangeState@KPlayer@@QAEXPAE@Z 1001f1f0 f   KPlayer.obj
 0001:0001e440       ?s2cSetExp@KPlayer@@QAEXH@Z 1001f440 f   KPlayer.obj
 0001:0001e4e0       ?s2cTradeApplyStart@KPlayer@@QAEXPAE@Z 1001f4e0 f   KPlayer.obj
 0001:0001e5a0       ?s2cTradeMoneySync@KPlayer@@QAEXPAE@Z 1001f5a0 f   KPlayer.obj
 0001:0001e5e0       ?CheckTrading@KPlayer@@QAEHXZ 1001f5e0 f   KPlayer.obj
 0001:0001e5f0       ?SetFirstDamage@KPlayer@@QAEXXZ 1001f5f0 f   KPlayer.obj
 0001:0001e6f0       ?SetBaseAttackRating@KPlayer@@QAEXXZ 1001f6f0 f   KPlayer.obj
 0001:0001e710       ?SetBaseDefence@KPlayer@@QAEXXZ 1001f710 f   KPlayer.obj
 0001:0001e730       ?SetBaseResistData@KPlayer@@QAEXXZ 1001f730 f   KPlayer.obj
 0001:0001e880       ?SetBaseSpeedAndRadius@KPlayer@@QAEXXZ 1001f880 f   KPlayer.obj
 0001:0001e8f0       ?DialogNpc@KPlayer@@QAEXH@Z 1001f8f0 f   KPlayer.obj
 0001:0001e970       ?DrawSelectInfo@KPlayer@@QAEXXZ 1001f970 f   KPlayer.obj
 0001:0001ea10       ?GetEchoDamage@KPlayer@@QAEXPAH0H@Z 1001fa10 f   KPlayer.obj
 0001:0001ed00       ?SetNpcDamageAttrib@KPlayer@@QAEXXZ 1001fd00 f   KPlayer.obj
 0001:0001ed10       ??0KPlayerChat@@QAE@XZ     1001fd10 f i KPlayer.obj
 0001:0001eda0       ??1KPlayerChat@@QAE@XZ     1001fda0 f i KPlayer.obj
 0001:0001ee20       ??1KPlayer@@QAE@XZ         1001fe20 f   KPlayer.obj
 0001:0001ee90       ?OnMouseMove@KPlayer@@AAEXHH@Z 1001fe90 f   KPlayer.obj
 0001:0001ef80       ?Walk@KPlayer@@QAEXHH@Z    1001ff80 f   KPlayer.obj
 0001:0001f090       ?NewPlayerGetBaseAttribute@KPlayer@@QAEHH@Z 10020090 f   KPlayer.obj
 0001:0001f150       ?ChangeCurStrength@KPlayer@@QAEXH@Z 10020150 f   KPlayer.obj
 0001:0001f170       ?ChangeCurDexterity@KPlayer@@QAEXH@Z 10020170 f   KPlayer.obj
 0001:0001f1c0       ?AddExp@KPlayer@@QAEXHH@Z  100201c0 f   KPlayer.obj
 0001:0001f1d0       ?UpdataCurData@KPlayer@@QAEXXZ 100201d0 f   KPlayer.obj
 0001:0001f630       ?ApplyTeamOpenClose@KPlayer@@QAEHH@Z 10020630 f   KPlayer.obj
 0001:0001f6c0       ?ApplyAddTeam@KPlayer@@QAEXH@Z 100206c0 f   KPlayer.obj
 0001:0001f7c0       ?ApplyUseItem@KPlayer@@QAEHHUItemPos@@@Z 100207c0 f   KPlayer.obj
 0001:0001f850       ?PickUpObj@KPlayer@@QAEXH@Z 10020850 f   KPlayer.obj
 0001:0001f9a0       ?ObjMouseClick@KPlayer@@QAEXH@Z 100209a0 f   KPlayer.obj
 0001:0001f9f0       ?MoveItem@KPlayer@@QAEXUItemPos@@0@Z 100209f0 f   KPlayer.obj
 0001:0001fb20       ?ThrowAwayItem@KPlayer@@QAEHXZ 10020b20 f   KPlayer.obj
 0001:0001fb70       ?TradeApplyOpen@KPlayer@@QAEXPADH@Z 10020b70 f   KPlayer.obj
 0001:0001fc50       ?TradeMoveMoney@KPlayer@@QAEHH@Z 10020c50 f   KPlayer.obj
 0001:0001fcd0       ?TradeDecision@KPlayer@@QAEXH@Z 10020cd0 f   KPlayer.obj
 0001:0001fd30       ?TradeApplyLock@KPlayer@@QAEXH@Z 10020d30 f   KPlayer.obj
 0001:0001fd80       ?SetDefaultImmedSkill@KPlayer@@QAEXXZ 10020d80 f   KPlayer.obj
 0001:0001fe20       ?ExecuteScript@KPlayer@@QAEHPAD0H@Z 10020e20 f   KPlayer.obj
 0001:0001fe60       ?DoScriptAction@KPlayer@@QAEXPAUPLAYER_SCRIPTACTION_SYNC@@@Z 10020e60 f   KPlayer.obj
 0001:0001fe80       ?s2cLevelUp@KPlayer@@QAEXPAE@Z 10020e80 f   KPlayer.obj
 0001:000203c0       ?s2cGetCurAttribute@KPlayer@@QAEXPAE@Z 100213c0 f   KPlayer.obj
 0001:00020540       ?s2cSyncMoney@KPlayer@@QAEXPAE@Z 10021540 f   KPlayer.obj
 0001:00020620       ?s2cTradeDecision@KPlayer@@QAEXPAE@Z 10021620 f   KPlayer.obj
 0001:00020790       ?SyncCurPlayer@KPlayer@@QAEXPAE@Z 10021790 f   KPlayer.obj
 0001:00020ad0       ?CheckObject@KPlayer@@QAEXH@Z 10021ad0 f   KPlayer.obj
 0001:00020b60       ??0KPlayer@@QAE@XZ         10021b60 f   KPlayer.obj
 0001:00020c10       ?ProcessMouse@KPlayer@@AAEXHHHW4MOUSE_BUTTON@@@Z 10021c10 f   KPlayer.obj
 0001:00021070       ?LevelUp@KPlayer@@QAEXXZ   10022070 f   KPlayer.obj
 0001:00021370       ?OnButtonDown@KPlayer@@AAEXHHHW4MOUSE_BUTTON@@@Z 10022370 f   KPlayer.obj
 0001:000213c0       ?OnButtonMove@KPlayer@@AAEXHHHW4MOUSE_BUTTON@@@Z 100223c0 f   KPlayer.obj
 0001:000213e0       ?ProcessInputMsg@KPlayer@@QAEXIIJ@Z 100223e0 f   KPlayer.obj
 0001:00021540       ?Release@CChatFriend@@QAEXXZ 10022540 f i KPlayerChat.obj
 0001:00021560       ?IsEmpty@KList@@QAEHXZ     10022560 f i KPlayerChat.obj
 0001:00021580       ?GetName@KPlayerChat@@QAEHKPAD@Z 10022580 f   KPlayerChat.obj
 0001:00021600       ?SetCurChannel@KPlayerChat@@QAEXHKH@Z 10022600 f   KPlayerChat.obj
 0001:00021680       ?SendTakeChannel@KPlayerChat@@QAEXXZ 10022680 f   KPlayerChat.obj
 0001:000216c0       ?SetTakeChannel@KPlayerChat@@QAEXK@Z 100226c0 f   KPlayerChat.obj
 0001:000216e0       ??0PLAYER_SEND_CHAT_DATA_COMMAND@@QAE@XZ 100226e0 f i KPlayerChat.obj
 0001:00021700       ?ApplyAddFriend@KPlayerChat@@QAEXKPAD@Z 10022700 f   KPlayerChat.obj
 0001:00021860       ?GetApplyOneInfo@KPlayerChat@@QAEHPAHPAD1@Z 10022860 f   KPlayerChat.obj
 0001:000218f0       ?SaveTeamInfo@KPlayerChat@@QAEXPAD@Z 100228f0 f   KPlayerChat.obj
 0001:00021b00       ?SaveTakeChannelInfo@KPlayerChat@@QAEXPAD@Z 10022b00 f   KPlayerChat.obj
 0001:00021c30       ?LoadTakeChannelInfo@KPlayerChat@@QAEXPAD@Z 10022c30 f   KPlayerChat.obj
 0001:00021db0       ?CheckTeamNo@KPlayerChat@@QAEHPAD0@Z 10022db0 f   KPlayerChat.obj
 0001:00022080       ?CheckIsFriend@KPlayerChat@@QAEHH@Z 10023080 f   KPlayerChat.obj
 0001:000220e0       ?AddTeam@KPlayerChat@@QAEHPAD0@Z 100230e0 f   KPlayerChat.obj
 0001:000222a0       ?RenameTeam@KPlayerChat@@QAEHHPAD0@Z 100232a0 f   KPlayerChat.obj
 0001:00022440       ?DeleteTeam@KPlayerChat@@QAEHHPAD@Z 10023440 f   KPlayerChat.obj
 0001:000225a0       ?OneFriendChangeTeam@KPlayerChat@@QAEHKHH@Z 100235a0 f   KPlayerChat.obj
 0001:00022670       ?GetMsgOffLine@KPlayerChat@@QAEXK@Z 10023670 f   KPlayerChat.obj
 0001:00022760       ?CheckTakeChannel@KPlayerChat@@QAEHH@Z 10023760 f   KPlayerChat.obj
 0001:00022780       ?ApplyDeleteFriend@KPlayerChat@@QAEXKHPAD@Z 10023780 f   KPlayerChat.obj
 0001:00022860       ?CheckTalkChannel@KPlayerChat@@QAEHH@Z 10023860 f   KPlayerChat.obj
 0001:00022890       ?SendSelectChannelList@KPlayerChat@@QAEHPAUKUiChatChannel@@H@Z 10023890 f   KPlayerChat.obj
 0001:00022a30       ?SendTakeChannelList@KPlayerChat@@QAEHPAUKUiChatChannel@@H@Z 10023a30 f   KPlayerChat.obj
 0001:00022bb0       ?GetCurChannel@KPlayerChat@@QAEHPAUKUiChatChannel@@@Z 10023bb0 f   KPlayerChat.obj
 0001:00022d40       ?IGetTeamInfo@KPlayerChat@@QAEHHPAUKUiChatGroupInfo@@@Z 10023d40 f   KPlayerChat.obj
 0001:00022db0       ?IGetTeamFriendInfo@KPlayerChat@@QAEHHPAUKUiPlayerItem@@@Z 10023db0 f   KPlayerChat.obj
 0001:00022e60       ?Release@CChatFriendTeam@@QAEXXZ 10023e60 f   KPlayerChat.obj
 0001:00022ee0       ?SetTime@KCHAT_RECORDER@@AAEXXZ 10023ee0 f   KPlayerChat.obj
 0001:00022f40       ?SaveSentenceSingle@KCHAT_RECORDER@@QAEXPAD000@Z 10023f40 f   KPlayerChat.obj
 0001:00022f60       ?SaveSentenceChannel@KCHAT_RECORDER@@QAEXPAD00@Z 10023f60 f   KPlayerChat.obj
 0001:00022f80       ??0CChatFriend@@QAE@XZ     10023f80 f i KPlayerChat.obj
 0001:00022fb0       ??1CChatFriend@@UAE@XZ     10023fb0 f i KPlayerChat.obj
 0001:00022fc0       ?Release@KPlayerChat@@QAEXXZ 10023fc0 f   KPlayerChat.obj
 0001:00023090       ?CheckExist@KPlayerChat@@QAEHK@Z 10024090 f   KPlayerChat.obj
 0001:000230f0       ?CheckExist@KPlayerChat@@QAEHPAD@Z 100240f0 f   KPlayerChat.obj
 0001:00023190       ?GetFriendNode@KPlayerChat@@QAEPAVCChatFriend@@K@Z 10024190 f   KPlayerChat.obj
 0001:000231e0       ?GetTeamNo@KPlayerChat@@QAEHK@Z 100241e0 f   KPlayerChat.obj
 0001:00023240       ?AddChannel@KPlayerChat@@QAEXH@Z 10024240 f   KPlayerChat.obj
 0001:000232a0       ?SubChannel@KPlayerChat@@QAEXH@Z 100242a0 f   KPlayerChat.obj
 0001:000232f0       ?SendSentence@KPlayerChat@@QAEXPAUKUiMsgParam@@PAD@Z 100242f0 f   KPlayerChat.obj
 0001:00023480       ?QQSendSentence@KPlayerChat@@QAEXKHPAUKUiMsgParam@@PAD@Z 10024480 f   KPlayerChat.obj
 0001:000235e0       ?GetChat@KPlayerChat@@QAEXPAUPLAYER_SEND_CHAT_DATA_SYNC@@@Z 100245e0 f   KPlayerChat.obj
 0001:00023ae0       ?LoadTeamName@KPlayerChat@@QAEXPAD@Z 10024ae0 f   KPlayerChat.obj
 0001:00023cc0       ?AddOne@KPlayerChat@@QAEXKHPADH@Z 10024cc0 f   KPlayerChat.obj
 0001:00023d50       ??0CChatFriendTeam@@QAE@XZ 10024d50 f   KPlayerChat.obj
 0001:00023da0       ??_GCChatFriend@@UAEPAXI@Z 10024da0 f i KPlayerChat.obj
 0001:00023da0       ??_ECChatFriend@@UAEPAXI@Z 10024da0 f i KPlayerChat.obj
 0001:00023dc0       ?Release@KPlayerFaction@@QAEXXZ 10024dc0 f   KPlayerFaction.obj
 0001:00023de0       ?SetSeries@KPlayerFaction@@QAEXH@Z 10024de0 f   KPlayerFaction.obj
 0001:00023df0       ?AddFaction@KPlayerFaction@@QAEHHH@Z 10024df0 f   KPlayerFaction.obj
 0001:00023e30       ?LeaveFaction@KPlayerFaction@@QAEXXZ 10024e30 f   KPlayerFaction.obj
 0001:00023e40       ?OpenCurSkillLevel@KPlayerFaction@@QAEHHPAVKSkillList@@@Z 10024e40 f   KPlayerFaction.obj
 0001:00023e50       ?GetGurFactionCamp@KPlayerFaction@@QAEHXZ 10024e50 f   KPlayerFaction.obj
 0001:00023e90       ?GetCurFactionNo@KPlayerFaction@@QAEHXZ 10024e90 f   KPlayerFaction.obj
 0001:00023ea0       ?GetCurFactionName@KPlayerFaction@@QAEXPAD@Z 10024ea0 f   KPlayerFaction.obj
 0001:00023f00       ??0KPlayerFaction@@QAE@XZ  10024f00 f   KPlayerFaction.obj
 0001:00023f10       ?AddFaction@KPlayerFaction@@QAEHHPAD@Z 10024f10 f   KPlayerFaction.obj
 0001:00023f50       ?Release@KPlayerMenuState@@QAEXXZ 10024f50 f   KPlayerMenuState.obj
 0001:00023f80       ?SetState@KPlayerMenuState@@QAEXH@Z 10024f80 f   KPlayerMenuState.obj
 0001:00023f90       ?Init@KPlayerMenuStateGraph@@QAEHXZ 10024f90 f   KPlayerMenuState.obj
 0001:00024060       ?GetStateSpr@KPlayerMenuStateGraph@@QAEXHPAD@Z 10025060 f   KPlayerMenuState.obj
 0001:00024090       ??0KPlayerMenuState@@QAE@XZ 10025090 f   KPlayerMenuState.obj
 0001:000240a0       ?Init@KPlayerPK@@QAEXXZ    100250a0 f   KPlayerPK.obj
 0001:000240c0       ?SetNormalPKState@KPlayerPK@@QAEXHH@Z 100250c0 f   KPlayerPK.obj
 0001:00024150       ?ApplySetNormalPKState@KPlayerPK@@QAEXH@Z 10025150 f   KPlayerPK.obj
 0001:00024190       ?GetNormalPKState@KPlayerPK@@QAEHXZ 10025190 f   KPlayerPK.obj
 0001:000241a0       ?ApplyEnmityPK@KPlayerPK@@QAEXH@Z 100251a0 f   KPlayerPK.obj
 0001:00024280       ?SetEnmityPKState@KPlayerPK@@QAEXHHPAD@Z 10025280 f   KPlayerPK.obj
 0001:00024400       ?EnmityPKCountDown@KPlayerPK@@QAEXXZ 10025400 f   KPlayerPK.obj
 0001:00024420       ?SetExercisePKState@KPlayerPK@@QAEXHHPAD@Z 10025420 f   KPlayerPK.obj
 0001:00024480       ?SetPKValue@KPlayerPK@@QAEXH@Z 10025480 f   KPlayerPK.obj
 0001:00024500       ?Active@KPlayerPK@@QAEXXZ  10025500 f   KPlayerPK.obj
 0001:00024510       ?ApplyEnmityPK@KPlayerPK@@QAEXPAD@Z 10025510 f   KPlayerPK.obj
 0001:00024550       ??1KPlayerSet@@QAE@XZ      10025550 f i KPlayerSet.obj
 0001:000245b0       ?FindFree@KPlayerSet@@AAEHXZ 100255b0 f   KPlayerSet.obj
 0001:000245c0       ?FindSame@KPlayerSet@@QAEHK@Z 100255c0 f   KPlayerSet.obj
 0001:00024610       ?GetFirstPlayer@KPlayerSet@@QAEHXZ 10025610 f   KPlayerSet.obj
 0001:00024630       ?GetNextPlayer@KPlayerSet@@QAEHXZ 10025630 f   KPlayerSet.obj
 0001:00024650       ??0KLevelAdd@@QAE@XZ       10025650 f   KPlayerSet.obj
 0001:00024720       ?Init@KLevelAdd@@QAEHXZ    10025720 f   KPlayerSet.obj
 0001:00024930       ?GetLevelExp@KLevelAdd@@QAEHH@Z 10025930 f   KPlayerSet.obj
 0001:00024950       ?GetLifePerLevel@KLevelAdd@@QAEHH@Z 10025950 f   KPlayerSet.obj
 0001:00024970       ?GetStaminaPerLevel@KLevelAdd@@QAEHH@Z 10025970 f   KPlayerSet.obj
 0001:00024990       ?GetManaPerLevel@KLevelAdd@@QAEHH@Z 10025990 f   KPlayerSet.obj
 0001:000249b0       ?GetLifePerVitality@KLevelAdd@@QAEHH@Z 100259b0 f   KPlayerSet.obj
 0001:000249d0       ?GetStaminaPerVitality@KLevelAdd@@QAEHH@Z 100259d0 f   KPlayerSet.obj
 0001:000249f0       ?GetManaPerEnergy@KLevelAdd@@QAEHH@Z 100259f0 f   KPlayerSet.obj
 0001:00024a10       ?GetLeadExpShare@KLevelAdd@@QAEHH@Z 10025a10 f   KPlayerSet.obj
 0001:00024a30       ?GetFireResist@KLevelAdd@@QAEHHH@Z 10025a30 f   KPlayerSet.obj
 0001:00024a70       ?GetColdResist@KLevelAdd@@QAEHHH@Z 10025a70 f   KPlayerSet.obj
 0001:00024ab0       ?GetPoisonResist@KLevelAdd@@QAEHHH@Z 10025ab0 f   KPlayerSet.obj
 0001:00024af0       ?GetLightResist@KLevelAdd@@QAEHHH@Z 10025af0 f   KPlayerSet.obj
 0001:00024b30       ?GetPhysicsResist@KLevelAdd@@QAEHHH@Z 10025b30 f   KPlayerSet.obj
 0001:00024b70       ??0KTeamLeadExp@@QAE@XZ    10025b70 f   KPlayerSet.obj
 0001:00024ba0       ?Init@KTeamLeadExp@@QAEHXZ 10025ba0 f   KPlayerSet.obj
 0001:00024c80       ?GetLevel@KTeamLeadExp@@QAEHKH@Z 10025c80 f   KPlayerSet.obj
 0001:00024cd0       ?GetMemNumFromExp@KTeamLeadExp@@QAEHK@Z 10025cd0 f   KPlayerSet.obj
 0001:00024cf0       ?GetMemNumFromLevel@KTeamLeadExp@@QAEHH@Z 10025cf0 f   KPlayerSet.obj
 0001:00024d10       ?GetLevelExp@KTeamLeadExp@@QAEHH@Z 10025d10 f   KPlayerSet.obj
 0001:00024d30       ??0KNewPlayerAttribute@@QAE@XZ 10025d30 f   KPlayerSet.obj
 0001:00024d80       ?Init@KNewPlayerAttribute@@QAEHXZ 10025d80 f   KPlayerSet.obj
 0001:00024fc0       ??0KPlayerSet@@QAE@XZ      10025fc0 f   KPlayerSet.obj
 0001:00025030       ?Init@KPlayerSet@@QAEHXZ   10026030 f   KPlayerSet.obj
 0001:000251c0       ?Release@KPlayerTask@@QAEXXZ 100261c0 f   KPlayerTask.obj
 0001:000251f0       ?ClearTempVar@KPlayerTask@@QAEXXZ 100261f0 f   KPlayerTask.obj
 0001:00025210       ?GetSaveVal@KPlayerTask@@QAEHH@Z 10026210 f   KPlayerTask.obj
 0001:00025230       ?SetSaveVal@KPlayerTask@@QAEXHH@Z 10026230 f   KPlayerTask.obj
 0001:00025250       ?GetClearVal@KPlayerTask@@QAEHH@Z 10026250 f   KPlayerTask.obj
 0001:00025270       ?SetClearVal@KPlayerTask@@QAEXHH@Z 10026270 f   KPlayerTask.obj
 0001:00025290       ??0KPlayerTask@@QAE@XZ     10026290 f   KPlayerTask.obj
 0001:000252a0       ?Release@KTeamApplyList@@QAEXXZ 100262a0 f i KPlayerTeam.obj
 0001:000252b0       ?ReleaseList@KPlayerTeam@@QAEXXZ 100262b0 f   KPlayerTeam.obj
 0001:000252e0       ?ApplyCreate@KPlayerTeam@@QAEHXZ 100262e0 f   KPlayerTeam.obj
 0001:00025320       ?InviteAdd@KPlayerTeam@@QAEXK@Z 10026320 f   KPlayerTeam.obj
 0001:00025360       ?ReplyInvite@KPlayerTeam@@QAEXHH@Z 10026360 f   KPlayerTeam.obj
 0001:000253b0       ?SetAutoRefuseInvite@KPlayerTeam@@QAEXH@Z 100263b0 f   KPlayerTeam.obj
 0001:00025430       ?GetAutoRefuseState@KPlayerTeam@@QAEHXZ 10026430 f   KPlayerTeam.obj
 0001:00025440       ?DeleteOneFromApplyList@KPlayerTeam@@QAEXK@Z 10026440 f   KPlayerTeam.obj
 0001:00025490       ?Release@KTeam@@QAEXXZ     10026490 f   KPlayerTeam.obj
 0001:000254f0       ?SetIndex@KTeam@@QAEXH@Z   100264f0 f   KPlayerTeam.obj
 0001:00025500       ?FindFree@KTeam@@QAEHXZ    10026500 f   KPlayerTeam.obj
 0001:00025520       ?FindMemberID@KTeam@@QAEHK@Z 10026520 f   KPlayerTeam.obj
 0001:00025550       ?CalcCaptainPower@KTeam@@QAEHXZ 10026550 f   KPlayerTeam.obj
 0001:00025570       ?CreateTeam@KTeam@@QAEXHPADHK@Z 10026570 f   KPlayerTeam.obj
 0001:000255b0       ?AddMember@KTeam@@QAEHKHPAD@Z 100265b0 f   KPlayerTeam.obj
 0001:00025620       ?DeleteMember@KTeam@@QAEXK@Z 10026620 f   KPlayerTeam.obj
 0001:00025670       ?GetMemberInfo@KTeam@@QAEHPAUKUiPlayerItem@@H@Z 10026670 f   KPlayerTeam.obj
 0001:00025730       ??0KTeamApplyList@@QAE@XZ  10026730 f i KPlayerTeam.obj
 0001:00025740       ?Release@KPlayerTeam@@QAEXXZ 10026740 f   KPlayerTeam.obj
 0001:00025760       ?ReceiveInvite@KPlayerTeam@@QAEXPAUTEAM_INVITE_ADD_SYNC@@@Z 10026760 f   KPlayerTeam.obj
 0001:00025880       ?GetInfo@KPlayerTeam@@QAEHPAUKUiPlayerTeam@@@Z 10026880 f   KPlayerTeam.obj
 0001:00025920       ?UpdateInterface@KPlayerTeam@@QAEXXZ 10026920 f   KPlayerTeam.obj
 0001:00025960       ??0KTeam@@QAE@XZ           10026960 f   KPlayerTeam.obj
 0001:00025970       ?SetTeamOpen@KTeam@@QAEHXZ 10026970 f   KPlayerTeam.obj
 0001:00025990       ?SetTeamClose@KTeam@@QAEHXZ 10026990 f   KPlayerTeam.obj
 0001:000259b0       ??0KPlayerTeam@@QAE@XZ     100269b0 f   KPlayerTeam.obj
[...]
 0001:00050e92       __unwindfunclet$??1KLibOfBPT@@QAE@XZ$4 10051e92 f   KBasPropTbl.obj
 0001:00050ea0       __unwindfunclet$??1KLibOfBPT@@QAE@XZ$5 10051ea0 f   KBasPropTbl.obj
 0001:00050eae       __unwindfunclet$??1KLibOfBPT@@QAE@XZ$6 10051eae f   KBasPropTbl.obj
 0001:00050ebc       __unwindfunclet$??1KLibOfBPT@@QAE@XZ$7 10051ebc f   KBasPropTbl.obj
 0001:00050eca       __unwindfunclet$??1KLibOfBPT@@QAE@XZ$8 10051eca f   KBasPropTbl.obj
 0001:00050ed8       __unwindfunclet$??1KLibOfBPT@@QAE@XZ$9 10051ed8 f   KBasPropTbl.obj
 0001:00050ee6       __unwindfunclet$??1KLibOfBPT@@QAE@XZ$10 10051ee6 f   KBasPropTbl.obj
 0001:00050ef4       __unwindfunclet$??1KLibOfBPT@@QAE@XZ$11 10051ef4 f   KBasPropTbl.obj
 0001:00050f02       __unwindfunclet$??1KLibOfBPT@@QAE@XZ$12 10051f02 f   KBasPropTbl.obj
 0001:00050f10       __unwindfunclet$??1KLibOfBPT@@QAE@XZ$13 10051f10 f   KBasPropTbl.obj
 0001:00050f1e       __unwindfunclet$??1KLibOfBPT@@QAE@XZ$14 10051f1e f   KBasPropTbl.obj
 0001:00050f2c       __unwindfunclet$??1KLibOfBPT@@QAE@XZ$15 10051f2c f   KBasPropTbl.obj
 0001:00050f3a       __unwindfunclet$??1KLibOfBPT@@QAE@XZ$16 10051f3a f   KBasPropTbl.obj
 0001:00050f55       __ehhandler$??1KLibOfBPT@@QAE@XZ 10051f55 f   KBasPropTbl.obj
 0001:00050f70       __unwindfunclet$?Init@KBuySell@@QAEHXZ$0 10051f70 f   KBuySell.obj
 0001:00050f79       __unwindfunclet$?Init@KBuySell@@QAEHXZ$1 10051f79 f   KBuySell.obj
 0001:00050f82       __unwindfunclet$?Init@KBuySell@@QAEHXZ$2 10051f82 f   KBuySell.obj
 0001:00050f8d       __unwindfunclet$?Init@KBuySell@@QAEHXZ$3 10051f8d f   KBuySell.obj
 0001:00050f98       __ehhandler$?Init@KBuySell@@QAEHXZ 10051f98 f   KBuySell.obj
 0001:00050fc0       __unwindfunclet$??0KItemChangeRes@@QAE@XZ$0 10051fc0 f   KItemChangeRes.obj
 0001:00050fc9       __unwindfunclet$??0KItemChangeRes@@QAE@XZ$1 10051fc9 f   KItemChangeRes.obj
 0001:00050fd5       __unwindfunclet$??0KItemChangeRes@@QAE@XZ$2 10051fd5 f   KItemChangeRes.obj
 0001:00050fe1       __unwindfunclet$??0KItemChangeRes@@QAE@XZ$3 10051fe1 f   KItemChangeRes.obj
 0001:00050fed       __ehhandler$??0KItemChangeRes@@QAE@XZ 10051fed f   KItemChangeRes.obj
 0001:00051010       __unwindfunclet$??1KItemChangeRes@@QAE@XZ$0 10052010 f   KItemChangeRes.obj
 0001:00051019       __unwindfunclet$??1KItemChangeRes@@QAE@XZ$1 10052019 f   KItemChangeRes.obj
 0001:00051025       __unwindfunclet$??1KItemChangeRes@@QAE@XZ$2 10052025 f   KItemChangeRes.obj
 0001:00051031       __unwindfunclet$??1KItemChangeRes@@QAE@XZ$3 10052031 f   KItemChangeRes.obj
 0001:0005103d       __ehhandler$??1KItemChangeRes@@QAE@XZ 1005203d f   KItemChangeRes.obj
 0001:00051060       __unwindfunclet$?Gen_MagicAttrib@KItemGenerator@@AAEHHPBHHHPAUKMagicAttrib@@H@Z$0 10052060 f   KItemGenerator.obj
 0001:00051068       __ehhandler$?Gen_MagicAttrib@KItemGenerator@@AAEHHPBHHHPAUKMagicAttrib@@H@Z 10052068 f   KItemGenerator.obj
 0001:00051090       __unwindfunclet$??0KItemList@@QAE@XZ$0 10052090 f   KItemList.obj
 0001:0005109f       __unwindfunclet$??0KItemList@@QAE@XZ$1 1005209f f   KItemList.obj
 0001:000510ae       __ehhandler$??0KItemList@@QAE@XZ 100520ae f   KItemList.obj
 0001:000510d0       __unwindfunclet$??1KItemList@@QAE@XZ$0 100520d0 f   KItemList.obj
 0001:000510df       __unwindfunclet$??1KItemList@@QAE@XZ$1 100520df f   KItemList.obj
 0001:000510ee       __ehhandler$??1KItemList@@QAE@XZ 100520ee f   KItemList.obj
 0001:00051110       __unwindfunclet$??0KItemSet@@QAE@XZ$0 10052110 f   KItemSet.obj
 0001:0005111c       __ehhandler$??0KItemSet@@QAE@XZ 1005211c f   KItemSet.obj
 0001:00051140       __unwindfunclet$??1KItemSet@@QAE@XZ$0 10052140 f   KItemSet.obj
 0001:0005114c       __ehhandler$??1KItemSet@@QAE@XZ 1005214c f   KItemSet.obj
 0001:00051170       __unwindfunclet$?Init@KItemSet@@QAEXXZ$0 10052170 f   KItemSet.obj
 0001:00051179       __ehhandler$?Init@KItemSet@@QAEXXZ 10052179 f   KItemSet.obj
 0001:000511a0       __ehhandler$?ExecScript@KObj@@QAEXH@Z 100521a0 f   KObj.obj
 0001:000511c0       __unwindfunclet$??0KObjSet@@QAE@XZ$0 100521c0 f   KObjSet.obj
 0001:000511c9       __unwindfunclet$??0KObjSet@@QAE@XZ$1 100521c9 f   KObjSet.obj
 0001:000511d5       __unwindfunclet$??0KObjSet@@QAE@XZ$2 100521d5 f   KObjSet.obj
 0001:000511e4       __ehhandler$??0KObjSet@@QAE@XZ 100521e4 f   KObjSet.obj
 0001:00051200       __unwindfunclet$??1KObjSet@@QAE@XZ$0 10052200 f   KObjSet.obj
 0001:00051209       __unwindfunclet$??1KObjSet@@QAE@XZ$1 10052209 f   KObjSet.obj
 0001:00051215       __unwindfunclet$??1KObjSet@@QAE@XZ$2 10052215 f   KObjSet.obj
 0001:00051224       __ehhandler$??1KObjSet@@QAE@XZ 10052224 f   KObjSet.obj
 0001:00051240       __unwindfunclet$?Init@KObjSet@@QAEHXZ$0 10052240 f   KObjSet.obj
 0001:0005124c       __ehhandler$?Init@KObjSet@@QAEHXZ 1005224c f   KObjSet.obj
 0001:00051280       __unwindfunclet$?ClientLoadRegionObj@KObjSet@@QAEHPADHHHH@Z$0 10052280 f   KObjSet.obj
 0001:0005128c       __ehhandler$?ClientLoadRegionObj@KObjSet@@QAEHPADHHHH@Z 1005228c f   KObjSet.obj
 0001:000512c0       __unwindfunclet$?InitNpcSetting@@YAHXZ$0 100522c0 f   KCore.obj
 0001:000512cb       __ehhandler$?InitNpcSetting@@YAHXZ 100522cb f   KCore.obj
 0001:000512f0       __unwindfunclet$?InitAdjustColorTab@@YAIXZ$0 100522f0 f   KCore.obj
 0001:000512f9       __ehhandler$?InitAdjustColorTab@@YAIXZ 100522f9 f   KCore.obj
 0001:00051320       __unwindfunclet$?g_InitCore@@YAXXZ$0 10052320 f   KCore.obj
 0001:00051329       __ehhandler$?g_InitCore@@YAXXZ 10052329 f   KCore.obj
 0001:00051350       __unwindfunclet$??1KSubWorld@@QAE@XZ$0 10052350 f   KSubWorld.obj
 0001:0005135e       __unwindfunclet$??1KSubWorld@@QAE@XZ$1 1005235e f   KSubWorld.obj
 0001:0005136c       __ehhandler$??1KSubWorld@@QAE@XZ 1005236c f   KSubWorld.obj
 0001:00051390       __unwindfunclet$?LoadMap@KSubWorld@@QAEHHH@Z$0 10052390 f   KSubWorld.obj
 0001:0005139c       __unwindfunclet$?LoadMap@KSubWorld@@QAEHHH@Z$1 1005239c f   KSubWorld.obj
 0001:000513aa       __ehhandler$?LoadMap@KSubWorld@@QAEHHH@Z 100523aa f   KSubWorld.obj
 0001:000513e0       __unwindfunclet$?MessageLoop@KSubWorld@@QAEXXZ$0 100523e0 f   KSubWorld.obj
 0001:000513e8       __ehhandler$?MessageLoop@KSubWorld@@QAEXXZ 100523e8 f   KSubWorld.obj
 0001:00051410       __unwindfunclet$??0KSubWorldSet@@QAE@XZ$0 10052410 f   KSubWorldSet.obj
 0001:0005141b       __ehhandler$??0KSubWorldSet@@QAE@XZ 1005241b f   KSubWorldSet.obj
 0001:00051440       __unwindfunclet$?Load@KSubWorldSet@@QAEHPAD@Z$0 10052440 f   KSubWorldSet.obj
 0001:0005144c       __ehhandler$?Load@KSubWorldSet@@QAEHPAD@Z 1005244c f   KSubWorldSet.obj
 0001:00051480       __unwindfunclet$??1KRegion@@QAE@XZ$0 10052480 f   KRegion.obj
 0001:0005148b       __unwindfunclet$??1KRegion@@QAE@XZ$1 1005248b f   KRegion.obj
 0001:00051496       __unwindfunclet$??1KRegion@@QAE@XZ$2 10052496 f   KRegion.obj
 0001:000514a1       __unwindfunclet$??1KRegion@@QAE@XZ$3 100524a1 f   KRegion.obj
 0001:000514ac       __ehhandler$??1KRegion@@QAE@XZ 100524ac f   KRegion.obj
 0001:000514d0       __unwindfunclet$?LoadLittleMapData@KRegion@@SAXHHPADPAE@Z$0 100524d0 f   KRegion.obj
 0001:000514dc       __ehhandler$?LoadLittleMapData@KRegion@@SAXHHPADPAE@Z 100524dc f   KRegion.obj
 0001:00051510       __unwindfunclet$?LoadObject@KRegion@@QAEHHHHPAD@Z$3 10052510 f   KRegion.obj
 0001:0005151c       __unwindfunclet$?LoadObject@KRegion@@QAEHHHHPAD@Z$4 1005251c f   KRegion.obj
 0001:00051528       __ehhandler$?LoadObject@KRegion@@QAEHHHHPAD@Z 10052528 f   KRegion.obj
 0001:00051560       __unwindfunclet$?s2cExtendFriend@KProtocolProcess@@AAEXPAE@Z$3 10052560 f   KProtocolProcess.obj
 0001:00051569       __unwindfunclet$?s2cExtendFriend@KProtocolProcess@@AAEXPAE@Z$4 10052569 f   KProtocolProcess.obj
 0001:00051575       __unwindfunclet$?s2cExtendFriend@KProtocolProcess@@AAEXPAE@Z$5 10052575 f   KProtocolProcess.obj
 0001:0005157e       __unwindfunclet$?s2cExtendFriend@KProtocolProcess@@AAEXPAE@Z$6 1005257e f   KProtocolProcess.obj
 0001:00051587       __unwindfunclet$?s2cExtendFriend@KProtocolProcess@@AAEXPAE@Z$7 10052587 f   KProtocolProcess.obj
 0001:00051590       __unwindfunclet$?s2cExtendFriend@KProtocolProcess@@AAEXPAE@Z$8 10052590 f   KProtocolProcess.obj
 0001:00051599       __ehhandler$?s2cExtendFriend@KProtocolProcess@@AAEXPAE@Z 10052599 f   KProtocolProcess.obj
 0001:000515d0       __unwindfunclet$?Load@KScriptValueSet@@QAEHPAD@Z$0 100525d0 f   KScriptValueSet.obj
 0001:000515dc       __ehhandler$?Load@KScriptValueSet@@QAEHPAD@Z 100525dc f   KScriptValueSet.obj
 0001:00051610       __unwindfunclet$?Save@KScriptValueSet@@QAEHPAD@Z$0 10052610 f   KScriptValueSet.obj
 0001:00051619       __ehhandler$?Save@KScriptValueSet@@QAEHPAD@Z 10052619 f   KScriptValueSet.obj
 0001:00051640       __unwindfunclet$??0KScenePlaceC@@QAE@XZ$0 10052640 f   KScenePlaceC.obj
 0001:0005165b       __unwindfunclet$??0KScenePlaceC@@QAE@XZ$1 1005265b f   KScenePlaceC.obj
 0001:00051669       __ehhandler$??0KScenePlaceC@@QAE@XZ 10052669 f   KScenePlaceC.obj
 0001:00051690       __unwindfunclet$?ChangeWeather@KScenePlaceC@@QAEXH@Z$0 10052690 f   KScenePlaceC.obj
 0001:0005169b       __ehhandler$?ChangeWeather@KScenePlaceC@@QAEXH@Z 1005269b f   KScenePlaceC.obj
 0001:000516c0       __unwindfunclet$?OpenPlace@KScenePlaceC@@QAE_NH@Z$0 100526c0 f   KScenePlaceC.obj
 0001:000516cc       __ehhandler$?OpenPlace@KScenePlaceC@@QAE_NH@Z 100526cc f   KScenePlaceC.obj
 0001:00051700       __unwindfunclet$?Preprocess@KScenePlaceC@@AAEXXZ$0 10052700 f   KScenePlaceC.obj
 0001:0005170b       __unwindfunclet$?Preprocess@KScenePlaceC@@AAEXXZ$2 1005270b f   KScenePlaceC.obj
 0001:00051716       __ehhandler$?Preprocess@KScenePlaceC@@AAEXXZ 10052716 f   KScenePlaceC.obj
 0001:00051740       __unwindfunclet$??1KScenePlaceC@@QAE@XZ$0 10052740 f   KScenePlaceC.obj
 0001:0005175b       __unwindfunclet$??1KScenePlaceC@@QAE@XZ$1 1005275b f   KScenePlaceC.obj
 0001:00051769       __unwindfunclet$??1KScenePlaceC@@QAE@XZ$2 10052769 f   KScenePlaceC.obj
 0001:00051777       __ehhandler$??1KScenePlaceC@@QAE@XZ 10052777 f   KScenePlaceC.obj
 0001:000517a0       __unwindfunclet$?Load@KScenePlaceRegionC@@QAE_NPBD@Z$0 100527a0 f   KScenePlaceRegionC.obj
 0001:000517ac       __ehhandler$?Load@KScenePlaceRegionC@@QAE_NPBD@Z 100527ac f   KScenePlaceRegionC.obj
 0001:000517e0       __unwindfunclet$??0logic_error@std@@QAE@ABV?$basic_string@DU?$char_traits@D@std@@V?$allocator@D@2@@1@@Z$0 100527e0 f   KWeather.obj
 0001:000517e9       __ehhandler$??0logic_error@std@@QAE@ABV?$basic_string@DU?$char_traits@D@std@@V?$allocator@D@2@@1@@Z 100527e9 f   KWeather.obj
 0001:00051810       __unwindfunclet$?ReadInfoFromIniFile@KWeatherRain@@UAE_NH@Z$0 10052810 f   KWeather.obj
 0001:0005181c       __ehhandler$?ReadInfoFromIniFile@KWeatherRain@@UAE_NH@Z 1005281c f   KWeather.obj
 0001:00051850       __unwindfunclet$?ReadInfoFromIniFile@KWeatherSnow@@UAE_NH@Z$0 10052850 f   KWeather.obj
 0001:0005185c       __ehhandler$?ReadInfoFromIniFile@KWeatherSnow@@UAE_NH@Z 1005285c f   KWeather.obj
 0001:00051890       __unwindfunclet$?_Incsize@?$list@UKParticle@@V?$allocator@UKParticle@@@std@@@std@@IAEXI@Z$0 10052890 f   KWeather.obj
 0001:00051899       __ehhandler$?_Incsize@?$list@UKParticle@@V?$allocator@UKParticle@@@std@@@std@@IAEXI@Z 10052899 f   KWeather.obj
 0001:000518c0       __unwindfunclet$??0logic_error@std@@QAE@ABV01@@Z$0 100528c0 f   KWeather.obj
 0001:000518c9       __ehhandler$??0logic_error@std@@QAE@ABV01@@Z 100528c9 f   KWeather.obj
 0001:000518f0       __unwindfunclet$??1KWeatherRain@@UAE@XZ$0 100528f0 f   KWeather.obj
 0001:000518f8       __ehhandler$??1KWeatherRain@@UAE@XZ 100528f8 f   KWeather.obj
 0001:00051920       __unwindfunclet$??0KWeatherRain@@QAE@XZ$0 10052920 f   KWeather.obj
 0001:00051928       __ehhandler$??0KWeatherRain@@QAE@XZ 10052928 f   KWeather.obj
 0001:00051950       __unwindfunclet$?Initialize@KScenePlaceMapC@@AAE_NXZ$0 10052950 f   ScenePlaceMapC.obj
 0001:0005195c       __ehhandler$?Initialize@KScenePlaceMapC@@AAE_NXZ 1005295c f   ScenePlaceMapC.obj
 0001:00051990       __unwindfunclet$?AddBranch@KIpoTree@@QAEXPAUKIpotBuildinObj@@@Z$0 10052990 f   KIpoTree.obj
 0001:0005199b       __ehhandler$?AddBranch@KIpoTree@@QAEXPAUKIpotBuildinObj@@@Z 1005299b f   KIpoTree.obj
 0001:000519c0       __unwindfunclet$?_Incsize@?$list@PAVKLightBase@@V?$allocator@PAVKLightBase@@@std@@@std@@IAEXI@Z$0 100529c0 f   KIpoTree.obj
 0001:000519c9       __ehhandler$?_Incsize@?$list@PAVKLightBase@@V?$allocator@PAVKLightBase@@@std@@@std@@IAEXI@Z 100529c9 f   KIpoTree.obj
 0001:000519f0       __unwindfunclet$??1KIpoTree@@QAE@XZ$0 100529f0 f   KIpoTree.obj
 0001:000519fb       __unwindfunclet$??1KIpoTree@@QAE@XZ$1 100529fb f   KIpoTree.obj
 0001:00051a09       __ehhandler$??1KIpoTree@@QAE@XZ 10052a09 f   KIpoTree.obj
 0001:00051a30       __unwindfunclet$??0KIpoTree@@QAE@XZ$0 10052a30 f   KIpoTree.obj
 0001:00051a3b       __unwindfunclet$??0KIpoTree@@QAE@XZ$1 10052a3b f   KIpoTree.obj
 0001:00051a49       __ehhandler$??0KIpoTree@@QAE@XZ 10052a49 f   KIpoTree.obj
 0001:00051a70       __unwindfunclet$?ProcessGMCommand@@YAHHW4EGameMasterCommand@@PBDH@Z$0 10052a70 f   KGMCommand.obj
 0001:00051a7c       __ehhandler$?ProcessGMCommand@@YAHHW4EGameMasterCommand@@PBDH@Z 10052a7c f   KGMCommand.obj
 0001:00051ab0       __ehhandler$?TextGMFilter@@YAHHPBDH@Z 10052ab0 f   KGMCommand.obj
 0001:00051ad0       __unwindfunclet$?LoadSetFile@KMapMusic@@QAEXXZ$0 10052ad0 f   KMapMusic.obj
 0001:00051adc       __unwindfunclet$?LoadSetFile@KMapMusic@@QAEXXZ$1 10052adc f   KMapMusic.obj
 0001:00051aea       __unwindfunclet$?LoadSetFile@KMapMusic@@QAEXXZ$2 10052aea f   KMapMusic.obj
 0001:00051af6       __ehhandler$?LoadSetFile@KMapMusic@@QAEXXZ 10052af6 f   KMapMusic.obj
 0001:00051b30       ??__Eg_MisslesLib@@YAXXZ   10052b30 f   KMissle.obj
 0001:00051b60       ??__EMissle@@YAXXZ         10052b60 f   KMissle.obj
 0001:00051b90       ??__EMissleSet@@YAXXZ      10052b90 f   KMissleSet.obj
 0001:00051bb0       ??__Eg_SkillManager@@YAXXZ 10052bb0 f   KSkillManager.obj
 0001:00051bc0       ??__ESpecialMovieList@@YAXXZ 10052bc0 f   KSkillSpecial.obj
 0001:00051bd0       ??__ENpc@@YAXXZ            10052bd0 f   KNpc.obj
 0001:00051c00       ??__ENpcAI@@YAXXZ          10052c00 f   KNpcAI.obj
 0001:00051c10       ??__Eg_NpcAttribModify@@YAXXZ 10052c10 f   KNpcAttribModify.obj
 0001:00051c30       ??__Eg_NpcResList@@YAXXZ   10052c30 f   KNpcResList.obj
 0001:00051c50       ??__ENpcSet@@YAXXZ         10052c50 f   KNpcSet.obj
 0001:00051c70       ??__EPlayer@@YAXXZ         10052c70 f   KPlayer.obj
 0001:00051ca0       ??__EPlayerSet@@YAXXZ      10052ca0 f   KPlayerSet.obj
 0001:00051cc0       ??__Eg_Team@@YAXXZ         10052cc0 f   KPlayerTeam.obj
 0001:00051cf0       ??__EBuySell@@YAXXZ        10052cf0 f   KBuySell.obj
 0001:00051d10       ??__EItem@@YAXXZ           10052d10 f   KItem.obj
 0001:00051d40       ??__Eg_ItemChangeRes@@YAXXZ 10052d40 f   KItemChangeRes.obj
 0001:00051d60       ??__EItemGen@@YAXXZ        10052d60 f   KItemGenerator.obj
 0001:00051d80       ??__EItemSet@@YAXXZ        10052d80 f   KItemSet.obj
 0001:00051da0       ??__EObject@@YAXXZ         10052da0 f   KObj.obj
 0001:00051dd0       ??__EObjSet@@YAXXZ         10052dd0 f   KObjSet.obj
 0001:00051df0       ??__Eg_cViewItem@@YAXXZ    10052df0 f   KViewItem.obj
 0001:00051e00       ??__Eg_ClientWeaponSkillTabFile@@YAXXZ 10052e00 f   KCore.obj
 0001:00051e20       ??__Eg_RankTabSetting@@YAXXZ 10052e20 f   KCore.obj
 0001:00051e40       ??__Eg_OrdinSkillsSetting@@YAXXZ 10052e40 f   KCore.obj
 0001:00051e60       ??__Eg_MisslesSetting@@YAXXZ 10052e60 f   KCore.obj
 0001:00051e80       ??__Eg_SkillLevelSetting@@YAXXZ 10052e80 f   KCore.obj
 0001:00051ea0       ??__Eg_NpcSetting@@YAXXZ   10052ea0 f   KCore.obj
 0001:00051ec0       ??__Eg_NpcKindFile@@YAXXZ  10052ec0 f   KCore.obj
 0001:00051ee0       ??__Eg_SoundCache@@YAXXZ   10052ee0 f   KCore.obj
 0001:00051f00       ??__Eg_WorldScript@@YAXXZ  10052f00 f   KCore.obj
 0001:00051f20       ??__ESubWorld@@YAXXZ       10052f20 f   KSubWorld.obj
 0001:00051f50       ??__Eg_SubWorldSet@@YAXXZ  10052f50 f   KSubWorldSet.obj
 0001:00051f70       ??__Eg_ProtocolProcess@@YAXXZ 10052f70 f   KProtocolProcess.obj
 0001:00051f90       ??__Eg_ScriptValueSet@@YAXXZ 10052f90 f   KScriptValueSet.obj
 0001:00051fb0       ??__Eg_ScriptSet@@YAXXZ    10052fb0 f   KSortScript.obj
 0001:00051fe0       ??__Eg_ScriptBinTree@@YAXXZ 10052fe0 f   KSortScript.obj
 0001:00052000       ??__Eg_StoryScriptList@@YAXXZ 10053000 f   ScriptFuns.obj
 0001:00052020       ??__Eg_ScenePlace@@YAXXZ   10053020 f   KScenePlaceC.obj
 0001:00052040       ??__Egs_Timer@@YAXXZ       10053040 f   SceneMath.obj
 0001:00052050       ??__Eg_MagicDesc@@YAXXZ    10053050 f   KMagicDesc.obj
 0001:00052070       ??__Eg_StringResourseTabFile@@YAXXZ 10053070 f   KTaskFuns.obj
 0001:00052090       ??__ELadder@@YAXXZ         10053090 f   KLadder.obj
 0001:000520b0       ??__Fg_MisslesLib@@YAXXZ   100530b0 f   KMissle.obj
 0001:000520d0       ??__FMissle@@YAXXZ         100530d0 f   KMissle.obj
 0001:000520f0       ??__FMissleSet@@YAXXZ      100530f0 f   KMissleSet.obj
 0001:00052100       ??__Fg_SkillManager@@YAXXZ 10053100 f   KSkillManager.obj
 0001:00052110       ??__FSpecialMovieList@@YAXXZ 10053110 f   KSkillSpecial.obj
 0001:00052120       ??__FNpc@@YAXXZ            10053120 f   KNpc.obj
 0001:00052140       ??__Fg_NpcAttribModify@@YAXXZ 10053140 f   KNpcAttribModify.obj
 0001:00052150       ??__Fg_NpcResList@@YAXXZ   10053150 f   KNpcResList.obj
 0001:00052160       ??__FNpcSet@@YAXXZ         10053160 f   KNpcSet.obj
 0001:00052170       ??__FPlayer@@YAXXZ         10053170 f   KPlayer.obj
 0001:00052190       ??__FPlayerSet@@YAXXZ      10053190 f   KPlayerSet.obj
 0001:000521a0       ??__FBuySell@@YAXXZ        100531a0 f   KBuySell.obj
 0001:000521b0       ??__FItem@@YAXXZ           100531b0 f   KItem.obj
 0001:000521d0       ??__Fg_ItemChangeRes@@YAXXZ 100531d0 f   KItemChangeRes.obj
 0001:000521e0       ??__FItemGen@@YAXXZ        100531e0 f   KItemGenerator.obj
 0001:000521f0       ??__FItemSet@@YAXXZ        100531f0 f   KItemSet.obj
 0001:00052200       ??__FObjSet@@YAXXZ         10053200 f   KObjSet.obj
 0001:00052210       ??__Fg_ClientWeaponSkillTabFile@@YAXXZ 10053210 f   KCore.obj
 0001:00052220       ??__Fg_RankTabSetting@@YAXXZ 10053220 f   KCore.obj
 0001:00052230       ??__Fg_MisslesSetting@@YAXXZ 10053230 f   KCore.obj
 0001:00052240       ??__Fg_OrdinSkillsSetting@@YAXXZ 10053240 f   KCore.obj
 0001:00052250       ??__Fg_SkillLevelSetting@@YAXXZ 10053250 f   KCore.obj
 0001:00052260       ??__Fg_NpcSetting@@YAXXZ   10053260 f   KCore.obj
 0001:00052270       ??__Fg_NpcKindFile@@YAXXZ  10053270 f   KCore.obj
 0001:00052280       ??__Fg_SoundCache@@YAXXZ   10053280 f   KCore.obj
 0001:00052290       ??__Fg_WorldScript@@YAXXZ  10053290 f   KCore.obj
 0001:000522a0       ??__FSubWorld@@YAXXZ       100532a0 f   KSubWorld.obj
 0001:000522c0       ??__Fg_SubWorldSet@@YAXXZ  100532c0 f   KSubWorldSet.obj
 0001:000522d0       ??__Fg_ProtocolProcess@@YAXXZ 100532d0 f   KProtocolProcess.obj
 0001:000522e0       ??__Fg_ScriptValueSet@@YAXXZ 100532e0 f   KScriptValueSet.obj
 0001:000522f0       ??__Fg_ScriptSet@@YAXXZ    100532f0 f   KSortScript.obj
 0001:00052310       ??__Fg_ScriptBinTree@@YAXXZ 10053310 f   KSortScript.obj
 0001:00052320       ??__Fg_StoryScriptList@@YAXXZ 10053320 f   ScriptFuns.obj
 0001:00052330       ??__Fg_ScenePlace@@YAXXZ   10053330 f   KScenePlaceC.obj
 0001:00052340       ??__Fg_MagicDesc@@YAXXZ    10053340 f   KMagicDesc.obj
 0001:00052350       ??__Fg_StringResourseTabFile@@YAXXZ 10053350 f   KTaskFuns.obj
 0001:00052360       ??__FLadder@@YAXXZ         10053360 f   KLadder.obj
