 GameServer

 Timestamp is 507eb51c (Wed Oct 17 20:39:40 2012)

 Preferred load address is 00400000

 Start         Length     Name                   Class
 0001:00000000 00037848H .text                   CODE
 0001:00037850 00001463H .text$x                 CODE
 0001:00038cc0 000001dfH .text$yc                CODE
 0001:00038ea0 0000021aH .text$yd                CODE
 0002:00000000 00000200H .idata$5                DATA
 0002:00000200 00000004H .CRT$XCA                DATA
 0002:00000204 0000001cH .CRT$XCC                DATA
 0002:00000220 0000002cH .CRT$XCU                DATA
 0002:0000024c 00000004H .CRT$XCZ                DATA
 0002:00000250 00000004H .CRT$XIA                DATA
 0002:00000254 00000014H .CRT$XIC                DATA
 0002:00000268 00000004H .CRT$XID                DATA
 0002:0000026c 00000004H .CRT$XIY                DATA
 0002:00000270 00000004H .CRT$XIZ                DATA
 0002:00000274 00000004H .CRT$XPA                DATA
 0002:00000278 00000004H .CRT$XPX                DATA
 0002:0000027c 00000004H .CRT$XPXA               DATA
 0002:00000280 00000004H .CRT$XPZ                DATA
 0002:00000284 00000004H .CRT$XTA                DATA
 0002:00000288 00000004H .CRT$XTZ                DATA
 0002:00000290 00003cd0H .rdata                  DATA
 0002:00003f60 00000068H .rdata$debug            DATA
 0002:00003fc8 00000d2cH .rdata$r                DATA
 0002:00004d00 0000019cH .rdata$sxdata           DATA
 0002:00004e9c 00000004H .rtc$IAA                DATA
 0002:00004ea0 00000004H .rtc$IZZ                DATA
 0002:00004ea4 00000004H .rtc$TAA                DATA
 0002:00004ea8 00000004H .rtc$TZZ                DATA
 0002:00004eb0 000023c4H .xdata$x                DATA
 0002:00007274 00000004H ATL$__a                 DATA
 0002:00007278 00000004H ATL$__z                 DATA
 0002:0000727c 0000008cH .idata$2                DATA
 0002:00007308 00000014H .idata$3                DATA
 0002:0000731c 00000200H .idata$4                DATA
 0002:0000751c 0000090cH .idata$6                DATA
 0002:00007e28 00000000H .edata                  DATA
 0003:00000000 00001ee0H .data                   DATA
 0003:00001ee0 000024b0H .bss                    DATA

  Address         Publics by Value              Rva+Base       Lib:Object

 0000:00000000       __except_list              00000000     <absolute>
 0000:00000067       ___safe_se_handler_count   00000067     <absolute>
 0000:00000000       ___ImageBase               00400000     <linker-defined>
 0001:00000000       ??0Thank_you@Define_the_symbol__ATL_MIXED@@QAE@XZ 00401000 f i GameServer.obj
 0001:00000010       ?one@Thank_you@Define_the_symbol__ATL_MIXED@@UAEXXZ 00401010 f i GameServer.obj
 0001:00000020       _main                      00401020 f   GameServer.obj
 0001:00000070       ??0bad_alloc@std@@QAE@PBD@Z 00401070 f i KSOServer.obj
 0001:00000090       ??1bad_alloc@std@@UAE@XZ   00401090 f i KSOServer.obj
 0001:000000a0       ??_Ebad_alloc@std@@UAEPAXI@Z 004010a0 f i KSOServer.obj
 0001:000000a0       ??_Gbad_alloc@std@@UAEPAXI@Z 004010a0 f i KSOServer.obj
 0001:000000d0       ??2@YAPAXIPAX@Z            004010d0 f i KSOServer.obj
 0001:000000e0       ??3@YAXPAX0@Z              004010e0 f i KSOServer.obj
 0001:000000f0       ?assign@?$char_traits@D@std@@SAXAADABD@Z 004010f0 f i KSOServer.obj
 0001:00000100       ?length@?$char_traits@D@std@@SAIPBD@Z 00401100 f i KSOServer.obj
 0001:00000120       ?_Copy_s@?$char_traits@D@std@@SAPADPADIPBDI@Z 00401120 f i KSOServer.obj
 0001:00000150       ?_Move_s@?$char_traits@D@std@@SAPADPADIPBDI@Z 00401150 f i KSOServer.obj
 0001:00000180       ?to_int_type@?$char_traits@D@std@@SAHABD@Z 00401180 f i KSOServer.obj
 0001:00000190       ?eq_int_type@?$char_traits@D@std@@SA_NABH0@Z 00401190 f i KSOServer.obj
 0001:000001b0       ?eof@?$char_traits@D@std@@SAHXZ 004011b0 f i KSOServer.obj
 0001:000001c0       ??0_Iterator_base@std@@QAE@XZ 004011c0 f i KSOServer.obj
 0001:000001d0       ?_Getcvt@_Locinfo@std@@QBE?AU_Cvtvec@@XZ 004011d0 f i KSOServer.obj
 0001:000001f0       ??0id@locale@std@@QAE@I@Z  004011f0 f i KSOServer.obj
 0001:00000200       ??Bid@locale@std@@QAEIXZ   00401200 f i KSOServer.obj
 0001:00000240       ?_Incref@facet@locale@std@@QAEXXZ 00401240 f i KSOServer.obj
 0001:00000270       ?_Decref@facet@locale@std@@QAEPAV123@XZ 00401270 f i KSOServer.obj
 0001:000002b0       ?_Register@facet@locale@std@@QAEXXZ 004012b0 f i KSOServer.obj
 0001:000002c0       ??1facet@locale@std@@UAE@XZ 004012c0 f i KSOServer.obj
 0001:000002d0       ??0facet@locale@std@@IAE@I@Z 004012d0 f i KSOServer.obj
 0001:000002f0       ??0locale@std@@QAE@ABV01@@Z 004012f0 f i KSOServer.obj
 0001:00000330       ??1locale@std@@QAE@XZ      00401330 f i KSOServer.obj
 0001:00000380       ?_Getfacet@locale@std@@QBEPBVfacet@12@I@Z 00401380 f i KSOServer.obj
 0001:000003c0       ??_Efacet@locale@std@@UAEPAXI@Z 004013c0 f i KSOServer.obj
 0001:000003c0       ??_Gfacet@locale@std@@UAEPAXI@Z 004013c0 f i KSOServer.obj
 0001:000003e0       ?rdstate@ios_base@std@@QBEHXZ 004013e0 f i KSOServer.obj
 0001:000003f0       ?good@ios_base@std@@QBE_NXZ 004013f0 f i KSOServer.obj
 0001:00000400       ?fail@ios_base@std@@QBE_NXZ 00401400 f i KSOServer.obj
 0001:00000410       ?flags@ios_base@std@@QBEHXZ 00401410 f i KSOServer.obj
 0001:00000420       ?width@ios_base@std@@QBEHXZ 00401420 f i KSOServer.obj
 0001:00000430       ?width@ios_base@std@@QAEHH@Z 00401430 f i KSOServer.obj
 0001:00000440       ?getloc@ios_base@std@@QBE?AVlocale@2@XZ 00401440 f i KSOServer.obj
 0001:00000480       ?GetProcAddress@CLibrary@Win32@OnlineGameLib@@QAEP6GHXZPBD@Z 00401480 f i KSOServer.obj
 0001:000004a0       ?gGetMacAndIPAddress@@YAHPAEPAK01KK@Z 004014a0 f i KSOServer.obj
 0001:000006e0       ?Enter@CCriticalSection@Win32@OnlineGameLib@@QAEXXZ 004016e0 f i KSOServer.obj
 0001:000006f0       ?Leave@CCriticalSection@Win32@OnlineGameLib@@QAEXXZ 004016f0 f i KSOServer.obj
 0001:00000700       ??0CCriticalSection@Win32@OnlineGameLib@@QAE@XZ 00401700 f i KSOServer.obj
 0001:00000710       ??1CCriticalSection@Win32@OnlineGameLib@@QAE@XZ 00401710 f i KSOServer.obj
 0001:00000720       ??0Owner@CCriticalSection@Win32@OnlineGameLib@@QAE@AAV123@@Z 00401720 f i KSOServer.obj
 0001:00000740       ??1Owner@CCriticalSection@Win32@OnlineGameLib@@QAE@XZ 00401740 f i KSOServer.obj
 0001:00000750       ?GetUsed@CBuffer@Win32@OnlineGameLib@@QBEIXZ 00401750 f i KSOServer.obj
 0001:00000760       ?GetBuffer@CBuffer@Win32@OnlineGameLib@@QBEPBEXZ 00401760 f i KSOServer.obj
 0001:00000770       ?Peek@CPackager@Win32@OnlineGameLib@@SAEPBXI@Z 00401770 f i KSOServer.obj
 0001:00000790       ?GetIp@KTransferUnit@@QAEKXZ 00401790 f i KSOServer.obj
 0001:000007a0       ?GetRelayID@KTransferUnit@@QAEKXZ 004017a0 f i KSOServer.obj
 0001:000007b0       ??0GameStatus@@QAE@XZ      004017b0 f i KSOServer.obj
 0001:000007d0       ?ChatClientEventNotify@@YGXPAXABK@Z 004017d0 f   KSOServer.obj
 0001:000007f0       ?TongClientEventNotify@@YGXPAXABK@Z 004017f0 f   KSOServer.obj
 0001:00000810       ?TransferClientEventNotify@@YGXPAXABK@Z 00401810 f   KSOServer.obj
 0001:00000820       ??_H@YGXPAXIHP6EPAX0@Z@Z   00401820 f i KSOServer.obj
 0001:00000860       ?DatabaseLargePackProcess@KSwordOnLineSever@@AAEXPBDI@Z 00401860 f   KSOServer.obj
 0001:00000900       ?TransferLargePackProcess@KSwordOnLineSever@@AAEXPBXIPAVKTransferUnit@@@Z 00401900 f   KSOServer.obj
 0001:00000ba0       ?TransferSmallPackProcess@KSwordOnLineSever@@AAEXPBXIPAVKTransferUnit@@@Z 00401ba0 f   KSOServer.obj
 0001:000011a0       ?GatewayLargePackProcess@KSwordOnLineSever@@AAEXPBXI@Z 004021a0 f   KSOServer.obj
 0001:000013d0       ?PingClient@KSwordOnLineSever@@AAEXK@Z 004023d0 f   KSOServer.obj
 0001:00001440       ?ProcessPingReply@KSwordOnLineSever@@AAEXKPBDI@Z 00402440 f   KSOServer.obj
 0001:00001500       ?SavePlayerData@KSwordOnLineSever@@AAEHH_N@Z 00402500 f   KSOServer.obj
 0001:000016c0       ?PlayerExchangeServer@KSwordOnLineSever@@AAEXXZ 004026c0 f   KSOServer.obj
 0001:00001910       ?PlayerLogoutGateway@KSwordOnLineSever@@AAEXXZ 00402910 f   KSOServer.obj
 0001:00001b00       ?GetNetStatus@KSwordOnLineSever@@QAEHK@Z 00402b00 f   KSOServer.obj
 0001:00001b20       ?SetNetStatus@KSwordOnLineSever@@QAEXKW4NetStatus@@@Z 00402b20 f   KSOServer.obj
 0001:00001c20       ?ProcessLoginProtocol@KSwordOnLineSever@@AAEHKPBDI@Z 00402c20 f   KSOServer.obj
 0001:00001c50       ?SendGameDataToClient@KSwordOnLineSever@@AAEHKH@Z 00402c50 f   KSOServer.obj
 0001:00001d80       ?ProcessSyncReplyProtocol@KSwordOnLineSever@@AAEHKPBDI@Z 00402d80 f   KSOServer.obj
 0001:00001d90       ?SetRunningStatus@KSwordOnLineSever@@QAEXH@Z 00402d90 f   KSOServer.obj
 0001:00001da0       ?ConformAskWay@KSwordOnLineSever@@AAEHPBXHPAK@Z 00402da0 f   KSOServer.obj
 0001:00001e20       ?GetLocalIpAddress@KSwordOnLineSever@@AAEHPAK0@Z 00402e20 f   KSOServer.obj
 0001:00001e40       ?TransferAskWayMessageProcess@KSwordOnLineSever@@AAEXPBDI@Z 00402e40 f   KSOServer.obj
 0001:00001fc0       ?TransferLoseWayMessageProcess@KSwordOnLineSever@@AAEXPBDI@Z 00402fc0 f   KSOServer.obj
 0001:00002140       ?ProcessPlayerTongMsg@KSwordOnLineSever@@AAEXKPBDI@Z 00403140 f   KSOServer.obj
 0001:00002a70       ?CheckPlayerID@KSwordOnLineSever@@AAEHKK@Z 00403a70 f   KSOServer.obj
 0001:00002ac0       ?size@?$basic_string@DU?$char_traits@D@std@@V?$allocator@D@2@@std@@QBEIXZ 00403ac0 f i KSOServer.obj
 0001:00002ad0       ??6?$basic_ostream@DU?$char_traits@D@std@@@std@@QAEAAV01@P6AAAV01@AAV01@@Z@Z 00403ad0 f i KSOServer.obj
 0001:00002ae0       ?rdbuf@?$basic_ios@DU?$char_traits@D@std@@@std@@QBEPAV?$basic_streambuf@DU?$char_traits@D@std@@@2@XZ 00403ae0 f i KSOServer.obj
 0001:00002af0       ?_Pninc@?$basic_streambuf@DU?$char_traits@D@std@@@std@@IAEPADXZ 00403af0 f i KSOServer.obj
 0001:00002b10       ??0?$pair@$$CBKPAVKTransferUnit@@@std@@QAE@ABKABQAVKTransferUnit@@@Z 00403b10 f i KSOServer.obj
 0001:00002b30       ?_Myptr@?$basic_string@DU?$char_traits@D@std@@V?$allocator@D@2@@std@@IBEPBDXZ 00403b30 f i KSOServer.obj
 0001:00002b40       ??0?$allocator@D@std@@QAE@XZ 00403b40 f i KSOServer.obj
 0001:00002b50       ?fill@?$basic_ios@DU?$char_traits@D@std@@@std@@QBEDXZ 00403b50 f i KSOServer.obj
 0001:00002b60       ?pubsync@?$basic_streambuf@DU?$char_traits@D@std@@@std@@QAEHXZ 00403b60 f i KSOServer.obj
 0001:00002b70       ?_Unlock@?$basic_streambuf@DU?$char_traits@D@std@@@std@@QAEXXZ 00403b70 f i KSOServer.obj
 0001:00002b80       ?_Pnavail@?$basic_streambuf@DU?$char_traits@D@std@@@std@@IBEHXZ 00403b80 f i KSOServer.obj
 0001:00002ba0       ?_Isnil@?$_Tree@V?$_Tmap_traits@KPAVKTransferUnit@@U?$less@K@std@@V?$allocator@U?$pair@$$CBKPAVKTransferUnit@@@std@@@3@$0A@@std@@@std@@KAAADPAU_Node@?$_Tree_nod@V?$_Tmap_traits@KPAVKTransferUnit@@U?$less@K@std@@V?$allocator@U?$pair@$$CBKPAVKTransferUnit@@@std@@@3@$0A@@std@@@2@@Z 00403ba0 f i KSOServer.obj
 0001:00002bb0       ?_Left@?$_Tree@V?$_Tmap_traits@KPAVKTransferUnit@@U?$less@K@std@@V?$allocator@U?$pair@$$CBKPAVKTransferUnit@@@std@@@3@$0A@@std@@@std@@KAAAPAU_Node@?$_Tree_nod@V?$_Tmap_traits@KPAVKTransferUnit@@U?$less@K@std@@V?$allocator@U?$pair@$$CBKPAVKTransferUnit@@@std@@@3@$0A@@std@@@2@PAU342@@Z 00403bb0 f i KSOServer.obj
 0001:00002bc0       ?_Right@?$_Tree@V?$_Tmap_traits@KPAVKTransferUnit@@U?$less@K@std@@V?$allocator@U?$pair@$$CBKPAVKTransferUnit@@@std@@@3@$0A@@std@@@std@@KAAAPAU_Node@?$_Tree_nod@V?$_Tmap_traits@KPAVKTransferUnit@@U?$less@K@std@@V?$allocator@U?$pair@$$CBKPAVKTransferUnit@@@std@@@3@$0A@@std@@@2@PAU342@@Z 00403bc0 f i KSOServer.obj
 0001:00002bd0       ?_Lmost@?$_Tree@V?$_Tmap_traits@KPAVKTransferUnit@@U?$less@K@std@@V?$allocator@U?$pair@$$CBKPAVKTransferUnit@@@std@@@3@$0A@@std@@@std@@IBEAAPAU_Node@?$_Tree_nod@V?$_Tmap_traits@KPAVKTransferUnit@@U?$less@K@std@@V?$allocator@U?$pair@$$CBKPAVKTransferUnit@@@std@@@3@$0A@@std@@@2@XZ 00403bd0 f i KSOServer.obj
 0001:00002be0       ?_Rmost@?$_Tree@V?$_Tmap_traits@KPAVKTransferUnit@@U?$less@K@std@@V?$allocator@U?$pair@$$CBKPAVKTransferUnit@@@std@@@3@$0A@@std@@@std@@IBEAAPAU_Node@?$_Tree_nod@V?$_Tmap_traits@KPAVKTransferUnit@@U?$less@K@std@@V?$allocator@U?$pair@$$CBKPAVKTransferUnit@@@std@@@3@$0A@@std@@@2@XZ 00403be0 f i KSOServer.obj
 0001:00002bf0       ?_Kfn@?$_Tmap_traits@KPAVKTransferUnit@@U?$less@K@std@@V?$allocator@U?$pair@$$CBKPAVKTransferUnit@@@std@@@3@$0A@@std@@SAABKABU?$pair@$$CBKPAVKTransferUnit@@@2@@Z 00403bf0 f i KSOServer.obj
 0001:00002c00       ??0?$allocator@U?$pair@$$CBKPAVKTransferUnit@@@std@@@std@@QAE@XZ 00403c00 f i KSOServer.obj
 0001:00002c10       ??R?$less@K@std@@QBE_NABK0@Z 00403c10 f i KSOServer.obj
 0001:00002c30       ??8const_iterator@?$_Tree@V?$_Tmap_traits@KPAVKTransferUnit@@U?$less@K@std@@V?$allocator@U?$pair@$$CBKPAVKTransferUnit@@@std@@@3@$0A@@std@@@std@@QBE_NABV012@@Z 00403c30 f i KSOServer.obj
 0001:00002c60       ?_Mynode@const_iterator@?$_Tree@V?$_Tmap_traits@KPAVKTransferUnit@@U?$less@K@std@@V?$allocator@U?$pair@$$CBKPAVKTransferUnit@@@std@@@3@$0A@@std@@@std@@QBEPAU_Node@?$_Tree_nod@V?$_Tmap_traits@KPAVKTransferUnit@@U?$less@K@std@@V?$allocator@U?$pair@$$CBKPAVKTransferUnit@@@std@@@3@$0A@@std@@@3@XZ 00403c60 f i KSOServer.obj
 0001:00002c70       ??0?$pair@Viterator@?$_Tree@V?$_Tmap_traits@KPAVKTransferUnit@@U?$less@K@std@@V?$allocator@U?$pair@$$CBKPAVKTransferUnit@@@std@@@3@$0A@@std@@@std@@_N@std@@QAE@ABViterator@?$_Tree@V?$_Tmap_traits@KPAVKTransferUnit@@U?$less@K@std@@V?$allocator@U?$pair@$$CBKPAVKTransferUnit@@@std@@@3@$0A@@std@@@1@AB_N@Z 00403c70 f i KSOServer.obj
 0001:00002c90       ??Bsentry@?$basic_ostream@DU?$char_traits@D@std@@@std@@QBE_NXZ 00403c90 f i KSOServer.obj
 0001:00002ca0       ?put@?$num_put@DV?$ostreambuf_iterator@DU?$char_traits@D@std@@@std@@@std@@QBE?AV?$ostreambuf_iterator@DU?$char_traits@D@std@@@2@V32@AAVios_base@2@DJ@Z 00403ca0 f i KSOServer.obj
 0001:00002ce0       ?put@?$num_put@DV?$ostreambuf_iterator@DU?$char_traits@D@std@@@std@@@std@@QBE?AV?$ostreambuf_iterator@DU?$char_traits@D@std@@@2@V32@AAVios_base@2@DK@Z 00403ce0 f i KSOServer.obj
 0001:00002d20       ?failed@?$ostreambuf_iterator@DU?$char_traits@D@std@@@std@@QBE_NXZ 00403d20 f i KSOServer.obj
 0001:00002d30       ??0?$_Bidit@U?$pair@$$CBKPAVKTransferUnit@@@std@@HPBU12@ABU12@@std@@QAE@XZ 00403d30 f i KSOServer.obj
 0001:00002d40       ??0?$_Iterator_with_base@Uoutput_iterator_tag@std@@XXXXU_Iterator_base@2@@std@@QAE@XZ 00403d40 f i KSOServer.obj
 0001:00002d50       ?_Myptr@?$basic_string@DU?$char_traits@D@std@@V?$allocator@D@2@@std@@IAEPADXZ 00403d50 f i KSOServer.obj
 0001:00002d60       ??0?$allocator@D@std@@QAE@ABV01@@Z 00403d60 f i KSOServer.obj
 0001:00002d70       ?deallocate@?$allocator@D@std@@QAEXPADI@Z 00403d70 f i KSOServer.obj
 0001:00002d80       ?tie@?$basic_ios@DU?$char_traits@D@std@@@std@@QBEPAV?$basic_ostream@DU?$char_traits@D@std@@@2@XZ 00403d80 f i KSOServer.obj
 0001:00002d90       ?_Lock@?$basic_streambuf@DU?$char_traits@D@std@@@std@@QAEXXZ 00403d90 f i KSOServer.obj
 0001:00002da0       ?_Color@?$_Tree@V?$_Tmap_traits@KPAVKTransferUnit@@U?$less@K@std@@V?$allocator@U?$pair@$$CBKPAVKTransferUnit@@@std@@@3@$0A@@std@@@std@@KAAADPAU_Node@?$_Tree_nod@V?$_Tmap_traits@KPAVKTransferUnit@@U?$less@K@std@@V?$allocator@U?$pair@$$CBKPAVKTransferUnit@@@std@@@3@$0A@@std@@@2@@Z 00403da0 f i KSOServer.obj
 0001:00002db0       ?_Parent@?$_Tree@V?$_Tmap_traits@KPAVKTransferUnit@@U?$less@K@std@@V?$allocator@U?$pair@$$CBKPAVKTransferUnit@@@std@@@3@$0A@@std@@@std@@KAAAPAU_Node@?$_Tree_nod@V?$_Tmap_traits@KPAVKTransferUnit@@U?$less@K@std@@V?$allocator@U?$pair@$$CBKPAVKTransferUnit@@@std@@@3@$0A@@std@@@2@PAU342@@Z 00403db0 f i KSOServer.obj
 0001:00002dc0       ?_Myval@?$_Tree@V?$_Tmap_traits@KPAVKTransferUnit@@U?$less@K@std@@V?$allocator@U?$pair@$$CBKPAVKTransferUnit@@@std@@@3@$0A@@std@@@std@@KAAAU?$pair@$$CBKPAVKTransferUnit@@@2@PAU_Node@?$_Tree_nod@V?$_Tmap_traits@KPAVKTransferUnit@@U?$less@K@std@@V?$allocator@U?$pair@$$CBKPAVKTransferUnit@@@std@@@3@$0A@@std@@@2@@Z 00403dc0 f i KSOServer.obj
 0001:00002dd0       ??0?$allocator@U?$pair@$$CBKPAVKTransferUnit@@@std@@@std@@QAE@ABV01@@Z 00403dd0 f i KSOServer.obj
 0001:00002de0       ?deallocate@?$allocator@U_Node@?$_Tree_nod@V?$_Tmap_traits@KPAVKTransferUnit@@U?$less@K@std@@V?$allocator@U?$pair@$$CBKPAVKTransferUnit@@@std@@@3@$0A@@std@@@std@@@std@@QAEXPAU_Node@?$_Tree_nod@V?$_Tmap_traits@KPAVKTransferUnit@@U?$less@K@std@@V?$allocator@U?$pair@$$CBKPAVKTransferUnit@@@std@@@3@$0A@@std@@@2@I@Z 00403de0 f i KSOServer.obj
 0001:00002df0       ??0const_iterator@?$_Tree@V?$_Tmap_traits@KPAVKTransferUnit@@U?$less@K@std@@V?$allocator@U?$pair@$$CBKPAVKTransferUnit@@@std@@@3@$0A@@std@@@std@@QAE@PAU_Node@?$_Tree_nod@V?$_Tmap_traits@KPAVKTransferUnit@@U?$less@K@std@@V?$allocator@U?$pair@$$CBKPAVKTransferUnit@@@std@@@3@$0A@@std@@@2@PBV12@@Z 00403df0 f i KSOServer.obj
 0001:00002e20       ??0_Sentry_base@?$basic_ostream@DU?$char_traits@D@std@@@std@@QAE@AAV12@@Z 00403e20 f i KSOServer.obj
 0001:00002e50       ??1_Sentry_base@?$basic_ostream@DU?$char_traits@D@std@@@std@@QAE@XZ 00403e50 f i KSOServer.obj
 0001:00002e70       ?_Inside@?$basic_string@DU?$char_traits@D@std@@V?$allocator@D@2@@std@@IAE_NPBD@Z 00403e70 f i KSOServer.obj
 0001:00002eb0       ?max_size@?$allocator@U?$pair@$$CBKPAVKTransferUnit@@@std@@@std@@QBEIXZ 00403eb0 f i KSOServer.obj
 0001:00002ec0       ??0_Node@?$_Tree_nod@V?$_Tmap_traits@KPAVKTransferUnit@@U?$less@K@std@@V?$allocator@U?$pair@$$CBKPAVKTransferUnit@@@std@@@3@$0A@@std@@@std@@QAE@PAU012@00ABU?$pair@$$CBKPAVKTransferUnit@@@2@D@Z 00403ec0 f i KSOServer.obj
 0001:00002f00       ?max_size@?$allocator@D@std@@QBEIXZ 00403f00 f i KSOServer.obj
 0001:00002f10       ?_Max@?$_Tree@V?$_Tmap_traits@KPAVKTransferUnit@@U?$less@K@std@@V?$allocator@U?$pair@$$CBKPAVKTransferUnit@@@std@@@3@$0A@@std@@@std@@KAPAU_Node@?$_Tree_nod@V?$_Tmap_traits@KPAVKTransferUnit@@U?$less@K@std@@V?$allocator@U?$pair@$$CBKPAVKTransferUnit@@@std@@@3@$0A@@std@@@2@PAU342@@Z 00403f10 f i KSOServer.obj
 0001:00002f30       ?_Min@?$_Tree@V?$_Tmap_traits@KPAVKTransferUnit@@U?$less@K@std@@V?$allocator@U?$pair@$$CBKPAVKTransferUnit@@@std@@@3@$0A@@std@@@std@@KAPAU_Node@?$_Tree_nod@V?$_Tmap_traits@KPAVKTransferUnit@@U?$less@K@std@@V?$allocator@U?$pair@$$CBKPAVKTransferUnit@@@std@@@3@$0A@@std@@@2@PAU342@@Z 00403f30 f i KSOServer.obj
 0001:00002f50       ??0?$_Tmap_traits@KPAVKTransferUnit@@U?$less@K@std@@V?$allocator@U?$pair@$$CBKPAVKTransferUnit@@@std@@@3@$0A@@std@@QAE@U?$less@K@1@@Z 00403f50 f i KSOServer.obj
 0001:00002f60       ??$_Destroy@U_Node@?$_Tree_nod@V?$_Tmap_traits@KPAVKTransferUnit@@U?$less@K@std@@V?$allocator@U?$pair@$$CBKPAVKTransferUnit@@@std@@@3@$0A@@std@@@std@@@std@@YAXPAU_Node@?$_Tree_nod@V?$_Tmap_traits@KPAVKTransferUnit@@U?$less@K@std@@V?$allocator@U?$pair@$$CBKPAVKTransferUnit@@@std@@@3@$0A@@std@@@0@@Z 00403f60 f i KSOServer.obj
 0001:00002f70       ??$_Destroy@PAU_Node@?$_Tree_nod@V?$_Tmap_traits@KPAVKTransferUnit@@U?$less@K@std@@V?$allocator@U?$pair@$$CBKPAVKTransferUnit@@@std@@@3@$0A@@std@@@std@@@std@@YAXPAPAU_Node@?$_Tree_nod@V?$_Tmap_traits@KPAVKTransferUnit@@U?$less@K@std@@V?$allocator@U?$pair@$$CBKPAVKTransferUnit@@@std@@@3@$0A@@std@@@0@@Z 00403f70 f i KSOServer.obj
 0001:00002f80       ??$swap@D@std@@YAXAAD0@Z   00403f80 f i KSOServer.obj
 0001:00002fa0       ??$?0U?$pair@$$CBKPAVKTransferUnit@@@std@@@?$allocator@PAU_Node@?$_Tree_nod@V?$_Tmap_traits@KPAVKTransferUnit@@U?$less@K@std@@V?$allocator@U?$pair@$$CBKPAVKTransferUnit@@@std@@@3@$0A@@std@@@std@@@std@@QAE@ABV?$allocator@U?$pair@$$CBKPAVKTransferUnit@@@std@@@1@@Z 00403fa0 f i KSOServer.obj
 0001:00002fb0       ??$_Allocate@U_Node@?$_Tree_nod@V?$_Tmap_traits@KPAVKTransferUnit@@U?$less@K@std@@V?$allocator@U?$pair@$$CBKPAVKTransferUnit@@@std@@@3@$0A@@std@@@std@@@std@@YAPAU_Node@?$_Tree_nod@V?$_Tmap_traits@KPAVKTransferUnit@@U?$less@K@std@@V?$allocator@U?$pair@$$CBKPAVKTransferUnit@@@std@@@3@$0A@@std@@@0@IPAU120@@Z 00403fb0 f i KSOServer.obj
 0001:00003010       ??$_Allocate@D@std@@YAPADIPAD@Z 00404010 f i KSOServer.obj
 0001:00003070       ??$?0U?$pair@$$CBKPAVKTransferUnit@@@std@@@?$allocator@U_Node@?$_Tree_nod@V?$_Tmap_traits@KPAVKTransferUnit@@U?$less@K@std@@V?$allocator@U?$pair@$$CBKPAVKTransferUnit@@@std@@@3@$0A@@std@@@std@@@std@@QAE@ABV?$allocator@U?$pair@$$CBKPAVKTransferUnit@@@std@@@1@@Z 00404070 f i KSOServer.obj
 0001:00003080       ??$_Construct@PAU_Node@?$_Tree_nod@V?$_Tmap_traits@KPAVKTransferUnit@@U?$less@K@std@@V?$allocator@U?$pair@$$CBKPAVKTransferUnit@@@std@@@3@$0A@@std@@@std@@PAU123@@std@@YAXPAPAU_Node@?$_Tree_nod@V?$_Tmap_traits@KPAVKTransferUnit@@U?$less@K@std@@V?$allocator@U?$pair@$$CBKPAVKTransferUnit@@@std@@@3@$0A@@std@@@0@ABQAU120@@Z 00404080 f i KSOServer.obj
 0001:000030a0       ??0bad_alloc@std@@QAE@ABV01@@Z 004040a0 f i KSOServer.obj
 0001:000030c0       ?sputn@?$basic_streambuf@DU?$char_traits@D@std@@@std@@QAEHPBDH@Z 004040c0 f i KSOServer.obj
 0001:000030d0       ?_Init@?$num_put@DV?$ostreambuf_iterator@DU?$char_traits@D@std@@@std@@@std@@IAEXABV_Locinfo@2@@Z 004040d0 f i KSOServer.obj
 0001:000030f0       ??$_Char_traits_cat@U?$char_traits@D@std@@@std@@YA?AU_Secure_char_traits_tag@0@XZ 004040f0 f i KSOServer.obj
 0001:00003100       ??$copy_s@U?$char_traits@D@std@@@_Traits_helper@std@@YAPADPADIPBDIU_Secure_char_traits_tag@1@@Z 00404100 f i KSOServer.obj
 0001:00003130       ??$move_s@U?$char_traits@D@std@@@_Traits_helper@std@@YAPADPADIPBDIU_Secure_char_traits_tag@1@@Z 00404130 f i KSOServer.obj
 0001:00003160       ?ServerEventNotify@@YGXPAXABK1@Z 00404160 f   KSOServer.obj
 0001:000031f0       ?GatewayClientEventNotify@@YGXPAXABK@Z 004041f0 f   KSOServer.obj
 0001:00003220       ?DatabaseClientEventNotify@@YGXPAXABK@Z 00404220 f   KSOServer.obj
 0001:00003250       ?TongMessageProcess@KSwordOnLineSever@@AAEXPBDI@Z 00404250 f   KSOServer.obj
 0001:00003e70       ?ChatGroupMan@KSwordOnLineSever@@AAEXPBXI@Z 00404e70 f   KSOServer.obj
 0001:00003f40       ?ChatSpecMan@KSwordOnLineSever@@AAEXPBXI@Z 00404f40 f   KSOServer.obj
 0001:00003fa0       ?DatabaseMessageProcess@KSwordOnLineSever@@AAEXPBDI@Z 00404fa0 f   KSOServer.obj
 0001:00004000       ?PlayerMessageProcess@KSwordOnLineSever@@AAEXKPBDI@Z 00405000 f   KSOServer.obj
 0001:00004440       ?GatewayBoardCastProcess@KSwordOnLineSever@@AAEXPBDI@Z 00405440 f   KSOServer.obj
 0001:00004510       ?SavePlayerData@KSwordOnLineSever@@AAEXXZ 00405510 f   KSOServer.obj
 0001:00004580       ?ExitAllPlayer@KSwordOnLineSever@@AAEXXZ 00405580 f   KSOServer.obj
 0001:00004720       ??9const_iterator@?$_Tree@V?$_Tmap_traits@KPAVKTransferUnit@@U?$less@K@std@@V?$allocator@U?$pair@$$CBKPAVKTransferUnit@@@std@@@3@$0A@@std@@@std@@QBE_NABV012@@Z 00405720 f i KSOServer.obj
 0001:00004750       ??0?$_String_val@DV?$allocator@D@std@@@std@@IAE@V?$allocator@D@1@@Z 00405750 f i KSOServer.obj
 0001:00004760       ??0?$_String_val@DV?$allocator@D@std@@@std@@QAE@ABV01@@Z 00405760 f i KSOServer.obj
 0001:00004770       ?sputc@?$basic_streambuf@DU?$char_traits@D@std@@@std@@QAEHD@Z 00405770 f i KSOServer.obj
 0001:000047b0       ?_Key@?$_Tree@V?$_Tmap_traits@KPAVKTransferUnit@@U?$less@K@std@@V?$allocator@U?$pair@$$CBKPAVKTransferUnit@@@std@@@3@$0A@@std@@@std@@KAABKPAU_Node@?$_Tree_nod@V?$_Tmap_traits@KPAVKTransferUnit@@U?$less@K@std@@V?$allocator@U?$pair@$$CBKPAVKTransferUnit@@@std@@@3@$0A@@std@@@2@@Z 004057b0 f i KSOServer.obj
 0001:000047c0       ?_Root@?$_Tree@V?$_Tmap_traits@KPAVKTransferUnit@@U?$less@K@std@@V?$allocator@U?$pair@$$CBKPAVKTransferUnit@@@std@@@3@$0A@@std@@@std@@IBEAAPAU_Node@?$_Tree_nod@V?$_Tmap_traits@KPAVKTransferUnit@@U?$less@K@std@@V?$allocator@U?$pair@$$CBKPAVKTransferUnit@@@std@@@3@$0A@@std@@@2@XZ 004057c0 f i KSOServer.obj
 0001:000047d0       ??0iterator@?$_Tree@V?$_Tmap_traits@KPAVKTransferUnit@@U?$less@K@std@@V?$allocator@U?$pair@$$CBKPAVKTransferUnit@@@std@@@3@$0A@@std@@@std@@QAE@PAU_Node@?$_Tree_nod@V?$_Tmap_traits@KPAVKTransferUnit@@U?$less@K@std@@V?$allocator@U?$pair@$$CBKPAVKTransferUnit@@@std@@@3@$0A@@std@@@2@PBV12@@Z 004057d0 f i KSOServer.obj
 0001:00004800       ??0const_iterator@?$_Tree@V?$_Tmap_traits@KPAVKTransferUnit@@U?$less@K@std@@V?$allocator@U?$pair@$$CBKPAVKTransferUnit@@@std@@@3@$0A@@std@@@std@@QAE@XZ 00405800 f i KSOServer.obj
 0001:00004810       ??Dconst_iterator@?$_Tree@V?$_Tmap_traits@KPAVKTransferUnit@@U?$less@K@std@@V?$allocator@U?$pair@$$CBKPAVKTransferUnit@@@std@@@3@$0A@@std@@@std@@QBEABU?$pair@$$CBKPAVKTransferUnit@@@2@XZ 00405810 f i KSOServer.obj
 0001:00004840       ??0?$_Outit_with_base@U_Iterator_base@std@@@std@@QAE@XZ 00405840 f i KSOServer.obj
 0001:00004850       ?_Eos@?$basic_string@DU?$char_traits@D@std@@V?$allocator@D@2@@std@@IAEXI@Z 00405850 f i KSOServer.obj
 0001:00004870       ?max_size@?$_Tree@V?$_Tmap_traits@KPAVKTransferUnit@@U?$less@K@std@@V?$allocator@U?$pair@$$CBKPAVKTransferUnit@@@std@@@3@$0A@@std@@@std@@QBEIXZ 00405870 f i KSOServer.obj
 0001:00004880       ?_Lbound@?$_Tree@V?$_Tmap_traits@KPAVKTransferUnit@@U?$less@K@std@@V?$allocator@U?$pair@$$CBKPAVKTransferUnit@@@std@@@3@$0A@@std@@@std@@IBEPAU_Node@?$_Tree_nod@V?$_Tmap_traits@KPAVKTransferUnit@@U?$less@K@std@@V?$allocator@U?$pair@$$CBKPAVKTransferUnit@@@std@@@3@$0A@@std@@@2@ABK@Z 00405880 f i KSOServer.obj
 0001:000048b0       ?_Lrotate@?$_Tree@V?$_Tmap_traits@KPAVKTransferUnit@@U?$less@K@std@@V?$allocator@U?$pair@$$CBKPAVKTransferUnit@@@std@@@3@$0A@@std@@@std@@IAEXPAU_Node@?$_Tree_nod@V?$_Tmap_traits@KPAVKTransferUnit@@U?$less@K@std@@V?$allocator@U?$pair@$$CBKPAVKTransferUnit@@@std@@@3@$0A@@std@@@2@@Z 004058b0 f i KSOServer.obj
 0001:00004900       ?_Rrotate@?$_Tree@V?$_Tmap_traits@KPAVKTransferUnit@@U?$less@K@std@@V?$allocator@U?$pair@$$CBKPAVKTransferUnit@@@std@@@3@$0A@@std@@@std@@IAEXPAU_Node@?$_Tree_nod@V?$_Tmap_traits@KPAVKTransferUnit@@U?$less@K@std@@V?$allocator@U?$pair@$$CBKPAVKTransferUnit@@@std@@@3@$0A@@std@@@2@@Z 00405900 f i KSOServer.obj
 0001:00004960       ?destroy@?$allocator@U_Node@?$_Tree_nod@V?$_Tmap_traits@KPAVKTransferUnit@@U?$less@K@std@@V?$allocator@U?$pair@$$CBKPAVKTransferUnit@@@std@@@3@$0A@@std@@@std@@@std@@QAEXPAU_Node@?$_Tree_nod@V?$_Tmap_traits@KPAVKTransferUnit@@U?$less@K@std@@V?$allocator@U?$pair@$$CBKPAVKTransferUnit@@@std@@@3@$0A@@std@@@2@@Z 00405960 f i KSOServer.obj
 0001:00004970       ?destroy@?$allocator@PAU_Node@?$_Tree_nod@V?$_Tmap_traits@KPAVKTransferUnit@@U?$less@K@std@@V?$allocator@U?$pair@$$CBKPAVKTransferUnit@@@std@@@3@$0A@@std@@@std@@@std@@QAEXPAPAU_Node@?$_Tree_nod@V?$_Tmap_traits@KPAVKTransferUnit@@U?$less@K@std@@V?$allocator@U?$pair@$$CBKPAVKTransferUnit@@@std@@@3@$0A@@std@@@2@@Z 00405970 f i KSOServer.obj
 0001:00004980       ?max_size@?$basic_string@DU?$char_traits@D@std@@V?$allocator@D@2@@std@@QBEIXZ 00405980 f i KSOServer.obj
 0001:00004990       ?allocate@?$allocator@U_Node@?$_Tree_nod@V?$_Tmap_traits@KPAVKTransferUnit@@U?$less@K@std@@V?$allocator@U?$pair@$$CBKPAVKTransferUnit@@@std@@@3@$0A@@std@@@std@@@std@@QAEPAU_Node@?$_Tree_nod@V?$_Tmap_traits@KPAVKTransferUnit@@U?$less@K@std@@V?$allocator@U?$pair@$$CBKPAVKTransferUnit@@@std@@@3@$0A@@std@@@2@I@Z 00405990 f i KSOServer.obj
 0001:000049b0       ?_Dec@const_iterator@?$_Tree@V?$_Tmap_traits@KPAVKTransferUnit@@U?$less@K@std@@V?$allocator@U?$pair@$$CBKPAVKTransferUnit@@@std@@@3@$0A@@std@@@std@@QAEXXZ 004059b0 f i KSOServer.obj
 0001:00004a40       ?_Inc@const_iterator@?$_Tree@V?$_Tmap_traits@KPAVKTransferUnit@@U?$less@K@std@@V?$allocator@U?$pair@$$CBKPAVKTransferUnit@@@std@@@3@$0A@@std@@@std@@QAEXXZ 00405a40 f i KSOServer.obj
 0001:00004ab0       ?allocate@?$allocator@D@std@@QAEPADI@Z 00405ab0 f i KSOServer.obj
 0001:00004ad0       ??0?$_Tree_nod@V?$_Tmap_traits@KPAVKTransferUnit@@U?$less@K@std@@V?$allocator@U?$pair@$$CBKPAVKTransferUnit@@@std@@@3@$0A@@std@@@std@@IAE@ABU?$less@K@1@V?$allocator@U?$pair@$$CBKPAVKTransferUnit@@@std@@@1@@Z 00405ad0 f i KSOServer.obj
 0001:00004ae0       ?construct@?$allocator@PAU_Node@?$_Tree_nod@V?$_Tmap_traits@KPAVKTransferUnit@@U?$less@K@std@@V?$allocator@U?$pair@$$CBKPAVKTransferUnit@@@std@@@3@$0A@@std@@@std@@@std@@QAEXPAPAU_Node@?$_Tree_nod@V?$_Tmap_traits@KPAVKTransferUnit@@U?$less@K@std@@V?$allocator@U?$pair@$$CBKPAVKTransferUnit@@@std@@@3@$0A@@std@@@2@ABQAU342@@Z 00405ae0 f i KSOServer.obj
 0001:00004b00       ??$copy_s@U?$char_traits@D@std@@@_Traits_helper@std@@YAPADPADIPBDI@Z 00405b00 f i KSOServer.obj
 0001:00004b30       ??$move_s@U?$char_traits@D@std@@@_Traits_helper@std@@YAPADPADIPBDI@Z 00405b30 f i KSOServer.obj
 0001:00004b60       ?ChatMessageProcess@KSwordOnLineSever@@AAEXPBDI@Z 00405b60 f   KSOServer.obj
 0001:00004c20       ?GatewaySmallPackProcess@KSwordOnLineSever@@AAEXPBXI@Z 00405c20 f   KSOServer.obj
 0001:00004d50       ?MainLoop@KSwordOnLineSever@@AAEXXZ 00405d50 f   KSOServer.obj
 0001:00004ee0       ?begin@?$_Tree@V?$_Tmap_traits@KPAVKTransferUnit@@U?$less@K@std@@V?$allocator@U?$pair@$$CBKPAVKTransferUnit@@@std@@@3@$0A@@std@@@std@@QAE?AViterator@12@XZ 00405ee0 f i KSOServer.obj
 0001:00004f00       ?end@?$_Tree@V?$_Tmap_traits@KPAVKTransferUnit@@U?$less@K@std@@V?$allocator@U?$pair@$$CBKPAVKTransferUnit@@@std@@@3@$0A@@std@@@std@@QAE?AViterator@12@XZ 00405f00 f i KSOServer.obj
 0001:00004f10       ??0iterator@?$_Tree@V?$_Tmap_traits@KPAVKTransferUnit@@U?$less@K@std@@V?$allocator@U?$pair@$$CBKPAVKTransferUnit@@@std@@@3@$0A@@std@@@std@@QAE@XZ 00405f10 f i KSOServer.obj
 0001:00004f20       ??Diterator@?$_Tree@V?$_Tmap_traits@KPAVKTransferUnit@@U?$less@K@std@@V?$allocator@U?$pair@$$CBKPAVKTransferUnit@@@std@@@3@$0A@@std@@@std@@QBEAAU?$pair@$$CBKPAVKTransferUnit@@@2@XZ 00405f20 f i KSOServer.obj
 0001:00004f50       ?_Tidy@?$basic_string@DU?$char_traits@D@std@@V?$allocator@D@2@@std@@IAEX_NI@Z 00405f50 f i KSOServer.obj
 0001:00004fa0       ?lower_bound@?$_Tree@V?$_Tmap_traits@KPAVKTransferUnit@@U?$less@K@std@@V?$allocator@U?$pair@$$CBKPAVKTransferUnit@@@std@@@3@$0A@@std@@@std@@QAE?AViterator@12@ABK@Z 00405fa0 f i KSOServer.obj
 0001:00004fe0       ?_Erase@?$_Tree@V?$_Tmap_traits@KPAVKTransferUnit@@U?$less@K@std@@V?$allocator@U?$pair@$$CBKPAVKTransferUnit@@@std@@@3@$0A@@std@@@std@@IAEXPAU_Node@?$_Tree_nod@V?$_Tmap_traits@KPAVKTransferUnit@@U?$less@K@std@@V?$allocator@U?$pair@$$CBKPAVKTransferUnit@@@std@@@3@$0A@@std@@@2@@Z 00405fe0 f i KSOServer.obj
 0001:00005020       ??0?$ostreambuf_iterator@DU?$char_traits@D@std@@@std@@QAE@PAV?$basic_streambuf@DU?$char_traits@D@std@@@1@@Z 00406020 f i KSOServer.obj
 0001:00005040       ?erase@?$basic_string@DU?$char_traits@D@std@@V?$allocator@D@2@@std@@QAEAAV12@II@Z 00406040 f i KSOServer.obj
 0001:000050d0       ?_Buynode@?$_Tree@V?$_Tmap_traits@KPAVKTransferUnit@@U?$less@K@std@@V?$allocator@U?$pair@$$CBKPAVKTransferUnit@@@std@@@3@$0A@@std@@@std@@IAEPAU_Node@?$_Tree_nod@V?$_Tmap_traits@KPAVKTransferUnit@@U?$less@K@std@@V?$allocator@U?$pair@$$CBKPAVKTransferUnit@@@std@@@3@$0A@@std@@@2@PAU342@00ABU?$pair@$$CBKPAVKTransferUnit@@@2@D@Z 004060d0 f i KSOServer.obj
 0001:00005110       ??Econst_iterator@?$_Tree@V?$_Tmap_traits@KPAVKTransferUnit@@U?$less@K@std@@V?$allocator@U?$pair@$$CBKPAVKTransferUnit@@@std@@@3@$0A@@std@@@std@@QAEAAV012@XZ 00406110 f i KSOServer.obj
 0001:00005120       ??Fconst_iterator@?$_Tree@V?$_Tmap_traits@KPAVKTransferUnit@@U?$less@K@std@@V?$allocator@U?$pair@$$CBKPAVKTransferUnit@@@std@@@3@$0A@@std@@@std@@QAEAAV012@XZ 00406120 f i KSOServer.obj
 0001:00005130       ?_Copy@?$basic_string@DU?$char_traits@D@std@@V?$allocator@D@2@@std@@IAEXII@Z 00406130 f i KSOServer.obj
 0001:00005280       ?_Buynode@?$_Tree@V?$_Tmap_traits@KPAVKTransferUnit@@U?$less@K@std@@V?$allocator@U?$pair@$$CBKPAVKTransferUnit@@@std@@@3@$0A@@std@@@std@@IAEPAU_Node@?$_Tree_nod@V?$_Tmap_traits@KPAVKTransferUnit@@U?$less@K@std@@V?$allocator@U?$pair@$$CBKPAVKTransferUnit@@@std@@@3@$0A@@std@@@2@XZ 00406280 f i KSOServer.obj
 0001:000052c0       ??0?$_Tree_ptr@V?$_Tmap_traits@KPAVKTransferUnit@@U?$less@K@std@@V?$allocator@U?$pair@$$CBKPAVKTransferUnit@@@std@@@3@$0A@@std@@@std@@IAE@ABU?$less@K@1@V?$allocator@U?$pair@$$CBKPAVKTransferUnit@@@std@@@1@@Z 004062c0 f i KSOServer.obj
 0001:000052d0       ?GatewayMessageProcess@KSwordOnLineSever@@AAEXPBDI@Z 004062d0 f   KSOServer.obj
 0001:00005300       ??0?$basic_string@DU?$char_traits@D@std@@V?$allocator@D@2@@std@@QAE@XZ 00406300 f i KSOServer.obj
 0001:00005320       ??1?$basic_string@DU?$char_traits@D@std@@V?$allocator@D@2@@std@@QAE@XZ 00406320 f i KSOServer.obj
 0001:00005350       ?clear@?$_Tree@V?$_Tmap_traits@KPAVKTransferUnit@@U?$less@K@std@@V?$allocator@U?$pair@$$CBKPAVKTransferUnit@@@std@@@3@$0A@@std@@@std@@QAEXXZ 00406350 f i KSOServer.obj
 0001:00005380       ?find@?$_Tree@V?$_Tmap_traits@KPAVKTransferUnit@@U?$less@K@std@@V?$allocator@U?$pair@$$CBKPAVKTransferUnit@@@std@@@3@$0A@@std@@@std@@QAE?AViterator@12@ABK@Z 00406380 f i KSOServer.obj
 0001:000053f0       ??Eiterator@?$_Tree@V?$_Tmap_traits@KPAVKTransferUnit@@U?$less@K@std@@V?$allocator@U?$pair@$$CBKPAVKTransferUnit@@@std@@@3@$0A@@std@@@std@@QAEAAV012@XZ 004063f0 f i KSOServer.obj
 0001:00005400       ??Fiterator@?$_Tree@V?$_Tmap_traits@KPAVKTransferUnit@@U?$less@K@std@@V?$allocator@U?$pair@$$CBKPAVKTransferUnit@@@std@@@3@$0A@@std@@@std@@QAEAAV012@XZ 00406400 f i KSOServer.obj
 0001:00005410       ?_Grow@?$basic_string@DU?$char_traits@D@std@@V?$allocator@D@2@@std@@IAE_NI_N@Z 00406410 f i KSOServer.obj
 0001:000054d0       ?_Init@?$_Tree@V?$_Tmap_traits@KPAVKTransferUnit@@U?$less@K@std@@V?$allocator@U?$pair@$$CBKPAVKTransferUnit@@@std@@@3@$0A@@std@@@std@@IAEXXZ 004064d0 f i KSOServer.obj
 0001:00005500       ??0?$_Tree_val@V?$_Tmap_traits@KPAVKTransferUnit@@U?$less@K@std@@V?$allocator@U?$pair@$$CBKPAVKTransferUnit@@@std@@@3@$0A@@std@@@std@@IAE@ABU?$less@K@1@V?$allocator@U?$pair@$$CBKPAVKTransferUnit@@@std@@@1@@Z 00406500 f i KSOServer.obj
 0001:00005510       ??1logic_error@std@@UAE@XZ 00406510 f i KSOServer.obj
 0001:00005550       ?c_str@?$basic_string@DU?$char_traits@D@std@@V?$allocator@D@2@@std@@QBEPBDXZ 00406550 f i KSOServer.obj
 0001:00005560       ?what@logic_error@std@@UBEPBDXZ 00406560 f i KSOServer.obj
 0001:00005570       ??_Glogic_error@std@@UAEPAXI@Z 00406570 f i KSOServer.obj
 0001:00005570       ??_Elogic_error@std@@UAEPAXI@Z 00406570 f i KSOServer.obj
 0001:000055c0       ??1runtime_error@std@@UAE@XZ 004065c0 f i KSOServer.obj
 0001:00005600       ?what@runtime_error@std@@UBEPBDXZ 00406600 f i KSOServer.obj
 0001:00005610       ??_Gruntime_error@std@@UAEPAXI@Z 00406610 f i KSOServer.obj
 0001:00005610       ??_Eruntime_error@std@@UAEPAXI@Z 00406610 f i KSOServer.obj
 0001:00005660       ??1_Locinfo@std@@QAE@XZ    00406660 f i KSOServer.obj
 0001:00005740       ??Eiterator@?$_Tree@V?$_Tmap_traits@KPAVKTransferUnit@@U?$less@K@std@@V?$allocator@U?$pair@$$CBKPAVKTransferUnit@@@std@@@3@$0A@@std@@@std@@QAE?AV012@H@Z 00406740 f i KSOServer.obj
 0001:00005760       ?assign@?$basic_string@DU?$char_traits@D@std@@V?$allocator@D@2@@std@@QAEAAV12@ABV12@II@Z 00406760 f i KSOServer.obj
 0001:00005840       ??0?$_Tree@V?$_Tmap_traits@KPAVKTransferUnit@@U?$less@K@std@@V?$allocator@U?$pair@$$CBKPAVKTransferUnit@@@std@@@3@$0A@@std@@@std@@QAE@ABU?$less@K@1@ABV?$allocator@U?$pair@$$CBKPAVKTransferUnit@@@std@@@1@@Z 00406840 f i KSOServer.obj
 0001:00005870       ?assign@?$basic_string@DU?$char_traits@D@std@@V?$allocator@D@2@@std@@QAEAAV12@PBDI@Z 00406870 f i KSOServer.obj
 0001:00005940       ?Release@KSwordOnLineSever@@QAEXXZ 00406940 f   KSOServer.obj
 0001:00005bd0       ??0?$basic_string@DU?$char_traits@D@std@@V?$allocator@D@2@@std@@QAE@ABV01@@Z 00406bd0 f i KSOServer.obj
 0001:00005c00       ?assign@?$basic_string@DU?$char_traits@D@std@@V?$allocator@D@2@@std@@QAEAAV12@PBD@Z 00406c00 f i KSOServer.obj
 0001:00005c30       ??0logic_error@std@@QAE@ABV?$basic_string@DU?$char_traits@D@std@@V?$allocator@D@2@@1@@Z 00406c30 f i KSOServer.obj
 0001:00005ca0       ??0length_error@std@@QAE@ABV?$basic_string@DU?$char_traits@D@std@@V?$allocator@D@2@@1@@Z 00406ca0 f i KSOServer.obj
 0001:00005cc0       ??1length_error@std@@UAE@XZ 00406cc0 f i KSOServer.obj
 0001:00005d00       ??_Elength_error@std@@UAEPAXI@Z 00406d00 f i KSOServer.obj
 0001:00005d00       ??_Glength_error@std@@UAEPAXI@Z 00406d00 f i KSOServer.obj
 0001:00005d50       ??0out_of_range@std@@QAE@ABV?$basic_string@DU?$char_traits@D@std@@V?$allocator@D@2@@1@@Z 00406d50 f i KSOServer.obj
 0001:00005d70       ??1out_of_range@std@@UAE@XZ 00406d70 f i KSOServer.obj
 0001:00005db0       ??_Gout_of_range@std@@UAEPAXI@Z 00406db0 f i KSOServer.obj
 0001:00005db0       ??_Eout_of_range@std@@UAEPAXI@Z 00406db0 f i KSOServer.obj
 0001:00005e00       ??0runtime_error@std@@QAE@ABV?$basic_string@DU?$char_traits@D@std@@V?$allocator@D@2@@1@@Z 00406e00 f i KSOServer.obj
 0001:00005e70       ??0failure@ios_base@std@@QAE@ABV?$basic_string@DU?$char_traits@D@std@@V?$allocator@D@2@@2@@Z 00406e70 f i KSOServer.obj
 0001:00005e90       ??1failure@ios_base@std@@UAE@XZ 00406e90 f i KSOServer.obj
 0001:00005ed0       ??_Gfailure@ios_base@std@@UAEPAXI@Z 00406ed0 f i KSOServer.obj
 0001:00005ed0       ??_Efailure@ios_base@std@@UAEPAXI@Z 00406ed0 f i KSOServer.obj
 0001:00005f20       ??0?$basic_string@DU?$char_traits@D@std@@V?$allocator@D@2@@std@@QAE@PBD@Z 00406f20 f i KSOServer.obj
 0001:00005f60       ?_Insert@?$_Tree@V?$_Tmap_traits@KPAVKTransferUnit@@U?$less@K@std@@V?$allocator@U?$pair@$$CBKPAVKTransferUnit@@@std@@@3@$0A@@std@@@std@@IAE?AViterator@12@_NPAU_Node@?$_Tree_nod@V?$_Tmap_traits@KPAVKTransferUnit@@U?$less@K@std@@V?$allocator@U?$pair@$$CBKPAVKTransferUnit@@@std@@@3@$0A@@std@@@2@ABU?$pair@$$CBKPAVKTransferUnit@@@2@@Z 00406f60 f i KSOServer.obj
 0001:00006160       ??0logic_error@std@@QAE@ABV01@@Z 00407160 f i KSOServer.obj
 0001:000061e0       ??0length_error@std@@QAE@ABV01@@Z 004071e0 f i KSOServer.obj
 0001:00006200       ?erase@?$_Tree@V?$_Tmap_traits@KPAVKTransferUnit@@U?$less@K@std@@V?$allocator@U?$pair@$$CBKPAVKTransferUnit@@@std@@@3@$0A@@std@@@std@@QAE?AViterator@12@V312@@Z 00407200 f i KSOServer.obj
 0001:000064c0       ??0_Locinfo@std@@QAE@PBD@Z 004074c0 f i KSOServer.obj
 0001:00006590       ??0runtime_error@std@@QAE@ABV01@@Z 00407590 f i KSOServer.obj
 0001:00006610       ??0out_of_range@std@@QAE@ABV01@@Z 00407610 f i KSOServer.obj
 0001:00006630       ?clear@ios_base@std@@QAEXH_N@Z 00407630 f i KSOServer.obj
 0001:00006760       ??0failure@ios_base@std@@QAE@ABV012@@Z 00407760 f i KSOServer.obj
 0001:00006780       ?insert@?$_Tree@V?$_Tmap_traits@KPAVKTransferUnit@@U?$less@K@std@@V?$allocator@U?$pair@$$CBKPAVKTransferUnit@@@std@@@3@$0A@@std@@@std@@QAE?AU?$pair@Viterator@?$_Tree@V?$_Tmap_traits@KPAVKTransferUnit@@U?$less@K@std@@V?$allocator@U?$pair@$$CBKPAVKTransferUnit@@@std@@@3@$0A@@std@@@std@@_N@2@ABU?$pair@$$CBKPAVKTransferUnit@@@2@@Z 00407780 f i KSOServer.obj
 0001:00006840       ?clear@?$basic_ios@DU?$char_traits@D@std@@@std@@QAEXH_N@Z 00407840 f i KSOServer.obj
 0001:00006860       ?erase@?$_Tree@V?$_Tmap_traits@KPAVKTransferUnit@@U?$less@K@std@@V?$allocator@U?$pair@$$CBKPAVKTransferUnit@@@std@@@3@$0A@@std@@@std@@QAE?AViterator@12@V312@0@Z 00407860 f i KSOServer.obj
 0001:00006930       ??0?$num_put@DV?$ostreambuf_iterator@DU?$char_traits@D@std@@@std@@@std@@QAE@I@Z 00407930 f i KSOServer.obj
 0001:000069d0       ?assign@?$char_traits@D@std@@SAPADPADID@Z 004079d0 f i KSOServer.obj
 0001:000069f0       ?_Getlconv@_Locinfo@std@@QBEPBUlconv@@XZ 004079f0 f i KSOServer.obj
 0001:00006a00       ?_Getfalse@_Locinfo@std@@QBEPBDXZ 00407a00 f i KSOServer.obj
 0001:00006a10       ?_Gettrue@_Locinfo@std@@QBEPBDXZ 00407a10 f i KSOServer.obj
 0001:00006a20       ?precision@ios_base@std@@QBEHXZ 00407a20 f i KSOServer.obj
 0001:00006a30       ??1?$num_put@DV?$ostreambuf_iterator@DU?$char_traits@D@std@@@std@@@std@@MAE@XZ 00407a30 f i KSOServer.obj
 0001:00006a40       ??_E?$num_put@DV?$ostreambuf_iterator@DU?$char_traits@D@std@@@std@@@std@@MAEPAXI@Z 00407a40 f i KSOServer.obj
 0001:00006a40       ??_G?$num_put@DV?$ostreambuf_iterator@DU?$char_traits@D@std@@@std@@@std@@MAEPAXI@Z 00407a40 f i KSOServer.obj
 0001:00006a60       ?_Ffmt@?$num_put@DV?$ostreambuf_iterator@DU?$char_traits@D@std@@@std@@@std@@ABAPADPADDH@Z 00407a60 f i KSOServer.obj
 0001:00006ad0       ?_Ifmt@?$num_put@DV?$ostreambuf_iterator@DU?$char_traits@D@std@@@std@@@std@@ABAPADPADPBDH@Z 00407ad0 f i KSOServer.obj
 0001:00006b70       ??A?$basic_string@DU?$char_traits@D@std@@V?$allocator@D@2@@std@@QAEAADI@Z 00407b70 f i KSOServer.obj
 0001:00006ba0       ??D?$ostreambuf_iterator@DU?$char_traits@D@std@@@std@@QAEAAV01@XZ 00407ba0 f i KSOServer.obj
 0001:00006bb0       ??E?$ostreambuf_iterator@DU?$char_traits@D@std@@@std@@QAEAAV01@XZ 00407bb0 f i KSOServer.obj
 0001:00006bc0       ?decimal_point@?$numpunct@D@std@@QBEDXZ 00407bc0 f i KSOServer.obj
 0001:00006bd0       ?thousands_sep@?$numpunct@D@std@@QBEDXZ 00407bd0 f i KSOServer.obj
 0001:00006be0       ?_Tidy@?$numpunct@D@std@@AAEXXZ 00407be0 f i KSOServer.obj
 0001:00006c10       ?_Chassign@?$basic_string@DU?$char_traits@D@std@@V?$allocator@D@2@@std@@IAEXIID@Z 00407c10 f i KSOServer.obj
 0001:00006c70       ??$_Maklocchr@D@std@@YADDPADABU_Cvtvec@@@Z 00407c70 f i KSOServer.obj
 0001:00006c80       ??$_Maklocstr@D@std@@YAPADPBDPADABU_Cvtvec@@@Z 00407c80 f i KSOServer.obj
 0001:00006cd0       ??4?$ostreambuf_iterator@DU?$char_traits@D@std@@@std@@QAEAAV01@D@Z 00407cd0 f i KSOServer.obj
 0001:00006d20       ?_Init@?$numpunct@D@std@@IAEXABV_Locinfo@2@@Z 00407d20 f i KSOServer.obj
 0001:00006e00       ?_Put@?$num_put@DV?$ostreambuf_iterator@DU?$char_traits@D@std@@@std@@@std@@ABA?AV?$ostreambuf_iterator@DU?$char_traits@D@std@@@2@V32@PBDI@Z 00407e00 f i KSOServer.obj
 0001:00006e80       ?_Rep@?$num_put@DV?$ostreambuf_iterator@DU?$char_traits@D@std@@@std@@@std@@ABA?AV?$ostreambuf_iterator@DU?$char_traits@D@std@@@2@V32@DI@Z 00407e80 f i KSOServer.obj
 0001:00006f00       ?_Putc@?$num_put@DV?$ostreambuf_iterator@DU?$char_traits@D@std@@@std@@@std@@ABA?AV?$ostreambuf_iterator@DU?$char_traits@D@std@@@2@V32@PBDI@Z 00407f00 f i KSOServer.obj
 0001:00006f80       ?_Putgrouped@?$num_put@DV?$ostreambuf_iterator@DU?$char_traits@D@std@@@std@@@std@@ABA?AV?$ostreambuf_iterator@DU?$char_traits@D@std@@@2@V32@PBDID@Z 00407f80 f i KSOServer.obj
 0001:00007050       ?falsename@?$numpunct@D@std@@QBE?AV?$basic_string@DU?$char_traits@D@std@@V?$allocator@D@2@@2@XZ 00408050 f i KSOServer.obj
 0001:00007070       ?truename@?$numpunct@D@std@@QBE?AV?$basic_string@DU?$char_traits@D@std@@V?$allocator@D@2@@2@XZ 00408070 f i KSOServer.obj
 0001:00007090       ?append@?$basic_string@DU?$char_traits@D@std@@V?$allocator@D@2@@std@@QAEAAV12@ID@Z 00408090 f i KSOServer.obj
 0001:00007140       ?insert@?$basic_string@DU?$char_traits@D@std@@V?$allocator@D@2@@std@@QAEAAV12@IID@Z 00408140 f i KSOServer.obj
 0001:00007240       ?grouping@?$numpunct@D@std@@QBE?AV?$basic_string@DU?$char_traits@D@std@@V?$allocator@D@2@@2@XZ 00408240 f i KSOServer.obj
 0001:00007260       ?append@?$basic_string@DU?$char_traits@D@std@@V?$allocator@D@2@@std@@QAEAAV12@ABV12@II@Z 00408260 f i KSOServer.obj
 0001:00007360       ?assign@?$basic_string@DU?$char_traits@D@std@@V?$allocator@D@2@@std@@QAEAAV12@ABV12@@Z 00408360 f i KSOServer.obj
 0001:00007380       ?append@?$basic_string@DU?$char_traits@D@std@@V?$allocator@D@2@@std@@QAEAAV12@PBDI@Z 00408380 f i KSOServer.obj
 0001:00007470       ??0?$numpunct@D@std@@QAE@I@Z 00408470 f i KSOServer.obj
 0001:00007530       ?do_decimal_point@?$numpunct@D@std@@MBEDXZ 00408530 f i KSOServer.obj
 0001:00007540       ?do_thousands_sep@?$numpunct@D@std@@MBEDXZ 00408540 f i KSOServer.obj
 0001:00007550       ??1?$numpunct@D@std@@MAE@XZ 00408550 f i KSOServer.obj
 0001:00007580       ??_E?$numpunct@D@std@@MAEPAXI@Z 00408580 f i KSOServer.obj
 0001:00007580       ??_G?$numpunct@D@std@@MAEPAXI@Z 00408580 f i KSOServer.obj
 0001:000075d0       ?do_grouping@?$numpunct@D@std@@MBE?AV?$basic_string@DU?$char_traits@D@std@@V?$allocator@D@2@@2@XZ 004085d0 f i KSOServer.obj
 0001:00007620       ?do_falsename@?$numpunct@D@std@@MBE?AV?$basic_string@DU?$char_traits@D@std@@V?$allocator@D@2@@2@XZ 00408620 f i KSOServer.obj
 0001:00007670       ?do_truename@?$numpunct@D@std@@MBE?AV?$basic_string@DU?$char_traits@D@std@@V?$allocator@D@2@@2@XZ 00408670 f i KSOServer.obj
 0001:000076c0       ?TransferMessageProcess@KSwordOnLineSever@@AAEXPBDI@Z 004086c0 f   KSOServer.obj
 0001:00007840       ?setstate@?$basic_ios@DU?$char_traits@D@std@@@std@@QAEXH_N@Z 00408840 f i KSOServer.obj
 0001:00007870       ?_Tidy@?$_Tree@V?$_Tmap_traits@KPAVKTransferUnit@@U?$less@K@std@@V?$allocator@U?$pair@$$CBKPAVKTransferUnit@@@std@@@3@$0A@@std@@@std@@IAEXXZ 00408870 f i KSOServer.obj
 0001:000078b0       ?_Getcat@?$num_put@DV?$ostreambuf_iterator@DU?$char_traits@D@std@@@std@@@std@@SAIPAPBVfacet@locale@2@@Z 004088b0 f i KSOServer.obj
 0001:00007920       ?_Getcat@?$numpunct@D@std@@SAIPAPBVfacet@locale@2@@Z 00408920 f i KSOServer.obj
 0001:00007990       ?MessageLoop@KSwordOnLineSever@@AAEXXZ 00408990 f   KSOServer.obj
 0001:00007bd0       ?flush@?$basic_ostream@DU?$char_traits@D@std@@@std@@QAEAAV12@XZ 00408bd0 f i KSOServer.obj
 0001:00007c20       ??1?$_Tree@V?$_Tmap_traits@KPAVKTransferUnit@@U?$less@K@std@@V?$allocator@U?$pair@$$CBKPAVKTransferUnit@@@std@@@3@$0A@@std@@@std@@QAE@XZ 00408c20 f i KSOServer.obj
 0001:00007c60       ??0sentry@?$basic_ostream@DU?$char_traits@D@std@@@std@@QAE@AAV12@@Z 00408c60 f i KSOServer.obj
 0001:00007cf0       ?_Osfx@?$basic_ostream@DU?$char_traits@D@std@@@std@@QAEXXZ 00408cf0 f i KSOServer.obj
 0001:00007d50       ??$use_facet@V?$num_put@DV?$ostreambuf_iterator@DU?$char_traits@D@std@@@std@@@std@@@std@@YAABV?$num_put@DV?$ostreambuf_iterator@DU?$char_traits@D@std@@@std@@@0@ABVlocale@0@@Z 00408d50 f i KSOServer.obj
 0001:00007e80       ??$use_facet@V?$numpunct@D@std@@@std@@YAABV?$numpunct@D@0@ABVlocale@0@@Z 00408e80 f i KSOServer.obj
 0001:00007fb0       ??1?$map@KPAVKTransferUnit@@U?$less@K@std@@V?$allocator@U?$pair@$$CBKPAVKTransferUnit@@@std@@@3@@std@@QAE@XZ 00408fb0 f i KSOServer.obj
 0001:00007ff0       ??1KSwordOnLineSever@@QAE@XZ 00408ff0 f   KSOServer.obj
 0001:00008030       ?Breathe@KSwordOnLineSever@@QAEHXZ 00409030 f   KSOServer.obj
 0001:000080a0       ??0?$map@KPAVKTransferUnit@@U?$less@K@std@@V?$allocator@U?$pair@$$CBKPAVKTransferUnit@@@std@@@3@@std@@QAE@XZ 004090a0 f i KSOServer.obj
 0001:000080d0       ??1sentry@?$basic_ostream@DU?$char_traits@D@std@@@std@@QAE@XZ 004090d0 f i KSOServer.obj
 0001:00008140       ?do_put@?$num_put@DV?$ostreambuf_iterator@DU?$char_traits@D@std@@@std@@@std@@MBE?AV?$ostreambuf_iterator@DU?$char_traits@D@std@@@2@V32@AAVios_base@2@D_N@Z 00409140 f i KSOServer.obj
 0001:00008390       ?_Fput@?$num_put@DV?$ostreambuf_iterator@DU?$char_traits@D@std@@@std@@@std@@ABA?AV?$ostreambuf_iterator@DU?$char_traits@D@std@@@2@V32@AAVios_base@2@DPBDIIII@Z 00409390 f i KSOServer.obj
 0001:00008aa0       ?_Iput@?$num_put@DV?$ostreambuf_iterator@DU?$char_traits@D@std@@@std@@@std@@ABA?AV?$ostreambuf_iterator@DU?$char_traits@D@std@@@2@V32@AAVios_base@2@DPADI@Z 00409aa0 f i KSOServer.obj
 0001:00008e00       ??$?6U?$char_traits@D@std@@@std@@YAAAV?$basic_ostream@DU?$char_traits@D@std@@@0@AAV10@PBD@Z 00409e00 f i KSOServer.obj
 0001:00009010       ??0KSwordOnLineSever@@QAE@XZ 0040a010 f   KSOServer.obj
 0001:00009100       ??6?$basic_ostream@DU?$char_traits@D@std@@@std@@QAEAAV01@H@Z 0040a100 f i KSOServer.obj
 0001:00009260       ??6?$basic_ostream@DU?$char_traits@D@std@@@std@@QAEAAV01@K@Z 0040a260 f i KSOServer.obj
 0001:000093c0       ?put@?$basic_ostream@DU?$char_traits@D@std@@@std@@QAEAAV12@D@Z 0040a3c0 f i KSOServer.obj
 0001:000094f0       ?do_put@?$num_put@DV?$ostreambuf_iterator@DU?$char_traits@D@std@@@std@@@std@@MBE?AV?$ostreambuf_iterator@DU?$char_traits@D@std@@@2@V32@AAVios_base@2@DJ@Z 0040a4f0 f i KSOServer.obj
 0001:00009590       ?do_put@?$num_put@DV?$ostreambuf_iterator@DU?$char_traits@D@std@@@std@@@std@@MBE?AV?$ostreambuf_iterator@DU?$char_traits@D@std@@@2@V32@AAVios_base@2@DK@Z 0040a590 f i KSOServer.obj
 0001:00009630       ?do_put@?$num_put@DV?$ostreambuf_iterator@DU?$char_traits@D@std@@@std@@@std@@MBE?AV?$ostreambuf_iterator@DU?$char_traits@D@std@@@2@V32@AAVios_base@2@D_J@Z 0040a630 f i KSOServer.obj
 0001:000096d0       ?do_put@?$num_put@DV?$ostreambuf_iterator@DU?$char_traits@D@std@@@std@@@std@@MBE?AV?$ostreambuf_iterator@DU?$char_traits@D@std@@@2@V32@AAVios_base@2@D_K@Z 0040a6d0 f i KSOServer.obj
 0001:00009770       ?do_put@?$num_put@DV?$ostreambuf_iterator@DU?$char_traits@D@std@@@std@@@std@@MBE?AV?$ostreambuf_iterator@DU?$char_traits@D@std@@@2@V32@AAVios_base@2@DN@Z 0040a770 f i KSOServer.obj
 0001:00009960       ?do_put@?$num_put@DV?$ostreambuf_iterator@DU?$char_traits@D@std@@@std@@@std@@MBE?AV?$ostreambuf_iterator@DU?$char_traits@D@std@@@2@V32@AAVios_base@2@DO@Z 0040a960 f i KSOServer.obj
 0001:00009b50       ?do_put@?$num_put@DV?$ostreambuf_iterator@DU?$char_traits@D@std@@@std@@@std@@MBE?AV?$ostreambuf_iterator@DU?$char_traits@D@std@@@2@V32@AAVios_base@2@DPBX@Z 0040ab50 f i KSOServer.obj
 0001:00009bd0       ?endl@std@@YAAAV?$basic_ostream@DU?$char_traits@D@std@@@1@AAV21@@Z 0040abd0 f i KSOServer.obj
 0001:00009bf0       ?Init@KSwordOnLineSever@@QAEHXZ 0040abf0 f   KSOServer.obj
 0001:0000a720       ??0KTransferUnit@@QAE@KK@Z 0040b720 f   KTransferUnit.obj
 0001:0000a760       ??1KTransferUnit@@UAE@XZ   0040b760 f   KTransferUnit.obj
 0001:0000a770       ??_EKTransferUnit@@UAEPAXI@Z 0040b770 f i KTransferUnit.obj
 0001:0000a770       ??_GKTransferUnit@@UAEPAXI@Z 0040b770 f i KTransferUnit.obj
 0001:0000a790       ?Count@CNodeList@OnlineGameLib@@QBEIXZ 0040b790 f i Common:Buffer.obj
 0001:0000a7a0       ?Empty@CNodeList@OnlineGameLib@@QBE_NXZ 0040b7a0 f i Common:Buffer.obj
 0001:0000a7b0       ?GetUserPtr@COpaqueUserData@OnlineGameLib@@QBEPAXXZ 0040b7b0 f i Common:Buffer.obj
 0001:0000a7c0       ?SetUserPtr@COpaqueUserData@OnlineGameLib@@QAEXPAX@Z 0040b7c0 f i Common:Buffer.obj
 0001:0000a7d0       ?GetUserData@COpaqueUserData@OnlineGameLib@@QBEKXZ 0040b7d0 f i Common:Buffer.obj
 0001:0000a7e0       ?SetUserData@COpaqueUserData@OnlineGameLib@@QAEXK@Z 0040b7e0 f i Common:Buffer.obj
 0001:0000a7f0       ??0COpaqueUserData@OnlineGameLib@@IAE@XZ 0040b7f0 f i Common:Buffer.obj
 0001:0000a800       ??1COpaqueUserData@OnlineGameLib@@IAE@XZ 0040b800 f i Common:Buffer.obj
 0001:0000a810       ?_trace@@YAXPBDZZ          0040b810 f i Common:Buffer.obj
 0001:0000a820       ?HaveNextPack@CBuffer@Win32@OnlineGameLib@@QAE_NXZ 0040b820 f i Common:Buffer.obj
 0001:0000a830       ?Empty@CBuffer@Win32@OnlineGameLib@@QAEXXZ 0040b830 f i Common:Buffer.obj
 0001:0000a840       ?AddRef@CBuffer@Win32@OnlineGameLib@@QAEXXZ 0040b840 f i Common:Buffer.obj
 0001:0000a850       ??0CBuffer@Win32@OnlineGameLib@@AAE@AAVAllocator@012@I@Z 0040b850 f   Common:Buffer.obj
 0001:0000a8d0       ??1CBuffer@Win32@OnlineGameLib@@AAE@XZ 0040b8d0 f   Common:Buffer.obj
 0001:0000a900       ??2CBuffer@Win32@OnlineGameLib@@CAPAXII@Z 0040b900 f   Common:Buffer.obj
 0001:0000a910       ??3CBuffer@Win32@OnlineGameLib@@CAXPAXI@Z 0040b910 f   Common:Buffer.obj
 0001:0000a920       ??0?$TNodeList@VCBuffer@Win32@OnlineGameLib@@@OnlineGameLib@@QAE@XZ 0040b920 f i Common:Buffer.obj
 0001:0000a930       ??8const_iterator@?$_Tree@V?$_Tmap_traits@EPAVCBuffer@Win32@OnlineGameLib@@U?$less@E@std@@V?$allocator@U?$pair@$$CBEPAVCBuffer@Win32@OnlineGameLib@@@std@@@5@$0A@@std@@@std@@QBE_NABV012@@Z 0040b930 f i Common:Buffer.obj
 0001:0000a960       ??9const_iterator@?$_Tree@V?$_Tmap_traits@EPAVCBuffer@Win32@OnlineGameLib@@U?$less@E@std@@V?$allocator@U?$pair@$$CBEPAVCBuffer@Win32@OnlineGameLib@@@std@@@5@$0A@@std@@@std@@QBE_NABV012@@Z 0040b960 f i Common:Buffer.obj
 0001:0000a990       ??0?$allocator@U?$pair@$$CBEPAVCBuffer@Win32@OnlineGameLib@@@std@@@std@@QAE@XZ 0040b990 f i Common:Buffer.obj
 0001:0000a9a0       ??R?$less@E@std@@QBE_NABE0@Z 0040b9a0 f i Common:Buffer.obj
 0001:0000a9c0       ?_Mynode@const_iterator@?$_Tree@V?$_Tmap_traits@EPAVCBuffer@Win32@OnlineGameLib@@U?$less@E@std@@V?$allocator@U?$pair@$$CBEPAVCBuffer@Win32@OnlineGameLib@@@std@@@5@$0A@@std@@@std@@QBEPAU_Node@?$_Tree_nod@V?$_Tmap_traits@EPAVCBuffer@Win32@OnlineGameLib@@U?$less@E@std@@V?$allocator@U?$pair@$$CBEPAVCBuffer@Win32@OnlineGameLib@@@std@@@5@$0A@@std@@@3@XZ 0040b9c0 f i Common:Buffer.obj
 0001:0000a9d0       ??0?$pair@$$CBEPAVCBuffer@Win32@OnlineGameLib@@@std@@QAE@ABEABQAVCBuffer@Win32@OnlineGameLib@@@Z 0040b9d0 f i Common:Buffer.obj
 0001:0000a9f0       ??0?$_Bidit@U?$pair@$$CBEPAVCBuffer@Win32@OnlineGameLib@@@std@@HPBU12@ABU12@@std@@QAE@XZ 0040b9f0 f i Common:Buffer.obj
 0001:0000aa00       ?_Color@?$_Tree@V?$_Tmap_traits@EPAVCBuffer@Win32@OnlineGameLib@@U?$less@E@std@@V?$allocator@U?$pair@$$CBEPAVCBuffer@Win32@OnlineGameLib@@@std@@@5@$0A@@std@@@std@@KAAADPAU_Node@?$_Tree_nod@V?$_Tmap_traits@EPAVCBuffer@Win32@OnlineGameLib@@U?$less@E@std@@V?$allocator@U?$pair@$$CBEPAVCBuffer@Win32@OnlineGameLib@@@std@@@5@$0A@@std@@@2@@Z 0040ba00 f i Common:Buffer.obj
 0001:0000aa10       ?_Isnil@?$_Tree@V?$_Tmap_traits@EPAVCBuffer@Win32@OnlineGameLib@@U?$less@E@std@@V?$allocator@U?$pair@$$CBEPAVCBuffer@Win32@OnlineGameLib@@@std@@@5@$0A@@std@@@std@@KAAADPAU_Node@?$_Tree_nod@V?$_Tmap_traits@EPAVCBuffer@Win32@OnlineGameLib@@U?$less@E@std@@V?$allocator@U?$pair@$$CBEPAVCBuffer@Win32@OnlineGameLib@@@std@@@5@$0A@@std@@@2@@Z 0040ba10 f i Common:Buffer.obj
 0001:0000aa20       ?_Left@?$_Tree@V?$_Tmap_traits@EPAVCBuffer@Win32@OnlineGameLib@@U?$less@E@std@@V?$allocator@U?$pair@$$CBEPAVCBuffer@Win32@OnlineGameLib@@@std@@@5@$0A@@std@@@std@@KAAAPAU_Node@?$_Tree_nod@V?$_Tmap_traits@EPAVCBuffer@Win32@OnlineGameLib@@U?$less@E@std@@V?$allocator@U?$pair@$$CBEPAVCBuffer@Win32@OnlineGameLib@@@std@@@5@$0A@@std@@@2@PAU342@@Z 0040ba20 f i Common:Buffer.obj
 0001:0000aa30       ?_Parent@?$_Tree@V?$_Tmap_traits@EPAVCBuffer@Win32@OnlineGameLib@@U?$less@E@std@@V?$allocator@U?$pair@$$CBEPAVCBuffer@Win32@OnlineGameLib@@@std@@@5@$0A@@std@@@std@@KAAAPAU_Node@?$_Tree_nod@V?$_Tmap_traits@EPAVCBuffer@Win32@OnlineGameLib@@U?$less@E@std@@V?$allocator@U?$pair@$$CBEPAVCBuffer@Win32@OnlineGameLib@@@std@@@5@$0A@@std@@@2@PAU342@@Z 0040ba30 f i Common:Buffer.obj
 0001:0000aa40       ?_Right@?$_Tree@V?$_Tmap_traits@EPAVCBuffer@Win32@OnlineGameLib@@U?$less@E@std@@V?$allocator@U?$pair@$$CBEPAVCBuffer@Win32@OnlineGameLib@@@std@@@5@$0A@@std@@@std@@KAAAPAU_Node@?$_Tree_nod@V?$_Tmap_traits@EPAVCBuffer@Win32@OnlineGameLib@@U?$less@E@std@@V?$allocator@U?$pair@$$CBEPAVCBuffer@Win32@OnlineGameLib@@@std@@@5@$0A@@std@@@2@PAU342@@Z 0040ba40 f i Common:Buffer.obj
 0001:0000aa50       ?_Myval@?$_Tree@V?$_Tmap_traits@EPAVCBuffer@Win32@OnlineGameLib@@U?$less@E@std@@V?$allocator@U?$pair@$$CBEPAVCBuffer@Win32@OnlineGameLib@@@std@@@5@$0A@@std@@@std@@KAAAU?$pair@$$CBEPAVCBuffer@Win32@OnlineGameLib@@@2@PAU_Node@?$_Tree_nod@V?$_Tmap_traits@EPAVCBuffer@Win32@OnlineGameLib@@U?$less@E@std@@V?$allocator@U?$pair@$$CBEPAVCBuffer@Win32@OnlineGameLib@@@std@@@5@$0A@@std@@@2@@Z 0040ba50 f i Common:Buffer.obj
 0001:0000aa60       ?size@?$_Tree@V?$_Tmap_traits@EPAVCBuffer@Win32@OnlineGameLib@@U?$less@E@std@@V?$allocator@U?$pair@$$CBEPAVCBuffer@Win32@OnlineGameLib@@@std@@@5@$0A@@std@@@std@@QBEIXZ 0040ba60 f i Common:Buffer.obj
 0001:0000aa70       ?_Max@?$_Tree@V?$_Tmap_traits@EPAVCBuffer@Win32@OnlineGameLib@@U?$less@E@std@@V?$allocator@U?$pair@$$CBEPAVCBuffer@Win32@OnlineGameLib@@@std@@@5@$0A@@std@@@std@@KAPAU_Node@?$_Tree_nod@V?$_Tmap_traits@EPAVCBuffer@Win32@OnlineGameLib@@U?$less@E@std@@V?$allocator@U?$pair@$$CBEPAVCBuffer@Win32@OnlineGameLib@@@std@@@5@$0A@@std@@@2@PAU342@@Z 0040ba70 f i Common:Buffer.obj
 0001:0000aa90       ?_Min@?$_Tree@V?$_Tmap_traits@EPAVCBuffer@Win32@OnlineGameLib@@U?$less@E@std@@V?$allocator@U?$pair@$$CBEPAVCBuffer@Win32@OnlineGameLib@@@std@@@5@$0A@@std@@@std@@KAPAU_Node@?$_Tree_nod@V?$_Tmap_traits@EPAVCBuffer@Win32@OnlineGameLib@@U?$less@E@std@@V?$allocator@U?$pair@$$CBEPAVCBuffer@Win32@OnlineGameLib@@@std@@@5@$0A@@std@@@2@PAU342@@Z 0040ba90 f i Common:Buffer.obj
 0001:0000aab0       ?_Rmost@?$_Tree@V?$_Tmap_traits@EPAVCBuffer@Win32@OnlineGameLib@@U?$less@E@std@@V?$allocator@U?$pair@$$CBEPAVCBuffer@Win32@OnlineGameLib@@@std@@@5@$0A@@std@@@std@@IBEAAPAU_Node@?$_Tree_nod@V?$_Tmap_traits@EPAVCBuffer@Win32@OnlineGameLib@@U?$less@E@std@@V?$allocator@U?$pair@$$CBEPAVCBuffer@Win32@OnlineGameLib@@@std@@@5@$0A@@std@@@2@XZ 0040bab0 f i Common:Buffer.obj
 0001:0000aac0       ?_Root@?$_Tree@V?$_Tmap_traits@EPAVCBuffer@Win32@OnlineGameLib@@U?$less@E@std@@V?$allocator@U?$pair@$$CBEPAVCBuffer@Win32@OnlineGameLib@@@std@@@5@$0A@@std@@@std@@IBEAAPAU_Node@?$_Tree_nod@V?$_Tmap_traits@EPAVCBuffer@Win32@OnlineGameLib@@U?$less@E@std@@V?$allocator@U?$pair@$$CBEPAVCBuffer@Win32@OnlineGameLib@@@std@@@5@$0A@@std@@@2@XZ 0040bac0 f i Common:Buffer.obj
 0001:0000aad0       ?_Rrotate@?$_Tree@V?$_Tmap_traits@EPAVCBuffer@Win32@OnlineGameLib@@U?$less@E@std@@V?$allocator@U?$pair@$$CBEPAVCBuffer@Win32@OnlineGameLib@@@std@@@5@$0A@@std@@@std@@IAEXPAU_Node@?$_Tree_nod@V?$_Tmap_traits@EPAVCBuffer@Win32@OnlineGameLib@@U?$less@E@std@@V?$allocator@U?$pair@$$CBEPAVCBuffer@Win32@OnlineGameLib@@@std@@@5@$0A@@std@@@2@@Z 0040bad0 f i Common:Buffer.obj
 0001:0000ab30       ?_Kfn@?$_Tmap_traits@EPAVCBuffer@Win32@OnlineGameLib@@U?$less@E@std@@V?$allocator@U?$pair@$$CBEPAVCBuffer@Win32@OnlineGameLib@@@std@@@5@$0A@@std@@SAABEABU?$pair@$$CBEPAVCBuffer@Win32@OnlineGameLib@@@2@@Z 0040bb30 f i Common:Buffer.obj
 0001:0000ab40       ??0?$allocator@U?$pair@$$CBEPAVCBuffer@Win32@OnlineGameLib@@@std@@@std@@QAE@ABV01@@Z 0040bb40 f i Common:Buffer.obj
 0001:0000ab50       ?deallocate@?$allocator@U_Node@?$_Tree_nod@V?$_Tmap_traits@EPAVCBuffer@Win32@OnlineGameLib@@U?$less@E@std@@V?$allocator@U?$pair@$$CBEPAVCBuffer@Win32@OnlineGameLib@@@std@@@5@$0A@@std@@@std@@@std@@QAEXPAU_Node@?$_Tree_nod@V?$_Tmap_traits@EPAVCBuffer@Win32@OnlineGameLib@@U?$less@E@std@@V?$allocator@U?$pair@$$CBEPAVCBuffer@Win32@OnlineGameLib@@@std@@@5@$0A@@std@@@2@I@Z 0040bb50 f i Common:Buffer.obj
 0001:0000ab60       ??0const_iterator@?$_Tree@V?$_Tmap_traits@EPAVCBuffer@Win32@OnlineGameLib@@U?$less@E@std@@V?$allocator@U?$pair@$$CBEPAVCBuffer@Win32@OnlineGameLib@@@std@@@5@$0A@@std@@@std@@QAE@PAU_Node@?$_Tree_nod@V?$_Tmap_traits@EPAVCBuffer@Win32@OnlineGameLib@@U?$less@E@std@@V?$allocator@U?$pair@$$CBEPAVCBuffer@Win32@OnlineGameLib@@@std@@@5@$0A@@std@@@2@PBV12@@Z 0040bb60 f i Common:Buffer.obj
 0001:0000ab90       ??0?$pair@Viterator@?$_Tree@V?$_Tmap_traits@EPAVCBuffer@Win32@OnlineGameLib@@U?$less@E@std@@V?$allocator@U?$pair@$$CBEPAVCBuffer@Win32@OnlineGameLib@@@std@@@5@$0A@@std@@@std@@V123@@std@@QAE@ABViterator@?$_Tree@V?$_Tmap_traits@EPAVCBuffer@Win32@OnlineGameLib@@U?$less@E@std@@V?$allocator@U?$pair@$$CBEPAVCBuffer@Win32@OnlineGameLib@@@std@@@5@$0A@@std@@@1@0@Z 0040bb90 f i Common:Buffer.obj
 0001:0000abc0       ?_Inc@const_iterator@?$_Tree@V?$_Tmap_traits@EPAVCBuffer@Win32@OnlineGameLib@@U?$less@E@std@@V?$allocator@U?$pair@$$CBEPAVCBuffer@Win32@OnlineGameLib@@@std@@@5@$0A@@std@@@std@@QAEXXZ 0040bbc0 f i Common:Buffer.obj
 0001:0000ac30       ??0?$pair@Viterator@?$_Tree@V?$_Tmap_traits@EPAVCBuffer@Win32@OnlineGameLib@@U?$less@E@std@@V?$allocator@U?$pair@$$CBEPAVCBuffer@Win32@OnlineGameLib@@@std@@@5@$0A@@std@@@std@@_N@std@@QAE@ABViterator@?$_Tree@V?$_Tmap_traits@EPAVCBuffer@Win32@OnlineGameLib@@U?$less@E@std@@V?$allocator@U?$pair@$$CBEPAVCBuffer@Win32@OnlineGameLib@@@std@@@5@$0A@@std@@@1@AB_N@Z 0040bc30 f i Common:Buffer.obj
 0001:0000ac50       ?max_size@?$allocator@U?$pair@$$CBEPAVCBuffer@Win32@OnlineGameLib@@@std@@@std@@QBEIXZ 0040bc50 f i Common:Buffer.obj
 0001:0000ac60       ?_Dec@const_iterator@?$_Tree@V?$_Tmap_traits@EPAVCBuffer@Win32@OnlineGameLib@@U?$less@E@std@@V?$allocator@U?$pair@$$CBEPAVCBuffer@Win32@OnlineGameLib@@@std@@@5@$0A@@std@@@std@@QAEXXZ 0040bc60 f i Common:Buffer.obj
 0001:0000acf0       ??0_Node@?$_Tree_nod@V?$_Tmap_traits@EPAVCBuffer@Win32@OnlineGameLib@@U?$less@E@std@@V?$allocator@U?$pair@$$CBEPAVCBuffer@Win32@OnlineGameLib@@@std@@@5@$0A@@std@@@std@@QAE@PAU012@00ABU?$pair@$$CBEPAVCBuffer@Win32@OnlineGameLib@@@2@D@Z 0040bcf0 f i Common:Buffer.obj
 0001:0000ad30       ??0?$_Tmap_traits@EPAVCBuffer@Win32@OnlineGameLib@@U?$less@E@std@@V?$allocator@U?$pair@$$CBEPAVCBuffer@Win32@OnlineGameLib@@@std@@@5@$0A@@std@@QAE@U?$less@E@1@@Z 0040bd30 f i Common:Buffer.obj
 0001:0000ad40       ?PopNode@?$TNodeList@VCBuffer@Win32@OnlineGameLib@@@OnlineGameLib@@QAEPAVCBuffer@Win32@2@XZ 0040bd40 f i Common:Buffer.obj
 0001:0000ad50       ??$ToBool@H@Win32@OnlineGameLib@@YA_NABH@Z 0040bd50 f i Common:Buffer.obj
 0001:0000ad60       ??$_Destroy@U_Node@?$_Tree_nod@V?$_Tmap_traits@EPAVCBuffer@Win32@OnlineGameLib@@U?$less@E@std@@V?$allocator@U?$pair@$$CBEPAVCBuffer@Win32@OnlineGameLib@@@std@@@5@$0A@@std@@@std@@@std@@YAXPAU_Node@?$_Tree_nod@V?$_Tmap_traits@EPAVCBuffer@Win32@OnlineGameLib@@U?$less@E@std@@V?$allocator@U?$pair@$$CBEPAVCBuffer@Win32@OnlineGameLib@@@std@@@5@$0A@@std@@@0@@Z 0040bd60 f i Common:Buffer.obj
 0001:0000ad70       ??$_Destroy@PAU_Node@?$_Tree_nod@V?$_Tmap_traits@EPAVCBuffer@Win32@OnlineGameLib@@U?$less@E@std@@V?$allocator@U?$pair@$$CBEPAVCBuffer@Win32@OnlineGameLib@@@std@@@5@$0A@@std@@@std@@@std@@YAXPAPAU_Node@?$_Tree_nod@V?$_Tmap_traits@EPAVCBuffer@Win32@OnlineGameLib@@U?$less@E@std@@V?$allocator@U?$pair@$$CBEPAVCBuffer@Win32@OnlineGameLib@@@std@@@5@$0A@@std@@@0@@Z 0040bd70 f i Common:Buffer.obj
 0001:0000ad80       ??$?0U?$pair@$$CBEPAVCBuffer@Win32@OnlineGameLib@@@std@@@?$allocator@PAU_Node@?$_Tree_nod@V?$_Tmap_traits@EPAVCBuffer@Win32@OnlineGameLib@@U?$less@E@std@@V?$allocator@U?$pair@$$CBEPAVCBuffer@Win32@OnlineGameLib@@@std@@@5@$0A@@std@@@std@@@std@@QAE@ABV?$allocator@U?$pair@$$CBEPAVCBuffer@Win32@OnlineGameLib@@@std@@@1@@Z 0040bd80 f i Common:Buffer.obj
 0001:0000ad90       ??$?0U?$pair@$$CBEPAVCBuffer@Win32@OnlineGameLib@@@std@@@?$allocator@U_Node@?$_Tree_nod@V?$_Tmap_traits@EPAVCBuffer@Win32@OnlineGameLib@@U?$less@E@std@@V?$allocator@U?$pair@$$CBEPAVCBuffer@Win32@OnlineGameLib@@@std@@@5@$0A@@std@@@std@@@std@@QAE@ABV?$allocator@U?$pair@$$CBEPAVCBuffer@Win32@OnlineGameLib@@@std@@@1@@Z 0040bd90 f i Common:Buffer.obj
 0001:0000ada0       ??$_Allocate@U_Node@?$_Tree_nod@V?$_Tmap_traits@EPAVCBuffer@Win32@OnlineGameLib@@U?$less@E@std@@V?$allocator@U?$pair@$$CBEPAVCBuffer@Win32@OnlineGameLib@@@std@@@5@$0A@@std@@@std@@@std@@YAPAU_Node@?$_Tree_nod@V?$_Tmap_traits@EPAVCBuffer@Win32@OnlineGameLib@@U?$less@E@std@@V?$allocator@U?$pair@$$CBEPAVCBuffer@Win32@OnlineGameLib@@@std@@@5@$0A@@std@@@0@IPAU120@@Z 0040bda0 f i Common:Buffer.obj
 0001:0000ae00       ??$_Construct@PAU_Node@?$_Tree_nod@V?$_Tmap_traits@EPAVCBuffer@Win32@OnlineGameLib@@U?$less@E@std@@V?$allocator@U?$pair@$$CBEPAVCBuffer@Win32@OnlineGameLib@@@std@@@5@$0A@@std@@@std@@PAU123@@std@@YAXPAPAU_Node@?$_Tree_nod@V?$_Tmap_traits@EPAVCBuffer@Win32@OnlineGameLib@@U?$less@E@std@@V?$allocator@U?$pair@$$CBEPAVCBuffer@Win32@OnlineGameLib@@@std@@@5@$0A@@std@@@0@ABQAU120@@Z 0040be00 f i Common:Buffer.obj
 0001:0000ae20       ??$_Iter_cat@Viterator@?$_Tree@V?$_Tmap_traits@EPAVCBuffer@Win32@OnlineGameLib@@U?$less@E@std@@V?$allocator@U?$pair@$$CBEPAVCBuffer@Win32@OnlineGameLib@@@std@@@5@$0A@@std@@@std@@@std@@YA?AUbidirectional_iterator_tag@0@ABViterator@?$_Tree@V?$_Tmap_traits@EPAVCBuffer@Win32@OnlineGameLib@@U?$less@E@std@@V?$allocator@U?$pair@$$CBEPAVCBuffer@Win32@OnlineGameLib@@@std@@@5@$0A@@std@@@0@@Z 0040be20 f i Common:Buffer.obj
 0001:0000ae30       ?_Header@CPackager@Win32@OnlineGameLib@@AAE_NE@Z 0040be30 f i Common:Buffer.obj
 0001:0000ae50       ?_Middle@CPackager@Win32@OnlineGameLib@@AAE_NE@Z 0040be50 f i Common:Buffer.obj
 0001:0000ae70       ?_Tail@CPackager@Win32@OnlineGameLib@@AAE_NE@Z 0040be70 f i Common:Buffer.obj
 0001:0000ae90       ?_Error@CPackager@Win32@OnlineGameLib@@AAE_NE@Z 0040be90 f i Common:Buffer.obj
 0001:0000aeb0       ??_GCBuffer@Win32@OnlineGameLib@@AAEPAXI@Z 0040beb0 f i Common:Buffer.obj
 0001:0000aed0       ??0Allocator@CBuffer@Win32@OnlineGameLib@@QAE@II@Z 0040bed0 f   Common:Buffer.obj
 0001:0000af10       ?OnBufferCreated@Allocator@CBuffer@Win32@OnlineGameLib@@EAEXXZ 0040bf10 f i Common:Buffer.obj
 0001:0000af20       ?OnBufferAllocated@Allocator@CBuffer@Win32@OnlineGameLib@@EAEXXZ 0040bf20 f i Common:Buffer.obj
 0001:0000af30       ?OnBufferReleased@Allocator@CBuffer@Win32@OnlineGameLib@@EAEXXZ 0040bf30 f i Common:Buffer.obj
 0001:0000af40       ?_Key@?$_Tree@V?$_Tmap_traits@EPAVCBuffer@Win32@OnlineGameLib@@U?$less@E@std@@V?$allocator@U?$pair@$$CBEPAVCBuffer@Win32@OnlineGameLib@@@std@@@5@$0A@@std@@@std@@KAABEPAU_Node@?$_Tree_nod@V?$_Tmap_traits@EPAVCBuffer@Win32@OnlineGameLib@@U?$less@E@std@@V?$allocator@U?$pair@$$CBEPAVCBuffer@Win32@OnlineGameLib@@@std@@@5@$0A@@std@@@2@@Z 0040bf40 f i Common:Buffer.obj
 0001:0000af50       ?_Lmost@?$_Tree@V?$_Tmap_traits@EPAVCBuffer@Win32@OnlineGameLib@@U?$less@E@std@@V?$allocator@U?$pair@$$CBEPAVCBuffer@Win32@OnlineGameLib@@@std@@@5@$0A@@std@@@std@@IBEAAPAU_Node@?$_Tree_nod@V?$_Tmap_traits@EPAVCBuffer@Win32@OnlineGameLib@@U?$less@E@std@@V?$allocator@U?$pair@$$CBEPAVCBuffer@Win32@OnlineGameLib@@@std@@@5@$0A@@std@@@2@XZ 0040bf50 f i Common:Buffer.obj
 0001:0000af60       ??0iterator@?$_Tree@V?$_Tmap_traits@EPAVCBuffer@Win32@OnlineGameLib@@U?$less@E@std@@V?$allocator@U?$pair@$$CBEPAVCBuffer@Win32@OnlineGameLib@@@std@@@5@$0A@@std@@@std@@QAE@PAU_Node@?$_Tree_nod@V?$_Tmap_traits@EPAVCBuffer@Win32@OnlineGameLib@@U?$less@E@std@@V?$allocator@U?$pair@$$CBEPAVCBuffer@Win32@OnlineGameLib@@@std@@@5@$0A@@std@@@2@PBV12@@Z 0040bf60 f i Common:Buffer.obj
 0001:0000af90       ??0const_iterator@?$_Tree@V?$_Tmap_traits@EPAVCBuffer@Win32@OnlineGameLib@@U?$less@E@std@@V?$allocator@U?$pair@$$CBEPAVCBuffer@Win32@OnlineGameLib@@@std@@@5@$0A@@std@@@std@@QAE@XZ 0040bf90 f i Common:Buffer.obj
 0001:0000afa0       ??Dconst_iterator@?$_Tree@V?$_Tmap_traits@EPAVCBuffer@Win32@OnlineGameLib@@U?$less@E@std@@V?$allocator@U?$pair@$$CBEPAVCBuffer@Win32@OnlineGameLib@@@std@@@5@$0A@@std@@@std@@QBEABU?$pair@$$CBEPAVCBuffer@Win32@OnlineGameLib@@@2@XZ 0040bfa0 f i Common:Buffer.obj
 0001:0000afd0       ?_Lbound@?$_Tree@V?$_Tmap_traits@EPAVCBuffer@Win32@OnlineGameLib@@U?$less@E@std@@V?$allocator@U?$pair@$$CBEPAVCBuffer@Win32@OnlineGameLib@@@std@@@5@$0A@@std@@@std@@IBEPAU_Node@?$_Tree_nod@V?$_Tmap_traits@EPAVCBuffer@Win32@OnlineGameLib@@U?$less@E@std@@V?$allocator@U?$pair@$$CBEPAVCBuffer@Win32@OnlineGameLib@@@std@@@5@$0A@@std@@@2@ABE@Z 0040bfd0 f i Common:Buffer.obj
 0001:0000b000       ?_Lrotate@?$_Tree@V?$_Tmap_traits@EPAVCBuffer@Win32@OnlineGameLib@@U?$less@E@std@@V?$allocator@U?$pair@$$CBEPAVCBuffer@Win32@OnlineGameLib@@@std@@@5@$0A@@std@@@std@@IAEXPAU_Node@?$_Tree_nod@V?$_Tmap_traits@EPAVCBuffer@Win32@OnlineGameLib@@U?$less@E@std@@V?$allocator@U?$pair@$$CBEPAVCBuffer@Win32@OnlineGameLib@@@std@@@5@$0A@@std@@@2@@Z 0040c000 f i Common:Buffer.obj
 0001:0000b050       ?destroy@?$allocator@U_Node@?$_Tree_nod@V?$_Tmap_traits@EPAVCBuffer@Win32@OnlineGameLib@@U?$less@E@std@@V?$allocator@U?$pair@$$CBEPAVCBuffer@Win32@OnlineGameLib@@@std@@@5@$0A@@std@@@std@@@std@@QAEXPAU_Node@?$_Tree_nod@V?$_Tmap_traits@EPAVCBuffer@Win32@OnlineGameLib@@U?$less@E@std@@V?$allocator@U?$pair@$$CBEPAVCBuffer@Win32@OnlineGameLib@@@std@@@5@$0A@@std@@@2@@Z 0040c050 f i Common:Buffer.obj
 0001:0000b060       ?destroy@?$allocator@PAU_Node@?$_Tree_nod@V?$_Tmap_traits@EPAVCBuffer@Win32@OnlineGameLib@@U?$less@E@std@@V?$allocator@U?$pair@$$CBEPAVCBuffer@Win32@OnlineGameLib@@@std@@@5@$0A@@std@@@std@@@std@@QAEXPAPAU_Node@?$_Tree_nod@V?$_Tmap_traits@EPAVCBuffer@Win32@OnlineGameLib@@U?$less@E@std@@V?$allocator@U?$pair@$$CBEPAVCBuffer@Win32@OnlineGameLib@@@std@@@5@$0A@@std@@@2@@Z 0040c060 f i Common:Buffer.obj
 0001:0000b070       ??Econst_iterator@?$_Tree@V?$_Tmap_traits@EPAVCBuffer@Win32@OnlineGameLib@@U?$less@E@std@@V?$allocator@U?$pair@$$CBEPAVCBuffer@Win32@OnlineGameLib@@@std@@@5@$0A@@std@@@std@@QAEAAV012@XZ 0040c070 f i Common:Buffer.obj
 0001:0000b080       ?max_size@?$_Tree@V?$_Tmap_traits@EPAVCBuffer@Win32@OnlineGameLib@@U?$less@E@std@@V?$allocator@U?$pair@$$CBEPAVCBuffer@Win32@OnlineGameLib@@@std@@@5@$0A@@std@@@std@@QBEIXZ 0040c080 f i Common:Buffer.obj
 0001:0000b090       ?_Ubound@?$_Tree@V?$_Tmap_traits@EPAVCBuffer@Win32@OnlineGameLib@@U?$less@E@std@@V?$allocator@U?$pair@$$CBEPAVCBuffer@Win32@OnlineGameLib@@@std@@@5@$0A@@std@@@std@@IBEPAU_Node@?$_Tree_nod@V?$_Tmap_traits@EPAVCBuffer@Win32@OnlineGameLib@@U?$less@E@std@@V?$allocator@U?$pair@$$CBEPAVCBuffer@Win32@OnlineGameLib@@@std@@@5@$0A@@std@@@2@ABE@Z 0040c090 f i Common:Buffer.obj
 0001:0000b0c0       ??Fconst_iterator@?$_Tree@V?$_Tmap_traits@EPAVCBuffer@Win32@OnlineGameLib@@U?$less@E@std@@V?$allocator@U?$pair@$$CBEPAVCBuffer@Win32@OnlineGameLib@@@std@@@5@$0A@@std@@@std@@QAEAAV012@XZ 0040c0c0 f i Common:Buffer.obj
 0001:0000b0d0       ??0?$_Tree_nod@V?$_Tmap_traits@EPAVCBuffer@Win32@OnlineGameLib@@U?$less@E@std@@V?$allocator@U?$pair@$$CBEPAVCBuffer@Win32@OnlineGameLib@@@std@@@5@$0A@@std@@@std@@IAE@ABU?$less@E@1@V?$allocator@U?$pair@$$CBEPAVCBuffer@Win32@OnlineGameLib@@@std@@@1@@Z 0040c0d0 f i Common:Buffer.obj
 0001:0000b0e0       ?allocate@?$allocator@U_Node@?$_Tree_nod@V?$_Tmap_traits@EPAVCBuffer@Win32@OnlineGameLib@@U?$less@E@std@@V?$allocator@U?$pair@$$CBEPAVCBuffer@Win32@OnlineGameLib@@@std@@@5@$0A@@std@@@std@@@std@@QAEPAU_Node@?$_Tree_nod@V?$_Tmap_traits@EPAVCBuffer@Win32@OnlineGameLib@@U?$less@E@std@@V?$allocator@U?$pair@$$CBEPAVCBuffer@Win32@OnlineGameLib@@@std@@@5@$0A@@std@@@2@I@Z 0040c0e0 f i Common:Buffer.obj
 0001:0000b100       ?construct@?$allocator@PAU_Node@?$_Tree_nod@V?$_Tmap_traits@EPAVCBuffer@Win32@OnlineGameLib@@U?$less@E@std@@V?$allocator@U?$pair@$$CBEPAVCBuffer@Win32@OnlineGameLib@@@std@@@5@$0A@@std@@@std@@@std@@QAEXPAPAU_Node@?$_Tree_nod@V?$_Tmap_traits@EPAVCBuffer@Win32@OnlineGameLib@@U?$less@E@std@@V?$allocator@U?$pair@$$CBEPAVCBuffer@Win32@OnlineGameLib@@@std@@@5@$0A@@std@@@2@ABQAU342@@Z 0040c100 f i Common:Buffer.obj
 0001:0000b120       ?DestroyBuffer@Allocator@CBuffer@Win32@OnlineGameLib@@AAEXPAV234@@Z 0040c120 f i Common:Buffer.obj
 0001:0000b190       ?Flush@Allocator@CBuffer@Win32@OnlineGameLib@@IAEXXZ 0040c190 f   Common:Buffer.obj
 0001:0000b230       ?begin@?$_Tree@V?$_Tmap_traits@EPAVCBuffer@Win32@OnlineGameLib@@U?$less@E@std@@V?$allocator@U?$pair@$$CBEPAVCBuffer@Win32@OnlineGameLib@@@std@@@5@$0A@@std@@@std@@QAE?AViterator@12@XZ 0040c230 f i Common:Buffer.obj
 0001:0000b250       ?end@?$_Tree@V?$_Tmap_traits@EPAVCBuffer@Win32@OnlineGameLib@@U?$less@E@std@@V?$allocator@U?$pair@$$CBEPAVCBuffer@Win32@OnlineGameLib@@@std@@@5@$0A@@std@@@std@@QAE?AViterator@12@XZ 0040c250 f i Common:Buffer.obj
 0001:0000b260       ??0iterator@?$_Tree@V?$_Tmap_traits@EPAVCBuffer@Win32@OnlineGameLib@@U?$less@E@std@@V?$allocator@U?$pair@$$CBEPAVCBuffer@Win32@OnlineGameLib@@@std@@@5@$0A@@std@@@std@@QAE@XZ 0040c260 f i Common:Buffer.obj
 0001:0000b270       ??Diterator@?$_Tree@V?$_Tmap_traits@EPAVCBuffer@Win32@OnlineGameLib@@U?$less@E@std@@V?$allocator@U?$pair@$$CBEPAVCBuffer@Win32@OnlineGameLib@@@std@@@5@$0A@@std@@@std@@QBEAAU?$pair@$$CBEPAVCBuffer@Win32@OnlineGameLib@@@2@XZ 0040c270 f i Common:Buffer.obj
 0001:0000b2a0       ?lower_bound@?$_Tree@V?$_Tmap_traits@EPAVCBuffer@Win32@OnlineGameLib@@U?$less@E@std@@V?$allocator@U?$pair@$$CBEPAVCBuffer@Win32@OnlineGameLib@@@std@@@5@$0A@@std@@@std@@QAE?AViterator@12@ABE@Z 0040c2a0 f i Common:Buffer.obj
 0001:0000b2e0       ??Eiterator@?$_Tree@V?$_Tmap_traits@EPAVCBuffer@Win32@OnlineGameLib@@U?$less@E@std@@V?$allocator@U?$pair@$$CBEPAVCBuffer@Win32@OnlineGameLib@@@std@@@5@$0A@@std@@@std@@QAEAAV012@XZ 0040c2e0 f i Common:Buffer.obj
 0001:0000b2f0       ?upper_bound@?$_Tree@V?$_Tmap_traits@EPAVCBuffer@Win32@OnlineGameLib@@U?$less@E@std@@V?$allocator@U?$pair@$$CBEPAVCBuffer@Win32@OnlineGameLib@@@std@@@5@$0A@@std@@@std@@QAE?AViterator@12@ABE@Z 0040c2f0 f i Common:Buffer.obj
 0001:0000b330       ?_Erase@?$_Tree@V?$_Tmap_traits@EPAVCBuffer@Win32@OnlineGameLib@@U?$less@E@std@@V?$allocator@U?$pair@$$CBEPAVCBuffer@Win32@OnlineGameLib@@@std@@@5@$0A@@std@@@std@@IAEXPAU_Node@?$_Tree_nod@V?$_Tmap_traits@EPAVCBuffer@Win32@OnlineGameLib@@U?$less@E@std@@V?$allocator@U?$pair@$$CBEPAVCBuffer@Win32@OnlineGameLib@@@std@@@5@$0A@@std@@@2@@Z 0040c330 f i Common:Buffer.obj
 0001:0000b370       ??Fiterator@?$_Tree@V?$_Tmap_traits@EPAVCBuffer@Win32@OnlineGameLib@@U?$less@E@std@@V?$allocator@U?$pair@$$CBEPAVCBuffer@Win32@OnlineGameLib@@@std@@@5@$0A@@std@@@std@@QAEAAV012@XZ 0040c370 f i Common:Buffer.obj
 0001:0000b380       ?_Buynode@?$_Tree@V?$_Tmap_traits@EPAVCBuffer@Win32@OnlineGameLib@@U?$less@E@std@@V?$allocator@U?$pair@$$CBEPAVCBuffer@Win32@OnlineGameLib@@@std@@@5@$0A@@std@@@std@@IAEPAU_Node@?$_Tree_nod@V?$_Tmap_traits@EPAVCBuffer@Win32@OnlineGameLib@@U?$less@E@std@@V?$allocator@U?$pair@$$CBEPAVCBuffer@Win32@OnlineGameLib@@@std@@@5@$0A@@std@@@2@XZ 0040c380 f i Common:Buffer.obj
 0001:0000b3c0       ?_Buynode@?$_Tree@V?$_Tmap_traits@EPAVCBuffer@Win32@OnlineGameLib@@U?$less@E@std@@V?$allocator@U?$pair@$$CBEPAVCBuffer@Win32@OnlineGameLib@@@std@@@5@$0A@@std@@@std@@IAEPAU_Node@?$_Tree_nod@V?$_Tmap_traits@EPAVCBuffer@Win32@OnlineGameLib@@U?$less@E@std@@V?$allocator@U?$pair@$$CBEPAVCBuffer@Win32@OnlineGameLib@@@std@@@5@$0A@@std@@@2@PAU342@00ABU?$pair@$$CBEPAVCBuffer@Win32@OnlineGameLib@@@2@D@Z 0040c3c0 f i Common:Buffer.obj
 0001:0000b400       ??0?$_Tree_ptr@V?$_Tmap_traits@EPAVCBuffer@Win32@OnlineGameLib@@U?$less@E@std@@V?$allocator@U?$pair@$$CBEPAVCBuffer@Win32@OnlineGameLib@@@std@@@5@$0A@@std@@@std@@IAE@ABU?$less@E@1@V?$allocator@U?$pair@$$CBEPAVCBuffer@Win32@OnlineGameLib@@@std@@@1@@Z 0040c400 f i Common:Buffer.obj
 0001:0000b410       ??$_Distance2@Viterator@?$_Tree@V?$_Tmap_traits@EPAVCBuffer@Win32@OnlineGameLib@@U?$less@E@std@@V?$allocator@U?$pair@$$CBEPAVCBuffer@Win32@OnlineGameLib@@@std@@@5@$0A@@std@@@std@@I@std@@YAXViterator@?$_Tree@V?$_Tmap_traits@EPAVCBuffer@Win32@OnlineGameLib@@U?$less@E@std@@V?$allocator@U?$pair@$$CBEPAVCBuffer@Win32@OnlineGameLib@@@std@@@5@$0A@@std@@@0@0AAIUbidirectional_iterator_tag@0@@Z 0040c410 f i Common:Buffer.obj
 0001:0000b450       ??1Allocator@CBuffer@Win32@OnlineGameLib@@UAE@XZ 0040c450 f   Common:Buffer.obj
 0001:0000b4c0       ?find@?$_Tree@V?$_Tmap_traits@EPAVCBuffer@Win32@OnlineGameLib@@U?$less@E@std@@V?$allocator@U?$pair@$$CBEPAVCBuffer@Win32@OnlineGameLib@@@std@@@5@$0A@@std@@@std@@QAE?AViterator@12@ABE@Z 0040c4c0 f i Common:Buffer.obj
 0001:0000b540       ??Eiterator@?$_Tree@V?$_Tmap_traits@EPAVCBuffer@Win32@OnlineGameLib@@U?$less@E@std@@V?$allocator@U?$pair@$$CBEPAVCBuffer@Win32@OnlineGameLib@@@std@@@5@$0A@@std@@@std@@QAE?AV012@H@Z 0040c540 f i Common:Buffer.obj
 0001:0000b560       ?clear@?$_Tree@V?$_Tmap_traits@EPAVCBuffer@Win32@OnlineGameLib@@U?$less@E@std@@V?$allocator@U?$pair@$$CBEPAVCBuffer@Win32@OnlineGameLib@@@std@@@5@$0A@@std@@@std@@QAEXXZ 0040c560 f i Common:Buffer.obj
 0001:0000b590       ?equal_range@?$_Tree@V?$_Tmap_traits@EPAVCBuffer@Win32@OnlineGameLib@@U?$less@E@std@@V?$allocator@U?$pair@$$CBEPAVCBuffer@Win32@OnlineGameLib@@@std@@@5@$0A@@std@@@std@@QAE?AU?$pair@Viterator@?$_Tree@V?$_Tmap_traits@EPAVCBuffer@Win32@OnlineGameLib@@U?$less@E@std@@V?$allocator@U?$pair@$$CBEPAVCBuffer@Win32@OnlineGameLib@@@std@@@5@$0A@@std@@@std@@V123@@2@ABE@Z 0040c590 f i Common:Buffer.obj
 0001:0000b5f0       ?_Init@?$_Tree@V?$_Tmap_traits@EPAVCBuffer@Win32@OnlineGameLib@@U?$less@E@std@@V?$allocator@U?$pair@$$CBEPAVCBuffer@Win32@OnlineGameLib@@@std@@@5@$0A@@std@@@std@@IAEXXZ 0040c5f0 f i Common:Buffer.obj
 0001:0000b620       ??0?$_Tree_val@V?$_Tmap_traits@EPAVCBuffer@Win32@OnlineGameLib@@U?$less@E@std@@V?$allocator@U?$pair@$$CBEPAVCBuffer@Win32@OnlineGameLib@@@std@@@5@$0A@@std@@@std@@IAE@ABU?$less@E@1@V?$allocator@U?$pair@$$CBEPAVCBuffer@Win32@OnlineGameLib@@@std@@@1@@Z 0040c620 f i Common:Buffer.obj
 0001:0000b630       ??$_Distance@Viterator@?$_Tree@V?$_Tmap_traits@EPAVCBuffer@Win32@OnlineGameLib@@U?$less@E@std@@V?$allocator@U?$pair@$$CBEPAVCBuffer@Win32@OnlineGameLib@@@std@@@5@$0A@@std@@@std@@I@std@@YAXViterator@?$_Tree@V?$_Tmap_traits@EPAVCBuffer@Win32@OnlineGameLib@@U?$less@E@std@@V?$allocator@U?$pair@$$CBEPAVCBuffer@Win32@OnlineGameLib@@@std@@@5@$0A@@std@@@0@0AAI@Z 0040c630 f i Common:Buffer.obj
 0001:0000b660       ??_EAllocator@CBuffer@Win32@OnlineGameLib@@UAEPAXI@Z 0040c660 f i Common:Buffer.obj
 0001:0000b660       ??_GAllocator@CBuffer@Win32@OnlineGameLib@@UAEPAXI@Z 0040c660 f i Common:Buffer.obj
 0001:0000b680       ??0?$_Tree@V?$_Tmap_traits@EPAVCBuffer@Win32@OnlineGameLib@@U?$less@E@std@@V?$allocator@U?$pair@$$CBEPAVCBuffer@Win32@OnlineGameLib@@@std@@@5@$0A@@std@@@std@@QAE@ABU?$less@E@1@ABV?$allocator@U?$pair@$$CBEPAVCBuffer@Win32@OnlineGameLib@@@std@@@1@@Z 0040c680 f i Common:Buffer.obj
 0001:0000b6b0       ?erase@?$_Tree@V?$_Tmap_traits@EPAVCBuffer@Win32@OnlineGameLib@@U?$less@E@std@@V?$allocator@U?$pair@$$CBEPAVCBuffer@Win32@OnlineGameLib@@@std@@@5@$0A@@std@@@std@@QAE?AViterator@12@V312@@Z 0040c6b0 f i Common:Buffer.obj
 0001:0000b970       ?_Insert@?$_Tree@V?$_Tmap_traits@EPAVCBuffer@Win32@OnlineGameLib@@U?$less@E@std@@V?$allocator@U?$pair@$$CBEPAVCBuffer@Win32@OnlineGameLib@@@std@@@5@$0A@@std@@@std@@IAE?AViterator@12@_NPAU_Node@?$_Tree_nod@V?$_Tmap_traits@EPAVCBuffer@Win32@OnlineGameLib@@U?$less@E@std@@V?$allocator@U?$pair@$$CBEPAVCBuffer@Win32@OnlineGameLib@@@std@@@5@$0A@@std@@@2@ABU?$pair@$$CBEPAVCBuffer@Win32@OnlineGameLib@@@2@@Z 0040c970 f i Common:Buffer.obj
 0001:0000bb70       ?AddData@CBuffer@Win32@OnlineGameLib@@QAEXQBDI@Z 0040cb70 f   Common:Buffer.obj
 0001:0000bc60       ??1CException@Win32@OnlineGameLib@@UAE@XZ 0040cc60 f i Common:Buffer.obj
 0001:0000bcb0       ??_ECException@Win32@OnlineGameLib@@UAEPAXI@Z 0040ccb0 f i Common:Buffer.obj
 0001:0000bcb0       ??_GCException@Win32@OnlineGameLib@@UAEPAXI@Z 0040ccb0 f i Common:Buffer.obj
 0001:0000bcd0       ??0CException@Win32@OnlineGameLib@@QAE@ABV012@@Z 0040ccd0 f i Common:Buffer.obj
 0001:0000bd60       ?AddData@CBuffer@Win32@OnlineGameLib@@QAEXQBEI@Z 0040cd60 f   Common:Buffer.obj
 0001:0000bd70       ?AddData@CBuffer@Win32@OnlineGameLib@@QAEXE@Z 0040cd70 f   Common:Buffer.obj
 0001:0000bd80       ?Allocate@Allocator@CBuffer@Win32@OnlineGameLib@@QAEPAV234@XZ 0040cd80 f   Common:Buffer.obj
 0001:0000bed0       ?Release@Allocator@CBuffer@Win32@OnlineGameLib@@AAEXPAV234@@Z 0040ced0 f   Common:Buffer.obj
 0001:0000bff0       ?erase@?$_Tree@V?$_Tmap_traits@EPAVCBuffer@Win32@OnlineGameLib@@U?$less@E@std@@V?$allocator@U?$pair@$$CBEPAVCBuffer@Win32@OnlineGameLib@@@std@@@5@$0A@@std@@@std@@QAE?AViterator@12@V312@0@Z 0040cff0 f i Common:Buffer.obj
 0001:0000c0c0       ?erase@?$_Tree@V?$_Tmap_traits@EPAVCBuffer@Win32@OnlineGameLib@@U?$less@E@std@@V?$allocator@U?$pair@$$CBEPAVCBuffer@Win32@OnlineGameLib@@@std@@@5@$0A@@std@@@std@@QAEIABE@Z 0040d0c0 f i Common:Buffer.obj
 0001:0000c130       ?_Tidy@?$_Tree@V?$_Tmap_traits@EPAVCBuffer@Win32@OnlineGameLib@@U?$less@E@std@@V?$allocator@U?$pair@$$CBEPAVCBuffer@Win32@OnlineGameLib@@@std@@@5@$0A@@std@@@std@@IAEXXZ 0040d130 f i Common:Buffer.obj
 0001:0000c170       ?insert@?$_Tree@V?$_Tmap_traits@EPAVCBuffer@Win32@OnlineGameLib@@U?$less@E@std@@V?$allocator@U?$pair@$$CBEPAVCBuffer@Win32@OnlineGameLib@@@std@@@5@$0A@@std@@@std@@QAE?AU?$pair@Viterator@?$_Tree@V?$_Tmap_traits@EPAVCBuffer@Win32@OnlineGameLib@@U?$less@E@std@@V?$allocator@U?$pair@$$CBEPAVCBuffer@Win32@OnlineGameLib@@@std@@@5@$0A@@std@@@std@@_N@2@ABU?$pair@$$CBEPAVCBuffer@Win32@OnlineGameLib@@@2@@Z 0040d170 f i Common:Buffer.obj
 0001:0000c230       ?GetHeadPack@CBuffer@Win32@OnlineGameLib@@QAEPAV123@I@Z 0040d230 f   Common:Buffer.obj
 0001:0000c280       ?GetNextPack@CBuffer@Win32@OnlineGameLib@@QAEPAV123@XZ 0040d280 f   Common:Buffer.obj
 0001:0000c2d0       ?SplitBuffer@CBuffer@Win32@OnlineGameLib@@QAEPAV123@I@Z 0040d2d0 f   Common:Buffer.obj
[...]
 0001:0003828b       __unwindfunclet$??1CPackager@Win32@OnlineGameLib@@UAE@XZ$1 0043928b f   Common:Buffer.obj
 0001:00038296       __unwindfunclet$??1CPackager@Win32@OnlineGameLib@@UAE@XZ$2 00439296 f   Common:Buffer.obj
 0001:000382a1       __unwindfunclet$??1CPackager@Win32@OnlineGameLib@@UAE@XZ$3 004392a1 f   Common:Buffer.obj
 0001:000382ac       __unwindfunclet$??1CPackager@Win32@OnlineGameLib@@UAE@XZ$4 004392ac f   Common:Buffer.obj
 0001:000382b7       __ehhandler$??1CPackager@Win32@OnlineGameLib@@UAE@XZ 004392b7 f   Common:Buffer.obj
 0001:000382e0       __unwindfunclet$??0CPackager@Win32@OnlineGameLib@@QAE@II@Z$0 004392e0 f   Common:Buffer.obj
 0001:000382eb       __unwindfunclet$??0CPackager@Win32@OnlineGameLib@@QAE@II@Z$1 004392eb f   Common:Buffer.obj
 0001:000382f6       __unwindfunclet$??0CPackager@Win32@OnlineGameLib@@QAE@II@Z$2 004392f6 f   Common:Buffer.obj
 0001:00038301       __unwindfunclet$??0CPackager@Win32@OnlineGameLib@@QAE@II@Z$3 00439301 f   Common:Buffer.obj
 0001:0003830c       __ehhandler$??0CPackager@Win32@OnlineGameLib@@QAE@II@Z 0043930c f   Common:Buffer.obj
 0001:00038330       __unwindfunclet$?AddData@CPackager@Win32@OnlineGameLib@@QAEXEQBDIK@Z$0 00439330 f   Common:Buffer.obj
 0001:00038338       __ehhandler$?AddData@CPackager@Win32@OnlineGameLib@@QAEXEQBDIK@Z 00439338 f   Common:Buffer.obj
 0001:00038360       __unwindfunclet$?DelData@CPackager@Win32@OnlineGameLib@@QAEXE@Z$2 00439360 f   Common:Buffer.obj
 0001:00038368       __ehhandler$?DelData@CPackager@Win32@OnlineGameLib@@QAEXE@Z 00439368 f   Common:Buffer.obj
 0001:00038390       __unwindfunclet$?GetHeadPack@CPackager@Win32@OnlineGameLib@@QAEPAVCBuffer@23@EI@Z$0 00439390 f   Common:Buffer.obj
 0001:00038398       __ehhandler$?GetHeadPack@CPackager@Win32@OnlineGameLib@@QAEPAVCBuffer@23@EI@Z 00439398 f   Common:Buffer.obj
 0001:000383c0       __unwindfunclet$?GetNextPack@CPackager@Win32@OnlineGameLib@@QAEPAVCBuffer@23@E@Z$0 004393c0 f   Common:Buffer.obj
 0001:000383c8       __ehhandler$?GetNextPack@CPackager@Win32@OnlineGameLib@@QAEPAVCBuffer@23@E@Z 004393c8 f   Common:Buffer.obj
 0001:000383f0       __unwindfunclet$?PackUp@CPackager@Win32@OnlineGameLib@@QAEPAVCBuffer@23@PBXI@Z$0 004393f0 f   Common:Buffer.obj
 0001:000383f8       __ehhandler$?PackUp@CPackager@Win32@OnlineGameLib@@QAEPAVCBuffer@23@PBXI@Z 004393f8 f   Common:Buffer.obj
 0001:00038420       __unwindfunclet$??0CLibrary@Win32@OnlineGameLib@@QAE@QBD@Z$0 00439420 f   Common:Library.obj
 0001:0003842b       __ehhandler$??0CLibrary@Win32@OnlineGameLib@@QAE@QBD@Z 0043942b f   Common:Library.obj
 0001:00038450       __unwindfunclet$??0CUsesWinsock@Win32@OnlineGameLib@@QAE@XZ$0 00439450 f   Common:UsesWinsock.obj
 0001:00038458       __ehhandler$??0CUsesWinsock@Win32@OnlineGameLib@@QAE@XZ 00439458 f   Common:UsesWinsock.obj
 0001:00038480       __unwindfunclet$?MessageBoxA@CException@Win32@OnlineGameLib@@QBEXPAUHWND__@@@Z$0 00439480 f   Common:Exception.obj
 0001:00038488       __ehhandler$?MessageBoxA@CException@Win32@OnlineGameLib@@QBEXPAUHWND__@@@Z 00439488 f   Common:Exception.obj
 0001:000384b0       __unwindfunclet$??0CException@Win32@OnlineGameLib@@QAE@ABV?$basic_string@DU?$char_traits@D@std@@V?$allocator@D@2@@std@@0@Z$0 004394b0 f   Common:Exception.obj
 0001:000384bb       __ehhandler$??0CException@Win32@OnlineGameLib@@QAE@ABV?$basic_string@DU?$char_traits@D@std@@V?$allocator@D@2@@std@@0@Z 004394bb f   Common:Exception.obj
 0001:000384e0       __unwindfunclet$??0CWin32Exception@Win32@OnlineGameLib@@QAE@ABV?$basic_string@DU?$char_traits@D@std@@V?$allocator@D@2@@std@@K@Z$0 004394e0 f   Common:Win32Exception.obj
 0001:000384e8       __ehhandler$??0CWin32Exception@Win32@OnlineGameLib@@QAE@ABV?$basic_string@DU?$char_traits@D@std@@V?$allocator@D@2@@std@@K@Z 004394e8 f   Common:Win32Exception.obj
 0001:00038510       __unwindfunclet$??0?$basic_ostream@DU?$char_traits@D@std@@@std@@QAE@W4_Uninitialized@1@_N@Z$0 00439510 f   Common:Utils.obj
 0001:0003852c       __ehhandler$??0?$basic_ostream@DU?$char_traits@D@std@@@std@@QAE@W4_Uninitialized@1@_N@Z 0043952c f   Common:Utils.obj
 0001:00038550       __unwindfunclet$??0?$basic_streambuf@DU?$char_traits@D@std@@@std@@IAE@XZ$0 00439550 f   Common:Utils.obj
 0001:0003855b       __ehhandler$??0?$basic_streambuf@DU?$char_traits@D@std@@@std@@IAE@XZ 0043955b f   Common:Utils.obj
 0001:00038580       __unwindfunclet$?uflow@?$basic_filebuf@DU?$char_traits@D@std@@@std@@MAEHXZ$0 00439580 f   Common:Utils.obj
 0001:00038588       __ehhandler$?uflow@?$basic_filebuf@DU?$char_traits@D@std@@@std@@MAEHXZ 00439588 f   Common:Utils.obj
 0001:000385b0       __unwindfunclet$?_Endwrite@?$basic_filebuf@DU?$char_traits@D@std@@@std@@IAE_NXZ$0 004395b0 f   Common:Utils.obj
 0001:000385b8       __ehhandler$?_Endwrite@?$basic_filebuf@DU?$char_traits@D@std@@@std@@IAE_NXZ 004395b8 f   Common:Utils.obj
 0001:000385e0       __unwindfunclet$?HexToString@Win32@OnlineGameLib@@YA?AV?$basic_string@DU?$char_traits@D@std@@V?$allocator@D@2@@std@@PBEI@Z$0 004395e0 f   Common:Utils.obj
 0001:000385f9       __ehhandler$?HexToString@Win32@OnlineGameLib@@YA?AV?$basic_string@DU?$char_traits@D@std@@V?$allocator@D@2@@std@@PBEI@Z 004395f9 f   Common:Utils.obj
 0001:00038620       __unwindfunclet$?overflow@?$basic_filebuf@DU?$char_traits@D@std@@@std@@MAEHH@Z$0 00439620 f   Common:Utils.obj
 0001:00038628       __ehhandler$?overflow@?$basic_filebuf@DU?$char_traits@D@std@@@std@@MAEHH@Z 00439628 f   Common:Utils.obj
 0001:00038650       __unwindfunclet$??$?HDU?$char_traits@D@std@@V?$allocator@D@1@@std@@YA?AV?$basic_string@DU?$char_traits@D@std@@V?$allocator@D@2@@0@ABV10@PBD@Z$0 00439650 f   Common:Utils.obj
 0001:00038658       __ehhandler$??$?HDU?$char_traits@D@std@@V?$allocator@D@1@@std@@YA?AV?$basic_string@DU?$char_traits@D@std@@V?$allocator@D@2@@0@ABV10@PBD@Z 00439658 f   Common:Utils.obj
 0001:00038680       __unwindfunclet$??$?HDU?$char_traits@D@std@@V?$allocator@D@1@@std@@YA?AV?$basic_string@DU?$char_traits@D@std@@V?$allocator@D@2@@0@ABV10@0@Z$0 00439680 f   Common:Utils.obj
 0001:00038688       __ehhandler$??$?HDU?$char_traits@D@std@@V?$allocator@D@1@@std@@YA?AV?$basic_string@DU?$char_traits@D@std@@V?$allocator@D@2@@0@ABV10@0@Z 00439688 f   Common:Utils.obj
 0001:000386b0       __unwindfunclet$??0?$ctype@D@std@@QAE@PBF_NI@Z$0 004396b0 f   Common:Utils.obj
 0001:000386bb       __ehhandler$??0?$ctype@D@std@@QAE@PBF_NI@Z 004396bb f   Common:Utils.obj
 0001:000386f0       __unwindfunclet$?_Getcat@?$ctype@D@std@@SAIPAPBVfacet@locale@2@@Z$0 004396f0 f   Common:Utils.obj
 0001:000386fb       __ehhandler$?_Getcat@?$ctype@D@std@@SAIPAPBVfacet@locale@2@@Z 004396fb f   Common:Utils.obj
 0001:00038720       __unwindfunclet$?GetCurrentDirectoryA@Win32@OnlineGameLib@@YA?AV?$basic_string@DU?$char_traits@D@std@@V?$allocator@D@2@@std@@XZ$0 00439720 f   Common:Utils.obj
 0001:0003872b       __unwindfunclet$?GetCurrentDirectoryA@Win32@OnlineGameLib@@YA?AV?$basic_string@DU?$char_traits@D@std@@V?$allocator@D@2@@std@@XZ$1 0043972b f   Common:Utils.obj
 0001:00038733       __unwindfunclet$?GetCurrentDirectoryA@Win32@OnlineGameLib@@YA?AV?$basic_string@DU?$char_traits@D@std@@V?$allocator@D@2@@std@@XZ$2 00439733 f   Common:Utils.obj
 0001:0003873b       __ehhandler$?GetCurrentDirectoryA@Win32@OnlineGameLib@@YA?AV?$basic_string@DU?$char_traits@D@std@@V?$allocator@D@2@@std@@XZ 0043973b f   Common:Utils.obj
 0001:00038760       __unwindfunclet$?DumpData@Win32@OnlineGameLib@@YA?AV?$basic_string@DU?$char_traits@D@std@@V?$allocator@D@2@@std@@QBEII@Z$0 00439760 f   Common:Utils.obj
 0001:00038782       __unwindfunclet$?DumpData@Win32@OnlineGameLib@@YA?AV?$basic_string@DU?$char_traits@D@std@@V?$allocator@D@2@@std@@QBEII@Z$1 00439782 f   Common:Utils.obj
 0001:0003878a       __unwindfunclet$?DumpData@Win32@OnlineGameLib@@YA?AV?$basic_string@DU?$char_traits@D@std@@V?$allocator@D@2@@std@@QBEII@Z$2 0043978a f   Common:Utils.obj
 0001:00038792       __unwindfunclet$?DumpData@Win32@OnlineGameLib@@YA?AV?$basic_string@DU?$char_traits@D@std@@V?$allocator@D@2@@std@@QBEII@Z$3 00439792 f   Common:Utils.obj
 0001:0003879a       __unwindfunclet$?DumpData@Win32@OnlineGameLib@@YA?AV?$basic_string@DU?$char_traits@D@std@@V?$allocator@D@2@@std@@QBEII@Z$4 0043979a f   Common:Utils.obj
 0001:000387a5       __unwindfunclet$?DumpData@Win32@OnlineGameLib@@YA?AV?$basic_string@DU?$char_traits@D@std@@V?$allocator@D@2@@std@@QBEII@Z$5 004397a5 f   Common:Utils.obj
 0001:000387ad       __unwindfunclet$?DumpData@Win32@OnlineGameLib@@YA?AV?$basic_string@DU?$char_traits@D@std@@V?$allocator@D@2@@std@@QBEII@Z$6 004397ad f   Common:Utils.obj
 0001:000387b5       __unwindfunclet$?DumpData@Win32@OnlineGameLib@@YA?AV?$basic_string@DU?$char_traits@D@std@@V?$allocator@D@2@@std@@QBEII@Z$7 004397b5 f   Common:Utils.obj
 0001:000387c0       __ehhandler$?DumpData@Win32@OnlineGameLib@@YA?AV?$basic_string@DU?$char_traits@D@std@@V?$allocator@D@2@@std@@QBEII@Z 004397c0 f   Common:Utils.obj
 0001:000387f0       __unwindfunclet$?GetComputerNameA@Win32@OnlineGameLib@@YA?AV?$basic_string@DU?$char_traits@D@std@@V?$allocator@D@2@@std@@XZ$0 004397f0 f   Common:Utils.obj
 0001:000387fe       __ehhandler$?GetComputerNameA@Win32@OnlineGameLib@@YA?AV?$basic_string@DU?$char_traits@D@std@@V?$allocator@D@2@@std@@XZ 004397fe f   Common:Utils.obj
 0001:00038830       __unwindfunclet$?GetModuleFileNameA@Win32@OnlineGameLib@@YA?AV?$basic_string@DU?$char_traits@D@std@@V?$allocator@D@2@@std@@PAUHINSTANCE__@@@Z$0 00439830 f   Common:Utils.obj
 0001:0003883e       __ehhandler$?GetModuleFileNameA@Win32@OnlineGameLib@@YA?AV?$basic_string@DU?$char_traits@D@std@@V?$allocator@D@2@@std@@PAUHINSTANCE__@@@Z 0043983e f   Common:Utils.obj
 0001:00038870       __unwindfunclet$?GetUserNameA@Win32@OnlineGameLib@@YA?AV?$basic_string@DU?$char_traits@D@std@@V?$allocator@D@2@@std@@XZ$0 00439870 f   Common:Utils.obj
 0001:0003887e       __ehhandler$?GetUserNameA@Win32@OnlineGameLib@@YA?AV?$basic_string@DU?$char_traits@D@std@@V?$allocator@D@2@@std@@XZ 0043987e f   Common:Utils.obj
 0001:000388b0       __unwindfunclet$?GetFileVersion@Win32@OnlineGameLib@@YA?AV?$basic_string@DU?$char_traits@D@std@@V?$allocator@D@2@@std@@XZ$2 004398b0 f   Common:Utils.obj
 0001:000388b8       __unwindfunclet$?GetFileVersion@Win32@OnlineGameLib@@YA?AV?$basic_string@DU?$char_traits@D@std@@V?$allocator@D@2@@std@@XZ$3 004398b8 f   Common:Utils.obj
 0001:000388c3       __unwindfunclet$?GetFileVersion@Win32@OnlineGameLib@@YA?AV?$basic_string@DU?$char_traits@D@std@@V?$allocator@D@2@@std@@XZ$4 004398c3 f   Common:Utils.obj
 0001:000388cb       __ehhandler$?GetFileVersion@Win32@OnlineGameLib@@YA?AV?$basic_string@DU?$char_traits@D@std@@V?$allocator@D@2@@std@@XZ 004398cb f   Common:Utils.obj
 0001:00038900       __unwindfunclet$??1?$basic_filebuf@DU?$char_traits@D@std@@@std@@UAE@XZ$0 00439900 f   Common:Utils.obj
 0001:00038908       __ehhandler$??1?$basic_filebuf@DU?$char_traits@D@std@@@std@@UAE@XZ 00439908 f   Common:Utils.obj
 0001:00038930       __unwindfunclet$??$use_facet@V?$ctype@D@std@@@std@@YAABV?$ctype@D@0@ABVlocale@0@@Z$0 00439930 f   Common:Utils.obj
 0001:00038938       __ehhandler$??$use_facet@V?$ctype@D@std@@@std@@YAABV?$ctype@D@0@ABVlocale@0@@Z 00439938 f   Common:Utils.obj
 0001:00038960       __unwindfunclet$??0?$codecvt@DDH@std@@QAE@I@Z$0 00439960 f   Common:Utils.obj
 0001:0003896b       __ehhandler$??0?$codecvt@DDH@std@@QAE@I@Z 0043996b f   Common:Utils.obj
 0001:000389a0       __unwindfunclet$??1?$basic_fstream@DU?$char_traits@D@std@@@std@@UAE@XZ$0 004399a0 f   Common:Utils.obj
 0001:000389ab       __ehhandler$??1?$basic_fstream@DU?$char_traits@D@std@@@std@@UAE@XZ 004399ab f   Common:Utils.obj
 0001:000389d0       __unwindfunclet$?widen@?$basic_ios@DU?$char_traits@D@std@@@std@@QBEDD@Z$0 004399d0 f   Common:Utils.obj
 0001:000389d8       __ehhandler$?widen@?$basic_ios@DU?$char_traits@D@std@@@std@@QBEDD@Z 004399d8 f   Common:Utils.obj
 0001:00038a00       __unwindfunclet$?_Getcat@?$codecvt@DDH@std@@SAIPAPBVfacet@locale@2@@Z$0 00439a00 f   Common:Utils.obj
 0001:00038a0b       __ehhandler$?_Getcat@?$codecvt@DDH@std@@SAIPAPBVfacet@locale@2@@Z 00439a0b f   Common:Utils.obj
 0001:00038a30       __unwindfunclet$??$use_facet@V?$codecvt@DDH@std@@@std@@YAABV?$codecvt@DDH@0@ABVlocale@0@@Z$0 00439a30 f   Common:Utils.obj
 0001:00038a38       __ehhandler$??$use_facet@V?$codecvt@DDH@std@@@std@@YAABV?$codecvt@DDH@0@ABVlocale@0@@Z 00439a38 f   Common:Utils.obj
 0001:00038a60       __unwindfunclet$??0?$basic_istream@DU?$char_traits@D@std@@@std@@QAE@PAV?$basic_streambuf@DU?$char_traits@D@std@@@1@_N@Z$0 00439a60 f   Common:Utils.obj
 0001:00038a7c       __ehhandler$??0?$basic_istream@DU?$char_traits@D@std@@@std@@QAE@PAV?$basic_streambuf@DU?$char_traits@D@std@@@1@_N@Z 00439a7c f   Common:Utils.obj
 0001:00038aa0       __unwindfunclet$??0?$basic_iostream@DU?$char_traits@D@std@@@std@@QAE@PAV?$basic_streambuf@DU?$char_traits@D@std@@@1@@Z$0 00439aa0 f   Common:Utils.obj
 0001:00038abc       __unwindfunclet$??0?$basic_iostream@DU?$char_traits@D@std@@@std@@QAE@PAV?$basic_streambuf@DU?$char_traits@D@std@@@1@@Z$1 00439abc f   Common:Utils.obj
 0001:00038ac7       __ehhandler$??0?$basic_iostream@DU?$char_traits@D@std@@@std@@QAE@PAV?$basic_streambuf@DU?$char_traits@D@std@@@1@@Z 00439ac7 f   Common:Utils.obj
 0001:00038af0       __unwindfunclet$??0?$basic_fstream@DU?$char_traits@D@std@@@std@@QAE@XZ$0 00439af0 f   Common:Utils.obj
 0001:00038b0c       __unwindfunclet$??0?$basic_fstream@DU?$char_traits@D@std@@@std@@QAE@XZ$1 00439b0c f   Common:Utils.obj
 0001:00038b17       __ehhandler$??0?$basic_fstream@DU?$char_traits@D@std@@@std@@QAE@XZ 00439b17 f   Common:Utils.obj
 0001:00038b32       __unwindfunclet$?_Locimp_dtor@_Locimp@locale@std@@CAXPAV123@@Z$0 00439b32 f   libcpmt:locale0.obj
 0001:00038b3a       __ehhandler$?_Locimp_dtor@_Locimp@locale@std@@CAXPAV123@@Z 00439b3a f   libcpmt:locale0.obj
 0001:00038b55       __unwindfunclet$??0_Locimp@locale@std@@AAE@_N@Z$0 00439b55 f   libcpmt:locale0.obj
 0001:00038b5d       __ehhandler$??0_Locimp@locale@std@@AAE@_N@Z 00439b5d f   libcpmt:locale0.obj
 0001:00038b78       __unwindfunclet$??1_Locimp@locale@std@@MAE@XZ$0 00439b78 f   libcpmt:locale0.obj
 0001:00038b80       __unwindfunclet$??1_Locimp@locale@std@@MAE@XZ$1 00439b80 f   libcpmt:locale0.obj
 0001:00038b8b       __ehhandler$??1_Locimp@locale@std@@MAE@XZ 00439b8b f   libcpmt:locale0.obj
 0001:00038ba6       __unwindfunclet$?_Init@locale@std@@CAPAV_Locimp@12@XZ$0 00439ba6 f   libcpmt:locale0.obj
 0001:00038bae       __unwindfunclet$?_Init@locale@std@@CAPAV_Locimp@12@XZ$1 00439bae f   libcpmt:locale0.obj
 0001:00038bb8       __ehhandler$?_Init@locale@std@@CAPAV_Locimp@12@XZ 00439bb8 f   libcpmt:locale0.obj
 0001:00038bd3       __unwindfunclet$?empty@locale@std@@SA?AV12@XZ$0 00439bd3 f   libcpmt:locale0.obj
 0001:00038bdd       __ehhandler$?empty@locale@std@@SA?AV12@XZ 00439bdd f   libcpmt:locale0.obj
 0001:00038bf8       __unwindfunclet$?_Xlen@_String_base@std@@SAXXZ$0 00439bf8 f   libcpmt:string.obj
 0001:00038c00       __ehhandler$?_Xlen@_String_base@std@@SAXXZ 00439c00 f   libcpmt:string.obj
 0001:00038c1b       __unwindfunclet$?_Xran@_String_base@std@@SAXXZ$0 00439c1b f   libcpmt:string.obj
 0001:00038c23       __ehhandler$?_Xran@_String_base@std@@SAXXZ 00439c23 f   libcpmt:string.obj
 0001:00038c3e       __unwindfunclet$?_Xinvarg@_String_base@std@@SAXXZ$0 00439c3e f   libcpmt:string.obj
 0001:00038c46       __ehhandler$?_Xinvarg@_String_base@std@@SAXXZ 00439c46 f   libcpmt:string.obj
 0001:00038c61       __unwindfunclet$??0?$basic_ostream@DU?$char_traits@D@std@@@std@@QAE@PAV?$basic_streambuf@DU?$char_traits@D@std@@@1@_N@Z$0 00439c61 f   libcpmt:cout.obj
 0001:00038c7d       __ehhandler$??0?$basic_ostream@DU?$char_traits@D@std@@@std@@QAE@PAV?$basic_streambuf@DU?$char_traits@D@std@@@1@_N@Z 00439c7d f   libcpmt:cout.obj
 0001:00038c98       __ehhandler$?CallUnexpected@@YAXPBU_s_ESTypeList@@@Z 00439c98 f   LIBCMT:frame.obj
 0001:00038cc0       ??__Eg_theHeavenLibrary@@YAXXZ 00439cc0 f   KSOServer.obj
 0001:00038ce0       ??__Eg_theRainbowLibrary@@YAXXZ 00439ce0 f   KSOServer.obj
 0001:00038d00       ??__Eg_SocketInit@@YAXXZ   00439d00 f   KSOServer.obj
 0001:00038d20       ??__Eg_csFlow@@YAXXZ       00439d20 f   KSOServer.obj
 0001:00038d40       ??__Em_theRecv@@YAXXZ      00439d40 f   KSOServer.obj
 0001:00038d60       ??__Em_theSend@@YAXXZ      00439d60 f   KSOServer.obj
 0001:00038d80       ??__Eg_SOServer@@YAXXZ     00439d80 f   KSOServer.obj
 0001:00038da0       ??__Es_criticalSection@Win32@OnlineGameLib@@YAXXZ 00439da0 f   Common:Utils.obj
 0001:00038dc0       ??__Es_debugOut@Win32@OnlineGameLib@@YAXXZ 00439dc0 f   Common:Utils.obj
 0001:00038de0       ??__Es_logFileName@Win32@OnlineGameLib@@YAXXZ 00439de0 f   Common:Utils.obj
 0001:00038dfd       ??__Einitlocks@std@@YAXXZ  00439dfd f   libcpmt:xlock.obj
 0001:00038e13       ??__Eclassic_locale@std@@YAXXZ 00439e13 f   libcpmt:locale0.obj
 0001:00038e1f       ??__Einitlocks@@YAXXZ      00439e1f f   libcpmt:cout.obj
 0001:00038e35       ??__Efout@std@@YAXXZ       00439e35 f   libcpmt:cout.obj
 0001:00038e54       ??__Ecout@std@@YAXXZ       00439e54 f   libcpmt:cout.obj
 0001:00038e73       ??__Einit_cout@std@@YAXXZ  00439e73 f   libcpmt:cout.obj
 0001:00038e7d       ??__Einitlocks@std@@YAXXZ  00439e7d f   libcpmt:iosptrs.obj
 0001:00038e93       ??__Einit_atexit@@YAXXZ    00439e93 f   libcpmt:iosptrs.obj
 0001:00038ea0       ??__Fg_theHeavenLibrary@@YAXXZ 00439ea0 f   KSOServer.obj
 0001:00038eb0       ??__Fg_theRainbowLibrary@@YAXXZ 00439eb0 f   KSOServer.obj
 0001:00038ec0       ??__Fg_SocketInit@@YAXXZ   00439ec0 f   KSOServer.obj
 0001:00038ed0       ??__Fg_csFlow@@YAXXZ       00439ed0 f   KSOServer.obj
 0001:00038ee0       ??__Fm_theRecv@@YAXXZ      00439ee0 f   KSOServer.obj
 0001:00038ef0       ??__Fm_theSend@@YAXXZ      00439ef0 f   KSOServer.obj
 0001:00038f00       ??__Fg_SOServer@@YAXXZ     00439f00 f   KSOServer.obj
 0001:00038f10       ??__Fs_criticalSection@Win32@OnlineGameLib@@YAXXZ 00439f10 f   Common:Utils.obj
 0001:00038f20       ??__Fs_logFileName@Win32@OnlineGameLib@@YAXXZ 00439f20 f   Common:Utils.obj
 0001:00038f50       ??__Fname@?1??GetAppFullPath@Win32@OnlineGameLib@@YA?AV?$basic_string@DU?$char_traits@D@std@@V?$allocator@D@2@@std@@PAUHINSTANCE__@@@Z@YAXXZ 00439f50 f   Common:Utils.obj
 0001:00038f80       ??__Fname@?1??GetComputerNameA@Win32@OnlineGameLib@@YA?AV?$basic_string@DU?$char_traits@D@std@@V?$allocator@D@2@@std@@XZ@YAXXZ 00439f80 f   Common:Utils.obj
 0001:00038fb0       ??__Fname@?1??GetModuleFileNameA@Win32@OnlineGameLib@@YA?AV?$basic_string@DU?$char_traits@D@std@@V?$allocator@D@2@@std@@PAUHINSTANCE__@@@Z@YAXXZ 00439fb0 f   Common:Utils.obj
 0001:00038fe0       ??__Fname@?1??GetUserNameA@Win32@OnlineGameLib@@YA?AV?$basic_string@DU?$char_traits@D@std@@V?$allocator@D@2@@std@@XZ@YAXXZ 00439fe0 f   Common:Utils.obj
 0001:00039010       ??__Fversion@?1??GetFileVersion@Win32@OnlineGameLib@@YA?AV?$basic_string@DU?$char_traits@D@std@@V?$allocator@D@2@@std@@XZ@YAXXZ 0043a010 f   Common:Utils.obj
 0001:00039040       ??__Fs_debugOut@Win32@OnlineGameLib@@YAXXZ 0043a040 f   Common:Utils.obj
 0001:00039060       ??__Finitlocks@std@@YAXXZ  0043a060 f   libcpmt:xlock.obj
 0001:0003906a       ??__Fclassic_locale@std@@YAXXZ 0043a06a f   libcpmt:locale0.obj
 0001:00039074       ??__Finitlocks@@YAXXZ      0043a074 f   libcpmt:cout.obj
 0001:0003907e       ??__Fcout@std@@YAXXZ       0043a07e f   libcpmt:cout.obj
 0001:00039088       ??__Ffout@std@@YAXXZ       0043a088 f   libcpmt:cout.obj
 0001:00039092       ??__Finitlocks@std@@YAXXZ  0043a092 f   libcpmt:iosptrs.obj
 0001:0003909c       ??__Finit_atexit@@YAXXZ    0043a09c f   libcpmt:iosptrs.obj
 0001:000390a6       ??__Fnomem@?5???2@YAPAXI@Z@YAXXZ 0043a0a6 f   LIBCMT:new.obj
