 Heaven

 Timestamp is 507eb51b (Wed Oct 17 20:39:39 2012)

 Preferred load address is 10000000

 Start         Length     Name                   Class
 0001:00000000 0003a6c4H .text                   CODE
 0001:0003a6d0 000027a5H .text$x                 CODE
 0001:0003ce80 000000b1H .text$yc                CODE
 0001:0003cf40 0000018cH .text$yd                CODE
 0002:00000000 00000228H .idata$5                DATA
 0002:00000228 00000004H .CRT$XCA                DATA
 0002:0000022c 0000000cH .CRT$XCC                DATA
 0002:00000238 00000014H .CRT$XCU                DATA
 0002:0000024c 00000004H .CRT$XCZ                DATA
 0002:00000250 00000004H .CRT$XIA                DATA
 0002:00000254 00000014H .CRT$XIC                DATA
 0002:00000268 00000004H .CRT$XID                DATA
 0002:0000026c 00000004H .CRT$XIZ                DATA
 0002:00000270 00000004H .CRT$XPA                DATA
 0002:00000274 00000004H .CRT$XPX                DATA
 0002:00000278 00000004H .CRT$XPXA               DATA
 0002:0000027c 00000004H .CRT$XPZ                DATA
 0002:00000280 00000004H .CRT$XTA                DATA
 0002:00000284 00000004H .CRT$XTZ                DATA
 0002:00000290 00003d70H .rdata                  DATA
 0002:00004000 00000060H .rdata$debug            DATA
 0002:00004060 00001160H .rdata$r                DATA
 0002:000051c0 000002b4H .rdata$sxdata           DATA
 0002:00005474 00000004H .rtc$IAA                DATA
 0002:00005478 00000004H .rtc$IZZ                DATA
 0002:0000547c 00000004H .rtc$TAA                DATA
 0002:00005480 00000004H .rtc$TZZ                DATA
 0002:00005488 00003768H .xdata$x                DATA
 0002:00008bf0 00000004H ATL$__a                 DATA
 0002:00008bf4 00000004H ATL$__z                 DATA
 0002:00008bf8 00000064H .idata$2                DATA
 0002:00008c5c 00000014H .idata$3                DATA
 0002:00008c70 00000228H .idata$4                DATA
 0002:00008e98 000008a8H .idata$6                DATA
 0002:00009740 0000004dH .edata                  DATA
 0003:00000000 00001cb8H .data                   DATA
 0003:00001cc0 0000204cH .bss                    DATA

  Address         Publics by Value              Rva+Base       Lib:Object

 0000:00000000       __except_list              00000000     <absolute>
 0000:000000ad       ___safe_se_handler_count   000000ad     <absolute>
 0000:00000000       ___ImageBase               10000000     <linker-defined>
 0001:00000000       _DllMain@12                10001000 f   Heaven.obj
 0001:00000010       _IsEqualGUID               10001010 f i ServerStage.obj
 0001:000000b0       _==                        100010b0 f i ServerStage.obj
 0001:000000c0       ??0bad_alloc@std@@QAE@PBD@Z 100010c0 f i ServerStage.obj
 0001:000000e0       ??1bad_alloc@std@@UAE@XZ   100010e0 f i ServerStage.obj
 0001:000000f0       ??_Gbad_alloc@std@@UAEPAXI@Z 100010f0 f i ServerStage.obj
 0001:000000f0       ??_Ebad_alloc@std@@UAEPAXI@Z 100010f0 f i ServerStage.obj
 0001:00000120       ??2@YAPAXIPAX@Z            10001120 f i ServerStage.obj
 0001:00000130       ??3@YAXPAX0@Z              10001130 f i ServerStage.obj
 0001:00000140       ?assign@?$char_traits@D@std@@SAXAADABD@Z 10001140 f i ServerStage.obj
 0001:00000150       ?length@?$char_traits@D@std@@SAIPBD@Z 10001150 f i ServerStage.obj
 0001:00000170       ?_Copy_s@?$char_traits@D@std@@SAPADPADIPBDI@Z 10001170 f i ServerStage.obj
 0001:000001a0       ?_Move_s@?$char_traits@D@std@@SAPADPADIPBDI@Z 100011a0 f i ServerStage.obj
 0001:000001d0       ?to_int_type@?$char_traits@D@std@@SAHABD@Z 100011d0 f i ServerStage.obj
 0001:000001e0       ?eq_int_type@?$char_traits@D@std@@SA_NABH0@Z 100011e0 f i ServerStage.obj
 0001:00000200       ?eof@?$char_traits@D@std@@SAHXZ 10001200 f i ServerStage.obj
 0001:00000210       ??0_Iterator_base@std@@QAE@XZ 10001210 f i ServerStage.obj
 0001:00000220       ?_Getctype@_Locinfo@std@@QBE?AU_Ctypevec@@XZ 10001220 f i ServerStage.obj
 0001:00000250       ?_Getcvt@_Locinfo@std@@QBE?AU_Cvtvec@@XZ 10001250 f i ServerStage.obj
 0001:00000270       ??0id@locale@std@@QAE@I@Z  10001270 f i ServerStage.obj
 0001:00000280       ??Bid@locale@std@@QAEIXZ   10001280 f i ServerStage.obj
 0001:000002c0       ?_Incref@facet@locale@std@@QAEXXZ 100012c0 f i ServerStage.obj
 0001:000002f0       ?_Decref@facet@locale@std@@QAEPAV123@XZ 100012f0 f i ServerStage.obj
 0001:00000330       ?_Register@facet@locale@std@@QAEXXZ 10001330 f i ServerStage.obj
 0001:00000340       ??1facet@locale@std@@UAE@XZ 10001340 f i ServerStage.obj
 0001:00000350       ??0facet@locale@std@@IAE@I@Z 10001350 f i ServerStage.obj
 0001:00000370       ??0locale@std@@QAE@XZ      10001370 f i ServerStage.obj
 0001:000003b0       ??0locale@std@@QAE@ABV01@@Z 100013b0 f i ServerStage.obj
 0001:000003f0       ??1locale@std@@QAE@XZ      100013f0 f i ServerStage.obj
 0001:00000440       ?_Getfacet@locale@std@@QBEPBVfacet@12@I@Z 10001440 f i ServerStage.obj
 0001:00000480       ??_Gfacet@locale@std@@UAEPAXI@Z 10001480 f i ServerStage.obj
 0001:00000480       ??_Efacet@locale@std@@UAEPAXI@Z 10001480 f i ServerStage.obj
 0001:000004a0       ??0ctype_base@std@@QAE@I@Z 100014a0 f i ServerStage.obj
 0001:000004c0       ??1ctype_base@std@@UAE@XZ  100014c0 f i ServerStage.obj
 0001:000004d0       ??_Gctype_base@std@@UAEPAXI@Z 100014d0 f i ServerStage.obj
 0001:000004d0       ??_Ectype_base@std@@UAEPAXI@Z 100014d0 f i ServerStage.obj
 0001:000004f0       ?widen@?$ctype@D@std@@QBEDD@Z 100014f0 f i ServerStage.obj
 0001:00000500       ?_Init@?$ctype@D@std@@IAEXABV_Locinfo@2@@Z 10001500 f i ServerStage.obj
 0001:00000540       ?_Tidy@?$ctype@D@std@@IAEXXZ 10001540 f i ServerStage.obj
 0001:00000570       ?rdstate@ios_base@std@@QBEHXZ 10001570 f i ServerStage.obj
 0001:00000580       ?good@ios_base@std@@QBE_NXZ 10001580 f i ServerStage.obj
 0001:00000590       ?fail@ios_base@std@@QBE_NXZ 10001590 f i ServerStage.obj
 0001:000005a0       ?flags@ios_base@std@@QBEHXZ 100015a0 f i ServerStage.obj
 0001:000005b0       ?getloc@ios_base@std@@QBE?AVlocale@2@XZ 100015b0 f i ServerStage.obj
 0001:000005f0       ??1ios_base@std@@UAE@XZ    100015f0 f i ServerStage.obj
 0001:00000600       ??0ios_base@std@@IAE@XZ    10001600 f i ServerStage.obj
 0001:00000610       ??_Gios_base@std@@UAEPAXI@Z 10001610 f i ServerStage.obj
 0001:00000610       ??_Eios_base@std@@UAEPAXI@Z 10001610 f i ServerStage.obj
 0001:00000640       ??0Thank_you@Define_the_symbol__ATL_MIXED@@QAE@XZ 10001640 f i ServerStage.obj
 0001:00000650       ?one@Thank_you@Define_the_symbol__ATL_MIXED@@UAEXXZ 10001650 f i ServerStage.obj
 0001:00000660       ?_AtlGetConversionACP@ATL@@YGIXZ 10001660 f i ServerStage.obj
 0001:00000670       ??0IUnknown@@QAE@XZ        10001670 f i ServerStage.obj
 0001:00000680       ?Enter@CCriticalSection@Win32@OnlineGameLib@@QAEXXZ 10001680 f i ServerStage.obj
 0001:00000690       ?Leave@CCriticalSection@Win32@OnlineGameLib@@QAEXXZ 10001690 f i ServerStage.obj
 0001:000006a0       ??0CCriticalSection@Win32@OnlineGameLib@@QAE@XZ 100016a0 f i ServerStage.obj
 0001:000006b0       ??1CCriticalSection@Win32@OnlineGameLib@@QAE@XZ 100016b0 f i ServerStage.obj
 0001:000006c0       ??0Owner@CCriticalSection@Win32@OnlineGameLib@@QAE@AAV123@@Z 100016c0 f i ServerStage.obj
 0001:000006e0       ??1Owner@CCriticalSection@Win32@OnlineGameLib@@QAE@XZ 100016e0 f i ServerStage.obj
 0001:000006f0       ?GetUserPtr@COpaqueUserData@OnlineGameLib@@QBEPAXXZ 100016f0 f i ServerStage.obj
 0001:00000700       ?SetUserPtr@COpaqueUserData@OnlineGameLib@@QAEXPAX@Z 10001700 f i ServerStage.obj
 0001:00000710       ?SetUserData@COpaqueUserData@OnlineGameLib@@QAEXK@Z 10001710 f i ServerStage.obj
 0001:00000720       ?_trace@@YAXPBDZZ          10001720 f i ServerStage.obj
 0001:00000730       ?GetUsed@CIOBuffer@Win32@OnlineGameLib@@QBEIXZ 10001730 f i ServerStage.obj
 0001:00000740       ?GetSize@CIOBuffer@Win32@OnlineGameLib@@QBEIXZ 10001740 f i ServerStage.obj
 0001:00000750       ?GetBuffer@CIOBuffer@Win32@OnlineGameLib@@QBEPBEXZ 10001750 f i ServerStage.obj
 0001:00000760       ?SetMessageCallback@Socket@CSocketServer@Win32@OnlineGameLib@@QAEXPAUIMessageProcess@@@Z 10001760 f i ServerStage.obj
 0001:00000770       ?GetMessageCallback@Socket@CSocketServer@Win32@OnlineGameLib@@QBEPAUIMessageProcess@@XZ 10001770 f i ServerStage.obj
 0001:00000790       ?KSG_DecodeBuf@@YAHIPAEPAI@Z 10001790 f i ServerStage.obj
 0001:000007c0       ?KSG_EncodeBuf@@YAHIPAEPAI@Z 100017c0 f i ServerStage.obj
 0001:000007f0       ?SetConnectionFirstParam@CPerConnectionData@@QAEXI@Z 100017f0 f i ServerStage.obj
 0001:00000800       ?GetConnectionFirstParam@CPerConnectionData@@QBEIXZ 10001800 f i ServerStage.obj
 0001:00000810       ?GetConnectionSecondParam@CPerConnectionData@@QBEJXZ 10001810 f i ServerStage.obj
 0001:00000870       ??0IServer@@QAE@XZ         10001870 f i ServerStage.obj
 0001:00000880       ??0tagClientNode@CIOCPServer@@QAE@XZ 10001880 f i ServerStage.obj
 0001:000008a0       ??1tagClientNode@CIOCPServer@@QAE@XZ 100018a0 f i ServerStage.obj
 0001:000008c0       ?RegisterMsgFilter@CIOCPServer@@UAGJPAXP6GX0ABK1@Z@Z 100018c0 f   ServerStage.obj
 0001:000008e0       ?PreparePackSink@CIOCPServer@@UAGJXZ 100018e0 f   ServerStage.obj
 0001:000008f0       ?QueryInterface@CIOCPServer@@UAGJABU_GUID@@PAPAX@Z 100018f0 f   ServerStage.obj
 0001:00000950       ?AddRef@CIOCPServer@@UAGKXZ 10001950 f   ServerStage.obj
 0001:00000970       ?Release@CIOCPServer@@UAGKXZ 10001970 f   ServerStage.obj
 0001:000009b0       ?OnConnectionClosing@CIOCPServer@@MAE_NPAVSocket@CSocketServer@Win32@OnlineGameLib@@@Z 100019b0 f   ServerStage.obj
 0001:000009d0       ?GetMinimumMessageSize@CIOCPServer@@IAEIXZ 100019d0 f   ServerStage.obj
 0001:000009e0       ?GetMessageSize@CIOCPServer@@IAEIPBVCIOBuffer@Win32@OnlineGameLib@@@Z 100019e0 f   ServerStage.obj
 0001:000009f0       ??0IServerFactory@@QAE@XZ  100019f0 f i ServerStage.obj
 0001:00000a00       ??1CServerFactory@@UAE@XZ  10001a00 f   ServerStage.obj
 0001:00000a10       ?SetEnvironment@CServerFactory@@UAGJABI000@Z 10001a10 f   ServerStage.obj
 0001:00000a40       ?QueryInterface@CServerFactory@@UAGJABU_GUID@@PAPAX@Z 10001a40 f   ServerStage.obj
 0001:00000aa0       ?AddRef@CServerFactory@@UAGKXZ 10001aa0 f   ServerStage.obj
 0001:00000ac0       ?Release@CServerFactory@@UAGKXZ 10001ac0 f   ServerStage.obj
 0001:00000b00       ?size@?$basic_string@DU?$char_traits@D@std@@V?$allocator@D@2@@std@@QBEIXZ 10001b00 f i ServerStage.obj
 0001:00000b10       ??1?$basic_ostream@DU?$char_traits@D@std@@@std@@UAE@XZ 10001b10 f i ServerStage.obj
 0001:00000b20       ??1?$basic_ios@DU?$char_traits@D@std@@@std@@UAE@XZ 10001b20 f i ServerStage.obj
 0001:00000b30       ?rdbuf@?$basic_ios@DU?$char_traits@D@std@@@std@@QBEPAV?$basic_streambuf@DU?$char_traits@D@std@@@2@XZ 10001b30 f i ServerStage.obj
 0001:00000b40       ??0?$basic_ios@DU?$char_traits@D@std@@@std@@IAE@XZ 10001b40 f i ServerStage.obj
 0001:00000b50       ??1?$basic_istream@DU?$char_traits@D@std@@@std@@UAE@XZ 10001b50 f i ServerStage.obj
 0001:00000b60       ?eback@?$basic_streambuf@DU?$char_traits@D@std@@@std@@IBEPADXZ 10001b60 f i ServerStage.obj
 0001:00000b70       ?gptr@?$basic_streambuf@DU?$char_traits@D@std@@@std@@IBEPADXZ 10001b70 f i ServerStage.obj
 0001:00000b80       ?pbase@?$basic_streambuf@DU?$char_traits@D@std@@@std@@IBEPADXZ 10001b80 f i ServerStage.obj
 0001:00000b90       ?pptr@?$basic_streambuf@DU?$char_traits@D@std@@@std@@IBEPADXZ 10001b90 f i ServerStage.obj
 0001:00000ba0       ?setg@?$basic_streambuf@DU?$char_traits@D@std@@@std@@IAEXPAD00@Z 10001ba0 f i ServerStage.obj
 0001:00000bc0       ?epptr@?$basic_streambuf@DU?$char_traits@D@std@@@std@@IBEPADXZ 10001bc0 f i ServerStage.obj
 0001:00000bd0       ?setp@?$basic_streambuf@DU?$char_traits@D@std@@@std@@IAEXPAD0@Z 10001bd0 f i ServerStage.obj
 0001:00000bf0       ?setp@?$basic_streambuf@DU?$char_traits@D@std@@@std@@IAEXPAD00@Z 10001bf0 f i ServerStage.obj
 0001:00000c10       ?_Pninc@?$basic_streambuf@DU?$char_traits@D@std@@@std@@IAEPADXZ 10001c10 f i ServerStage.obj
 0001:00000c30       ?_Init@?$basic_streambuf@DU?$char_traits@D@std@@@std@@IAEXXZ 10001c30 f i ServerStage.obj
 0001:00000c90       ??1?$basic_iostream@DU?$char_traits@D@std@@@std@@UAE@XZ 10001c90 f i ServerStage.obj
 0001:00000cd0       ?size@?$list@IV?$allocator@I@std@@@std@@QBEIXZ 10001cd0 f i ServerStage.obj
 0001:00000ce0       ??_E?$basic_ios@DU?$char_traits@D@std@@@std@@UAEPAXI@Z 10001ce0 f i ServerStage.obj
 0001:00000ce0       ??_G?$basic_ios@DU?$char_traits@D@std@@@std@@UAEPAXI@Z 10001ce0 f i ServerStage.obj
 0001:00000d10       ??_Glocale@std@@QAEPAXI@Z  10001d10 f i ServerStage.obj
 0001:00000d80       ??_D?$basic_ostream@DU?$char_traits@D@std@@@std@@QAEXXZ 10001d80 f i ServerStage.obj
 0001:00000da0       ??_D?$basic_istream@DU?$char_traits@D@std@@@std@@QAEXXZ 10001da0 f i ServerStage.obj
 0001:00000dc0       ??_D?$basic_iostream@DU?$char_traits@D@std@@@std@@QAEXXZ 10001dc0 f i ServerStage.obj
 0001:00000e10       ?_Myptr@?$basic_string@DU?$char_traits@D@std@@V?$allocator@D@2@@std@@IBEPBDXZ 10001e10 f i ServerStage.obj
 0001:00000e20       ??0?$allocator@D@std@@QAE@XZ 10001e20 f i ServerStage.obj
 0001:00000e30       ??0?$basic_ostream@DU?$char_traits@D@std@@@std@@QAE@W4_Uninitialized@1@_N@Z 10001e30 f i ServerStage.obj
 0001:00000ec0       ?pubsync@?$basic_streambuf@DU?$char_traits@D@std@@@std@@QAEHXZ 10001ec0 f i ServerStage.obj
 0001:00000ed0       ?_Unlock@?$basic_streambuf@DU?$char_traits@D@std@@@std@@QAEXXZ 10001ed0 f i ServerStage.obj
 0001:00000ee0       ?_Pnavail@?$basic_streambuf@DU?$char_traits@D@std@@@std@@IBEHXZ 10001ee0 f i ServerStage.obj
 0001:00000f00       ??R?$less@I@std@@QBE_NABI0@Z 10001f00 f i ServerStage.obj
 0001:00000f20       ??0?$allocator@I@std@@QAE@XZ 10001f20 f i ServerStage.obj
 0001:00000f30       ??0?$allocator@U?$pair@$$CBIPAUtagClientNode@CIOCPServer@@@std@@@std@@QAE@XZ 10001f30 f i ServerStage.obj
 0001:00000f40       ?empty@?$deque@IV?$allocator@I@std@@@std@@QBE_NXZ 10001f40 f i ServerStage.obj
 0001:00000f50       ?_Nextnode@?$list@IV?$allocator@I@std@@@std@@KAAAPAU_Node@?$_List_nod@IV?$allocator@I@std@@@2@PAU342@@Z 10001f50 f i ServerStage.obj
 0001:00000f60       ?empty@?$deque@PAXV?$allocator@PAX@std@@@std@@QBE_NXZ 10001f60 f i ServerStage.obj
 0001:00000f70       ??8?$_Const_iterator@$00@?$list@IV?$allocator@I@std@@@std@@QBE_NABV012@@Z 10001f70 f i ServerStage.obj
 0001:00000fa0       ??8const_iterator@?$_Tree@V?$_Tmap_traits@IPAUtagClientNode@CIOCPServer@@U?$less@I@std@@V?$allocator@U?$pair@$$CBIPAUtagClientNode@CIOCPServer@@@std@@@4@$0A@@std@@@std@@QBE_NABV012@@Z 10001fa0 f i ServerStage.obj
 0001:00000fd0       ?_Mynode@const_iterator@?$_Tree@V?$_Tmap_traits@IPAUtagClientNode@CIOCPServer@@U?$less@I@std@@V?$allocator@U?$pair@$$CBIPAUtagClientNode@CIOCPServer@@@std@@@4@$0A@@std@@@std@@QBEPAU_Node@?$_Tree_nod@V?$_Tmap_traits@IPAUtagClientNode@CIOCPServer@@U?$less@I@std@@V?$allocator@U?$pair@$$CBIPAUtagClientNode@CIOCPServer@@@std@@@4@$0A@@std@@@3@XZ 10001fd0 f i ServerStage.obj
 0001:00000fe0       ??0?$pair@$$CBIPAUtagClientNode@CIOCPServer@@@std@@QAE@ABIABQAUtagClientNode@CIOCPServer@@@Z 10001fe0 f i ServerStage.obj
 0001:00001000       ??Bsentry@?$basic_ostream@DU?$char_traits@D@std@@@std@@QBE_NXZ 10002000 f i ServerStage.obj
 0001:00001010       ??0?$_Bidit@IHPBIABI@std@@QAE@XZ 10002010 f i ServerStage.obj
 0001:00001020       ??0?$_Bidit@U?$pair@$$CBIPAUtagClientNode@CIOCPServer@@@std@@HPBU12@ABU12@@std@@QAE@XZ 10002020 f i ServerStage.obj
 0001:00001030       ?_Myptr@?$basic_string@DU?$char_traits@D@std@@V?$allocator@D@2@@std@@IAEPADXZ 10002030 f i ServerStage.obj
 0001:00001040       ??0?$allocator@D@std@@QAE@ABV01@@Z 10002040 f i ServerStage.obj
 0001:00001050       ?deallocate@?$allocator@D@std@@QAEXPADI@Z 10002050 f i ServerStage.obj
 0001:00001060       ?tie@?$basic_ios@DU?$char_traits@D@std@@@std@@QBEPAV?$basic_ostream@DU?$char_traits@D@std@@@2@XZ 10002060 f i ServerStage.obj
 0001:00001070       ?_Lock@?$basic_streambuf@DU?$char_traits@D@std@@@std@@QAEXXZ 10002070 f i ServerStage.obj
 0001:00001080       ??0?$allocator@I@std@@QAE@ABV01@@Z 10002080 f i ServerStage.obj
 0001:00001090       ?deallocate@?$allocator@I@std@@QAEXPAII@Z 10002090 f i ServerStage.obj
 0001:000010a0       ?_Color@?$_Tree@V?$_Tmap_traits@IPAUtagClientNode@CIOCPServer@@U?$less@I@std@@V?$allocator@U?$pair@$$CBIPAUtagClientNode@CIOCPServer@@@std@@@4@$0A@@std@@@std@@KAAADPAU_Node@?$_Tree_nod@V?$_Tmap_traits@IPAUtagClientNode@CIOCPServer@@U?$less@I@std@@V?$allocator@U?$pair@$$CBIPAUtagClientNode@CIOCPServer@@@std@@@4@$0A@@std@@@2@@Z 100020a0 f i ServerStage.obj
 0001:000010b0       ?_Isnil@?$_Tree@V?$_Tmap_traits@IPAUtagClientNode@CIOCPServer@@U?$less@I@std@@V?$allocator@U?$pair@$$CBIPAUtagClientNode@CIOCPServer@@@std@@@4@$0A@@std@@@std@@KAAADPAU_Node@?$_Tree_nod@V?$_Tmap_traits@IPAUtagClientNode@CIOCPServer@@U?$less@I@std@@V?$allocator@U?$pair@$$CBIPAUtagClientNode@CIOCPServer@@@std@@@4@$0A@@std@@@2@@Z 100020b0 f i ServerStage.obj
 0001:000010c0       ?_Left@?$_Tree@V?$_Tmap_traits@IPAUtagClientNode@CIOCPServer@@U?$less@I@std@@V?$allocator@U?$pair@$$CBIPAUtagClientNode@CIOCPServer@@@std@@@4@$0A@@std@@@std@@KAAAPAU_Node@?$_Tree_nod@V?$_Tmap_traits@IPAUtagClientNode@CIOCPServer@@U?$less@I@std@@V?$allocator@U?$pair@$$CBIPAUtagClientNode@CIOCPServer@@@std@@@4@$0A@@std@@@2@PAU342@@Z 100020c0 f i ServerStage.obj
 0001:000010d0       ?_Parent@?$_Tree@V?$_Tmap_traits@IPAUtagClientNode@CIOCPServer@@U?$less@I@std@@V?$allocator@U?$pair@$$CBIPAUtagClientNode@CIOCPServer@@@std@@@4@$0A@@std@@@std@@KAAAPAU_Node@?$_Tree_nod@V?$_Tmap_traits@IPAUtagClientNode@CIOCPServer@@U?$less@I@std@@V?$allocator@U?$pair@$$CBIPAUtagClientNode@CIOCPServer@@@std@@@4@$0A@@std@@@2@PAU342@@Z 100020d0 f i ServerStage.obj
 0001:000010e0       ?_Right@?$_Tree@V?$_Tmap_traits@IPAUtagClientNode@CIOCPServer@@U?$less@I@std@@V?$allocator@U?$pair@$$CBIPAUtagClientNode@CIOCPServer@@@std@@@4@$0A@@std@@@std@@KAAAPAU_Node@?$_Tree_nod@V?$_Tmap_traits@IPAUtagClientNode@CIOCPServer@@U?$less@I@std@@V?$allocator@U?$pair@$$CBIPAUtagClientNode@CIOCPServer@@@std@@@4@$0A@@std@@@2@PAU342@@Z 100020e0 f i ServerStage.obj
 0001:000010f0       ?_Myval@?$_Tree@V?$_Tmap_traits@IPAUtagClientNode@CIOCPServer@@U?$less@I@std@@V?$allocator@U?$pair@$$CBIPAUtagClientNode@CIOCPServer@@@std@@@4@$0A@@std@@@std@@KAAAU?$pair@$$CBIPAUtagClientNode@CIOCPServer@@@2@PAU_Node@?$_Tree_nod@V?$_Tmap_traits@IPAUtagClientNode@CIOCPServer@@U?$less@I@std@@V?$allocator@U?$pair@$$CBIPAUtagClientNode@CIOCPServer@@@std@@@4@$0A@@std@@@2@@Z 100020f0 f i ServerStage.obj
 0001:00001100       ?size@?$_Tree@V?$_Tmap_traits@IPAUtagClientNode@CIOCPServer@@U?$less@I@std@@V?$allocator@U?$pair@$$CBIPAUtagClientNode@CIOCPServer@@@std@@@4@$0A@@std@@@std@@QBEIXZ 10002100 f i ServerStage.obj
 0001:00001110       ?_Max@?$_Tree@V?$_Tmap_traits@IPAUtagClientNode@CIOCPServer@@U?$less@I@std@@V?$allocator@U?$pair@$$CBIPAUtagClientNode@CIOCPServer@@@std@@@4@$0A@@std@@@std@@KAPAU_Node@?$_Tree_nod@V?$_Tmap_traits@IPAUtagClientNode@CIOCPServer@@U?$less@I@std@@V?$allocator@U?$pair@$$CBIPAUtagClientNode@CIOCPServer@@@std@@@4@$0A@@std@@@2@PAU342@@Z 10002110 f i ServerStage.obj
 0001:00001130       ?_Min@?$_Tree@V?$_Tmap_traits@IPAUtagClientNode@CIOCPServer@@U?$less@I@std@@V?$allocator@U?$pair@$$CBIPAUtagClientNode@CIOCPServer@@@std@@@4@$0A@@std@@@std@@KAPAU_Node@?$_Tree_nod@V?$_Tmap_traits@IPAUtagClientNode@CIOCPServer@@U?$less@I@std@@V?$allocator@U?$pair@$$CBIPAUtagClientNode@CIOCPServer@@@std@@@4@$0A@@std@@@2@PAU342@@Z 10002130 f i ServerStage.obj
 0001:00001150       ?_Rmost@?$_Tree@V?$_Tmap_traits@IPAUtagClientNode@CIOCPServer@@U?$less@I@std@@V?$allocator@U?$pair@$$CBIPAUtagClientNode@CIOCPServer@@@std@@@4@$0A@@std@@@std@@IBEAAPAU_Node@?$_Tree_nod@V?$_Tmap_traits@IPAUtagClientNode@CIOCPServer@@U?$less@I@std@@V?$allocator@U?$pair@$$CBIPAUtagClientNode@CIOCPServer@@@std@@@4@$0A@@std@@@2@XZ 10002150 f i ServerStage.obj
 0001:00001160       ?_Root@?$_Tree@V?$_Tmap_traits@IPAUtagClientNode@CIOCPServer@@U?$less@I@std@@V?$allocator@U?$pair@$$CBIPAUtagClientNode@CIOCPServer@@@std@@@4@$0A@@std@@@std@@IBEAAPAU_Node@?$_Tree_nod@V?$_Tmap_traits@IPAUtagClientNode@CIOCPServer@@U?$less@I@std@@V?$allocator@U?$pair@$$CBIPAUtagClientNode@CIOCPServer@@@std@@@4@$0A@@std@@@2@XZ 10002160 f i ServerStage.obj
 0001:00001170       ?_Rrotate@?$_Tree@V?$_Tmap_traits@IPAUtagClientNode@CIOCPServer@@U?$less@I@std@@V?$allocator@U?$pair@$$CBIPAUtagClientNode@CIOCPServer@@@std@@@4@$0A@@std@@@std@@IAEXPAU_Node@?$_Tree_nod@V?$_Tmap_traits@IPAUtagClientNode@CIOCPServer@@U?$less@I@std@@V?$allocator@U?$pair@$$CBIPAUtagClientNode@CIOCPServer@@@std@@@4@$0A@@std@@@2@@Z 10002170 f i ServerStage.obj
 0001:000011d0       ?_Kfn@?$_Tmap_traits@IPAUtagClientNode@CIOCPServer@@U?$less@I@std@@V?$allocator@U?$pair@$$CBIPAUtagClientNode@CIOCPServer@@@std@@@4@$0A@@std@@SAABIABU?$pair@$$CBIPAUtagClientNode@CIOCPServer@@@2@@Z 100021d0 f i ServerStage.obj
 0001:000011e0       ??0?$allocator@U?$pair@$$CBIPAUtagClientNode@CIOCPServer@@@std@@@std@@QAE@ABV01@@Z 100021e0 f i ServerStage.obj
 0001:000011f0       ?deallocate@?$allocator@U_Node@?$_Tree_nod@V?$_Tmap_traits@IPAUtagClientNode@CIOCPServer@@U?$less@I@std@@V?$allocator@U?$pair@$$CBIPAUtagClientNode@CIOCPServer@@@std@@@4@$0A@@std@@@std@@@std@@QAEXPAU_Node@?$_Tree_nod@V?$_Tmap_traits@IPAUtagClientNode@CIOCPServer@@U?$less@I@std@@V?$allocator@U?$pair@$$CBIPAUtagClientNode@CIOCPServer@@@std@@@4@$0A@@std@@@2@I@Z 100021f0 f i ServerStage.obj
 0001:00001200       ?deallocate@?$allocator@PAI@std@@QAEXPAPAII@Z 10002200 f i ServerStage.obj
 0001:00001210       ?_Prevnode@?$list@IV?$allocator@I@std@@@std@@KAAAPAU_Node@?$_List_nod@IV?$allocator@I@std@@@2@PAU342@@Z 10002210 f i ServerStage.obj
 0001:00001220       ?_Myval@?$list@IV?$allocator@I@std@@@std@@KAAAIPAU_Node@?$_List_nod@IV?$allocator@I@std@@@2@@Z 10002220 f i ServerStage.obj
 0001:00001230       ?deallocate@?$allocator@U_Node@?$_List_nod@IV?$allocator@I@std@@@std@@@std@@QAEXPAU_Node@?$_List_nod@IV?$allocator@I@std@@@2@I@Z 10002230 f i ServerStage.obj
 0001:00001240       ??0?$allocator@PAX@std@@QAE@XZ 10002240 f i ServerStage.obj
 0001:00001250       ?deallocate@?$allocator@PAX@std@@QAEXPAPAXI@Z 10002250 f i ServerStage.obj
 0001:00001260       ?deallocate@?$allocator@PAPAX@std@@QAEXPAPAPAXI@Z 10002260 f i ServerStage.obj
 0001:00001270       ??0?$_Const_iterator@$00@?$list@IV?$allocator@I@std@@@std@@QAE@PAU_Node@?$_List_nod@IV?$allocator@I@std@@@2@PBV12@@Z 10002270 f i ServerStage.obj
 0001:000012a0       ??E?$_Const_iterator@$00@?$list@IV?$allocator@I@std@@@std@@QAEAAV012@XZ 100022a0 f i ServerStage.obj
 0001:000012d0       ?_Mynode@?$_Const_iterator@$00@?$list@IV?$allocator@I@std@@@std@@QBEPAU_Node@?$_List_nod@IV?$allocator@I@std@@@3@XZ 100022d0 f i ServerStage.obj
 0001:000012e0       ??0const_iterator@?$_Tree@V?$_Tmap_traits@IPAUtagClientNode@CIOCPServer@@U?$less@I@std@@V?$allocator@U?$pair@$$CBIPAUtagClientNode@CIOCPServer@@@std@@@4@$0A@@std@@@std@@QAE@PAU_Node@?$_Tree_nod@V?$_Tmap_traits@IPAUtagClientNode@CIOCPServer@@U?$less@I@std@@V?$allocator@U?$pair@$$CBIPAUtagClientNode@CIOCPServer@@@std@@@4@$0A@@std@@@2@PBV12@@Z 100022e0 f i ServerStage.obj
 0001:00001310       ??0_Sentry_base@?$basic_ostream@DU?$char_traits@D@std@@@std@@QAE@AAV12@@Z 10002310 f i ServerStage.obj
 0001:00001340       ??1_Sentry_base@?$basic_ostream@DU?$char_traits@D@std@@@std@@QAE@XZ 10002340 f i ServerStage.obj
 0001:00001360       ?_Inside@?$basic_string@DU?$char_traits@D@std@@V?$allocator@D@2@@std@@IAE_NPBD@Z 10002360 f i ServerStage.obj
 0001:000013a0       ??0?$allocator@PAX@std@@QAE@ABV01@@Z 100023a0 f i ServerStage.obj
 0001:000013b0       ?_Inc@const_iterator@?$_Tree@V?$_Tmap_traits@IPAUtagClientNode@CIOCPServer@@U?$less@I@std@@V?$allocator@U?$pair@$$CBIPAUtagClientNode@CIOCPServer@@@std@@@4@$0A@@std@@@std@@QAEXXZ 100023b0 f i ServerStage.obj
 0001:00001420       ??0?$pair@Viterator@?$_Tree@V?$_Tmap_traits@IPAUtagClientNode@CIOCPServer@@U?$less@I@std@@V?$allocator@U?$pair@$$CBIPAUtagClientNode@CIOCPServer@@@std@@@4@$0A@@std@@@std@@_N@std@@QAE@ABViterator@?$_Tree@V?$_Tmap_traits@IPAUtagClientNode@CIOCPServer@@U?$less@I@std@@V?$allocator@U?$pair@$$CBIPAUtagClientNode@CIOCPServer@@@std@@@4@$0A@@std@@@1@AB_N@Z 10002420 f i ServerStage.obj
 0001:00001440       ??D?$_Deque_const_iterator@IV?$allocator@I@std@@$00@std@@QBEABIXZ 10002440 f i ServerStage.obj
 0001:00001490       ??D?$_Deque_const_iterator@PAXV?$allocator@PAX@std@@$00@std@@QBEABQAXXZ 10002490 f i ServerStage.obj
 0001:000014e0       ??0?$_Ranit@PAXHPBQAXABQAX@std@@QAE@XZ 100024e0 f i ServerStage.obj
 0001:000014f0       ?max_size@?$allocator@D@std@@QBEIXZ 100024f0 f i ServerStage.obj
 0001:00001500       ?max_size@?$allocator@I@std@@QBEIXZ 10002500 f i ServerStage.obj
 0001:00001510       ?max_size@?$allocator@U?$pair@$$CBIPAUtagClientNode@CIOCPServer@@@std@@@std@@QBEIXZ 10002510 f i ServerStage.obj
 0001:00001520       ?max_size@?$allocator@PAX@std@@QBEIXZ 10002520 f i ServerStage.obj
 0001:00001530       ?_Dec@const_iterator@?$_Tree@V?$_Tmap_traits@IPAUtagClientNode@CIOCPServer@@U?$less@I@std@@V?$allocator@U?$pair@$$CBIPAUtagClientNode@CIOCPServer@@@std@@@4@$0A@@std@@@std@@QAEXXZ 10002530 f i ServerStage.obj
 0001:000015c0       ??0?$_Deque_const_iterator@PAXV?$allocator@PAX@std@@$00@std@@QAE@IPBU_Container_base@1@@Z 100025c0 f i ServerStage.obj
 0001:00001600       ??0_Node@?$_Tree_nod@V?$_Tmap_traits@IPAUtagClientNode@CIOCPServer@@U?$less@I@std@@V?$allocator@U?$pair@$$CBIPAUtagClientNode@CIOCPServer@@@std@@@4@$0A@@std@@@std@@QAE@PAU012@00ABU?$pair@$$CBIPAUtagClientNode@CIOCPServer@@@2@D@Z 10002600 f i ServerStage.obj
 0001:00001640       ??0?$_Ranit@IHPBIABI@std@@QAE@XZ 10002640 f i ServerStage.obj
 0001:00001650       ??0?$_Tmap_traits@IPAUtagClientNode@CIOCPServer@@U?$less@I@std@@V?$allocator@U?$pair@$$CBIPAUtagClientNode@CIOCPServer@@@std@@@4@$0A@@std@@QAE@U?$less@I@1@@Z 10002650 f i ServerStage.obj
 0001:00001660       ??Y?$_Deque_const_iterator@PAXV?$allocator@PAX@std@@$00@std@@QAEAAV01@H@Z 10002660 f i ServerStage.obj
 0001:000016a0       ??$swap@D@std@@YAXAAD0@Z   100026a0 f i ServerStage.obj
 0001:000016c0       ??$_Allocate@I@std@@YAPAIIPAI@Z 100026c0 f i ServerStage.obj
 0001:00001720       ??$_Construct@II@std@@YAXPAIABI@Z 10002720 f i ServerStage.obj
 0001:00001740       ??$_Destroy@I@std@@YAXPAI@Z 10002740 f i ServerStage.obj
 0001:00001750       ??$_Destroy@U_Node@?$_Tree_nod@V?$_Tmap_traits@IPAUtagClientNode@CIOCPServer@@U?$less@I@std@@V?$allocator@U?$pair@$$CBIPAUtagClientNode@CIOCPServer@@@std@@@4@$0A@@std@@@std@@@std@@YAXPAU_Node@?$_Tree_nod@V?$_Tmap_traits@IPAUtagClientNode@CIOCPServer@@U?$less@I@std@@V?$allocator@U?$pair@$$CBIPAUtagClientNode@CIOCPServer@@@std@@@4@$0A@@std@@@0@@Z 10002750 f i ServerStage.obj
 0001:00001760       ??$_Destroy@PAU_Node@?$_Tree_nod@V?$_Tmap_traits@IPAUtagClientNode@CIOCPServer@@U?$less@I@std@@V?$allocator@U?$pair@$$CBIPAUtagClientNode@CIOCPServer@@@std@@@4@$0A@@std@@@std@@@std@@YAXPAPAU_Node@?$_Tree_nod@V?$_Tmap_traits@IPAUtagClientNode@CIOCPServer@@U?$less@I@std@@V?$allocator@U?$pair@$$CBIPAUtagClientNode@CIOCPServer@@@std@@@4@$0A@@std@@@0@@Z 10002760 f i ServerStage.obj
 0001:00001770       ??$_Destroy@PAI@std@@YAXPAPAI@Z 10002770 f i ServerStage.obj
 0001:00001780       ??$?0I@?$allocator@PAU_Node@?$_List_nod@IV?$allocator@I@std@@@std@@@std@@QAE@ABV?$allocator@I@1@@Z 10002780 f i ServerStage.obj
 0001:00001790       ??$_Allocate@U_Node@?$_List_nod@IV?$allocator@I@std@@@std@@@std@@YAPAU_Node@?$_List_nod@IV?$allocator@I@std@@@0@IPAU120@@Z 10002790 f i ServerStage.obj
 0001:000017f0       ??$_Destroy@U_Node@?$_List_nod@IV?$allocator@I@std@@@std@@@std@@YAXPAU_Node@?$_List_nod@IV?$allocator@I@std@@@0@@Z 100027f0 f i ServerStage.obj
 0001:00001800       ??$_Construct@PAU_Node@?$_List_nod@IV?$allocator@I@std@@@std@@PAU123@@std@@YAXPAPAU_Node@?$_List_nod@IV?$allocator@I@std@@@0@ABQAU120@@Z 10002800 f i ServerStage.obj
 0001:00001820       ??$_Destroy@PAU_Node@?$_List_nod@IV?$allocator@I@std@@@std@@@std@@YAXPAPAU_Node@?$_List_nod@IV?$allocator@I@std@@@0@@Z 10002820 f i ServerStage.obj
 0001:00001830       ??$_Allocate@PAX@std@@YAPAPAXIPAPAX@Z 10002830 f i ServerStage.obj
 0001:00001890       ??$_Construct@PAXPAX@std@@YAXPAPAXABQAX@Z 10002890 f i ServerStage.obj
 0001:000018b0       ??$_Destroy@PAX@std@@YAXPAPAX@Z 100028b0 f i ServerStage.obj
 0001:000018c0       ??$_Destroy@PAPAX@std@@YAXPAPAPAX@Z 100028c0 f i ServerStage.obj
 0001:000018d0       ??$?0U?$pair@$$CBIPAUtagClientNode@CIOCPServer@@@std@@@?$allocator@PAU_Node@?$_Tree_nod@V?$_Tmap_traits@IPAUtagClientNode@CIOCPServer@@U?$less@I@std@@V?$allocator@U?$pair@$$CBIPAUtagClientNode@CIOCPServer@@@std@@@4@$0A@@std@@@std@@@std@@QAE@ABV?$allocator@U?$pair@$$CBIPAUtagClientNode@CIOCPServer@@@std@@@1@@Z 100028d0 f i ServerStage.obj
 0001:000018e0       ??$?0I@?$allocator@PAI@std@@QAE@ABV?$allocator@I@1@@Z 100028e0 f i ServerStage.obj
 0001:000018f0       ??$_Allocate@PAI@std@@YAPAPAIIPAPAI@Z 100028f0 f i ServerStage.obj
 0001:00001950       ??$?0I@?$allocator@U_Node@?$_List_nod@IV?$allocator@I@std@@@std@@@std@@QAE@ABV?$allocator@I@1@@Z 10002950 f i ServerStage.obj
 0001:00001960       ??$?0PAX@?$allocator@PAPAX@std@@QAE@ABV?$allocator@PAX@1@@Z 10002960 f i ServerStage.obj
 0001:00001970       ??$_Allocate@PAPAX@std@@YAPAPAPAXIPAPAPAX@Z 10002970 f i ServerStage.obj
 0001:000019d0       ??$_Allocate@D@std@@YAPADIPAD@Z 100029d0 f i ServerStage.obj
 0001:00001a30       ??$?0U?$pair@$$CBIPAUtagClientNode@CIOCPServer@@@std@@@?$allocator@U_Node@?$_Tree_nod@V?$_Tmap_traits@IPAUtagClientNode@CIOCPServer@@U?$less@I@std@@V?$allocator@U?$pair@$$CBIPAUtagClientNode@CIOCPServer@@@std@@@4@$0A@@std@@@std@@@std@@QAE@ABV?$allocator@U?$pair@$$CBIPAUtagClientNode@CIOCPServer@@@std@@@1@@Z 10002a30 f i ServerStage.obj
 0001:00001a40       ??$_Allocate@U_Node@?$_Tree_nod@V?$_Tmap_traits@IPAUtagClientNode@CIOCPServer@@U?$less@I@std@@V?$allocator@U?$pair@$$CBIPAUtagClientNode@CIOCPServer@@@std@@@4@$0A@@std@@@std@@@std@@YAPAU_Node@?$_Tree_nod@V?$_Tmap_traits@IPAUtagClientNode@CIOCPServer@@U?$less@I@std@@V?$allocator@U?$pair@$$CBIPAUtagClientNode@CIOCPServer@@@std@@@4@$0A@@std@@@0@IPAU120@@Z 10002a40 f i ServerStage.obj
 0001:00001aa0       ??$_Construct@PAU_Node@?$_Tree_nod@V?$_Tmap_traits@IPAUtagClientNode@CIOCPServer@@U?$less@I@std@@V?$allocator@U?$pair@$$CBIPAUtagClientNode@CIOCPServer@@@std@@@4@$0A@@std@@@std@@PAU123@@std@@YAXPAPAU_Node@?$_Tree_nod@V?$_Tmap_traits@IPAUtagClientNode@CIOCPServer@@U?$less@I@std@@V?$allocator@U?$pair@$$CBIPAUtagClientNode@CIOCPServer@@@std@@@4@$0A@@std@@@0@ABQAU120@@Z 10002aa0 f i ServerStage.obj
 0001:00001ac0       ??0bad_alloc@std@@QAE@ABV01@@Z 10002ac0 f i ServerStage.obj
 0001:00001ae0       ??6?$basic_ostream@DU?$char_traits@D@std@@@std@@QAEAAV01@P6AAAV01@AAV01@@Z@Z 10002ae0 f i ServerStage.obj
 0001:00001af0       ?fill@?$basic_ios@DU?$char_traits@D@std@@@std@@QBEDXZ 10002af0 f i ServerStage.obj
 0001:00001b00       ?put@?$num_put@DV?$ostreambuf_iterator@DU?$char_traits@D@std@@@std@@@std@@QBE?AV?$ostreambuf_iterator@DU?$char_traits@D@std@@@2@V32@AAVios_base@2@DK@Z 10002b00 f i ServerStage.obj
 0001:00001b40       ?failed@?$ostreambuf_iterator@DU?$char_traits@D@std@@@std@@QBE_NXZ 10002b40 f i ServerStage.obj
 0001:00001b50       ??0?$_Iterator_with_base@Uoutput_iterator_tag@std@@XXXXU_Iterator_base@2@@std@@QAE@XZ 10002b50 f i ServerStage.obj
 0001:00001b60       ??$_Char_traits_cat@U?$char_traits@D@std@@@std@@YA?AU_Secure_char_traits_tag@0@XZ 10002b60 f i ServerStage.obj
 0001:00001b70       ??$copy_s@U?$char_traits@D@std@@@_Traits_helper@std@@YAPADPADIPBDIU_Secure_char_traits_tag@1@@Z 10002b70 f i ServerStage.obj
 0001:00001ba0       ??$move_s@U?$char_traits@D@std@@@_Traits_helper@std@@YAPADPADIPBDIU_Secure_char_traits_tag@1@@Z 10002ba0 f i ServerStage.obj
 0001:00001bd0       ??$_Ptr_cat@PAPAIPAPAI@std@@YA?AU_Scalar_ptr_iterator_tag@0@AAPAPAI0@Z 10002bd0 f i ServerStage.obj
 0001:00001be0       ??$_Uninit_copy@PAPAIPAPAIV?$allocator@PAI@std@@@std@@YAPAPAIPAPAI00AAV?$allocator@PAI@0@U_Scalar_ptr_iterator_tag@0@U_Range_checked_iterator_tag@0@@Z 10002be0 f i ServerStage.obj
 0001:00001c10       ??$_Destroy_range@PAIV?$allocator@PAI@std@@@std@@YAXPAPAI0AAV?$allocator@PAI@0@U_Scalar_ptr_iterator_tag@0@@Z 10002c10 f i ServerStage.obj
 0001:00001c20       ??$_Ptr_cat@PAPAPAXPAPAPAX@std@@YA?AU_Scalar_ptr_iterator_tag@0@AAPAPAPAX0@Z 10002c20 f i ServerStage.obj
 0001:00001c30       ??$_Uninit_copy@PAPAPAXPAPAPAXV?$allocator@PAPAX@std@@@std@@YAPAPAPAXPAPAPAX00AAV?$allocator@PAPAX@0@U_Scalar_ptr_iterator_tag@0@U_Range_checked_iterator_tag@0@@Z 10002c30 f i ServerStage.obj
 0001:00001c60       ??$_Destroy_range@PAPAXV?$allocator@PAPAX@std@@@std@@YAXPAPAPAX0AAV?$allocator@PAPAX@0@U_Scalar_ptr_iterator_tag@0@@Z 10002c60 f i ServerStage.obj
 0001:00001c70       ?_Init@?$num_put@DV?$ostreambuf_iterator@DU?$char_traits@D@std@@@std@@@std@@IAEXABV_Locinfo@2@@Z 10002c70 f i ServerStage.obj
 0001:00001c90       ??$_Checked_base@PAPAI@std@@YAPAPAIAAPAPAIU_Unchanged_checked_iterator_base_type_tag@0@@Z 10002c90 f i ServerStage.obj
 0001:00001ca0       ??$_Checked_base@PAPAPAX@std@@YAPAPAPAXAAPAPAPAXU_Unchanged_checked_iterator_base_type_tag@0@@Z 10002ca0 f i ServerStage.obj
 0001:00001cb0       ??$_Iter_cat@PAPAI@std@@YA?AUrandom_access_iterator_tag@0@ABQAPAI@Z 10002cb0 f i ServerStage.obj
 0001:00001cc0       ??$_Iter_cat@PAPAPAX@std@@YA?AUrandom_access_iterator_tag@0@ABQAPAPAX@Z 10002cc0 f i ServerStage.obj
 0001:00001cd0       ??$_Fill_n@PAPAIIPAI@std@@YAXPAPAIIABQAIU_Range_checked_iterator_tag@0@@Z 10002cd0 f i ServerStage.obj
 0001:00001d00       ??$_Fill_n@PAPAPAXIPAPAX@std@@YAXPAPAPAXIABQAPAXU_Range_checked_iterator_tag@0@@Z 10002d00 f i ServerStage.obj
 0001:00001d30       ?freeze@strstreambuf@std@@QAEX_N@Z 10002d30 f i ServerStage.obj
 0001:00001d90       ?str@strstreambuf@std@@QAEPADXZ 10002d90 f i ServerStage.obj
 0001:00001dd0       ?_Init@strstreambuf@std@@IAEXHPAD0H@Z 10002dd0 f i ServerStage.obj
 0001:00001ea0       ?_Tidy@strstreambuf@std@@IAEXXZ 10002ea0 f i ServerStage.obj
 0001:00001ef0       ?freeze@strstream@std@@QAEX_N@Z 10002ef0 f i ServerStage.obj
 0001:00001f00       ?str@strstream@std@@QAEPADXZ 10002f00 f i ServerStage.obj
 0001:00001f40       ??_GtagClientNode@CIOCPServer@@QAEPAXI@Z 10002f40 f i ServerStage.obj
 0001:00001f70       ?GetClientCount@CIOCPServer@@UAGIXZ 10002f70 f   ServerStage.obj
 0001:00001f80       ??0CServerFactory@@QAE@XZ  10002f80 f   ServerStage.obj
 0001:00001fa0       ??_GCServerFactory@@UAEPAXI@Z 10002fa0 f i ServerStage.obj
 0001:00001fa0       ??_ECServerFactory@@UAEPAXI@Z 10002fa0 f i ServerStage.obj
 0001:00001fc0       ?c_str@?$basic_string@DU?$char_traits@D@std@@V?$allocator@D@2@@std@@QBEPBDXZ 10002fc0 f i ServerStage.obj
 0001:00001fd0       ??0?$basic_streambuf@DU?$char_traits@D@std@@@std@@IAE@XZ 10002fd0 f i ServerStage.obj
 0001:00002080       ?to_char_type@?$char_traits@D@std@@SADABH@Z 10003080 f i ServerStage.obj
 0001:00002090       ?gbump@?$basic_streambuf@DU?$char_traits@D@std@@@std@@IAEXH@Z 10003090 f i ServerStage.obj
 0001:000020b0       ?pbump@?$basic_streambuf@DU?$char_traits@D@std@@@std@@IAEXH@Z 100030b0 f i ServerStage.obj
 0001:000020d0       ?overflow@?$basic_streambuf@DU?$char_traits@D@std@@@std@@MAEHH@Z 100030d0 f i ServerStage.obj
 0001:000020e0       ?pbackfail@?$basic_streambuf@DU?$char_traits@D@std@@@std@@MAEHH@Z 100030e0 f i ServerStage.obj
 0001:000020f0       ?showmanyc@?$basic_streambuf@DU?$char_traits@D@std@@@std@@MAEHXZ 100030f0 f i ServerStage.obj
 0001:00002100       ?underflow@?$basic_streambuf@DU?$char_traits@D@std@@@std@@MAEHXZ 10003100 f i ServerStage.obj
 0001:00002110       ?xsgetn@?$basic_streambuf@DU?$char_traits@D@std@@@std@@MAEHPADH@Z 10003110 f i ServerStage.obj
 0001:00002130       ?setbuf@?$basic_streambuf@DU?$char_traits@D@std@@@std@@MAEPAV12@PADH@Z 10003130 f i ServerStage.obj
 0001:00002140       ?sync@?$basic_streambuf@DU?$char_traits@D@std@@@std@@MAEHXZ 10003140 f i ServerStage.obj
 0001:00002150       ?imbue@?$basic_streambuf@DU?$char_traits@D@std@@@std@@MAEXABVlocale@2@@Z 10003150 f i ServerStage.obj
 0001:00002160       ??0?$fpos@H@std@@QAE@J@Z   10003160 f i ServerStage.obj
 0001:00002180       ?_Gninc@?$basic_streambuf@DU?$char_traits@D@std@@@std@@IAEPADXZ 10003180 f i ServerStage.obj
 0001:000021a0       ?_Gnavail@?$basic_streambuf@DU?$char_traits@D@std@@@std@@IBEHXZ 100031a0 f i ServerStage.obj
 0001:000021c0       ??1?$basic_streambuf@DU?$char_traits@D@std@@@std@@UAE@XZ 100031c0 f i ServerStage.obj
 0001:00002240       ?uflow@?$basic_streambuf@DU?$char_traits@D@std@@@std@@MAEHXZ 10003240 f i ServerStage.obj
 0001:00002270       ?seekoff@?$basic_streambuf@DU?$char_traits@D@std@@@std@@MAE?AV?$fpos@H@2@JHH@Z 10003270 f i ServerStage.obj
 0001:00002290       ?seekpos@?$basic_streambuf@DU?$char_traits@D@std@@@std@@MAE?AV?$fpos@H@2@V32@H@Z 10003290 f i ServerStage.obj
 0001:000022b0       ?empty@?$queue@IV?$deque@IV?$allocator@I@std@@@std@@@std@@QBE_NXZ 100032b0 f i ServerStage.obj
 0001:000022c0       ?empty@?$stack@PAXV?$deque@PAXV?$allocator@PAX@std@@@std@@@std@@QBE_NXZ 100032c0 f i ServerStage.obj
 0001:000022d0       ??9?$_Const_iterator@$00@?$list@IV?$allocator@I@std@@@std@@QBE_NABV012@@Z 100032d0 f i ServerStage.obj
 0001:00002300       ??9const_iterator@?$_Tree@V?$_Tmap_traits@IPAUtagClientNode@CIOCPServer@@U?$less@I@std@@V?$allocator@U?$pair@$$CBIPAUtagClientNode@CIOCPServer@@@std@@@4@$0A@@std@@@std@@QBE_NABV012@@Z 10003300 f i ServerStage.obj
 0001:00002330       ??_E?$basic_ostream@DU?$char_traits@D@std@@@std@@UAEPAXI@Z 10003330 f i ServerStage.obj
 0001:00002330       ??_G?$basic_ostream@DU?$char_traits@D@std@@@std@@UAEPAXI@Z 10003330 f i ServerStage.obj
 0001:00002370       ??_G?$basic_istream@DU?$char_traits@D@std@@@std@@UAEPAXI@Z 10003370 f i ServerStage.obj
 0001:00002370       ??_E?$basic_istream@DU?$char_traits@D@std@@@std@@UAEPAXI@Z 10003370 f i ServerStage.obj
 0001:000023b0       ??_E?$basic_streambuf@DU?$char_traits@D@std@@@std@@UAEPAXI@Z 100033b0 f i ServerStage.obj
 0001:000023b0       ??_G?$basic_streambuf@DU?$char_traits@D@std@@@std@@UAEPAXI@Z 100033b0 f i ServerStage.obj
 0001:000023d0       ??_E?$basic_iostream@DU?$char_traits@D@std@@@std@@UAEPAXI@Z 100033d0 f i ServerStage.obj
 0001:000023d0       ??_G?$basic_iostream@DU?$char_traits@D@std@@@std@@UAEPAXI@Z 100033d0 f i ServerStage.obj
 0001:00002440       ??0?$_String_val@DV?$allocator@D@std@@@std@@IAE@V?$allocator@D@1@@Z 10003440 f i ServerStage.obj
 0001:00002450       ??0?$_String_val@DV?$allocator@D@std@@@std@@QAE@ABV01@@Z 10003450 f i ServerStage.obj
 0001:00002460       ?sputc@?$basic_streambuf@DU?$char_traits@D@std@@@std@@QAEHD@Z 10003460 f i ServerStage.obj
 0001:000024a0       ?_Key@?$_Tree@V?$_Tmap_traits@IPAUtagClientNode@CIOCPServer@@U?$less@I@std@@V?$allocator@U?$pair@$$CBIPAUtagClientNode@CIOCPServer@@@std@@@4@$0A@@std@@@std@@KAABIPAU_Node@?$_Tree_nod@V?$_Tmap_traits@IPAUtagClientNode@CIOCPServer@@U?$less@I@std@@V?$allocator@U?$pair@$$CBIPAUtagClientNode@CIOCPServer@@@std@@@4@$0A@@std@@@2@@Z 100034a0 f i ServerStage.obj
 0001:000024b0       ?_Lmost@?$_Tree@V?$_Tmap_traits@IPAUtagClientNode@CIOCPServer@@U?$less@I@std@@V?$allocator@U?$pair@$$CBIPAUtagClientNode@CIOCPServer@@@std@@@4@$0A@@std@@@std@@IBEAAPAU_Node@?$_Tree_nod@V?$_Tmap_traits@IPAUtagClientNode@CIOCPServer@@U?$less@I@std@@V?$allocator@U?$pair@$$CBIPAUtagClientNode@CIOCPServer@@@std@@@4@$0A@@std@@@2@XZ 100034b0 f i ServerStage.obj
 0001:000024c0       ??0?$_Iterator@$00@?$list@IV?$allocator@I@std@@@std@@QAE@PAU_Node@?$_List_nod@IV?$allocator@I@std@@@2@PBV12@@Z 100034c0 f i ServerStage.obj
 0001:000024f0       ??E?$_Iterator@$00@?$list@IV?$allocator@I@std@@@std@@QAEAAV012@XZ 100034f0 f i ServerStage.obj
 0001:00002520       ??0?$_Const_iterator@$00@?$list@IV?$allocator@I@std@@@std@@QAE@XZ 10003520 f i ServerStage.obj
 0001:00002530       ??D?$_Const_iterator@$00@?$list@IV?$allocator@I@std@@@std@@QBEABIXZ 10003530 f i ServerStage.obj
 0001:00002560       ??0iterator@?$_Tree@V?$_Tmap_traits@IPAUtagClientNode@CIOCPServer@@U?$less@I@std@@V?$allocator@U?$pair@$$CBIPAUtagClientNode@CIOCPServer@@@std@@@4@$0A@@std@@@std@@QAE@PAU_Node@?$_Tree_nod@V?$_Tmap_traits@IPAUtagClientNode@CIOCPServer@@U?$less@I@std@@V?$allocator@U?$pair@$$CBIPAUtagClientNode@CIOCPServer@@@std@@@4@$0A@@std@@@2@PBV12@@Z 10003560 f i ServerStage.obj
 0001:00002590       ??0const_iterator@?$_Tree@V?$_Tmap_traits@IPAUtagClientNode@CIOCPServer@@U?$less@I@std@@V?$allocator@U?$pair@$$CBIPAUtagClientNode@CIOCPServer@@@std@@@4@$0A@@std@@@std@@QAE@XZ 10003590 f i ServerStage.obj
 0001:000025a0       ??Dconst_iterator@?$_Tree@V?$_Tmap_traits@IPAUtagClientNode@CIOCPServer@@U?$less@I@std@@V?$allocator@U?$pair@$$CBIPAUtagClientNode@CIOCPServer@@@std@@@4@$0A@@std@@@std@@QBEABU?$pair@$$CBIPAUtagClientNode@CIOCPServer@@@2@XZ 100035a0 f i ServerStage.obj
 0001:000025d0       ?_Eos@?$basic_string@DU?$char_traits@D@std@@V?$allocator@D@2@@std@@IAEXI@Z 100035d0 f i ServerStage.obj
 0001:000025f0       ?allocate@?$allocator@I@std@@QAEPAII@Z 100035f0 f i ServerStage.obj
 0001:00002610       ?construct@?$allocator@I@std@@QAEXPAIABI@Z 10003610 f i ServerStage.obj
 0001:00002630       ?destroy@?$allocator@I@std@@QAEXPAI@Z 10003630 f i ServerStage.obj
 0001:00002640       ?_Lbound@?$_Tree@V?$_Tmap_traits@IPAUtagClientNode@CIOCPServer@@U?$less@I@std@@V?$allocator@U?$pair@$$CBIPAUtagClientNode@CIOCPServer@@@std@@@4@$0A@@std@@@std@@IBEPAU_Node@?$_Tree_nod@V?$_Tmap_traits@IPAUtagClientNode@CIOCPServer@@U?$less@I@std@@V?$allocator@U?$pair@$$CBIPAUtagClientNode@CIOCPServer@@@std@@@4@$0A@@std@@@2@ABI@Z 10003640 f i ServerStage.obj
 0001:00002670       ?_Lrotate@?$_Tree@V?$_Tmap_traits@IPAUtagClientNode@CIOCPServer@@U?$less@I@std@@V?$allocator@U?$pair@$$CBIPAUtagClientNode@CIOCPServer@@@std@@@4@$0A@@std@@@std@@IAEXPAU_Node@?$_Tree_nod@V?$_Tmap_traits@IPAUtagClientNode@CIOCPServer@@U?$less@I@std@@V?$allocator@U?$pair@$$CBIPAUtagClientNode@CIOCPServer@@@std@@@4@$0A@@std@@@2@@Z 10003670 f i ServerStage.obj
 0001:000026c0       ?destroy@?$allocator@U_Node@?$_Tree_nod@V?$_Tmap_traits@IPAUtagClientNode@CIOCPServer@@U?$less@I@std@@V?$allocator@U?$pair@$$CBIPAUtagClientNode@CIOCPServer@@@std@@@4@$0A@@std@@@std@@@std@@QAEXPAU_Node@?$_Tree_nod@V?$_Tmap_traits@IPAUtagClientNode@CIOCPServer@@U?$less@I@std@@V?$allocator@U?$pair@$$CBIPAUtagClientNode@CIOCPServer@@@std@@@4@$0A@@std@@@2@@Z 100036c0 f i ServerStage.obj
 0001:000026d0       ?destroy@?$allocator@PAU_Node@?$_Tree_nod@V?$_Tmap_traits@IPAUtagClientNode@CIOCPServer@@U?$less@I@std@@V?$allocator@U?$pair@$$CBIPAUtagClientNode@CIOCPServer@@@std@@@4@$0A@@std@@@std@@@std@@QAEXPAPAU_Node@?$_Tree_nod@V?$_Tmap_traits@IPAUtagClientNode@CIOCPServer@@U?$less@I@std@@V?$allocator@U?$pair@$$CBIPAUtagClientNode@CIOCPServer@@@std@@@4@$0A@@std@@@2@@Z 100036d0 f i ServerStage.obj
 0001:000026e0       ?pop_back@?$deque@IV?$allocator@I@std@@@std@@QAEXXZ 100036e0 f i ServerStage.obj
 0001:00002700       ?destroy@?$allocator@PAI@std@@QAEXPAPAI@Z 10003700 f i ServerStage.obj
 0001:00002710       ?allocate@?$allocator@U_Node@?$_List_nod@IV?$allocator@I@std@@@std@@@std@@QAEPAU_Node@?$_List_nod@IV?$allocator@I@std@@@2@I@Z 10003710 f i ServerStage.obj
 0001:00002730       ?destroy@?$allocator@U_Node@?$_List_nod@IV?$allocator@I@std@@@std@@@std@@QAEXPAU_Node@?$_List_nod@IV?$allocator@I@std@@@2@@Z 10003730 f i ServerStage.obj
 0001:00002740       ?construct@?$allocator@PAU_Node@?$_List_nod@IV?$allocator@I@std@@@std@@@std@@QAEXPAPAU_Node@?$_List_nod@IV?$allocator@I@std@@@2@ABQAU342@@Z 10003740 f i ServerStage.obj
 0001:00002760       ?destroy@?$allocator@PAU_Node@?$_List_nod@IV?$allocator@I@std@@@std@@@std@@QAEXPAPAU_Node@?$_List_nod@IV?$allocator@I@std@@@2@@Z 10003760 f i ServerStage.obj
 0001:00002770       ?allocate@?$allocator@PAX@std@@QAEPAPAXI@Z 10003770 f i ServerStage.obj
 0001:00002790       ?construct@?$allocator@PAX@std@@QAEXPAPAXABQAX@Z 10003790 f i ServerStage.obj
 0001:000027b0       ?destroy@?$allocator@PAX@std@@QAEXPAPAX@Z 100037b0 f i ServerStage.obj
 0001:000027c0       ?destroy@?$allocator@PAPAX@std@@QAEXPAPAPAX@Z 100037c0 f i ServerStage.obj
 0001:000027d0       ??Econst_iterator@?$_Tree@V?$_Tmap_traits@IPAUtagClientNode@CIOCPServer@@U?$less@I@std@@V?$allocator@U?$pair@$$CBIPAUtagClientNode@CIOCPServer@@@std@@@4@$0A@@std@@@std@@QAEAAV012@XZ 100037d0 f i ServerStage.obj
 0001:000027e0       ??D?$_Deque_iterator@IV?$allocator@I@std@@$00@std@@QBEAAIXZ 100037e0 f i ServerStage.obj
 0001:00002830       ??D?$_Deque_iterator@PAXV?$allocator@PAX@std@@$00@std@@QBEAAPAXXZ 10003830 f i ServerStage.obj
 0001:00002880       ?max_size@?$basic_string@DU?$char_traits@D@std@@V?$allocator@D@2@@std@@QBEIXZ 10003880 f i ServerStage.obj
 0001:00002890       ?max_size@?$_Tree@V?$_Tmap_traits@IPAUtagClientNode@CIOCPServer@@U?$less@I@std@@V?$allocator@U?$pair@$$CBIPAUtagClientNode@CIOCPServer@@@std@@@4@$0A@@std@@@std@@QBEIXZ 10003890 f i ServerStage.obj
 0001:000028a0       ?max_size@?$deque@IV?$allocator@I@std@@@std@@QBEIXZ 100038a0 f i ServerStage.obj
 0001:000028b0       ??0?$_Deque_map@IV?$allocator@I@std@@@std@@IAE@V?$allocator@I@1@@Z 100038b0 f i ServerStage.obj
 0001:000028c0       ?allocate@?$allocator@PAI@std@@QAEPAPAII@Z 100038c0 f i ServerStage.obj
 0001:000028e0       ?max_size@?$list@IV?$allocator@I@std@@@std@@QBEIXZ 100038e0 f i ServerStage.obj
 0001:000028f0       ??0?$_List_nod@IV?$allocator@I@std@@@std@@IAE@V?$allocator@I@1@@Z 100038f0 f i ServerStage.obj
 0001:00002900       ?max_size@?$deque@PAXV?$allocator@PAX@std@@@std@@QBEIXZ 10003900 f i ServerStage.obj
 0001:00002910       ??0?$_Deque_map@PAXV?$allocator@PAX@std@@@std@@IAE@V?$allocator@PAX@1@@Z 10003910 f i ServerStage.obj
 0001:00002920       ?allocate@?$allocator@PAPAX@std@@QAEPAPAPAXI@Z 10003920 f i ServerStage.obj
 0001:00002940       ??Fconst_iterator@?$_Tree@V?$_Tmap_traits@IPAUtagClientNode@CIOCPServer@@U?$less@I@std@@V?$allocator@U?$pair@$$CBIPAUtagClientNode@CIOCPServer@@@std@@@4@$0A@@std@@@std@@QAEAAV012@XZ 10003940 f i ServerStage.obj
 0001:00002950       ??0?$_Deque_iterator@PAXV?$allocator@PAX@std@@$00@std@@QAE@IPBU_Container_base@1@@Z 10003950 f i ServerStage.obj
 0001:00002990       ??0?$_Deque_const_iterator@PAXV?$allocator@PAX@std@@$00@std@@QAE@ABV01@@Z 10003990 f i ServerStage.obj
 0001:000029b0       ?allocate@?$allocator@D@std@@QAEPADI@Z 100039b0 f i ServerStage.obj
 0001:000029d0       ??0?$_Tree_nod@V?$_Tmap_traits@IPAUtagClientNode@CIOCPServer@@U?$less@I@std@@V?$allocator@U?$pair@$$CBIPAUtagClientNode@CIOCPServer@@@std@@@4@$0A@@std@@@std@@IAE@ABU?$less@I@1@V?$allocator@U?$pair@$$CBIPAUtagClientNode@CIOCPServer@@@std@@@1@@Z 100039d0 f i ServerStage.obj
 0001:000029e0       ?allocate@?$allocator@U_Node@?$_Tree_nod@V?$_Tmap_traits@IPAUtagClientNode@CIOCPServer@@U?$less@I@std@@V?$allocator@U?$pair@$$CBIPAUtagClientNode@CIOCPServer@@@std@@@4@$0A@@std@@@std@@@std@@QAEPAU_Node@?$_Tree_nod@V?$_Tmap_traits@IPAUtagClientNode@CIOCPServer@@U?$less@I@std@@V?$allocator@U?$pair@$$CBIPAUtagClientNode@CIOCPServer@@@std@@@4@$0A@@std@@@2@I@Z 100039e0 f i ServerStage.obj
 0001:00002a00       ?construct@?$allocator@PAU_Node@?$_Tree_nod@V?$_Tmap_traits@IPAUtagClientNode@CIOCPServer@@U?$less@I@std@@V?$allocator@U?$pair@$$CBIPAUtagClientNode@CIOCPServer@@@std@@@4@$0A@@std@@@std@@@std@@QAEXPAPAU_Node@?$_Tree_nod@V?$_Tmap_traits@IPAUtagClientNode@CIOCPServer@@U?$less@I@std@@V?$allocator@U?$pair@$$CBIPAUtagClientNode@CIOCPServer@@@std@@@4@$0A@@std@@@2@ABQAU342@@Z 10003a00 f i ServerStage.obj
 0001:00002a20       ??0?$_Deque_const_iterator@IV?$allocator@I@std@@$00@std@@QAE@IPBU_Container_base@1@@Z 10003a20 f i ServerStage.obj
 0001:00002a60       ??Y?$_Deque_iterator@PAXV?$allocator@PAX@std@@$00@std@@QAEAAV01@H@Z 10003a60 f i ServerStage.obj
 0001:00002aa0       ??$copy_s@U?$char_traits@D@std@@@_Traits_helper@std@@YAPADPADIPBDI@Z 10003aa0 f i ServerStage.obj
 0001:00002ad0       ??$move_s@U?$char_traits@D@std@@@_Traits_helper@std@@YAPADPADIPBDI@Z 10003ad0 f i ServerStage.obj
 0001:00002b00       ??$_Destroy_range@PAIV?$allocator@PAI@std@@@std@@YAXPAPAI0AAV?$allocator@PAI@0@@Z 10003b00 f i ServerStage.obj
 0001:00002b10       ??$_Destroy_range@PAPAXV?$allocator@PAPAX@std@@@std@@YAXPAPAPAX0AAV?$allocator@PAPAX@0@@Z 10003b10 f i ServerStage.obj
 0001:00002b20       ??0?$_Outit_with_base@U_Iterator_base@std@@@std@@QAE@XZ 10003b20 f i ServerStage.obj
 0001:00002b30       ??$_Checked_base@PAPAI@std@@YAPAPAIAAPAPAI@Z 10003b30 f i ServerStage.obj
 0001:00002b40       ??$_Checked_base@PAPAPAX@std@@YAPAPAPAXAAPAPAPAX@Z 10003b40 f i ServerStage.obj
 0001:00002b50       ??$_Fill_n@PAPAIIPAI@std@@YAXPAPAIIABQAIUrandom_access_iterator_tag@0@U_Range_checked_iterator_tag@0@@Z 10003b50 f i ServerStage.obj
 0001:00002b80       ??$_Fill_n@PAPAPAXIPAPAX@std@@YAXPAPAPAXIABQAPAXUrandom_access_iterator_tag@0@U_Range_checked_iterator_tag@0@@Z 10003b80 f i ServerStage.obj
 0001:00002bb0       ??0strstreambuf@std@@QAE@H@Z 10003bb0 f i ServerStage.obj
 0001:00002c00       ?egptr@?$basic_streambuf@DU?$char_traits@D@std@@@std@@IBEPADXZ 10003c00 f i ServerStage.obj
 0001:00002c10       ??B?$fpos@H@std@@QBEJXZ    10003c10 f i ServerStage.obj
 0001:00002c20       ?overflow@strstreambuf@std@@MAEHH@Z 10003c20 f i ServerStage.obj
 0001:00002de0       ?pbackfail@strstreambuf@std@@MAEHH@Z 10003de0 f i ServerStage.obj
 0001:00002e30       ?underflow@strstreambuf@std@@MAEHXZ 10003e30 f i ServerStage.obj
 0001:00002e90       ?seekoff@strstreambuf@std@@MAE?AV?$fpos@H@2@JHH@Z 10003e90 f i ServerStage.obj
 0001:00002ff0       ?seekpos@strstreambuf@std@@MAE?AV?$fpos@H@2@V32@H@Z 10003ff0 f i ServerStage.obj
 0001:000030c0       ??1strstreambuf@std@@UAE@XZ 100040c0 f i ServerStage.obj
 0001:00003150       ??_Estrstreambuf@std@@UAEPAXI@Z 10004150 f i ServerStage.obj
 0001:00003150       ??_Gstrstreambuf@std@@UAEPAXI@Z 10004150 f i ServerStage.obj
 0001:00003170       ??1strstream@std@@UAE@XZ   10004170 f i ServerStage.obj
 0001:00003200       ??_Dstrstream@std@@QAEXXZ  10004200 f i ServerStage.obj
 0001:00003220       _CreateInterface@8         10004220 f   ServerStage.obj
 0001:00003280       ?_Xsgetn_s@?$basic_streambuf@DU?$char_traits@D@std@@@std@@MAEHPADIH@Z 10004280 f i ServerStage.obj
 0001:00003320       ?xsputn@?$basic_streambuf@DU?$char_traits@D@std@@@std@@MAEHPBDH@Z 10004320 f i ServerStage.obj
 0001:000033c0       ?begin@?$_Tree@V?$_Tmap_traits@IPAUtagClientNode@CIOCPServer@@U?$less@I@std@@V?$allocator@U?$pair@$$CBIPAUtagClientNode@CIOCPServer@@@std@@@4@$0A@@std@@@std@@QAE?AViterator@12@XZ 100043c0 f i ServerStage.obj
 0001:000033e0       ?end@?$_Tree@V?$_Tmap_traits@IPAUtagClientNode@CIOCPServer@@U?$less@I@std@@V?$allocator@U?$pair@$$CBIPAUtagClientNode@CIOCPServer@@@std@@@4@$0A@@std@@@std@@QAE?AViterator@12@XZ 100043e0 f i ServerStage.obj
 0001:000033f0       ?begin@?$list@IV?$allocator@I@std@@@std@@QAE?AV?$_Iterator@$00@12@XZ 100043f0 f i ServerStage.obj
 0001:00003410       ?end@?$list@IV?$allocator@I@std@@@std@@QAE?AV?$_Iterator@$00@12@XZ 10004410 f i ServerStage.obj
 0001:00003420       ??0?$_Iterator@$00@?$list@IV?$allocator@I@std@@@std@@QAE@XZ 10004420 f i ServerStage.obj
 0001:00003430       ??D?$_Iterator@$00@?$list@IV?$allocator@I@std@@@std@@QBEAAIXZ 10004430 f i ServerStage.obj
 0001:00003460       ??E?$_Iterator@$00@?$list@IV?$allocator@I@std@@@std@@QAE?AV012@H@Z 10004460 f i ServerStage.obj
 0001:000034a0       ??0iterator@?$_Tree@V?$_Tmap_traits@IPAUtagClientNode@CIOCPServer@@U?$less@I@std@@V?$allocator@U?$pair@$$CBIPAUtagClientNode@CIOCPServer@@@std@@@4@$0A@@std@@@std@@QAE@XZ 100044a0 f i ServerStage.obj
 0001:000034b0       ??Diterator@?$_Tree@V?$_Tmap_traits@IPAUtagClientNode@CIOCPServer@@U?$less@I@std@@V?$allocator@U?$pair@$$CBIPAUtagClientNode@CIOCPServer@@@std@@@4@$0A@@std@@@std@@QBEAAU?$pair@$$CBIPAUtagClientNode@CIOCPServer@@@2@XZ 100044b0 f i ServerStage.obj
 0001:000034e0       ?_Tidy@?$basic_string@DU?$char_traits@D@std@@V?$allocator@D@2@@std@@IAEX_NI@Z 100044e0 f i ServerStage.obj
 0001:00003530       ?lower_bound@?$_Tree@V?$_Tmap_traits@IPAUtagClientNode@CIOCPServer@@U?$less@I@std@@V?$allocator@U?$pair@$$CBIPAUtagClientNode@CIOCPServer@@@std@@@4@$0A@@std@@@std@@QAE?AViterator@12@ABI@Z 10004530 f i ServerStage.obj
 0001:00003570       ?pop_front@?$deque@IV?$allocator@I@std@@@std@@QAEXXZ 10004570 f i ServerStage.obj
 0001:000035b0       ?_Tidy@?$deque@IV?$allocator@I@std@@@std@@IAEXXZ 100045b0 f i ServerStage.obj
 0001:00003620       ?erase@?$list@IV?$allocator@I@std@@@std@@QAE?AV?$_Iterator@$00@12@V312@@Z 10004620 f i ServerStage.obj
 0001:00003680       ?clear@?$list@IV?$allocator@I@std@@@std@@QAEXXZ 10004680 f i ServerStage.obj
 0001:000036c0       ?_Buynode@?$list@IV?$allocator@I@std@@@std@@IAEPAU_Node@?$_List_nod@IV?$allocator@I@std@@@2@XZ 100046c0 f i ServerStage.obj
 0001:000036e0       ?_Tidy@?$list@IV?$allocator@I@std@@@std@@IAEXXZ 100046e0 f i ServerStage.obj
 0001:00003730       ?pop_back@?$deque@PAXV?$allocator@PAX@std@@@std@@QAEXXZ 10004730 f i ServerStage.obj
 0001:00003750       ?_Tidy@?$deque@PAXV?$allocator@PAX@std@@@std@@IAEXXZ 10004750 f i ServerStage.obj
 0001:000037c0       ??Eiterator@?$_Tree@V?$_Tmap_traits@IPAUtagClientNode@CIOCPServer@@U?$less@I@std@@V?$allocator@U?$pair@$$CBIPAUtagClientNode@CIOCPServer@@@std@@@4@$0A@@std@@@std@@QAEAAV012@XZ 100047c0 f i ServerStage.obj
 0001:000037d0       ?erase@?$basic_string@DU?$char_traits@D@std@@V?$allocator@D@2@@std@@QAEAAV12@II@Z 100047d0 f i ServerStage.obj
 0001:00003860       ?_Erase@?$_Tree@V?$_Tmap_traits@IPAUtagClientNode@CIOCPServer@@U?$less@I@std@@V?$allocator@U?$pair@$$CBIPAUtagClientNode@CIOCPServer@@@std@@@4@$0A@@std@@@std@@IAEXPAU_Node@?$_Tree_nod@V?$_Tmap_traits@IPAUtagClientNode@CIOCPServer@@U?$less@I@std@@V?$allocator@U?$pair@$$CBIPAUtagClientNode@CIOCPServer@@@std@@@4@$0A@@std@@@2@@Z 10004860 f i ServerStage.obj
 0001:000038a0       ??0?$_Deque_val@IV?$allocator@I@std@@@std@@IAE@V?$allocator@I@1@@Z 100048a0 f i ServerStage.obj
 0001:000038b0       ?_Buynode@?$list@IV?$allocator@I@std@@@std@@IAEPAU_Node@?$_List_nod@IV?$allocator@I@std@@@2@PAU342@0ABI@Z 100048b0 f i ServerStage.obj
 0001:000038f0       ??0?$_List_ptr@IV?$allocator@I@std@@@std@@IAE@V?$allocator@I@1@@Z 100048f0 f i ServerStage.obj
 0001:00003900       ?end@?$deque@PAXV?$allocator@PAX@std@@@std@@QAE?AV?$_Deque_iterator@PAXV?$allocator@PAX@std@@$00@2@XZ 10004900 f i ServerStage.obj
 0001:00003930       ??0?$_Deque_val@PAXV?$allocator@PAX@std@@@std@@IAE@V?$allocator@PAX@1@@Z 10004930 f i ServerStage.obj
 0001:00003940       ??Fiterator@?$_Tree@V?$_Tmap_traits@IPAUtagClientNode@CIOCPServer@@U?$less@I@std@@V?$allocator@U?$pair@$$CBIPAUtagClientNode@CIOCPServer@@@std@@@4@$0A@@std@@@std@@QAEAAV012@XZ 10004940 f i ServerStage.obj
 0001:00003950       ??0?$_Deque_iterator@PAXV?$allocator@PAX@std@@$00@std@@QAE@ABV01@@Z 10004950 f i ServerStage.obj
 0001:00003970       ?_Copy@?$basic_string@DU?$char_traits@D@std@@V?$allocator@D@2@@std@@IAEXII@Z 10004970 f i ServerStage.obj
 0001:00003ac0       ?_Buynode@?$_Tree@V?$_Tmap_traits@IPAUtagClientNode@CIOCPServer@@U?$less@I@std@@V?$allocator@U?$pair@$$CBIPAUtagClientNode@CIOCPServer@@@std@@@4@$0A@@std@@@std@@IAEPAU_Node@?$_Tree_nod@V?$_Tmap_traits@IPAUtagClientNode@CIOCPServer@@U?$less@I@std@@V?$allocator@U?$pair@$$CBIPAUtagClientNode@CIOCPServer@@@std@@@4@$0A@@std@@@2@XZ 10004ac0 f i ServerStage.obj
 0001:00003b00       ?_Buynode@?$_Tree@V?$_Tmap_traits@IPAUtagClientNode@CIOCPServer@@U?$less@I@std@@V?$allocator@U?$pair@$$CBIPAUtagClientNode@CIOCPServer@@@std@@@4@$0A@@std@@@std@@IAEPAU_Node@?$_Tree_nod@V?$_Tmap_traits@IPAUtagClientNode@CIOCPServer@@U?$less@I@std@@V?$allocator@U?$pair@$$CBIPAUtagClientNode@CIOCPServer@@@std@@@4@$0A@@std@@@2@PAU342@00ABU?$pair@$$CBIPAUtagClientNode@CIOCPServer@@@2@D@Z 10004b00 f i ServerStage.obj
 0001:00003b40       ??0?$_Tree_ptr@V?$_Tmap_traits@IPAUtagClientNode@CIOCPServer@@U?$less@I@std@@V?$allocator@U?$pair@$$CBIPAUtagClientNode@CIOCPServer@@@std@@@4@$0A@@std@@@std@@IAE@ABU?$less@I@1@V?$allocator@U?$pair@$$CBIPAUtagClientNode@CIOCPServer@@@std@@@1@@Z 10004b40 f i ServerStage.obj
 0001:00003b50       ??0?$_Deque_iterator@IV?$allocator@I@std@@$00@std@@QAE@IPBU_Container_base@1@@Z 10004b50 f i ServerStage.obj
 0001:00003b90       ??Z?$_Deque_iterator@PAXV?$allocator@PAX@std@@$00@std@@QAEAAV01@H@Z 10004b90 f i ServerStage.obj
 0001:00003bd0       ??$unchecked_uninitialized_copy@PAPAIPAPAIV?$allocator@PAI@std@@@stdext@@YAPAPAIPAPAI00AAV?$allocator@PAI@std@@@Z 10004bd0 f i ServerStage.obj
 0001:00003c00       ??$unchecked_uninitialized_copy@PAPAPAXPAPAPAXV?$allocator@PAPAX@std@@@stdext@@YAPAPAPAXPAPAPAX00AAV?$allocator@PAPAX@std@@@Z 10004c00 f i ServerStage.obj
 0001:00003c30       ??0?$ostreambuf_iterator@DU?$char_traits@D@std@@@std@@QAE@PAV?$basic_streambuf@DU?$char_traits@D@std@@@1@@Z 10004c30 f i ServerStage.obj
 0001:00003c50       ??$unchecked_fill_n@PAPAIIPAI@stdext@@YAXPAPAIIABQAI@Z 10004c50 f i ServerStage.obj
 0001:00003c80       ??$unchecked_fill_n@PAPAPAXIPAPAX@stdext@@YAXPAPAPAXIABQAPAX@Z 10004c80 f i ServerStage.obj
 0001:00003cb0       ??_Gstrstream@std@@UAEPAXI@Z 10004cb0 f i ServerStage.obj
 0001:00003cb0       ??_Estrstream@std@@UAEPAXI@Z 10004cb0 f i ServerStage.obj
 0001:00003cf0       ??0?$basic_string@DU?$char_traits@D@std@@V?$allocator@D@2@@std@@QAE@XZ 10004cf0 f i ServerStage.obj
 0001:00003d10       ??1?$basic_string@DU?$char_traits@D@std@@V?$allocator@D@2@@std@@QAE@XZ 10004d10 f i ServerStage.obj
 0001:00003d40       ?pop@?$queue@IV?$deque@IV?$allocator@I@std@@@std@@@std@@QAEXXZ 10004d40 f i ServerStage.obj
 0001:00003d80       ??1?$deque@IV?$allocator@I@std@@@std@@QAE@XZ 10004d80 f i ServerStage.obj
 0001:00003d90       ??1?$list@IV?$allocator@I@std@@@std@@QAE@XZ 10004d90 f i ServerStage.obj
 0001:00003da0       ?erase@?$list@IV?$allocator@I@std@@@std@@QAE?AV?$_Iterator@$00@12@V312@0@Z 10004da0 f i ServerStage.obj
 0001:00003e70       ?remove@?$list@IV?$allocator@I@std@@@std@@QAEXABI@Z 10004e70 f i ServerStage.obj
 0001:00003f10       ?pop@?$stack@PAXV?$deque@PAXV?$allocator@PAX@std@@@std@@@std@@QAEXXZ 10004f10 f i ServerStage.obj
 0001:00003f30       ??1?$deque@PAXV?$allocator@PAX@std@@@std@@QAE@XZ 10004f30 f i ServerStage.obj
 0001:00003f40       ??Eiterator@?$_Tree@V?$_Tmap_traits@IPAUtagClientNode@CIOCPServer@@U?$less@I@std@@V?$allocator@U?$pair@$$CBIPAUtagClientNode@CIOCPServer@@@std@@@4@$0A@@std@@@std@@QAE?AV012@H@Z 10004f40 f i ServerStage.obj
 0001:00003f60       ?clear@?$_Tree@V?$_Tmap_traits@IPAUtagClientNode@CIOCPServer@@U?$less@I@std@@V?$allocator@U?$pair@$$CBIPAUtagClientNode@CIOCPServer@@@std@@@4@$0A@@std@@@std@@QAEXXZ 10004f60 f i ServerStage.obj
 0001:00003f90       ??0?$deque@IV?$allocator@I@std@@@std@@QAE@XZ 10004f90 f i ServerStage.obj
 0001:00003fb0       ??0?$_List_val@IV?$allocator@I@std@@@std@@QAE@V?$allocator@I@1@@Z 10004fb0 f i ServerStage.obj
 0001:00003fc0       ??0?$deque@PAXV?$allocator@PAX@std@@@std@@QAE@XZ 10004fc0 f i ServerStage.obj
 0001:00003fe0       ?_Grow@?$basic_string@DU?$char_traits@D@std@@V?$allocator@D@2@@std@@IAE_NI_N@Z 10004fe0 f i ServerStage.obj
 0001:000040a0       ?_Init@?$_Tree@V?$_Tmap_traits@IPAUtagClientNode@CIOCPServer@@U?$less@I@std@@V?$allocator@U?$pair@$$CBIPAUtagClientNode@CIOCPServer@@@std@@@4@$0A@@std@@@std@@IAEXXZ 100050a0 f i ServerStage.obj
 0001:000040d0       ??0?$_Tree_val@V?$_Tmap_traits@IPAUtagClientNode@CIOCPServer@@U?$less@I@std@@V?$allocator@U?$pair@$$CBIPAUtagClientNode@CIOCPServer@@@std@@@4@$0A@@std@@@std@@IAE@ABU?$less@I@1@V?$allocator@U?$pair@$$CBIPAUtagClientNode@CIOCPServer@@@std@@@1@@Z 100050d0 f i ServerStage.obj
 0001:000040e0       ?begin@?$deque@IV?$allocator@I@std@@@std@@QAE?AV?$_Deque_iterator@IV?$allocator@I@std@@$00@2@XZ 100050e0 f i ServerStage.obj
 0001:00004110       ??G?$_Deque_iterator@PAXV?$allocator@PAX@std@@$00@std@@QBE?AV01@H@Z 10005110 f i ServerStage.obj
 0001:00004160       ?append@?$basic_string@DU?$char_traits@D@std@@V?$allocator@D@2@@std@@QAEAAV12@ABV12@II@Z 10005160 f i ServerStage.obj
 0001:00004260       ?append@?$basic_string@DU?$char_traits@D@std@@V?$allocator@D@2@@std@@QAEAAV12@PBDI@Z 10005260 f i ServerStage.obj
 0001:00004350       ??$_Uninit_fill_n@PAPAIIPAIV?$allocator@PAI@std@@@std@@YAXPAPAIIABQAIAAV?$allocator@PAI@0@U_Scalar_ptr_iterator_tag@0@U_Range_checked_iterator_tag@0@@Z 10005350 f i ServerStage.obj
 0001:00004380       ??$_Uninit_fill_n@PAPAPAXIPAPAXV?$allocator@PAPAX@std@@@std@@YAXPAPAPAXIABQAPAXAAV?$allocator@PAPAX@0@U_Scalar_ptr_iterator_tag@0@U_Range_checked_iterator_tag@0@@Z 10005380 f i ServerStage.obj
 0001:000043b0       ??1logic_error@std@@UAE@XZ 100053b0 f i ServerStage.obj
 0001:000043f0       ?what@logic_error@std@@UBEPBDXZ 100053f0 f i ServerStage.obj
 0001:00004400       ??_Glogic_error@std@@UAEPAXI@Z 10005400 f i ServerStage.obj
 0001:00004400       ??_Elogic_error@std@@UAEPAXI@Z 10005400 f i ServerStage.obj
 0001:00004450       ??1runtime_error@std@@UAE@XZ 10005450 f i ServerStage.obj
 0001:00004490       ?what@runtime_error@std@@UBEPBDXZ 10005490 f i ServerStage.obj
 0001:000044a0       ??_Eruntime_error@std@@UAEPAXI@Z 100054a0 f i ServerStage.obj
 0001:000044a0       ??_Gruntime_error@std@@UAEPAXI@Z 100054a0 f i ServerStage.obj
 0001:000044f0       ??1_Locinfo@std@@QAE@XZ    100054f0 f i ServerStage.obj
 0001:000045d0       ??1?$stack@PAXV?$deque@PAXV?$allocator@PAX@std@@@std@@@std@@QAE@XZ 100055d0 f i ServerStage.obj
 0001:000045e0       ??1?$queue@IV?$deque@IV?$allocator@I@std@@@std@@@std@@QAE@XZ 100055e0 f i ServerStage.obj
 0001:000045f0       ??1CSocketAddress@Win32@OnlineGameLib@@QAE@XZ 100055f0 f i ServerStage.obj
 0001:00004620       ??1CPerConnectionData@@QAE@XZ 10005620 f i ServerStage.obj
 0001:00004650       ??0?$queue@IV?$deque@IV?$allocator@I@std@@@std@@@std@@QAE@XZ 10005650 f i ServerStage.obj
 0001:00004670       ??0?$list@IV?$allocator@I@std@@@std@@QAE@XZ 10005670 f i ServerStage.obj
 0001:00004690       ??0?$stack@PAXV?$deque@PAXV?$allocator@PAX@std@@@std@@@std@@QAE@XZ 10005690 f i ServerStage.obj
 0001:000046b0       ?assign@?$basic_string@DU?$char_traits@D@std@@V?$allocator@D@2@@std@@QAEAAV12@ABV12@II@Z 100056b0 f i ServerStage.obj
 0001:00004790       ??0?$_Tree@V?$_Tmap_traits@IPAUtagClientNode@CIOCPServer@@U?$less@I@std@@V?$allocator@U?$pair@$$CBIPAUtagClientNode@CIOCPServer@@@std@@@4@$0A@@std@@@std@@QAE@ABU?$less@I@1@ABV?$allocator@U?$pair@$$CBIPAUtagClientNode@CIOCPServer@@@std@@@1@@Z 10005790 f i ServerStage.obj
 0001:000047c0       ?front@?$deque@IV?$allocator@I@std@@@std@@QAEAAIXZ 100057c0 f i ServerStage.obj
 0001:00004810       ?back@?$deque@PAXV?$allocator@PAX@std@@@std@@QAEAAPAXXZ 10005810 f i ServerStage.obj
 0001:00004870       ?assign@?$basic_string@DU?$char_traits@D@std@@V?$allocator@D@2@@std@@QAEAAV12@PBDI@Z 10005870 f i ServerStage.obj
 0001:00004940       ??$unchecked_uninitialized_fill_n@PAPAIIPAIV?$allocator@PAI@std@@@stdext@@YAXPAPAIIABQAIAAV?$allocator@PAI@std@@@Z 10005940 f i ServerStage.obj
 0001:00004970       ??$unchecked_uninitialized_fill_n@PAPAPAXIPAPAXV?$allocator@PAPAX@std@@@stdext@@YAXPAPAPAXIABQAPAXAAV?$allocator@PAPAX@std@@@Z 10005970 f i ServerStage.obj
 0001:000049a0       ?append@?$basic_string@DU?$char_traits@D@std@@V?$allocator@D@2@@std@@QAEAAV12@ABV12@@Z 100059a0 f i ServerStage.obj
 0001:000049c0       ?append@?$basic_string@DU?$char_traits@D@std@@V?$allocator@D@2@@std@@QAEAAV12@PBD@Z 100059c0 f i ServerStage.obj
 0001:000049f0       ??1CTaskQueue@CIOCPServer@@QAE@XZ 100059f0 f   ServerStage.obj
 0001:00004a40       ??0CTaskQueue@CIOCPServer@@QAE@XZ 10005a40 f i ServerStage.obj
 0001:00004a60       ??_GCPerConnectionData@@QAEPAXI@Z 10005a60 f i ServerStage.obj
 0001:00004aa0       ??0?$basic_string@DU?$char_traits@D@std@@V?$allocator@D@2@@std@@QAE@ABV01@@Z 10005aa0 f i ServerStage.obj
 0001:00004ad0       ?front@?$queue@IV?$deque@IV?$allocator@I@std@@@std@@@std@@QAEAAIXZ 10005ad0 f i ServerStage.obj
 0001:00004b20       ?top@?$stack@PAXV?$deque@PAXV?$allocator@PAX@std@@@std@@@std@@QAEAAPAXXZ 10005b20 f i ServerStage.obj
 0001:00004b30       ?assign@?$basic_string@DU?$char_traits@D@std@@V?$allocator@D@2@@std@@QAEAAV12@PBD@Z 10005b30 f i ServerStage.obj
 0001:00004b60       ??Y?$basic_string@DU?$char_traits@D@std@@V?$allocator@D@2@@std@@QAEAAV01@ABV01@@Z 10005b60 f i ServerStage.obj
 0001:00004b80       ??Y?$basic_string@DU?$char_traits@D@std@@V?$allocator@D@2@@std@@QAEAAV01@PBD@Z 10005b80 f i ServerStage.obj
 0001:00004bb0       ??0logic_error@std@@QAE@ABV?$basic_string@DU?$char_traits@D@std@@V?$allocator@D@2@@1@@Z 10005bb0 f i ServerStage.obj
 0001:00004c20       ??0length_error@std@@QAE@ABV?$basic_string@DU?$char_traits@D@std@@V?$allocator@D@2@@1@@Z 10005c20 f i ServerStage.obj
 0001:00004c40       ??1length_error@std@@UAE@XZ 10005c40 f i ServerStage.obj
 0001:00004c80       ??_Elength_error@std@@UAEPAXI@Z 10005c80 f i ServerStage.obj
 0001:00004c80       ??_Glength_error@std@@UAEPAXI@Z 10005c80 f i ServerStage.obj
 0001:00004cd0       ??0out_of_range@std@@QAE@ABV?$basic_string@DU?$char_traits@D@std@@V?$allocator@D@2@@1@@Z 10005cd0 f i ServerStage.obj
 0001:00004cf0       ??1out_of_range@std@@UAE@XZ 10005cf0 f i ServerStage.obj
 0001:00004d30       ??_Gout_of_range@std@@UAEPAXI@Z 10005d30 f i ServerStage.obj
 0001:00004d30       ??_Eout_of_range@std@@UAEPAXI@Z 10005d30 f i ServerStage.obj
 0001:00004d80       ??0runtime_error@std@@QAE@ABV?$basic_string@DU?$char_traits@D@std@@V?$allocator@D@2@@1@@Z 10005d80 f i ServerStage.obj
 0001:00004df0       ??0failure@ios_base@std@@QAE@ABV?$basic_string@DU?$char_traits@D@std@@V?$allocator@D@2@@2@@Z 10005df0 f i ServerStage.obj
 0001:00004e10       ??1failure@ios_base@std@@UAE@XZ 10005e10 f i ServerStage.obj
 0001:00004e50       ??_Gfailure@ios_base@std@@UAEPAXI@Z 10005e50 f i ServerStage.obj
 0001:00004e50       ??_Efailure@ios_base@std@@UAEPAXI@Z 10005e50 f i ServerStage.obj
 0001:00004ea0       ??0CPerConnectionData@@QAE@ABV?$basic_string@DU?$char_traits@D@std@@V?$allocator@D@2@@std@@IABJ@Z 10005ea0 f i ServerStage.obj
 0001:00004ee0       ?GetConnectionDetails@CPerConnectionData@@QBE?AV?$basic_string@DU?$char_traits@D@std@@V?$allocator@D@2@@std@@XZ 10005ee0 f i ServerStage.obj
 0001:00004f10       ?Pop@CTaskQueue@CIOCPServer@@QAEPAXXZ 10005f10 f   ServerStage.obj
 0001:00004f60       ??0?$basic_string@DU?$char_traits@D@std@@V?$allocator@D@2@@std@@QAE@PBD@Z 10005f60 f i ServerStage.obj
 0001:00004fa0       ??4?$basic_string@DU?$char_traits@D@std@@V?$allocator@D@2@@std@@QAEAAV01@PBD@Z 10005fa0 f i ServerStage.obj
 0001:00004fd0       ?erase@?$_Tree@V?$_Tmap_traits@IPAUtagClientNode@CIOCPServer@@U?$less@I@std@@V?$allocator@U?$pair@$$CBIPAUtagClientNode@CIOCPServer@@@std@@@4@$0A@@std@@@std@@QAE?AViterator@12@V312@@Z 10005fd0 f i ServerStage.obj
 0001:00005290       ??0logic_error@std@@QAE@ABV01@@Z 10006290 f i ServerStage.obj
 0001:00005310       ?_Insert@?$_Tree@V?$_Tmap_traits@IPAUtagClientNode@CIOCPServer@@U?$less@I@std@@V?$allocator@U?$pair@$$CBIPAUtagClientNode@CIOCPServer@@@std@@@4@$0A@@std@@@std@@IAE?AViterator@12@_NPAU_Node@?$_Tree_nod@V?$_Tmap_traits@IPAUtagClientNode@CIOCPServer@@U?$less@I@std@@V?$allocator@U?$pair@$$CBIPAUtagClientNode@CIOCPServer@@@std@@@4@$0A@@std@@@2@ABU?$pair@$$CBIPAUtagClientNode@CIOCPServer@@@2@@Z 10006310 f i ServerStage.obj
 0001:00005510       ?_Incsize@?$list@IV?$allocator@I@std@@@std@@IAEXI@Z 10006510 f i ServerStage.obj
 0001:000055b0       ??0length_error@std@@QAE@ABV01@@Z 100065b0 f i ServerStage.obj
 0001:000055d0       ?_Xlen@?$deque@IV?$allocator@I@std@@@std@@KAXXZ 100065d0 f i ServerStage.obj
 0001:00005650       ?_Xlen@?$deque@PAXV?$allocator@PAX@std@@@std@@KAXXZ 10006650 f i ServerStage.obj
 0001:000056d0       ??$?HDU?$char_traits@D@std@@V?$allocator@D@1@@std@@YA?AV?$basic_string@DU?$char_traits@D@std@@V?$allocator@D@2@@0@PBDABV10@@Z 100066d0 f i ServerStage.obj
 0001:00005790       ??$?HDU?$char_traits@D@std@@V?$allocator@D@1@@std@@YA?AV?$basic_string@DU?$char_traits@D@std@@V?$allocator@D@2@@0@ABV10@PBD@Z 10006790 f i ServerStage.obj
 0001:00005850       ??$?HDU?$char_traits@D@std@@V?$allocator@D@1@@std@@YA?AV?$basic_string@DU?$char_traits@D@std@@V?$allocator@D@2@@0@ABV10@0@Z 10006850 f i ServerStage.obj
 0001:00005900       ??0_Locinfo@std@@QAE@PBD@Z 10006900 f i ServerStage.obj
 0001:000059d0       ??0runtime_error@std@@QAE@ABV01@@Z 100069d0 f i ServerStage.obj
 0001:00005a50       ??0out_of_range@std@@QAE@ABV01@@Z 10006a50 f i ServerStage.obj
 0001:00005a70       ??0?$ctype@D@std@@QAE@PBF_NI@Z 10006a70 f i ServerStage.obj
 0001:00005b70       ?do_tolower@?$ctype@D@std@@MBEDD@Z 10006b70 f i ServerStage.obj
 0001:00005b90       ?do_tolower@?$ctype@D@std@@MBEPBDPADPBD@Z 10006b90 f i ServerStage.obj
 0001:00005bc0       ?do_toupper@?$ctype@D@std@@MBEDD@Z 10006bc0 f i ServerStage.obj
 0001:00005be0       ?do_toupper@?$ctype@D@std@@MBEPBDPADPBD@Z 10006be0 f i ServerStage.obj
 0001:00005c10       ?do_widen@?$ctype@D@std@@MBEDD@Z 10006c10 f i ServerStage.obj
 0001:00005c20       ?do_widen@?$ctype@D@std@@MBEPBDPBD0PAD@Z 10006c20 f i ServerStage.obj
 0001:00005c50       ?_Do_widen_s@?$ctype@D@std@@MBEPBDPBD0PADI@Z 10006c50 f i ServerStage.obj
 0001:00005c90       ?do_narrow@?$ctype@D@std@@MBEDDD@Z 10006c90 f i ServerStage.obj
 0001:00005ca0       ?do_narrow@?$ctype@D@std@@MBEPBDPBD0DPAD@Z 10006ca0 f i ServerStage.obj
 0001:00005cd0       ?_Do_narrow_s@?$ctype@D@std@@MBEPBDPBD0DPADI@Z 10006cd0 f i ServerStage.obj
 0001:00005d10       ??1?$ctype@D@std@@MAE@XZ   10006d10 f i ServerStage.obj
 0001:00005d50       ??_G?$ctype@D@std@@MAEPAXI@Z 10006d50 f i ServerStage.obj
 0001:00005d50       ??_E?$ctype@D@std@@MAEPAXI@Z 10006d50 f i ServerStage.obj
 0001:00005da0       ?_Getcat@?$ctype@D@std@@SAIPAPBVfacet@locale@2@@Z 10006da0 f i ServerStage.obj
 0001:00005e20       ?clear@ios_base@std@@QAEXH_N@Z 10006e20 f i ServerStage.obj
 0001:00005f50       ??0failure@ios_base@std@@QAE@ABV012@@Z 10006f50 f i ServerStage.obj
 0001:00005f70       ?clear@ios_base@std@@QAEXH@Z 10006f70 f i ServerStage.obj
 0001:00005f80       ?_Init@ios_base@std@@IAEXXZ 10006f80 f i ServerStage.obj
 0001:00006000       ?Startup@CIOCPServer@@UAGJXZ 10007000 f   ServerStage.obj
 0001:00006130       ?Cleanup@CIOCPServer@@UAGJXZ 10007130 f   ServerStage.obj
 0001:00006260       ?OpenServiceA@CIOCPServer@@UAGJABKABG@Z 10007260 f   ServerStage.obj
 0001:000063a0       ?CloseService@CIOCPServer@@UAGJXZ 100073a0 f   ServerStage.obj
 0001:000064d0       ?_SendDataEx@CIOCPServer@@AAE_NPAUtagClientNode@1@QBXABI@Z 100074d0 f   ServerStage.obj
 0001:000066b0       ?erase@?$_Tree@V?$_Tmap_traits@IPAUtagClientNode@CIOCPServer@@U?$less@I@std@@V?$allocator@U?$pair@$$CBIPAUtagClientNode@CIOCPServer@@@std@@@4@$0A@@std@@@std@@QAE?AViterator@12@V312@0@Z 100076b0 f i ServerStage.obj
 0001:00006780       ?clear@?$basic_ios@DU?$char_traits@D@std@@@std@@QAEXH_N@Z 10007780 f i ServerStage.obj
 0001:000067a0       ?_Tidy@?$_Tree@V?$_Tmap_traits@IPAUtagClientNode@CIOCPServer@@U?$less@I@std@@V?$allocator@U?$pair@$$CBIPAUtagClientNode@CIOCPServer@@@std@@@4@$0A@@std@@@std@@IAEXXZ 100077a0 f i ServerStage.obj
 0001:000067e0       ?_Insert@?$list@IV?$allocator@I@std@@@std@@QAEXV?$_Iterator@$00@12@ABI@Z 100077e0 f i ServerStage.obj
 0001:00006820       ?insert@?$_Tree@V?$_Tmap_traits@IPAUtagClientNode@CIOCPServer@@U?$less@I@std@@V?$allocator@U?$pair@$$CBIPAUtagClientNode@CIOCPServer@@@std@@@4@$0A@@std@@@std@@QAE?AU?$pair@Viterator@?$_Tree@V?$_Tmap_traits@IPAUtagClientNode@CIOCPServer@@U?$less@I@std@@V?$allocator@U?$pair@$$CBIPAUtagClientNode@CIOCPServer@@@std@@@4@$0A@@std@@@std@@_N@2@ABU?$pair@$$CBIPAUtagClientNode@CIOCPServer@@@2@@Z 10007820 f i ServerStage.obj
 0001:000068e0       ?_Growmap@?$deque@IV?$allocator@I@std@@@std@@IAEXI@Z 100078e0 f i ServerStage.obj
 0001:00006a40       ?_Growmap@?$deque@PAXV?$allocator@PAX@std@@@std@@IAEXI@Z 10007a40 f i ServerStage.obj
 0001:00006ba0       ??$use_facet@V?$ctype@D@std@@@std@@YAABV?$ctype@D@0@ABVlocale@0@@Z 10007ba0 f i ServerStage.obj
 0001:00006cd0       ??0?$num_put@DV?$ostreambuf_iterator@DU?$char_traits@D@std@@@std@@@std@@QAE@I@Z 10007cd0 f i ServerStage.obj
 0001:00006d70       ?assign@?$char_traits@D@std@@SAPADPADID@Z 10007d70 f i ServerStage.obj
 0001:00006d90       ?_Getlconv@_Locinfo@std@@QBEPBUlconv@@XZ 10007d90 f i ServerStage.obj
 0001:00006da0       ?_Getfalse@_Locinfo@std@@QBEPBDXZ 10007da0 f i ServerStage.obj
 0001:00006db0       ?_Gettrue@_Locinfo@std@@QBEPBDXZ 10007db0 f i ServerStage.obj
 0001:00006dc0       ?precision@ios_base@std@@QBEHXZ 10007dc0 f i ServerStage.obj
 0001:00006dd0       ?width@ios_base@std@@QBEHXZ 10007dd0 f i ServerStage.obj
 0001:00006de0       ?width@ios_base@std@@QAEHH@Z 10007de0 f i ServerStage.obj
 0001:00006df0       ??1?$num_put@DV?$ostreambuf_iterator@DU?$char_traits@D@std@@@std@@@std@@MAE@XZ 10007df0 f i ServerStage.obj
 0001:00006e00       ??_E?$num_put@DV?$ostreambuf_iterator@DU?$char_traits@D@std@@@std@@@std@@MAEPAXI@Z 10007e00 f i ServerStage.obj
 0001:00006e00       ??_G?$num_put@DV?$ostreambuf_iterator@DU?$char_traits@D@std@@@std@@@std@@MAEPAXI@Z 10007e00 f i ServerStage.obj
 0001:00006e20       ?_Ffmt@?$num_put@DV?$ostreambuf_iterator@DU?$char_traits@D@std@@@std@@@std@@ABAPADPADDH@Z 10007e20 f i ServerStage.obj
 0001:00006e90       ?_Ifmt@?$num_put@DV?$ostreambuf_iterator@DU?$char_traits@D@std@@@std@@@std@@ABAPADPADPBDH@Z 10007e90 f i ServerStage.obj
 0001:00006f30       ??A?$basic_string@DU?$char_traits@D@std@@V?$allocator@D@2@@std@@QAEAADI@Z 10007f30 f i ServerStage.obj
 0001:00006f60       ??D?$ostreambuf_iterator@DU?$char_traits@D@std@@@std@@QAEAAV01@XZ 10007f60 f i ServerStage.obj
 0001:00006f70       ??E?$ostreambuf_iterator@DU?$char_traits@D@std@@@std@@QAEAAV01@XZ 10007f70 f i ServerStage.obj
 0001:00006f80       ?decimal_point@?$numpunct@D@std@@QBEDXZ 10007f80 f i ServerStage.obj
 0001:00006f90       ?thousands_sep@?$numpunct@D@std@@QBEDXZ 10007f90 f i ServerStage.obj
 0001:00006fa0       ?_Tidy@?$numpunct@D@std@@AAEXXZ 10007fa0 f i ServerStage.obj
 0001:00006fd0       ?_Chassign@?$basic_string@DU?$char_traits@D@std@@V?$allocator@D@2@@std@@IAEXIID@Z 10007fd0 f i ServerStage.obj
 0001:00007030       ??$_Maklocchr@D@std@@YADDPADABU_Cvtvec@@@Z 10008030 f i ServerStage.obj
 0001:00007040       ??$_Maklocstr@D@std@@YAPADPBDPADABU_Cvtvec@@@Z 10008040 f i ServerStage.obj
 0001:00007090       ??4?$ostreambuf_iterator@DU?$char_traits@D@std@@@std@@QAEAAV01@D@Z 10008090 f i ServerStage.obj
 0001:000070e0       ?_Init@?$numpunct@D@std@@IAEXABV_Locinfo@2@@Z 100080e0 f i ServerStage.obj
 0001:000071c0       ?_Put@?$num_put@DV?$ostreambuf_iterator@DU?$char_traits@D@std@@@std@@@std@@ABA?AV?$ostreambuf_iterator@DU?$char_traits@D@std@@@2@V32@PBDI@Z 100081c0 f i ServerStage.obj
 0001:00007240       ?_Rep@?$num_put@DV?$ostreambuf_iterator@DU?$char_traits@D@std@@@std@@@std@@ABA?AV?$ostreambuf_iterator@DU?$char_traits@D@std@@@2@V32@DI@Z 10008240 f i ServerStage.obj
 0001:000072c0       ?_Putc@?$num_put@DV?$ostreambuf_iterator@DU?$char_traits@D@std@@@std@@@std@@ABA?AV?$ostreambuf_iterator@DU?$char_traits@D@std@@@2@V32@PBDI@Z 100082c0 f i ServerStage.obj
 0001:00007340       ?_Putgrouped@?$num_put@DV?$ostreambuf_iterator@DU?$char_traits@D@std@@@std@@@std@@ABA?AV?$ostreambuf_iterator@DU?$char_traits@D@std@@@2@V32@PBDID@Z 10008340 f i ServerStage.obj
 0001:00007410       ?falsename@?$numpunct@D@std@@QBE?AV?$basic_string@DU?$char_traits@D@std@@V?$allocator@D@2@@2@XZ 10008410 f i ServerStage.obj
 0001:00007430       ?truename@?$numpunct@D@std@@QBE?AV?$basic_string@DU?$char_traits@D@std@@V?$allocator@D@2@@2@XZ 10008430 f i ServerStage.obj
 0001:00007450       ?append@?$basic_string@DU?$char_traits@D@std@@V?$allocator@D@2@@std@@QAEAAV12@ID@Z 10008450 f i ServerStage.obj
 0001:00007500       ?insert@?$basic_string@DU?$char_traits@D@std@@V?$allocator@D@2@@std@@QAEAAV12@IID@Z 10008500 f i ServerStage.obj
 0001:00007600       ?grouping@?$numpunct@D@std@@QBE?AV?$basic_string@DU?$char_traits@D@std@@V?$allocator@D@2@@2@XZ 10008600 f i ServerStage.obj
 0001:00007620       ?assign@?$basic_string@DU?$char_traits@D@std@@V?$allocator@D@2@@std@@QAEAAV12@ABV12@@Z 10008620 f i ServerStage.obj
 0001:00007640       ??0?$numpunct@D@std@@QAE@I@Z 10008640 f i ServerStage.obj
 0001:00007700       ?do_decimal_point@?$numpunct@D@std@@MBEDXZ 10008700 f i ServerStage.obj
 0001:00007710       ?do_thousands_sep@?$numpunct@D@std@@MBEDXZ 10008710 f i ServerStage.obj
 0001:00007720       ??1?$numpunct@D@std@@MAE@XZ 10008720 f i ServerStage.obj
 0001:00007750       ??_E?$numpunct@D@std@@MAEPAXI@Z 10008750 f i ServerStage.obj
 0001:00007750       ??_G?$numpunct@D@std@@MAEPAXI@Z 10008750 f i ServerStage.obj
 0001:000077a0       ?do_grouping@?$numpunct@D@std@@MBE?AV?$basic_string@DU?$char_traits@D@std@@V?$allocator@D@2@@2@XZ 100087a0 f i ServerStage.obj
 0001:000077f0       ?do_falsename@?$numpunct@D@std@@MBE?AV?$basic_string@DU?$char_traits@D@std@@V?$allocator@D@2@@2@XZ 100087f0 f i ServerStage.obj
 0001:00007840       ?do_truename@?$numpunct@D@std@@MBE?AV?$basic_string@DU?$char_traits@D@std@@V?$allocator@D@2@@2@XZ 10008840 f i ServerStage.obj
 0001:00007890       ?setstate@?$basic_ios@DU?$char_traits@D@std@@@std@@QAEXH_N@Z 10008890 f i ServerStage.obj
 0001:000078c0       ??1?$_Tree@V?$_Tmap_traits@IPAUtagClientNode@CIOCPServer@@U?$less@I@std@@V?$allocator@U?$pair@$$CBIPAUtagClientNode@CIOCPServer@@@std@@@4@$0A@@std@@@std@@QAE@XZ 100088c0 f i ServerStage.obj
 0001:00007900       ?push_back@?$list@IV?$allocator@I@std@@@std@@QAEXABI@Z 10008900 f i ServerStage.obj
 0001:00007940       ?insert@?$_Tree@V?$_Tmap_traits@IPAUtagClientNode@CIOCPServer@@U?$less@I@std@@V?$allocator@U?$pair@$$CBIPAUtagClientNode@CIOCPServer@@@std@@@4@$0A@@std@@@std@@QAE?AViterator@12@V312@ABU?$pair@$$CBIPAUtagClientNode@CIOCPServer@@@2@@Z 10008940 f i ServerStage.obj
 0001:00007b00       ?push_back@?$deque@IV?$allocator@I@std@@@std@@QAEXABI@Z 10008b00 f i ServerStage.obj
 0001:00007b80       ?push_back@?$deque@PAXV?$allocator@PAX@std@@@std@@QAEXABQAX@Z 10008b80 f i ServerStage.obj
 0001:00007c00       ?widen@?$basic_ios@DU?$char_traits@D@std@@@std@@QBEDD@Z 10008c00 f i ServerStage.obj
 0001:00007cc0       ?_Getcat@?$num_put@DV?$ostreambuf_iterator@DU?$char_traits@D@std@@@std@@@std@@SAIPAPBVfacet@locale@2@@Z 10008cc0 f i ServerStage.obj
 0001:00007d30       ?_Getcat@?$numpunct@D@std@@SAIPAPBVfacet@locale@2@@Z 10008d30 f i ServerStage.obj
 0001:00007da0       ??1?$map@IPAUtagClientNode@CIOCPServer@@U?$less@I@std@@V?$allocator@U?$pair@$$CBIPAUtagClientNode@CIOCPServer@@@std@@@4@@std@@QAE@XZ 10008da0 f i ServerStage.obj
 0001:00007de0       ??1CIOCPServer@@UAE@XZ     10008de0 f   ServerStage.obj
 0001:000080c0       ?OnStartAcceptingConnections@CSocketServer@Win32@OnlineGameLib@@EAEXXZ 100090c0 f i ServerStage.obj
 0001:000080d0       ?OnStopAcceptingConnections@CSocketServer@Win32@OnlineGameLib@@EAEXXZ 100090d0 f i ServerStage.obj
 0001:000080e0       ?OnShutdownInitiated@CSocketServer@Win32@OnlineGameLib@@EAEXXZ 100090e0 f i ServerStage.obj
 0001:000080f0       ?OnShutdownComplete@CSocketServer@Win32@OnlineGameLib@@EAEXXZ 100090f0 f i ServerStage.obj
 0001:00008100       ?OnConnectionCreated@CSocketServer@Win32@OnlineGameLib@@EAEXXZ 10009100 f i ServerStage.obj
 0001:00008110       ?OnConnectionClientClose@CSocketServer@Win32@OnlineGameLib@@EAEXPAVSocket@123@@Z 10009110 f i ServerStage.obj
[...]
 0001:0003c323       __unwindfunclet$?GetFileVersion@Win32@OnlineGameLib@@YA?AV?$basic_string@DU?$char_traits@D@std@@V?$allocator@D@2@@std@@XZ$4 1003d323 f   common:Utils.obj
 0001:0003c32b       __ehhandler$?GetFileVersion@Win32@OnlineGameLib@@YA?AV?$basic_string@DU?$char_traits@D@std@@V?$allocator@D@2@@std@@XZ 1003d32b f   common:Utils.obj
 0001:0003c360       __unwindfunclet$??1?$basic_filebuf@DU?$char_traits@D@std@@@std@@UAE@XZ$0 1003d360 f   common:Utils.obj
 0001:0003c368       __ehhandler$??1?$basic_filebuf@DU?$char_traits@D@std@@@std@@UAE@XZ 1003d368 f   common:Utils.obj
 0001:0003c390       __unwindfunclet$??0?$codecvt@DDH@std@@QAE@I@Z$0 1003d390 f   common:Utils.obj
 0001:0003c39b       __ehhandler$??0?$codecvt@DDH@std@@QAE@I@Z 1003d39b f   common:Utils.obj
 0001:0003c3d0       __unwindfunclet$??1?$basic_fstream@DU?$char_traits@D@std@@@std@@UAE@XZ$0 1003d3d0 f   common:Utils.obj
 0001:0003c3db       __ehhandler$??1?$basic_fstream@DU?$char_traits@D@std@@@std@@UAE@XZ 1003d3db f   common:Utils.obj
 0001:0003c400       __unwindfunclet$?_Getcat@?$codecvt@DDH@std@@SAIPAPBVfacet@locale@2@@Z$0 1003d400 f   common:Utils.obj
 0001:0003c40b       __ehhandler$?_Getcat@?$codecvt@DDH@std@@SAIPAPBVfacet@locale@2@@Z 1003d40b f   common:Utils.obj
 0001:0003c430       __unwindfunclet$??$use_facet@V?$codecvt@DDH@std@@@std@@YAABV?$codecvt@DDH@0@ABVlocale@0@@Z$0 1003d430 f   common:Utils.obj
 0001:0003c438       __ehhandler$??$use_facet@V?$codecvt@DDH@std@@@std@@YAABV?$codecvt@DDH@0@ABVlocale@0@@Z 1003d438 f   common:Utils.obj
 0001:0003c460       __unwindfunclet$??0?$basic_fstream@DU?$char_traits@D@std@@@std@@QAE@XZ$0 1003d460 f   common:Utils.obj
 0001:0003c47c       __unwindfunclet$??0?$basic_fstream@DU?$char_traits@D@std@@@std@@QAE@XZ$1 1003d47c f   common:Utils.obj
 0001:0003c487       __ehhandler$??0?$basic_fstream@DU?$char_traits@D@std@@@std@@QAE@XZ 1003d487 f   common:Utils.obj
 0001:0003c4b0       __ehhandler$?ThreadFunction@CThread@Win32@OnlineGameLib@@CGIPAX@Z 1003d4b0 f   common:Thread.obj
 0001:0003c4d0       __unwindfunclet$?Start@CThread@Win32@OnlineGameLib@@QAEXXZ$0 1003d4d0 f   common:Thread.obj
 0001:0003c4db       __unwindfunclet$?Start@CThread@Win32@OnlineGameLib@@QAEXXZ$1 1003d4db f   common:Thread.obj
 0001:0003c4e6       __unwindfunclet$?Start@CThread@Win32@OnlineGameLib@@QAEXXZ$2 1003d4e6 f   common:Thread.obj
 0001:0003c4f1       __ehhandler$?Start@CThread@Win32@OnlineGameLib@@QAEXXZ 1003d4f1 f   common:Thread.obj
 0001:0003c520       __unwindfunclet$?Wait@CThread@Win32@OnlineGameLib@@QBE_NK@Z$0 1003d520 f   common:Thread.obj
 0001:0003c528       __ehhandler$?Wait@CThread@Win32@OnlineGameLib@@QBE_NK@Z 1003d528 f   common:Thread.obj
 0001:0003c550       __unwindfunclet$?Wait@CThread@Win32@OnlineGameLib@@QBEXXZ$0 1003d550 f   common:Thread.obj
 0001:0003c558       __unwindfunclet$?Wait@CThread@Win32@OnlineGameLib@@QBEXXZ$1 1003d558 f   common:Thread.obj
 0001:0003c560       __ehhandler$?Wait@CThread@Win32@OnlineGameLib@@QBEXXZ 1003d560 f   common:Thread.obj
 0001:0003c580       __unwindfunclet$??0CIOBuffer@Win32@OnlineGameLib@@AAE@AAVAllocator@012@I@Z$0 1003d580 f   common:IOBuffer.obj
 0001:0003c58b       __unwindfunclet$??0CIOBuffer@Win32@OnlineGameLib@@AAE@AAVAllocator@012@I@Z$1 1003d58b f   common:IOBuffer.obj
 0001:0003c596       __ehhandler$??0CIOBuffer@Win32@OnlineGameLib@@AAE@AAVAllocator@012@I@Z 1003d596 f   common:IOBuffer.obj
 0001:0003c5c0       __ehhandler$?DestroyBuffer@Allocator@CIOBuffer@Win32@OnlineGameLib@@AAEXPAV234@@Z 1003d5c0 f   common:IOBuffer.obj
 0001:0003c5e0       __unwindfunclet$?Flush@Allocator@CIOBuffer@Win32@OnlineGameLib@@IAEXXZ$0 1003d5e0 f   common:IOBuffer.obj
 0001:0003c5e8       __ehhandler$?Flush@Allocator@CIOBuffer@Win32@OnlineGameLib@@IAEXXZ 1003d5e8 f   common:IOBuffer.obj
 0001:0003c610       __unwindfunclet$??1Allocator@CIOBuffer@Win32@OnlineGameLib@@UAE@XZ$2 1003d610 f   common:IOBuffer.obj
 0001:0003c61b       __ehhandler$??1Allocator@CIOBuffer@Win32@OnlineGameLib@@UAE@XZ 1003d61b f   common:IOBuffer.obj
 0001:0003c640       __unwindfunclet$?_Insert@?$_Tree@V?$_Tmap_traits@IPAVCIOBuffer@Win32@OnlineGameLib@@U?$less@I@std@@V?$allocator@U?$pair@$$CBIPAVCIOBuffer@Win32@OnlineGameLib@@@std@@@5@$0A@@std@@@std@@IAE?AViterator@12@_NPAU_Node@?$_Tree_nod@V?$_Tmap_traits@IPAVCIOBuffer@Win32@OnlineGameLib@@U?$less@I@std@@V?$allocator@U?$pair@$$CBIPAVCIOBuffer@Win32@OnlineGameLib@@@std@@@5@$0A@@std@@@2@ABU?$pair@$$CBIPAVCIOBuffer@Win32@OnlineGameLib@@@2@@Z$0 1003d640 f   common:IOBuffer.obj
 0001:0003c648       __ehhandler$?_Insert@?$_Tree@V?$_Tmap_traits@IPAVCIOBuffer@Win32@OnlineGameLib@@U?$less@I@std@@V?$allocator@U?$pair@$$CBIPAVCIOBuffer@Win32@OnlineGameLib@@@std@@@5@$0A@@std@@@std@@IAE?AViterator@12@_NPAU_Node@?$_Tree_nod@V?$_Tmap_traits@IPAVCIOBuffer@Win32@OnlineGameLib@@U?$less@I@std@@V?$allocator@U?$pair@$$CBIPAVCIOBuffer@Win32@OnlineGameLib@@@std@@@5@$0A@@std@@@2@ABU?$pair@$$CBIPAVCIOBuffer@Win32@OnlineGameLib@@@2@@Z 1003d648 f   common:IOBuffer.obj
 0001:0003c670       __unwindfunclet$?AddData@CIOBuffer@Win32@OnlineGameLib@@QAEXQBDI@Z$0 1003d670 f   common:IOBuffer.obj
 0001:0003c678       __unwindfunclet$?AddData@CIOBuffer@Win32@OnlineGameLib@@QAEXQBDI@Z$1 1003d678 f   common:IOBuffer.obj
 0001:0003c680       __ehhandler$?AddData@CIOBuffer@Win32@OnlineGameLib@@QAEXQBDI@Z 1003d680 f   common:IOBuffer.obj
 0001:0003c6a0       __unwindfunclet$?Allocate@Allocator@CIOBuffer@Win32@OnlineGameLib@@QAEPAV234@XZ$0 1003d6a0 f   common:IOBuffer.obj
 0001:0003c6ab       __unwindfunclet$?Allocate@Allocator@CIOBuffer@Win32@OnlineGameLib@@QAEPAV234@XZ$1 1003d6ab f   common:IOBuffer.obj
 0001:0003c6c5       __unwindfunclet$?Allocate@Allocator@CIOBuffer@Win32@OnlineGameLib@@QAEPAV234@XZ$2 1003d6c5 f   common:IOBuffer.obj
 0001:0003c6cd       __unwindfunclet$?Allocate@Allocator@CIOBuffer@Win32@OnlineGameLib@@QAEPAV234@XZ$3 1003d6cd f   common:IOBuffer.obj
 0001:0003c6d5       __ehhandler$?Allocate@Allocator@CIOBuffer@Win32@OnlineGameLib@@QAEPAV234@XZ 1003d6d5 f   common:IOBuffer.obj
 0001:0003c700       __unwindfunclet$?Release@Allocator@CIOBuffer@Win32@OnlineGameLib@@AAEXPAV234@@Z$0 1003d700 f   common:IOBuffer.obj
 0001:0003c708       __unwindfunclet$?Release@Allocator@CIOBuffer@Win32@OnlineGameLib@@AAEXPAV234@@Z$1 1003d708 f   common:IOBuffer.obj
 0001:0003c710       __unwindfunclet$?Release@Allocator@CIOBuffer@Win32@OnlineGameLib@@AAEXPAV234@@Z$2 1003d710 f   common:IOBuffer.obj
 0001:0003c71b       __ehhandler$?Release@Allocator@CIOBuffer@Win32@OnlineGameLib@@AAEXPAV234@@Z 1003d71b f   common:IOBuffer.obj
 0001:0003c740       __unwindfunclet$?ProcessAndGetNext@InOrderBufferList@CIOBuffer@Win32@OnlineGameLib@@QAEPAV234@XZ$0 1003d740 f   common:IOBuffer.obj
 0001:0003c748       __ehhandler$?ProcessAndGetNext@InOrderBufferList@CIOBuffer@Win32@OnlineGameLib@@QAEPAV234@XZ 1003d748 f   common:IOBuffer.obj
 0001:0003c770       __unwindfunclet$?GetNext@InOrderBufferList@CIOBuffer@Win32@OnlineGameLib@@QAEPAV234@XZ$0 1003d770 f   common:IOBuffer.obj
 0001:0003c778       __ehhandler$?GetNext@InOrderBufferList@CIOBuffer@Win32@OnlineGameLib@@QAEPAV234@XZ 1003d778 f   common:IOBuffer.obj
 0001:0003c7a0       __unwindfunclet$?Release@CIOBuffer@Win32@OnlineGameLib@@QAEXXZ$0 1003d7a0 f   common:IOBuffer.obj
 0001:0003c7a8       __unwindfunclet$?Release@CIOBuffer@Win32@OnlineGameLib@@QAEXXZ$1 1003d7a8 f   common:IOBuffer.obj
 0001:0003c7b0       __ehhandler$?Release@CIOBuffer@Win32@OnlineGameLib@@QAEXXZ 1003d7b0 f   common:IOBuffer.obj
 0001:0003c7d0       __unwindfunclet$?AddBuffer@InOrderBufferList@CIOBuffer@Win32@OnlineGameLib@@QAEXPAV234@@Z$0 1003d7d0 f   common:IOBuffer.obj
 0001:0003c7d8       __ehhandler$?AddBuffer@InOrderBufferList@CIOBuffer@Win32@OnlineGameLib@@QAEXPAV234@@Z 1003d7d8 f   common:IOBuffer.obj
 0001:0003c800       __unwindfunclet$?GetNext@InOrderBufferList@CIOBuffer@Win32@OnlineGameLib@@QAEPAV234@PAV234@@Z$0 1003d800 f   common:IOBuffer.obj
 0001:0003c808       __ehhandler$?GetNext@InOrderBufferList@CIOBuffer@Win32@OnlineGameLib@@QAEPAV234@PAV234@@Z 1003d808 f   common:IOBuffer.obj
 0001:0003c830       __unwindfunclet$?Create@Win32@OnlineGameLib@@YAPAXPAU_SECURITY_ATTRIBUTES@@_N1PBD@Z$0 1003d830 f   common:Event.obj
 0001:0003c838       __ehhandler$?Create@Win32@OnlineGameLib@@YAPAXPAU_SECURITY_ATTRIBUTES@@_N1PBD@Z 1003d838 f   common:Event.obj
 0001:0003c860       __unwindfunclet$?Wait@CEvent@Win32@OnlineGameLib@@QBE_NK@Z$0 1003d860 f   common:Event.obj
 0001:0003c868       __ehhandler$?Wait@CEvent@Win32@OnlineGameLib@@QBE_NK@Z 1003d868 f   common:Event.obj
 0001:0003c890       __unwindfunclet$?Reset@CEvent@Win32@OnlineGameLib@@QAEXXZ$0 1003d890 f   common:Event.obj
 0001:0003c898       __ehhandler$?Reset@CEvent@Win32@OnlineGameLib@@QAEXXZ 1003d898 f   common:Event.obj
 0001:0003c8c0       __unwindfunclet$?Set@CEvent@Win32@OnlineGameLib@@QAEXXZ$0 1003d8c0 f   common:Event.obj
 0001:0003c8c8       __ehhandler$?Set@CEvent@Win32@OnlineGameLib@@QAEXXZ 1003d8c8 f   common:Event.obj
 0001:0003c8f0       __unwindfunclet$?Pulse@CEvent@Win32@OnlineGameLib@@QAEXXZ$0 1003d8f0 f   common:Event.obj
 0001:0003c8f8       __ehhandler$?Pulse@CEvent@Win32@OnlineGameLib@@QAEXXZ 1003d8f8 f   common:Event.obj
 0001:0003c920       __unwindfunclet$?Wait@CEvent@Win32@OnlineGameLib@@QBEXXZ$0 1003d920 f   common:Event.obj
 0001:0003c928       __unwindfunclet$?Wait@CEvent@Win32@OnlineGameLib@@QBEXXZ$1 1003d928 f   common:Event.obj
 0001:0003c930       __ehhandler$?Wait@CEvent@Win32@OnlineGameLib@@QBEXXZ 1003d930 f   common:Event.obj
 0001:0003c950       __unwindfunclet$??6?$basic_ostream@DU?$char_traits@D@std@@@std@@QAEAAV01@G@Z$2 1003d950 f   common:SocketAddress.obj
 0001:0003c958       __unwindfunclet$??6?$basic_ostream@DU?$char_traits@D@std@@@std@@QAEAAV01@G@Z$3 1003d958 f   common:SocketAddress.obj
 0001:0003c960       __ehhandler$??6?$basic_ostream@DU?$char_traits@D@std@@@std@@QAEAAV01@G@Z 1003d960 f   common:SocketAddress.obj
 0001:0003c980       __unwindfunclet$??$ToString@G@Win32@OnlineGameLib@@YA?AV?$basic_string@DU?$char_traits@D@std@@V?$allocator@D@2@@std@@G@Z$0 1003d980 f   common:SocketAddress.obj
 0001:0003c9a2       __unwindfunclet$??$ToString@G@Win32@OnlineGameLib@@YA?AV?$basic_string@DU?$char_traits@D@std@@V?$allocator@D@2@@std@@G@Z$1 1003d9a2 f   common:SocketAddress.obj
 0001:0003c9ad       __ehhandler$??$ToString@G@Win32@OnlineGameLib@@YA?AV?$basic_string@DU?$char_traits@D@std@@V?$allocator@D@2@@std@@G@Z 1003d9ad f   common:SocketAddress.obj
 0001:0003c9d0       __unwindfunclet$?DeblockSockAddr@Win32@OnlineGameLib@@YA?AV?$basic_string@DU?$char_traits@D@std@@V?$allocator@D@2@@std@@PBUsockaddr@@@Z$1 1003d9d0 f   common:SocketAddress.obj
 0001:0003c9d8       __unwindfunclet$?DeblockSockAddr@Win32@OnlineGameLib@@YA?AV?$basic_string@DU?$char_traits@D@std@@V?$allocator@D@2@@std@@PBUsockaddr@@@Z$2 1003d9d8 f   common:SocketAddress.obj
 0001:0003c9e0       __unwindfunclet$?DeblockSockAddr@Win32@OnlineGameLib@@YA?AV?$basic_string@DU?$char_traits@D@std@@V?$allocator@D@2@@std@@PBUsockaddr@@@Z$3 1003d9e0 f   common:SocketAddress.obj
 0001:0003c9e8       __ehhandler$?DeblockSockAddr@Win32@OnlineGameLib@@YA?AV?$basic_string@DU?$char_traits@D@std@@V?$allocator@D@2@@std@@PBUsockaddr@@@Z 1003d9e8 f   common:SocketAddress.obj
 0001:0003ca10       __unwindfunclet$??0CWin32Exception@Win32@OnlineGameLib@@QAE@ABV?$basic_string@DU?$char_traits@D@std@@V?$allocator@D@2@@std@@K@Z$0 1003da10 f   common:Win32Exception.obj
 0001:0003ca18       __ehhandler$??0CWin32Exception@Win32@OnlineGameLib@@QAE@ABV?$basic_string@DU?$char_traits@D@std@@V?$allocator@D@2@@std@@K@Z 1003da18 f   common:Win32Exception.obj
 0001:0003ca40       __unwindfunclet$?MessageBoxA@CException@Win32@OnlineGameLib@@QBEXPAUHWND__@@@Z$0 1003da40 f   common:Exception.obj
 0001:0003ca48       __ehhandler$?MessageBoxA@CException@Win32@OnlineGameLib@@QBEXPAUHWND__@@@Z 1003da48 f   common:Exception.obj
 0001:0003ca70       __unwindfunclet$??0CException@Win32@OnlineGameLib@@QAE@ABV?$basic_string@DU?$char_traits@D@std@@V?$allocator@D@2@@std@@0@Z$0 1003da70 f   common:Exception.obj
 0001:0003ca7b       __ehhandler$??0CException@Win32@OnlineGameLib@@QAE@ABV?$basic_string@DU?$char_traits@D@std@@V?$allocator@D@2@@std@@0@Z 1003da7b f   common:Exception.obj
 0001:0003caa0       __unwindfunclet$??0CUsesWinsock@Win32@OnlineGameLib@@QAE@XZ$0 1003daa0 f   common:UsesWinsock.obj
 0001:0003caa8       __ehhandler$??0CUsesWinsock@Win32@OnlineGameLib@@QAE@XZ 1003daa8 f   common:UsesWinsock.obj
 0001:0003cad0       __unwindfunclet$??0CIOCompletionPort@Win32@OnlineGameLib@@QAE@I@Z$0 1003dad0 f   common:IOCompletionPort.obj
 0001:0003cad8       __ehhandler$??0CIOCompletionPort@Win32@OnlineGameLib@@QAE@I@Z 1003dad8 f   common:IOCompletionPort.obj
 0001:0003cb00       __unwindfunclet$?AssociateDevice@CIOCompletionPort@Win32@OnlineGameLib@@QAEXPAXK@Z$0 1003db00 f   common:IOCompletionPort.obj
 0001:0003cb08       __ehhandler$?AssociateDevice@CIOCompletionPort@Win32@OnlineGameLib@@QAEXPAXK@Z 1003db08 f   common:IOCompletionPort.obj
 0001:0003cb30       __unwindfunclet$?PostStatus@CIOCompletionPort@Win32@OnlineGameLib@@QAEXKKPAU_OVERLAPPED@@@Z$0 1003db30 f   common:IOCompletionPort.obj
 0001:0003cb38       __ehhandler$?PostStatus@CIOCompletionPort@Win32@OnlineGameLib@@QAEXKKPAU_OVERLAPPED@@@Z 1003db38 f   common:IOCompletionPort.obj
 0001:0003cb60       __unwindfunclet$??0CSocket@Win32@OnlineGameLib@@QAE@I@Z$0 1003db60 f   common:Socket.obj
 0001:0003cb68       __ehhandler$??0CSocket@Win32@OnlineGameLib@@QAE@I@Z 1003db68 f   common:Socket.obj
 0001:0003cb90       __unwindfunclet$?Close@CSocket@Win32@OnlineGameLib@@QAEXXZ$0 1003db90 f   common:Socket.obj
 0001:0003cb98       __ehhandler$?Close@CSocket@Win32@OnlineGameLib@@QAEXXZ 1003db98 f   common:Socket.obj
 0001:0003cbc0       __unwindfunclet$?AbortiveClose@CSocket@Win32@OnlineGameLib@@QAEXXZ$0 1003dbc0 f   common:Socket.obj
 0001:0003cbc8       __ehhandler$?AbortiveClose@CSocket@Win32@OnlineGameLib@@QAEXXZ 1003dbc8 f   common:Socket.obj
 0001:0003cbf0       __unwindfunclet$?Shutdown@CSocket@Win32@OnlineGameLib@@QAEXH@Z$0 1003dbf0 f   common:Socket.obj
 0001:0003cbf8       __ehhandler$?Shutdown@CSocket@Win32@OnlineGameLib@@QAEXH@Z 1003dbf8 f   common:Socket.obj
 0001:0003cc20       __unwindfunclet$?Listen@CSocket@Win32@OnlineGameLib@@QAEXH@Z$0 1003dc20 f   common:Socket.obj
 0001:0003cc28       __ehhandler$?Listen@CSocket@Win32@OnlineGameLib@@QAEXH@Z 1003dc28 f   common:Socket.obj
 0001:0003cc50       __unwindfunclet$?Bind@CSocket@Win32@OnlineGameLib@@QAEXABUsockaddr_in@@@Z$0 1003dc50 f   common:Socket.obj
 0001:0003cc58       __ehhandler$?Bind@CSocket@Win32@OnlineGameLib@@QAEXABUsockaddr_in@@@Z 1003dc58 f   common:Socket.obj
 0001:0003cc80       __unwindfunclet$?Bind@CSocket@Win32@OnlineGameLib@@QAEXABUsockaddr@@I@Z$0 1003dc80 f   common:Socket.obj
 0001:0003cc88       __ehhandler$?Bind@CSocket@Win32@OnlineGameLib@@QAEXABUsockaddr@@I@Z 1003dc88 f   common:Socket.obj
 0001:0003ccb0       __unwindfunclet$?Connect@CSocket@Win32@OnlineGameLib@@QAEXABUsockaddr_in@@@Z$0 1003dcb0 f   common:Socket.obj
 0001:0003ccb8       __ehhandler$?Connect@CSocket@Win32@OnlineGameLib@@QAEXABUsockaddr_in@@@Z 1003dcb8 f   common:Socket.obj
 0001:0003cce0       __unwindfunclet$?Connect@CSocket@Win32@OnlineGameLib@@QAEXABUsockaddr@@I@Z$0 1003dce0 f   common:Socket.obj
 0001:0003cce8       __ehhandler$?Connect@CSocket@Win32@OnlineGameLib@@QAEXABUsockaddr@@I@Z 1003dce8 f   common:Socket.obj
 0001:0003cd10       __ehhandler$??1CSocket@Win32@OnlineGameLib@@QAE@XZ 1003dd10 f   common:Socket.obj
 0001:0003cd2b       __ehhandler$?CallUnexpected@@YAXPBU_s_ESTypeList@@@Z 1003dd2b f   LIBCMT:frame.obj
 0001:0003cd46       __unwindfunclet$?_Locimp_dtor@_Locimp@locale@std@@CAXPAV123@@Z$0 1003dd46 f   libcpmt:locale0.obj
 0001:0003cd4e       __ehhandler$?_Locimp_dtor@_Locimp@locale@std@@CAXPAV123@@Z 1003dd4e f   libcpmt:locale0.obj
 0001:0003cd69       __unwindfunclet$??0_Locimp@locale@std@@AAE@_N@Z$0 1003dd69 f   libcpmt:locale0.obj
 0001:0003cd71       __ehhandler$??0_Locimp@locale@std@@AAE@_N@Z 1003dd71 f   libcpmt:locale0.obj
 0001:0003cd8c       __unwindfunclet$??1_Locimp@locale@std@@MAE@XZ$0 1003dd8c f   libcpmt:locale0.obj
 0001:0003cd94       __unwindfunclet$??1_Locimp@locale@std@@MAE@XZ$1 1003dd94 f   libcpmt:locale0.obj
 0001:0003cd9f       __ehhandler$??1_Locimp@locale@std@@MAE@XZ 1003dd9f f   libcpmt:locale0.obj
 0001:0003cdba       __unwindfunclet$?_Init@locale@std@@CAPAV_Locimp@12@XZ$0 1003ddba f   libcpmt:locale0.obj
 0001:0003cdc2       __unwindfunclet$?_Init@locale@std@@CAPAV_Locimp@12@XZ$1 1003ddc2 f   libcpmt:locale0.obj
 0001:0003cdcc       __ehhandler$?_Init@locale@std@@CAPAV_Locimp@12@XZ 1003ddcc f   libcpmt:locale0.obj
 0001:0003cde7       __unwindfunclet$?empty@locale@std@@SA?AV12@XZ$0 1003dde7 f   libcpmt:locale0.obj
 0001:0003cdf1       __ehhandler$?empty@locale@std@@SA?AV12@XZ 1003ddf1 f   libcpmt:locale0.obj
 0001:0003ce0c       __unwindfunclet$?_Xlen@_String_base@std@@SAXXZ$0 1003de0c f   libcpmt:string.obj
 0001:0003ce14       __ehhandler$?_Xlen@_String_base@std@@SAXXZ 1003de14 f   libcpmt:string.obj
 0001:0003ce2f       __unwindfunclet$?_Xran@_String_base@std@@SAXXZ$0 1003de2f f   libcpmt:string.obj
 0001:0003ce37       __ehhandler$?_Xran@_String_base@std@@SAXXZ 1003de37 f   libcpmt:string.obj
 0001:0003ce52       __unwindfunclet$?_Xinvarg@_String_base@std@@SAXXZ$0 1003de52 f   libcpmt:string.obj
 0001:0003ce5a       __ehhandler$?_Xinvarg@_String_base@std@@SAXXZ 1003de5a f   libcpmt:string.obj
 0001:0003ce80       ??__Egs_holdrand@@YAXXZ    1003de80 f   ServerStage.obj
 0001:0003ce90       ??__Es_criticalSection@Win32@OnlineGameLib@@YAXXZ 1003de90 f   common:Utils.obj
 0001:0003ceb0       ??__Es_debugOut@Win32@OnlineGameLib@@YAXXZ 1003deb0 f   common:Utils.obj
 0001:0003ced0       ??__Es_logFileName@Win32@OnlineGameLib@@YAXXZ 1003ded0 f   common:Utils.obj
 0001:0003ceed       ??__Einitlocks@std@@YAXXZ  1003deed f   libcpmt:xlock.obj
 0001:0003cf03       ??__Eclassic_locale@std@@YAXXZ 1003df03 f   libcpmt:locale0.obj
 0001:0003cf0f       ??__Einitlocks@std@@YAXXZ  1003df0f f   libcpmt:iosptrs.obj
 0001:0003cf25       ??__Einit_atexit@@YAXXZ    1003df25 f   libcpmt:iosptrs.obj
 0001:0003cf40       ??__Fs_criticalSection@Win32@OnlineGameLib@@YAXXZ 1003df40 f   common:Utils.obj
 0001:0003cf50       ??__Fs_logFileName@Win32@OnlineGameLib@@YAXXZ 1003df50 f   common:Utils.obj
 0001:0003cf80       ??__Fname@?1??GetAppFullPath@Win32@OnlineGameLib@@YA?AV?$basic_string@DU?$char_traits@D@std@@V?$allocator@D@2@@std@@PAUHINSTANCE__@@@Z@YAXXZ 1003df80 f   common:Utils.obj
 0001:0003cfb0       ??__Fname@?1??GetComputerNameA@Win32@OnlineGameLib@@YA?AV?$basic_string@DU?$char_traits@D@std@@V?$allocator@D@2@@std@@XZ@YAXXZ 1003dfb0 f   common:Utils.obj
 0001:0003cfe0       ??__Fname@?1??GetModuleFileNameA@Win32@OnlineGameLib@@YA?AV?$basic_string@DU?$char_traits@D@std@@V?$allocator@D@2@@std@@PAUHINSTANCE__@@@Z@YAXXZ 1003dfe0 f   common:Utils.obj
 0001:0003d010       ??__Fname@?1??GetUserNameA@Win32@OnlineGameLib@@YA?AV?$basic_string@DU?$char_traits@D@std@@V?$allocator@D@2@@std@@XZ@YAXXZ 1003e010 f   common:Utils.obj
 0001:0003d040       ??__Fversion@?1??GetFileVersion@Win32@OnlineGameLib@@YA?AV?$basic_string@DU?$char_traits@D@std@@V?$allocator@D@2@@std@@XZ@YAXXZ 1003e040 f   common:Utils.obj
 0001:0003d070       ??__Fs_debugOut@Win32@OnlineGameLib@@YAXXZ 1003e070 f   common:Utils.obj
 0001:0003d090       ??__Fnomem@?5???2@YAPAXI@Z@YAXXZ 1003e090 f   LIBCMT:new.obj
 0001:0003d0a4       ??__Finitlocks@std@@YAXXZ  1003e0a4 f   libcpmt:xlock.obj
 0001:0003d0ae       ??__Fclassic_locale@std@@YAXXZ 1003e0ae f   libcpmt:locale0.obj
 0001:0003d0b8       ??__Finitlocks@std@@YAXXZ  1003e0b8 f   libcpmt:iosptrs.obj
 0001:0003d0c2       ??__Finit_atexit@@YAXXZ    1003e0c2 f   libcpmt:iosptrs.obj
