 Engine

 Timestamp is 507eb48f (Wed Oct 17 20:37:19 2012)

 Preferred load address is 10000000

 Start         Length     Name                   Class
 0001:00000000 0003a150H .text                   CODE
 0001:0003a150 00001999H .text$x                 CODE
 0001:0003baf0 0000005cH .text$yc                CODE
 0001:0003bb50 00000040H .text$yd                CODE
 0002:00000000 0000030cH .idata$5                DATA
 0002:0000030c 00000004H .CRT$XCA                DATA
 0002:00000310 00000010H .CRT$XCU                DATA
 0002:00000320 00000004H .CRT$XCZ                DATA
 0002:00000324 00000004H .CRT$XIA                DATA
 0002:00000328 00000004H .CRT$XIAA               DATA
 0002:0000032c 00000004H .CRT$XIC                DATA
 0002:00000330 00000004H .CRT$XIZ                DATA
 0002:00000340 00005950H .rdata                  DATA
 0002:00005c90 00000054H .rdata$debug            DATA
 0002:00005ce4 00000b24H .rdata$r                DATA
 0002:00006808 00000004H .rtc$IAA                DATA
 0002:0000680c 00000004H .rtc$IZZ                DATA
 0002:00006810 00000004H .rtc$TAA                DATA
 0002:00006814 00000004H .rtc$TZZ                DATA
 0002:00006818 00001854H .xdata$x                DATA
 0002:0000806c 000000dcH .idata$2                DATA
 0002:00008148 00000014H .idata$3                DATA
 0002:0000815c 0000030cH .idata$4                DATA
 0002:00008468 00000ceeH .idata$6                DATA
 0002:00009160 0000c3eeH .edata                  DATA
 0003:00000000 00006de8H .data                   DATA
 0003:00006e00 0000950cH .bss                    DATA

  Address         Publics by Value              Rva+Base       Lib:Object

 0000:00000000       ___safe_se_handler_count   00000000     <absolute>
 0000:00000000       ___safe_se_handler_table   00000000     <absolute>
 0000:00000000       __except_list              00000000     <absolute>
 0000:00009876       __fltused                  00009876     <absolute>
 0000:00009876       __ldused                   00009876     <absolute>
 0000:00000000       ___ImageBase               10000000     <linker-defined>
 0001:00000000       ?GetScreenMode@KDirectDraw@@QAEKXZ 10001000 f i KAutoMutex.obj
 0001:00000010       ?GetScreenWidth@KDirectDraw@@QAEKXZ 10001010 f i KAutoMutex.obj
 0001:00000020       ?GetScreenHeight@KDirectDraw@@QAEKXZ 10001020 f i KAutoMutex.obj
 0001:00000030       ?GetScreenPitch@KDirectDraw@@QAEKXZ 10001030 f i KAutoMutex.obj
 0001:00000040       ?GetRGBBitCount@KDirectDraw@@QAEKXZ 10001040 f i KAutoMutex.obj
 0001:00000050       ?GetRGBBitMask16@KDirectDraw@@QAEKXZ 10001050 f i KAutoMutex.obj
 0001:00000060       ?GetRGBBitMask32@KDirectDraw@@QAEKXZ 10001060 f i KAutoMutex.obj
 0001:00000070       ??4KDirectDraw@@QAEAAV0@ABV0@@Z 10001070 f i KAutoMutex.obj
 0001:00000090       ?LockPrimaryBuffer@KDirectDraw@@QAEPAXXZ 10001090 f i KAutoMutex.obj
 0001:000000e0       ?UnLockPrimaryBuffer@KDirectDraw@@QAEXXZ 100010e0 f i KAutoMutex.obj
 0001:00000100       ?LockBackBuffer@KDirectDraw@@QAEPAXXZ 10001100 f i KAutoMutex.obj
 0001:00000150       ?UnLockBackBuffer@KDirectDraw@@QAEXXZ 10001150 f i KAutoMutex.obj
 0001:00000170       ?UpdateScreen@KDirectDraw@@QAEXPAUtagRECT@@@Z 10001170 f i KAutoMutex.obj
 0001:000001a0       ?GetDirectSound@KDirectSound@@QAEPAUIDirectSound@@XZ 100011a0 f i KAutoMutex.obj
 0001:000001b0       ??4KDirectSound@@QAEAAV0@ABV0@@Z 100011b0 f i KAutoMutex.obj
 0001:000001d0       ??4KDirectInput@@QAEAAV0@ABV0@@Z 100011d0 f i KAutoMutex.obj
 0001:000001f0       ??4KFile@@QAEAAV0@ABV0@@Z  100011f0 f i KAutoMutex.obj
 0001:00000210       ?GetFilePath@KFileDialog@@QAEPADXZ 10001210 f i KAutoMutex.obj
 0001:00000220       ?GetFileName@KFileDialog@@QAEPADXZ 10001220 f i KAutoMutex.obj
 0001:00000230       ?GetFileTitleA@KFileDialog@@QAEPADXZ 10001230 f i KAutoMutex.obj
 0001:00000240       ??4KFileDialog@@QAEAAV0@ABV0@@Z 10001240 f i KAutoMutex.obj
 0001:00000260       ??4KTimer@@QAEAAV0@ABV0@@Z 10001260 f i KAutoMutex.obj
 0001:00000280       ?GetMemPtr@KMemClass@@QAEPAXXZ 10001280 f i KAutoMutex.obj
 0001:00000290       ?GetMemLen@KMemClass@@QAEKXZ 10001290 f i KAutoMutex.obj
 0001:000002a0       ??4KMemClass@@QAEAAV0@ABV0@@Z 100012a0 f i KAutoMutex.obj
 0001:000002c0       ?GetWidth@KSprite@@QAEHXZ  100012c0 f i KAutoMutex.obj
 0001:000002d0       ?GetHeight@KSprite@@QAEHXZ 100012d0 f i KAutoMutex.obj
 0001:000002e0       ?GetCenterX@KSprite@@QAEHXZ 100012e0 f i KAutoMutex.obj
 0001:000002f0       ?GetCenterY@KSprite@@QAEHXZ 100012f0 f i KAutoMutex.obj
 0001:00000300       ?GetFrames@KSprite@@QAEHXZ 10001300 f i KAutoMutex.obj
 0001:00000310       ?GetDirections@KSprite@@QAEHXZ 10001310 f i KAutoMutex.obj
 0001:00000320       ?GetInterval@KSprite@@QAEHXZ 10001320 f i KAutoMutex.obj
 0001:00000330       ?GetPalette@KSprite@@QAEPAXXZ 10001330 f i KAutoMutex.obj
 0001:00000340       ?Get24Palette@KSprite@@QAEPAXXZ 10001340 f i KAutoMutex.obj
 0001:00000350       ??1KSprite@@QAE@XZ         10001350 f i KAutoMutex.obj
 0001:000003b0       ??4KSprite@@QAEAAV0@ABV0@@Z 100013b0 f i KAutoMutex.obj
 0001:000003d0       ??4KPakFile@@QAEAAV0@ABV0@@Z 100013d0 f i KAutoMutex.obj
 0001:000003f0       ??4KMemStack@@QAEAAV0@ABV0@@Z 100013f0 f i KAutoMutex.obj
 0001:00000410       ??4KIniFile@@QAEAAV0@ABV0@@Z 10001410 f i KAutoMutex.obj
 0001:00000430       ?Changed@KCanvas@@QAEXH@Z  10001430 f i KAutoMutex.obj
 0001:00000440       ?GetWidth@KCanvas@@QAEHXZ  10001440 f i KAutoMutex.obj
 0001:00000450       ?GetHeight@KCanvas@@QAEHXZ 10001450 f i KAutoMutex.obj
 0001:00000460       ?SetClipRect@KCanvas@@QAEXPAUtagRECT@@@Z 10001460 f i KAutoMutex.obj
 0001:00000480       ?GetClipRect@KCanvas@@QAEXPAUtagRECT@@@Z 10001480 f i KAutoMutex.obj
 0001:000004a0       ??4KCanvas@@QAEAAV0@ABV0@@Z 100014a0 f i KAutoMutex.obj
 0001:000004c0       ?GetBitmap@KBitmap@@QAEPAXXZ 100014c0 f i KAutoMutex.obj
 0001:000004d0       ?GetPal32@KBitmap@@QAEPAUKPAL32@@XZ 100014d0 f i KAutoMutex.obj
 0001:000004e0       ?GetPal16@KBitmap@@QAEPAGXZ 100014e0 f i KAutoMutex.obj
 0001:000004f0       ?GetWidth@KBitmap@@QAEHXZ  100014f0 f i KAutoMutex.obj
 0001:00000500       ?GetHeight@KBitmap@@QAEHXZ 10001500 f i KAutoMutex.obj
 0001:00000510       ?GetColors@KBitmap@@QAEHXZ 10001510 f i KAutoMutex.obj
 0001:00000520       ??1KBitmap@@QAE@XZ         10001520 f i KAutoMutex.obj
 0001:00000530       ??4KBitmap@@QAEAAV0@ABV0@@Z 10001530 f i KAutoMutex.obj
 0001:00000550       ?GetWidth@KFont@@QAEHXZ    10001550 f i KAutoMutex.obj
 0001:00000560       ?GetHeight@KFont@@QAEHXZ   10001560 f i KAutoMutex.obj
 0001:00000570       ?SetTextStyle@KFont@@QAEXH@Z 10001570 f i KAutoMutex.obj
 0001:00000580       ??4KFont@@QAEAAV0@ABV0@@Z  10001580 f i KAutoMutex.obj
 0001:000005a0       ?HandleInput@KWin32App@@MAEHIIJ@Z 100015a0 f i KAutoMutex.obj
 0001:000005b0       ??0KWin32App@@QAE@ABV0@@Z  100015b0 f i KAutoMutex.obj
 0001:00000610       ??4KWin32App@@QAEAAV0@ABV0@@Z 10001610 f i KAutoMutex.obj
 0001:00000680       ??4KMutex@@QAEAAV0@ABV0@@Z 10001680 f i KAutoMutex.obj
 0001:000006b0       ??4KAutoMutex@@QAEAAV0@ABV0@@Z 100016b0 f i KAutoMutex.obj
 0001:000006c0       ??0KAutoMutex@@QAE@PAVKMutex@@@Z 100016c0 f   KAutoMutex.obj
 0001:000006e0       ??1KAutoMutex@@QAE@XZ      100016e0 f   KAutoMutex.obj
 0001:00000700       ??4KAviFile@@QAEAAV0@ABV0@@Z 10001700 f i KAviFile.obj
 0001:00000740       ??0KAviFile@@QAE@XZ        10001740 f   KAviFile.obj
 0001:00000770       ?FillHeader@KAviFile@@QAEHXZ 10001770 f   KAviFile.obj
 0001:000011d0       ?GetAudioIndex@KAviFile@@QAEHXZ 100021d0 f   KAviFile.obj
 0001:00001440       ?GetVideoIndex@KAviFile@@QAEHXZ 10002440 f   KAviFile.obj
 0001:000015e0       ?VideoStreams@KAviFile@@QAEHXZ 100025e0 f   KAviFile.obj
 0001:000015f0       ?AudioStreams@KAviFile@@QAEHXZ 100025f0 f   KAviFile.obj
 0001:00001600       ?GetBitmapInfoHeader@KAviFile@@QAEXPAUtagBITMAPINFOHEADER@@@Z 10002600 f   KAviFile.obj
 0001:00001620       ?GetWaveFormat@KAviFile@@QAEXPAUtWAVEFORMATEX@@@Z 10002620 f   KAviFile.obj
 0001:00001650       ?GetCompressMethod@KAviFile@@QAEXPAD@Z 10002650 f   KAviFile.obj
 0001:00001670       ?NextFrame@KAviFile@@QAEHPAE@Z 10002670 f   KAviFile.obj
 0001:000016d0       ?ReadAudio@KAviFile@@QAEHPAEH@Z 100026d0 f   KAviFile.obj
 0001:00001770       ?FrameRate@KAviFile@@QAEHXZ 10002770 f   KAviFile.obj
 0001:00001790       ?CurrentFrame@KAviFile@@QAEHXZ 10002790 f   KAviFile.obj
 0001:000017a0       ?TotalFrames@KAviFile@@QAEHXZ 100027a0 f   KAviFile.obj
 0001:000017b0       ?AudioSeek@KAviFile@@QAEHH@Z 100027b0 f   KAviFile.obj
 0001:00001880       ?IsKeyframe@KAviFile@@QAEHH@Z 10002880 f   KAviFile.obj
 0001:000018b0       ?NextKeyFrame@KAviFile@@QAEHXZ 100028b0 f   KAviFile.obj
 0001:000018f0       ?PreviousKeyFrame@KAviFile@@QAEHXZ 100028f0 f   KAviFile.obj
 0001:00001930       ?Rewind@KAviFile@@QAEHXZ   10002930 f   KAviFile.obj
 0001:00001950       ?Close@KAviFile@@QAEXXZ    10002950 f   KAviFile.obj
 0001:00001990       ??1KAviFile@@QAE@XZ        10002990 f   KAviFile.obj
 0001:000019f0       ?Open@KAviFile@@QAEHPAD@Z  100029f0 f   KAviFile.obj
 0001:00001bb0       ?VideoSeek@KAviFile@@QAEHH@Z 10002bb0 f   KAviFile.obj
 0001:00001c10       ??0KBitmap@@QAE@XZ         10002c10 f   KBitmap.obj
 0001:00001c30       ?Init@KBitmap@@QAEHHHH@Z   10002c30 f   KBitmap.obj
 0001:00001c70       ?Draw@KBitmap@@QAEXHH@Z    10002c70 f   KBitmap.obj
 0001:00001cb0       ?Clear@KBitmap@@QAEXE@Z    10002cb0 f   KBitmap.obj
 0001:00001cc0       ?MakePalette@KBitmap@@QAEXXZ 10002cc0 f   KBitmap.obj
 0001:00001ce0       ?PutPixel@KBitmap@@QAEXHHE@Z 10002ce0 f   KBitmap.obj
 0001:00001d00       ?GetPixel@KBitmap@@QAEEHH@Z 10002d00 f   KBitmap.obj
 0001:00001d20       ?Load@KBitmap@@QAEHPAD@Z   10002d20 f   KBitmap.obj
 0001:00001e40       ?Save@KBitmap@@QAEHPAD@Z   10002e40 f   KBitmap.obj
 0001:00001f50       ?GetBitmap@KBitmap16@@QAEPAXXZ 10002f50 f i KBitmap16.obj
 0001:00001f60       ?GetWidth@KBitmap16@@QAEHXZ 10002f60 f i KBitmap16.obj
 0001:00001f70       ?GetHeight@KBitmap16@@QAEHXZ 10002f70 f i KBitmap16.obj
 0001:00001f80       ??1KBitmap16@@QAE@XZ       10002f80 f i KBitmap16.obj
 0001:00001f90       ??4KBitmap16@@QAEAAV0@ABV0@@Z 10002f90 f i KBitmap16.obj
 0001:00001fb0       ??0KBitmap16@@QAE@XZ       10002fb0 f   KBitmap16.obj
 0001:00001fd0       ?Init@KBitmap16@@QAEHHH@Z  10002fd0 f   KBitmap16.obj
 0001:00002000       ?Free@KBitmap16@@QAEXXZ    10003000 f   KBitmap16.obj
 0001:00002010       ?Clear@KBitmap16@@QAEXXZ   10003010 f   KBitmap16.obj
 0001:00002020       ?Draw@KBitmap16@@QAEXHH@Z  10003020 f   KBitmap16.obj
 0001:00002030       ?DrawLum@KBitmap16@@QAEXHHH@Z 10003030 f   KBitmap16.obj
 0001:00002040       ?PutPixel@KBitmap16@@QAEXHHG@Z 10003040 f   KBitmap16.obj
 0001:00002080       ?GetPixel@KBitmap16@@QAEGHH@Z 10003080 f   KBitmap16.obj
 0001:000020c0       ?GetPointer@KBitmap16@@QAEPAGHH@Z 100030c0 f   KBitmap16.obj
 0001:000020e0       ?Load@KBitmap16@@QAEHPAD@Z 100030e0 f   KBitmap16.obj
 0001:00002210       ?Save@KBitmap16@@QAEHPAD@Z 10003210 f   KBitmap16.obj
 0001:00002300       _g_CreateAlphaFromRGB      10003300 f   KBitmapConvert.obj
 0001:00002360       ?GetSprite@KBmp2Spr@@QAEPAXXZ 10003360 f i KBmp2Spr.obj
 0001:00002370       ?GetLength@KBmp2Spr@@QAEJXZ 10003370 f i KBmp2Spr.obj
 0001:00002380       ??1KBmp2Spr@@QAE@XZ        10003380 f i KBmp2Spr.obj
 0001:00002390       ??4KBmp2Spr@@QAEAAV0@ABV0@@Z 10003390 f i KBmp2Spr.obj
 0001:000023b0       ??0KBmp2Spr@@QAE@XZ        100033b0 f   KBmp2Spr.obj
 0001:000023d0       ?GetTransCount@KBmp2Spr@@IAEJHHH@Z 100033d0 f   KBmp2Spr.obj
 0001:00002420       ?GetPixelCount@KBmp2Spr@@IAEJHHH@Z 10003420 f   KBmp2Spr.obj
 0001:00002470       ?GetMiniRect@KBmp2Spr@@IAEXPAUtagRECT@@@Z 10003470 f   KBmp2Spr.obj
 0001:000025a0       ?ConvertLine@KBmp2Spr@@IAEJHHHPAE@Z 100035a0 f   KBmp2Spr.obj
 0001:00002650       ?ConvertRect@KBmp2Spr@@IAEJPAUtagRECT@@PAE@Z 10003650 f   KBmp2Spr.obj
 0001:000026d0       ?Convert@KBmp2Spr@@QAEHPAVKBitmap@@H@Z 100036d0 f   KBmp2Spr.obj
 0001:00002770       ??4KBmpFile@@QAEAAV0@ABV0@@Z 10003770 f i KBmpFile.obj
 0001:00002790       ?Decode@KBmpFile@@AAEXPAX0@Z 10003790 f   KBmpFile.obj
 0001:000027e0       ?Encode@KBmpFile@@AAEXPAX0@Z 100037e0 f   KBmpFile.obj
 0001:00002830       ?Load@KBmpFile@@QAEHPADPAVKBitmap@@@Z 10003830 f   KBmpFile.obj
 0001:00002a00       ?Save@KBmpFile@@QAEHPADPAVKBitmap@@@Z 10003a00 f   KBmpFile.obj
 0001:00002bd0       ??4KBmpFile24@@QAEAAV0@ABV0@@Z 10003bd0 f i KBmpFile24.obj
 0001:00002bf0       ?Decode@KBmpFile24@@AAEHPAX0@Z 10003bf0 f   KBmpFile24.obj
 0001:00002c90       ?Encode@KBmpFile24@@AAEHPAX0@Z 10003c90 f   KBmpFile24.obj
 0001:00002d40       ?SaveBuffer@KBmpFile24@@CAHPADPAXHHH_N@Z 10003d40 f   KBmpFile24.obj
 0001:00002f80       ?Load@KBmpFile24@@QAEHPADPAVKBitmap16@@@Z 10003f80 f   KBmpFile24.obj
 0001:00003120       ?Save@KBmpFile24@@QAEHPADPAVKBitmap16@@@Z 10004120 f   KBmpFile24.obj
 0001:000032e0       ?SaveBuffer24@KBmpFile24@@SAHPADPAXHHH@Z 100042e0 f   KBmpFile24.obj
 0001:00003310       ?SaveBuffer32@KBmpFile24@@SAHPADPAXHHH@Z 10004310 f   KBmpFile24.obj
 0001:00003340       ??1KNode@@UAE@XZ           10004340 f i KCache.obj
 0001:00003350       ??_GKNode@@UAEPAXI@Z       10004350 f i KCache.obj
 0001:00003350       ??_EKNode@@UAEPAXI@Z       10004350 f i KCache.obj
 0001:00003370       ??0KNode@@QAE@XZ           10004370 f i KCache.obj
 0001:00003390       ?GetNext@KNode@@QAEPAV1@XZ 10004390 f i KCache.obj
 0001:000033a0       ?GetPrev@KNode@@QAEPAV1@XZ 100043a0 f i KCache.obj
 0001:000033b0       ?InsertAfter@KNode@@QAEXPAV1@@Z 100043b0 f i KCache.obj
 0001:000033e0       ?Remove@KNode@@QAEXXZ      100043e0 f i KCache.obj
 0001:00003410       ??0KList@@QAE@XZ           10004410 f i KCache.obj
 0001:00003440       ?GetHead@KList@@QAEPAVKNode@@XZ 10004440 f i KCache.obj
 0001:00003450       ?GetTail@KList@@QAEPAVKNode@@XZ 10004450 f i KCache.obj
 0001:00003460       ?AddHead@KList@@QAEXPAVKNode@@@Z 10004460 f i KCache.obj
 0001:00003490       ?RemoveHead@KList@@QAEPAVKNode@@XZ 10004490 f i KCache.obj
 0001:000034d0       ?RemoveTail@KList@@QAEPAVKNode@@XZ 100044d0 f i KCache.obj
 0001:00003510       ?GetNodeCount@KList@@QAEJXZ 10004510 f i KCache.obj
 0001:00003540       ??1KList@@QAE@XZ           10004540 f i KCache.obj
 0001:00003550       ??0KNode@@QAE@ABV0@@Z      10004550 f i KCache.obj
 0001:00003570       ??4KNode@@QAEAAV0@ABV0@@Z  10004570 f i KCache.obj
 0001:00003590       ?GetName@KStrNode@@UAEPADXZ 10004590 f i KCache.obj
 0001:000035a0       ?SetName@KStrNode@@UAEXPAD@Z 100045a0 f i KCache.obj
 0001:000035c0       ??1KStrNode@@UAE@XZ        100045c0 f i KCache.obj
 0001:000035d0       ??0KStrNode@@QAE@ABV0@@Z   100045d0 f i KCache.obj
 0001:00003610       ??4KStrNode@@QAEAAV0@ABV0@@Z 10004610 f i KCache.obj
 0001:00003650       ??_GKStrNode@@UAEPAXI@Z    10004650 f i KCache.obj
 0001:00003670       ??_EKStrNode@@UAEPAXI@Z    10004670 f i KCache.obj
 0001:000036d0       ??0KStrList@@QAE@XZ        100046d0 f i KCache.obj
 0001:00003700       ??1KStrList@@QAE@XZ        10004700 f i KCache.obj
 0001:00003710       ??0KCacheNode@@QAE@XZ      10004710 f i KCache.obj
 0001:00003730       ??1KCacheNode@@UAE@XZ      10004730 f i KCache.obj
 0001:00003740       ?LoadNode@KCache@@UAEHPAVKCacheNode@@@Z 10004740 f i KCache.obj
 0001:00003750       ?FreeNode@KCache@@UAEXPAVKCacheNode@@@Z 10004750 f i KCache.obj
 0001:00003760       ??0KCache@@QAE@XZ          10004760 f   KCache.obj
 0001:000037b0       ?Release@KCache@@UAEXXZ    100047b0 f   KCache.obj
 0001:00003800       ??1KCache@@QAE@XZ          10004800 f   KCache.obj
 0001:00003820       ?Init@KCache@@UAEXH@Z      10004820 f   KCache.obj
 0001:00003830       ?NewNode@KCache@@UAEPAVKCacheNode@@PAD@Z 10004830 f   KCache.obj
 0001:00003a00       ?GetNode@KCache@@UAEPAVKCacheNode@@PADPAV2@@Z 10004a00 f   KCache.obj
 0001:00003a90       ?Prepare@KCache@@QAEXXZ    10004a90 f   KCache.obj
 0001:00003b10       ?ClearNode@KCache@@QAEXPAD@Z 10004b10 f   KCache.obj
 0001:00003b80       ??0KList@@QAE@ABV0@@Z      10004b80 f i KCache.obj
 0001:00003bb0       ??4KList@@QAEAAV0@ABV0@@Z  10004bb0 f i KCache.obj
 0001:00003be0       ??0KStrList@@QAE@ABV0@@Z   10004be0 f i KCache.obj
 0001:00003c10       ??4KStrList@@QAEAAV0@ABV0@@Z 10004c10 f i KCache.obj
 0001:00003c40       ??_EKCacheNode@@UAEPAXI@Z  10004c40 f i KCache.obj
 0001:00003c40       ??_GKCacheNode@@UAEPAXI@Z  10004c40 f i KCache.obj
 0001:00003c60       ??0KCache@@QAE@ABV0@@Z     10004c60 f i KCache.obj
 0001:00003ca0       ??4KCache@@QAEAAV0@ABV0@@Z 10004ca0 f i KCache.obj
 0001:00003cd0       ??0KMemManager@@QAE@ABV0@@Z 10004cd0 f i KCache.obj
 0001:00003d20       ??4KMemManager@@QAEAAV0@ABV0@@Z 10004d20 f i KCache.obj
 0001:00003da0       ??0KCanvas@@QAE@XZ         10004da0 f   KCanvas.obj
 0001:00003dc0       ?Terminate@KCanvas@@QAEXXZ 10004dc0 f   KCanvas.obj
 0001:00003de0       ?GetUpdateRect@KCanvas@@AAE_NPAUtagRECT@@0@Z 10004de0 f   KCanvas.obj
 0001:00003eb0       ?RectClip@KCanvas@@QAEHPAUtagRECT@@@Z 10004eb0 f   KCanvas.obj
 0001:00003f00       ?MakeClip@KCanvas@@QAEHJJJJPAUKClipper@@@Z 10004f00 f   KCanvas.obj
 0001:00003fc0       ?FillCanvas@KCanvas@@QAEXG@Z 10004fc0 f   KCanvas.obj
 0001:00004000       ?UpdateCanvas@KCanvas@@QAEXXZ 10005000 f   KCanvas.obj
 0001:00004010       ?BltSurface@KCanvas@@QAEXPAUIDirectDrawSurface@@PAUtagRECT@@@Z 10005010 f   KCanvas.obj
 0001:00004040       ?UpdateBackBuffer@KCanvas@@AAEXPAUtagRECT@@@Z 10005040 f i KCanvas.obj
 0001:000040e0       ?UpdateFrontBuffer@KCanvas@@AAEXPAUtagRECT@@@Z 100050e0 f i KCanvas.obj
 0001:00004180       ?UpdateScreen@KCanvas@@QAEXXZ 10005180 f   KCanvas.obj
 0001:00004190       ??0KDrawNode@@QAE@XZ       10005190 f i KCanvas.obj
 0001:000041b0       ??1KDrawNode@@UAE@XZ       100051b0 f i KCanvas.obj
 0001:000041c0       ??_EKDrawNode@@UAEPAXI@Z   100051c0 f i KCanvas.obj
 0001:000041c0       ??_GKDrawNode@@UAEPAXI@Z   100051c0 f i KCanvas.obj
 0001:000041e0       ?DrawPixelAlpha@KCanvas@@QAEXHHHH@Z 100051e0 f   KCanvas.obj
 0001:00004260       ?DrawLine@KCanvas@@QAEXHHHHH@Z 10005260 f   KCanvas.obj
 0001:000042f0       ?DrawLineAlpha@KCanvas@@QAEXHHHHHH@Z 100052f0 f   KCanvas.obj
 0001:00004380       ?DrawSprite@KCanvas@@QAEXHHHHPAX0@Z 10005380 f   KCanvas.obj
 0001:00004410       ?DrawSpriteMixColor@KCanvas@@QAEXHHHHPAX0HH@Z 10005410 f   KCanvas.obj
 0001:000044b0       ?DrawSpriteWithColor@KCanvas@@QAEXHHHHPAX0HH@Z 100054b0 f   KCanvas.obj
 0001:00004550       ?DrawSpriteAlpha@KCanvas@@QAEXHHHHPAX0H@Z 10005550 f   KCanvas.obj
 0001:00004610       ?DrawSpriteBorder@KCanvas@@QAEXHHHHHPAX@Z 10005610 f   KCanvas.obj
 0001:000046a0       ?DrawSprite3LevelAlpha@KCanvas@@QAEXHHHHPAX0@Z 100056a0 f   KCanvas.obj
 0001:00004730       ?DrawFont@KCanvas@@QAEXHHHHHHPAX@Z 10005730 f   KCanvas.obj
 0001:000047d0       ?DrawFontWithBorder@KCanvas@@QAEXHHHHHHPAXH@Z 100057d0 f   KCanvas.obj
 0001:00004870       ?DrawFontSolid@KCanvas@@QAEXHHHHHHPAX@Z 10005870 f   KCanvas.obj
 0001:00004910       ?DrawBitmap@KCanvas@@QAEXHHHHPAX0@Z 10005910 f   KCanvas.obj
 0001:000049a0       ?DrawFade@KCanvas@@QAEXHHHHH@Z 100059a0 f   KCanvas.obj
 0001:00004a30       ?DrawBitmap16@KCanvas@@QAEXHHHHPAX@Z 10005a30 f   KCanvas.obj
 0001:00004ac0       ?DrawBitmap16mmx@KCanvas@@QAEXHHHHPAX@Z 10005ac0 f   KCanvas.obj
 0001:00004b50       ?DrawBitmap16win@KCanvas@@QAEXHHHHPAX@Z 10005b50 f   KCanvas.obj
 0001:00004be0       ?Clear@KCanvas@@QAEXHHHHH@Z 10005be0 f   KCanvas.obj
 0001:00004c20       ?DotClear@KCanvas@@QAEXHHHHH@Z 10005c20 f   KCanvas.obj
 0001:00004cb0       ?ClearAlpha@KCanvas@@QAEXHHHHHH@Z 10005cb0 f   KCanvas.obj
 0001:00004d40       ?LockCanvas@KCanvas@@QAEPAXAAH@Z 10005d40 f   KCanvas.obj
 0001:00004d90       ?UnlockCanvas@KCanvas@@QAEXXZ 10005d90 f   KCanvas.obj
 0001:00004db0       ??1KCanvas@@QAE@XZ         10005db0 f   KCanvas.obj
 0001:00004dc0       ?Init@KCanvas@@QAE_NHH@Z   10005dc0 f   KCanvas.obj
 0001:00004e70       ?DrawPixel@KCanvas@@QAEXHHH@Z 10005e70 f   KCanvas.obj
 0001:00004ef0       ??0KCodec@@QAE@XZ          10005ef0 f i KCodec.obj
 0001:00004f00       ??0KCodec@@QAE@ABV0@@Z     10005f00 f i KCodec.obj
 0001:00004f10       ??4KCodec@@QAEAAV0@ABV0@@Z 10005f10 f i KCodec.obj
 0001:00004f20       ??0KCodecLzo@@QAE@XZ       10005f20 f i KCodec.obj
 0001:00004f40       ??1KCodecLzo@@QAE@XZ       10005f40 f i KCodec.obj
 0001:00004f50       ??0KCodecLzo@@QAE@ABV0@@Z  10005f50 f i KCodec.obj
 0001:00004f70       ??4KCodecLzo@@QAEAAV0@ABV0@@Z 10005f70 f i KCodec.obj
 0001:00004f90       ?GetPackLen@KCodec@@UAEKK@Z 10005f90 f   KCodec.obj
 0001:00004fb0       ?Encode@KCodec@@UAEHPAUTCodeInfo@@@Z 10005fb0 f   KCodec.obj
 0001:00004fe0       ?Decode@KCodec@@UAEHPAUTCodeInfo@@@Z 10005fe0 f   KCodec.obj
 0001:00005010       ?g_InitCodec@@YAXPAPAVKCodec@@H@Z 10006010 f   KCodec.obj
 0001:000050e0       ??_GKCodecLzo@@QAEPAXI@Z   100060e0 f i KCodec.obj
 0001:00005110       ?g_FreeCodec@@YAXPAPAVKCodec@@H@Z 10006110 f   KCodec.obj
 0001:00005150       ?Compress@KCodecLzo@@AAEKPAEK0PAK@Z 10006150 f   KCodecLzo.obj
 0001:000054d0       ?Encode@KCodecLzo@@UAEHPAUTCodeInfo@@@Z 100064d0 f   KCodecLzo.obj
 0001:000055f0       ?Decode@KCodecLzo@@UAEHPAUTCodeInfo@@@Z 100065f0 f   KCodecLzo.obj
 0001:00005890       ?g_Red@@YAEG@Z             10006890 f   KColors.obj
 0001:000058b0       ?g_Green@@YAEG@Z           100068b0 f   KColors.obj
 0001:000058f0       ?g_Blue@@YAEG@Z            100068f0 f   KColors.obj
 0001:00005930       ?g_RGB555@@YAGHHH@Z        10006930 f   KColors.obj
 0001:00005970       ?g_RGB565@@YAGHHH@Z        10006970 f   KColors.obj
 0001:000059b0       ?g_555To565@@YAXHHPAX@Z    100069b0 f   KColors.obj
 0001:000059f0       ?g_565To555@@YAXHHPAX@Z    100069f0 f   KColors.obj
 0001:00005a30       ??0KDirectDraw@@QAE@XZ     10006a30 f   KDDraw.obj
 0001:00005a70       ?Mode@KDirectDraw@@QAEXHHH@Z 10006a70 f   KDDraw.obj
 0001:00005a90       ?Exit@KDirectDraw@@QAEXXZ  10006a90 f   KDDraw.obj
 0001:00005b00       ?CreateDirectDraw@KDirectDraw@@AAEHXZ 10006b00 f   KDDraw.obj
 0001:00005bb0       ?SetDisplayMode@KDirectDraw@@AAEHXZ 10006bb0 f   KDDraw.obj
 0001:00005c20       ?GetDisplayMode@KDirectDraw@@AAEHXZ 10006c20 f   KDDraw.obj
 0001:00005cd0       ?CreateSurface@KDirectDraw@@AAEHXZ 10006cd0 f   KDDraw.obj
 0001:00005de0       ?CreateSurface@KDirectDraw@@QAEPAUIDirectDrawSurface@@HH@Z 10006de0 f   KDDraw.obj
 0001:00005e60       ?RestoreSurface@KDirectDraw@@QAEHXZ 10006e60 f   KDDraw.obj
 0001:00005eb0       ?GetSurfaceDesc@KDirectDraw@@AAEHXZ 10006eb0 f   KDDraw.obj
 0001:00005fc0       ?SetClipperHWnd@KDirectDraw@@QAEXPAUHWND__@@@Z 10006fc0 f   KDDraw.obj
 0001:00005ff0       ?WaitForVerticalBlankBegin@KDirectDraw@@QAEXXZ 10006ff0 f   KDDraw.obj
 0001:00006010       ?WaitForVerticalBlankEnd@KDirectDraw@@QAEXXZ 10007010 f   KDDraw.obj
 0001:00006030       ?FillBackBuffer@KDirectDraw@@QAEXK@Z 10007030 f   KDDraw.obj
 0001:00006070       ?UpdateScreenZoom@KDirectDraw@@QAEXPAUtagRECT@@@Z 10007070 f   KDDraw.obj
 0001:000060a0       ?SetWindowStyle@KDirectDraw@@AAEXXZ 100070a0 f   KDDraw.obj
 0001:00006150       ?BltToFrontBuffer@KDirectDraw@@QAEXPAUIDirectDrawSurface@@PAUtagRECT@@1@Z 10007150 f   KDDraw.obj
 0001:00006180       ?BltToBackBuffer@KDirectDraw@@QAEXPAUIDirectDrawSurface@@PAUtagRECT@@1@Z 10007180 f   KDDraw.obj
 0001:000061b0       ??1KDirectDraw@@QAE@XZ     100071b0 f   KDDraw.obj
 0001:000061c0       ?CreateClipper@KDirectDraw@@AAEHXZ 100071c0 f   KDDraw.obj
 0001:00006220       ?Init@KDirectDraw@@QAEHXZ  10007220 f   KDDraw.obj
 0001:000062f0       ?g_FindDebugWindow@@YAPAUHWND__@@PAD0@Z 100072f0 f   KDebug.obj
 0001:00006310       ?g_DebugLog@@YAXPADZZ      10007310 f   KDebug.obj
 0001:00006390       ?g_MessageBox@@YAXPADZZ    10007390 f   KDebug.obj
 0001:00006400       ?g_AssertFailed@@YAXPADH@Z 10007400 f   KDebug.obj
 0001:00006460       ?g_DDError@@YAXH@Z         10007460 f   KDError.obj
 0001:000064a0       ?g_DSError@@YAXH@Z         100074a0 f   KDError.obj
 0001:000064e0       ?g_DIError@@YAXH@Z         100074e0 f   KDError.obj
 0001:00006520       ??0KDirectInput@@QAE@XZ    10007520 f   KDInput.obj
 0001:00006540       ?Exit@KDirectInput@@QAEXXZ 10007540 f   KDInput.obj
 0001:000065b0       ?CreateDirectInput@KDirectInput@@AAEHXZ 100075b0 f   KDInput.obj
 0001:000065f0       ?CreateMouseDevice@KDirectInput@@AAEHXZ 100075f0 f   KDInput.obj
 0001:00006660       ?CreateKeyboardDevice@KDirectInput@@AAEHXZ 10007660 f   KDInput.obj
 0001:000066d0       ?SetMouseBehavior@KDirectInput@@QAEHH@Z 100076d0 f   KDInput.obj
 0001:00006710       ?GetMouseState@KDirectInput@@QAEHPAH0PAE1@Z 10007710 f   KDInput.obj
 0001:000067b0       ?GetKeyboardState@KDirectInput@@QAEHPAE@Z 100077b0 f   KDInput.obj
 0001:000067f0       ??1KDirectInput@@QAE@XZ    100077f0 f   KDInput.obj
 0001:00006800       ?Init@KDirectInput@@QAEHXZ 10007800 f   KDInput.obj
 0001:00006880       ?g_DrawPixel@@YAXPAX0@Z    10007880 f   KDrawBase.obj
 0001:00006910       ?g_DrawPixelAlpha@@YAXPAX0@Z 10007910 f   KDrawBase.obj
 0001:000069e0       ?g_DrawLineAlpha@@YAXPAX0@Z 100079e0 f   KDrawBase.obj
 0001:00006b50       ?g_Clear@@YAXPAX0@Z        10007b50 f   KDrawBase.obj
 0001:00006c00       ?g_DotClear@@YAXPAX0@Z     10007c00 f   KDrawBase.obj
 0001:00006cb0       ?g_ClearAlpha@@YAXPAX0@Z   10007cb0 f   KDrawBase.obj
 0001:00006db0       ?g_DrawLine@@YAXPAX0@Z     10007db0 f   KDrawBase.obj
 0001:00006f20       ?g_DrawBitmap@@YAXPAX0@Z   10007f20 f   KDrawBitmap.obj
 0001:00006fe0       ?g_DrawBitmap16@@YAXPAX0@Z 10007fe0 f   KDrawBitmap16.obj
 0001:000070d0       ?g_DrawBitmap16mmx@@YAXPAX0@Z 100080d0 f   KDrawBitmap16.obj
 0001:000071a0       ?g_DrawBitmap16win@@YAXPAX0@Z 100081a0 f   KDrawBitmap16.obj
 0001:00007280       ?g_DrawFade@@YAXPAX0@Z     10008280 f   KDrawFade.obj
 0001:00007370       ?g_DrawFont@@YAXPAX0@Z     10008370 f   KDrawFont.obj
 0001:000074e0       ?g_DrawFontWithBorder@@YAXPAX0@Z 100084e0 f   KDrawFont.obj
 0001:00007600       ?g_DrawFontSolid@@YAXPAX0@Z 10008600 f   KDrawFont.obj
 0001:00007750       ?g_DrawSprite@@YAXPAX0@Z   10008750 f   KDrawSprite.obj
 0001:00007a40       ?g_DrawSpriteMixColor@@YAXPAX0@Z 10008a40 f   KDrawSprite.obj
 0001:00007e50       ?g_DrawSpriteWithColor@@YAXPAX0@Z 10008e50 f   KDrawSprite.obj
 0001:00008250       ?g_DrawSpriteBorder@@YAXPAX0@Z 10009250 f   KDrawSprite.obj
 0001:00008450       ?g_DrawSpriteAlpha@@YAXPAX0@Z 10009450 f   KDrawSpriteAlpha.obj
 0001:00008aa0       ?g_DrawSpriteAlpha@@YAXPAX0H@Z 10009aa0 f   KDrawSpriteAlpha.obj
 0001:00009390       ?g_DrawSprite3LevelAlpha@@YAXPAX0@Z 1000a390 f   KDrawSpriteAlpha.obj
 0001:000096d0       ??0KDirectSound@@QAE@XZ    1000a6d0 f   KDSound.obj
 0001:000096f0       ?Exit@KDirectSound@@QAEXXZ 1000a6f0 f   KDSound.obj
 0001:00009730       ?CreateDirectSound@KDirectSound@@AAEHXZ 1000a730 f   KDSound.obj
 0001:00009790       ?CreatePrimarySoundBuffer@KDirectSound@@AAEHXZ 1000a790 f   KDSound.obj
 0001:00009880       ??1KDirectSound@@QAE@XZ    1000a880 f   KDSound.obj
 0001:00009890       ?Init@KDirectSound@@QAEHXZ 1000a890 f   KDSound.obj
 0001:000098d0       ??0KScript@@QAE@ABV0@@Z    1000a8d0 f i KEicScript.obj
 0001:000098e0       ??4KScript@@QAEAAV0@ABV0@@Z 1000a8e0 f i KEicScript.obj
 0001:000098f0       ??_GKScript@@UAEPAXI@Z     1000a8f0 f i KEicScript.obj
 0001:00009910       ??_EKScript@@UAEPAXI@Z     1000a910 f i KEicScript.obj
 0001:00009970       ??0KEicScript@@QAE@XZ      1000a970 f i KEicScript.obj
 0001:00009990       ??1KEicScript@@UAE@XZ      1000a990 f i KEicScript.obj
 0001:000099a0       ??0KEicScript@@QAE@ABV0@@Z 1000a9a0 f i KEicScript.obj
 0001:000099c0       ??4KEicScript@@QAEAAV0@ABV0@@Z 1000a9c0 f i KEicScript.obj
 0001:000099f0       ??_GKEicScript@@UAEPAXI@Z  1000a9f0 f i KEicScript.obj
 0001:00009a10       ??_EKEicScript@@UAEPAXI@Z  1000aa10 f i KEicScript.obj
 0001:00009a90       ?Exit@KEicScript@@UAEXXZ   1000aa90 f   KEicScript.obj
 0001:00009aa0       ?Load@KEicScript@@UAEHPAD@Z 1000aaa0 f   KEicScript.obj
 0001:00009ad0       ?Compile@KEicScript@@UAEHPAD@Z 1000aad0 f   KEicScript.obj
 0001:00009ae0       ?Execute@KEicScript@@UAEHHPAPAD@Z 1000aae0 f   KEicScript.obj
 0001:00009b10       ?RegisterFunction@KEicScript@@UAEHPADPAX@Z 1000ab10 f   KEicScript.obj
 0001:00009c30       ?Init@KEicScript@@UAEHXZ   1000ac30 f   KEicScript.obj
 0001:00009c50       ?Activate@KLuaScript@@QAEHXZ 1000ac50 f i KEicScriptSet.obj
 0001:00009c60       ?SetScriptName@KLuaScript@@UAEXPAD@Z 1000ac60 f i KEicScriptSet.obj
 0001:00009c80       ?GetUserTag@KLuaScript@@QAEHXZ 1000ac80 f i KEicScriptSet.obj
 0001:00009c90       ?SetTableMember@KLuaScript@@QAEXHHPBD@Z 1000ac90 f i KEicScriptSet.obj
 0001:00009cb0       ?SetTableMember@KLuaScript@@QAEXHHN@Z 1000acb0 f i KEicScriptSet.obj
 0001:00009ce0       ?SetTableMember@KLuaScript@@QAEXHHH@Z 1000ace0 f i KEicScriptSet.obj
 0001:00009d00       ?SetTableMember@KLuaScript@@QAEXHPBDP6AHPAUlua_State@@@Z@Z 1000ad00 f i KEicScriptSet.obj
 0001:00009d20       ?SetTableMember@KLuaScript@@QAEXHHP6AHPAUlua_State@@@Z@Z 1000ad20 f i KEicScriptSet.obj
 0001:00009d40       ?SetTableMember@KLuaScript@@QAEXHPBDPAD@Z 1000ad40 f i KEicScriptSet.obj
 0001:00009d60       ?SetTableMember@KLuaScript@@QAEXHPBDH@Z 1000ad60 f i KEicScriptSet.obj
 0001:00009d80       ?SetTableMember@KLuaScript@@QAEXHPBDN@Z 1000ad80 f i KEicScriptSet.obj
 0001:00009db0       ??0KLuaScript@@QAE@ABV0@@Z 1000adb0 f i KEicScriptSet.obj
 0001:00009df0       ??4KLuaScript@@QAEAAV0@ABV0@@Z 1000adf0 f i KEicScriptSet.obj
 0001:00009e30       ??_GKLuaScript@@UAEPAXI@Z  1000ae30 f i KEicScriptSet.obj
 0001:00009e50       ??_EKLuaScript@@UAEPAXI@Z  1000ae50 f i KEicScriptSet.obj
 0001:00009eb0       ?GetCount@KScriptSet@@QAEKXZ 1000aeb0 f i KEicScriptSet.obj
 0001:00009ec0       ?GetKeyStyle@KScriptSet@@QAEHXZ 1000aec0 f i KEicScriptSet.obj
 0001:00009ed0       ?GetScriptFileNameFromKey@KScriptSet@@UAEPADPAD@Z 1000aed0 f i KEicScriptSet.obj
 0001:00009ee0       ?GetScriptFileNameFromKey@KScriptSet@@UAEPADK@Z 1000aee0 f i KEicScriptSet.obj
 0001:00009ef0       ??0KScriptSet@@QAE@ABV0@@Z 1000aef0 f i KEicScriptSet.obj
 0001:00009f20       ??4KScriptSet@@QAEAAV0@ABV0@@Z 1000af20 f i KEicScriptSet.obj
 0001:00009f50       ??0KEicScriptSet@@QAE@ABV0@@Z 1000af50 f i KEicScriptSet.obj
 0001:00009f80       ??4KEicScriptSet@@QAEAAV0@ABV0@@Z 1000af80 f i KEicScriptSet.obj
 0001:00009fb0       ??0KEicScriptSet@@QAE@XZ   1000afb0 f   KEicScriptSet.obj
 0001:00009fd0       ??1KEicScriptSet@@QAE@XZ   1000afd0 f   KEicScriptSet.obj
 0001:00009fe0       ?g_InitEngine@@YAHXZ       1000afe0 f   KEngine.obj
 0001:0000a040       ?g_ExitEngine@@YAXXZ       1000b040 f   KEngine.obj
 0001:0000a070       ??4KEvent@@QAEAAV0@ABV0@@Z 1000b070 f i KEvent.obj
 0001:0000a080       ??0KEvent@@QAE@XZ          1000b080 f   KEvent.obj
 0001:0000a0b0       ??1KEvent@@QAE@XZ          1000b0b0 f   KEvent.obj
 0001:0000a0c0       ?Signal@KEvent@@QAEXXZ     1000b0c0 f i KEvent.obj
 0001:0000a0d0       ?Wait@KEvent@@QAEXXZ       1000b0d0 f i KEvent.obj
 0001:0000a0e0       ?TimedWait@KEvent@@QAE_NJ@Z 1000b0e0 f i KEvent.obj
 0001:0000a100       ??0KFile@@QAE@XZ           1000b100 f   KFile.obj
 0001:0000a110       ?Close@KFile@@QAEXXZ       1000b110 f   KFile.obj
 0001:0000a140       ?Read@KFile@@QAEKPAXK@Z    1000b140 f   KFile.obj
 0001:0000a170       ?Write@KFile@@QAEKPAXK@Z   1000b170 f   KFile.obj
 0001:0000a1a0       ?Seek@KFile@@QAEKJK@Z      1000b1a0 f   KFile.obj
 0001:0000a1e0       ?Tell@KFile@@QAEKXZ        1000b1e0 f   KFile.obj
 0001:0000a1f0       ?Size@KFile@@QAEKXZ        1000b1f0 f   KFile.obj
 0001:0000a230       ??1KFile@@QAE@XZ           1000b230 f   KFile.obj
 0001:0000a240       ?Open@KFile@@QAEHPAD@Z     1000b240 f   KFile.obj
 0001:0000a2b0       ?Create@KFile@@QAEHPAD@Z   1000b2b0 f   KFile.obj
 0001:0000a320       ?Append@KFile@@QAEHPAD@Z   1000b320 f   KFile.obj
 0001:0000a3a0       ?g_DeleteFiles@@YAXPAD0@Z  1000b3a0 f   KFileCopy.obj
 0001:0000a4f0       ?g_UpdateFiles@@YAXPAD0@Z  1000b4f0 f   KFileCopy.obj
 0001:0000a690       ??0KFileDialog@@QAE@XZ     1000b690 f   KFileDialog.obj
 0001:0000a720       ?SetTitle@KFileDialog@@QAEXPAD@Z 1000b720 f   KFileDialog.obj
 0001:0000a740       ?SetFlags@KFileDialog@@QAEXK@Z 1000b740 f   KFileDialog.obj
 0001:0000a750       ?SetFilter@KFileDialog@@QAEXPAD@Z 1000b750 f   KFileDialog.obj
 0001:0000a790       ?SetDefExt@KFileDialog@@QAEXPAD@Z 1000b790 f   KFileDialog.obj
 0001:0000a7b0       ?SetFilePath@KFileDialog@@QAEXPAD@Z 1000b7b0 f   KFileDialog.obj
 0001:0000a7f0       ?SetFileName@KFileDialog@@QAEXPAD@Z 1000b7f0 f   KFileDialog.obj
 0001:0000a810       ?SetFileTitle@KFileDialog@@QAEXPAD@Z 1000b810 f   KFileDialog.obj
 0001:0000a830       ?Open@KFileDialog@@QAEHXZ  1000b830 f   KFileDialog.obj
 0001:0000a870       ?Save@KFileDialog@@QAEHXZ  1000b870 f   KFileDialog.obj
 0001:0000a8b0       ?strstr@@YAPADPADPBD@Z     1000b8b0 f i KFilePath.obj
 0001:0000a8c0       ??4KPakList@@QAEAAV0@ABV0@@Z 1000b8c0 f i KFilePath.obj
 0001:0000a8e0       ?RemoveTwoPointPath@@YAHPADH@Z 1000b8e0 f   KFilePath.obj
 0001:0000a960       ?RemoveOnePointPath@@YAHPADH@Z 1000b960 f   KFilePath.obj
 0001:0000a9c0       ?RemoveAllPointPath@@YAHPADH@Z 1000b9c0 f   KFilePath.obj
 0001:0000a9e0       ?g_SetRootPath@@YAXPAD@Z   1000b9e0 f   KFilePath.obj
 0001:0000aa70       ?g_GetRootPath@@YAXPAD@Z   1000ba70 f   KFilePath.obj
 0001:0000aa90       ?g_SetFilePath@@YAXPAD@Z   1000ba90 f   KFilePath.obj
 0001:0000aaf0       ?g_GetFilePath@@YAXPAD@Z   1000baf0 f   KFilePath.obj
 0001:0000ab10       ?g_GetFullPath@@YAXPAD0@Z  1000bb10 f   KFilePath.obj
 0001:0000abd0       ?g_GetHalfPath@@YAXPAD0@Z  1000bbd0 f   KFilePath.obj
 0001:0000ac20       ?g_GetPackPath@@YAXPAD0@Z  1000bc20 f   KFilePath.obj
 0001:0000ac80       ?g_GetDiskPath@@YAXPAD0@Z  1000bc80 f   KFilePath.obj
 0001:0000ace0       ?g_CreatePath@@YAXPAD@Z    1000bce0 f   KFilePath.obj
 0001:0000ae10       ?g_UnitePathAndName@@YAXPAD00@Z 1000be10 f   KFilePath.obj
 0001:0000aee0       ?g_FileExists@@YAHPAD@Z    1000bee0 f   KFilePath.obj
 0001:0000af60       ?g_FileName2Id@@YAKPAD@Z   1000bf60 f   KFilePath.obj
 0001:0000afb0       ?g_ChangeFileExt@@YAXPAD0@Z 1000bfb0 f   KFilePath.obj
 0001:0000b010       ?g_ExtractFileName@@YAXPAD0@Z 1000c010 f   KFilePath.obj
 0001:0000b060       ?g_ExtractFilePath@@YAXPAD0@Z 1000c060 f   KFilePath.obj
 0001:0000b0b0       ??0KFindBinTreeNode@@QAE@XZ 1000c0b0 f i KFindBinTree.obj
 0001:0000b0d0       ??1KFindBinTreeNode@@QAE@XZ 1000c0d0 f i KFindBinTree.obj
 0001:0000b110       ?CanInsert@KFindBinTreeNode@@QAEHXZ 1000c110 f i KFindBinTree.obj
 0001:0000b120       ?GetRef@KFindBinTreeNode@@QBEHXZ 1000c120 f i KFindBinTree.obj
 0001:0000b130       ??4KFindBinTreeNode@@QAEAAV0@ABV0@@Z 1000c130 f i KFindBinTree.obj
 0001:0000b160       ??_GKFindBinTreeNode@@QAEPAXI@Z 1000c160 f i KFindBinTree.obj
 0001:0000b1a0       ??0KFindBinTree@@QAE@XZ    1000c1a0 f i KFindBinTree.obj
 0001:0000b1b0       ??1KFindBinTree@@QAE@XZ    1000c1b0 f i KFindBinTree.obj
 0001:0000b1e0       ?GetCount@KFindBinTree@@QAEHXZ 1000c1e0 f i KFindBinTree.obj
 0001:0000b1f0       ??4KFindBinTree@@QAEAAV0@ABV0@@Z 1000c1f0 f i KFindBinTree.obj
 0001:0000b210       ?Init@KFindBinTreeNode@@QAEXH@Z 1000c210 f   KFindBinTree.obj
 0001:0000b2a0       ?Insert@KFindBinTreeNode@@QAEHH@Z 1000c2a0 f   KFindBinTree.obj
 0001:0000b2e0       ?Remove@KFindBinTreeNode@@QAEXHH@Z 1000c2e0 f   KFindBinTree.obj
 0001:0000b320       ?Init@KFindBinTree@@QAEXH@Z 1000c320 f   KFindBinTree.obj
 0001:0000b370       ?FindFree@KFindBinTree@@QAEHXZ 1000c370 f   KFindBinTree.obj
 0001:0000b390       ?Remove@KFindBinTree@@QAEXH@Z 1000c390 f   KFindBinTree.obj
 0001:0000b3b0       ??0KFont@@QAE@XZ           1000c3b0 f   KFont.obj
 0001:0000b400       ?Clear@KFont@@QAEXXZ       1000c400 f   KFont.obj
 0001:0000b430       ?SetCharaset@KFont@@QAEXW4CHARASET@@@Z 1000c430 f   KFont.obj
 0001:0000b440       ?Load@KFont@@QAEHPADW4CHARASET@@@Z 1000c440 f   KFont.obj
 0001:0000b5b0       ?Save@KFont@@QAEHPAD@Z     1000c5b0 f   KFont.obj
 0001:0000b6e0       ?DrawFont@KFont@@IAEXHHH@Z 1000c6e0 f   KFont.obj
 0001:0000b740       ?DrawFontAlpha@KFont@@IAEXHHHH@Z 1000c740 f   KFont.obj
 0001:0000b7c0       ?DrawWord@KFont@@QAEXHHHH@Z 1000c7c0 f   KFont.obj
 0001:0000b8c0       ?DrawTextA@KFont@@QAEXHHPAD@Z 1000c8c0 f   KFont.obj
 0001:0000ba20       ?DrawTextAlpha@KFont@@QAEXHHHPAD@Z 1000ca20 f   KFont.obj
 0001:0000bba0       ?SetColor@KFont@@QAEXEEE@Z 1000cba0 f   KFont.obj
 0001:0000bbd0       ?SetLine@KFont@@QAEXHH@Z   1000cbd0 f   KFont.obj
 0001:0000bbf0       ?MakeText@KFont@@QAEXPAD@Z 1000cbf0 f   KFont.obj
 0001:0000bd70       ?AddWord@KFont@@IAEHHPAE@Z 1000cd70 f   KFont.obj
 0001:0000bdf0       ?GetFontLine@KFont@@IAEHHHPAVKBitmap@@PAE@Z 1000cdf0 f   KFont.obj
 0001:0000be80       ??1KFont@@QAE@XZ           1000ce80 f   KFont.obj
 0001:0000bee0       ?GetFontRect@KFont@@IAEHHHPAVKBitmap@@PAE@Z 1000cee0 f   KFont.obj
 0001:0000bf30       ?MakeFont@KFont@@QAEHPADHH@Z 1000cf30 f   KFont.obj
 0001:0000c110       ??1KGifFile@@QAE@XZ        1000d110 f i KGifFile.obj
 0001:0000c120       ??4KGifFile@@QAEAAV0@ABV0@@Z 1000d120 f i KGifFile.obj
 0001:0000c140       ??0KGifFile@@QAE@XZ        1000d140 f   KGifFile.obj
 0001:0000c160       ?read_byte@KGifFile@@AAEEXZ 1000d160 f   KGifFile.obj
 0001:0000c170       ?read_word@KGifFile@@AAEGXZ 1000d170 f   KGifFile.obj
 0001:0000c190       ?read_header@KGifFile@@AAEHXZ 1000d190 f   KGifFile.obj
 0001:0000c270       ?read_color_table@KGifFile@@AAEHXZ 1000d270 f   KGifFile.obj
 0001:0000c2c0       ?read_extension@KGifFile@@AAEHXZ 1000d2c0 f   KGifFile.obj
 0001:0000c340       ?Open@KGifFile@@QAEHPADPAVKBitmap@@@Z 1000d340 f   KGifFile.obj
 0001:0000c470       ?clear_table@KGifFile@@AAEXXZ 1000d470 f   KGifFile.obj
 0001:0000c4a0       ?get_code@KGifFile@@AAEXXZ 1000d4a0 f   KGifFile.obj
 0001:0000c5f0       ?get_string@KGifFile@@AAEXH@Z 1000d5f0 f   KGifFile.obj
 0001:0000c650       ?output_string@KGifFile@@AAEXXZ 1000d650 f   KGifFile.obj
 0001:0000c760       ?lzw_decode@KGifFile@@AAEXXZ 1000d760 f   KGifFile.obj
 0001:0000c9d0       ?read_image_desc@KGifFile@@AAEHXZ 1000d9d0 f   KGifFile.obj
 0001:0000ca40       ?NextImage@KGifFile@@QAEHXZ 1000da40 f   KGifFile.obj
 0001:0000cb00       ?FirstImage@KGifFile@@QAEHXZ 1000db00 f   KGifFile.obj
 0001:0000cb10       ?g_RemoveSamePixel@@YAHPAVKBitmap@@0@Z 1000db10 f   KGraphics.obj
 0001:0000cb90       ?g_RemoveDiffPixel@@YAHPAVKBitmap@@0@Z 1000db90 f   KGraphics.obj
 0001:0000cc10       ?g_RemoveNoneZeroPixel@@YAHPAVKBitmap@@0@Z 1000dc10 f   KGraphics.obj
 0001:0000cca0       ?g_RemoveZeroPixel@@YAHPAVKBitmap@@0@Z 1000dca0 f   KGraphics.obj
 0001:0000cd30       ??0KHashList@@QAE@XZ       1000dd30 f   KHashList.obj
 0001:0000cd60       ??1KHashList@@QAE@XZ       1000dd60 f i KHashList.obj
 0001:0000cd70       ??0KHashList@@QAE@ABV0@@Z  1000dd70 f i KHashList.obj
 0001:0000cda0       ??4KHashList@@QAEAAV0@ABV0@@Z 1000dda0 f i KHashList.obj
 0001:0000cdd0       ?IsLinked@KNode@@QAEHXZ    1000ddd0 f i KHashNode.obj
 0001:0000cdf0       ?SetHashTable@KHashNode@@QAEXPAVKHashTable@@@Z 1000ddf0 f i KHashNode.obj
 0001:0000ce00       ??1KHashNode@@UAE@XZ       1000de00 f i KHashNode.obj
 0001:0000ce10       ??_GKHashNode@@UAEPAXI@Z   1000de10 f i KHashNode.obj
 0001:0000ce30       ??_EKHashNode@@UAEPAXI@Z   1000de30 f i KHashNode.obj
 0001:0000ce90       ??0KHashNode@@QAE@XZ       1000de90 f   KHashNode.obj
 0001:0000ceb0       ?SetName@KHashNode@@UAEXPAD@Z 1000deb0 f   KHashNode.obj
 0001:0000cf10       ??0KHashTable@@QAE@XZ      1000df10 f i KHashNode.obj
 0001:0000cf80       ??1KHashTable@@QAE@XZ      1000df80 f i KHashNode.obj
 0001:0000cff0       ??0KHashTable@@QAE@ABV0@@Z 1000dff0 f i KHashNode.obj
 0001:0000d030       ??4KHashTable@@QAEAAV0@ABV0@@Z 1000e030 f i KHashNode.obj
 0001:0000d080       ??0KHashNode@@QAE@ABV0@@Z  1000e080 f i KHashNode.obj
 0001:0000d0c0       ??4KHashNode@@QAEAAV0@ABV0@@Z 1000e0c0 f i KHashNode.obj
 0001:0000d100       ?g_Hash@@YAKPAD@Z          1000e100 f   KHashTable.obj
 0001:0000d130       ?Add@KHashTable@@QAEXPAVKStrNode@@@Z 1000e130 f   KHashTable.obj
 0001:0000d1f0       ?Find@KHashTable@@QAEPAVKStrNode@@PAD@Z 1000e1f0 f   KHashTable.obj
 0001:0000d220       ?Delete@KHashTable@@QAEXPAD@Z 1000e220 f   KHashTable.obj
 0001:0000d270       ??4KIme@@QAEAAV0@ABV0@@Z   1000e270 f i Kime.obj
 0001:0000d2a0       ??0KIme@@QAE@XZ            1000e2a0 f   Kime.obj
 0001:0000d2d0       ??1KIme@@QAE@XZ            1000e2d0 f   Kime.obj
 0001:0000d2e0       ?ResetIme@KIme@@QAEXXZ     1000e2e0 f   Kime.obj
 0001:0000d2f0       ?IsIme@KIme@@QAEHXZ        1000e2f0 f   Kime.obj
 0001:0000d320       ?OpenIME@KIme@@QAEXXZ      1000e320 f   Kime.obj
 0001:0000d3d0       ?CloseIME@KIme@@QAEXXZ     1000e3d0 f   Kime.obj
 0001:0000d440       ?TurnOff@KIme@@QAEXXZ      1000e440 f   Kime.obj
 0001:0000d450       ?TurnOn@KIme@@QAEXXZ       1000e450 f   Kime.obj
 0001:0000d460       ?EnableLanguageChange@KIme@@QAEXXZ 1000e460 f   Kime.obj
 0001:0000d470       ?DisableLanguageChange@KIme@@QAEXXZ 1000e470 f   Kime.obj
 0001:0000d480       ?SetCaretPos@KIme@@QAEXHH@Z 1000e480 f   Kime.obj
 0001:0000d4e0       ?WndMsg@KIme@@QAEHPAUHWND__@@IIJ@Z 1000e4e0 f   Kime.obj
 0001:0000d5d0       ?g_SetIniCodec@@YAXH@Z     1000e5d0 f   KIniFile.obj
 0001:0000d5e0       ??0KIniFile@@QAE@XZ        1000e5e0 f   KIniFile.obj
 0001:0000d640       ?SavePack@KIniFile@@QAEHPBD@Z 1000e640 f   KIniFile.obj
 0001:0000d820       ?ReadLine@KIniFile@@AAEHPADJ@Z 1000e820 f   KIniFile.obj
 0001:0000d890       ?IsKeyChar@KIniFile@@AAEHD@Z 1000e890 f   KIniFile.obj
 0001:0000d8c0       ?ReleaseIniLink@KIniFile@@AAEXXZ 1000e8c0 f   KIniFile.obj
 0001:0000d950       ?SplitKeyValue@KIniFile@@AAEPADPAD@Z 1000e950 f   KIniFile.obj
 0001:0000d980       ?String2Id@KIniFile@@AAEKPBD@Z 1000e980 f   KIniFile.obj
 0001:0000d9d0       ?IsSectionExist@KIniFile@@QAEHPBD@Z 1000e9d0 f   KIniFile.obj
 0001:0000da90       ?EraseSection@KIniFile@@QAEXPBD@Z 1000ea90 f   KIniFile.obj
 0001:0000db90       ?EraseKey@KIniFile@@QAEXPBD0@Z 1000eb90 f   KIniFile.obj
 0001:0000dcb0       ?SetKeyValue@KIniFile@@AAEHPBD00@Z 1000ecb0 f   KIniFile.obj
 0001:0000dea0       ?GetKeyValue@KIniFile@@AAEHPBD0PADK@Z 1000eea0 f   KIniFile.obj
 0001:0000dfb0       ?GetString@KIniFile@@QAEHPBD00PADK@Z 1000efb0 f   KIniFile.obj
 0001:0000dff0       ?GetInteger@KIniFile@@QAEHPBD0HPAH@Z 1000eff0 f   KIniFile.obj
 0001:0000e060       ?GetInteger2@KIniFile@@QAEXPBD0PAH1@Z 1000f060 f   KIniFile.obj
 0001:0000e0f0       ?GetFloat@KIniFile@@QAEHPBD0MPAM@Z 1000f0f0 f   KIniFile.obj
 0001:0000e160       ?GetFloat2@KIniFile@@QAEXPBD0PAM1@Z 1000f160 f   KIniFile.obj
 0001:0000e1f0       ?GetStruct@KIniFile@@QAEXPBD0PAXK@Z 1000f1f0 f   KIniFile.obj
 0001:0000e2b0       ?WriteString@KIniFile@@QAEXPBD00@Z 1000f2b0 f   KIniFile.obj
 0001:0000e2c0       ?WriteInteger@KIniFile@@QAEXPBD0H@Z 1000f2c0 f   KIniFile.obj
 0001:0000e320       ?WriteInteger2@KIniFile@@QAEXPBD0HH@Z 1000f320 f   KIniFile.obj
 0001:0000e380       ?WriteFloat@KIniFile@@QAEXPBD0M@Z 1000f380 f   KIniFile.obj
 0001:0000e3e0       ?WriteFloat2@KIniFile@@QAEXPBD0MM@Z 1000f3e0 f   KIniFile.obj
 0001:0000e450       ?WriteStruct@KIniFile@@QAEXPBD0PAXK@Z 1000f450 f   KIniFile.obj
 0001:0000e510       ?GetNextSection@KIniFile@@QAEHPBDPAD@Z 1000f510 f   KIniFile.obj
 0001:0000e630       ?GetNextKey@KIniFile@@QAEHPBD0PAD@Z 1000f630 f   KIniFile.obj
 0001:0000e750       ?GetSectionCount@KIniFile@@QAEHXZ 1000f750 f   KIniFile.obj
 0001:0000e7f0       ?GetRect@KIniFile@@QAEXPBD0PAUtagRECT@@@Z 1000f7f0 f   KIniFile.obj
 0001:0000e8c0       ?GetFloat3@KIniFile@@QAEXPBD0PAM@Z 1000f8c0 f   KIniFile.obj
 0001:0000e940       ?GetFloat4@KIniFile@@QAEXPBD0PAM@Z 1000f940 f   KIniFile.obj
 0001:0000e9c0       ?GetBool@KIniFile@@QAEXPBD0PAH@Z 1000f9c0 f   KIniFile.obj
 0001:0000e9f0       ?Save@KIniFile@@QAEHPBD@Z  1000f9f0 f   KIniFile.obj
 0001:0000eb50       ?Clear@KIniFile@@QAEXXZ    1000fb50 f   KIniFile.obj
 0001:0000eb60       ?CreateIniLink@KIniFile@@AAEXPAXJ@Z 1000fb60 f   KIniFile.obj
 0001:0000ec30       ??1KIniFile@@QAE@XZ        1000fc30 f   KIniFile.obj
 0001:0000ec90       ?LoadPack@KIniFile@@QAEHPBD@Z 1000fc90 f   KIniFile.obj
 0001:0000ee40       ?Load@KIniFile@@QAEHPBD@Z  1000fe40 f   KIniFile.obj
 0001:0000ef50       ??0KJpgFile@@QAE@XZ        1000ff50 f i KJpgFile.obj
 0001:0000ef60       ??1KJpgFile@@QAE@XZ        1000ff60 f i KJpgFile.obj
 0001:0000ef70       ??4KJpgFile@@QAEAAV0@ABV0@@Z 1000ff70 f i KJpgFile.obj
 0001:0000ef90       ?Load@KJpgFile@@QAEHPADPAVKBitmap16@@I@Z 1000ff90 f   KJpgFile.obj
 0001:0000f100       ?GetFuncKey@KKeyboard@@QAEEXZ 10010100 f i KKeyboard.obj
 0001:0000f110       ??4KKeyboard@@QAEAAV0@ABV0@@Z 10010110 f i KKeyboard.obj
 0001:0000f130       ??0KKeyboard@@QAE@XZ       10010130 f   KKeyboard.obj
 0001:0000f160       ?IsDown@KKeyboard@@QAEHE@Z 10010160 f   KKeyboard.obj
 0001:0000f180       ?MakeFuncKey@KKeyboard@@IAEXXZ 10010180 f   KKeyboard.obj
 0001:0000f1c0       ?MakeMessage@KKeyboard@@IAEXH@Z 100101c0 f   KKeyboard.obj
 0001:0000f240       ?UpdateState@KKeyboard@@QAEXXZ 10010240 f   KKeyboard.obj
 0001:0000f290       ??0KLinkNode@@QAE@XZ       10010290 f i KLinkArray.obj
 0001:0000f2a0       ??0KLinkArray@@QAE@XZ      100102a0 f i KLinkArray.obj
 0001:0000f2b0       ?GetCount@KLinkArray@@QAEHXZ 100102b0 f i KLinkArray.obj
 0001:0000f2c0       ?GetNode@KLinkArray@@QAEPAVKLinkNode@@H@Z 100102c0 f i KLinkArray.obj
 0001:0000f2d0       ?GetNext@KLinkArray@@QBEHH@Z 100102d0 f i KLinkArray.obj
 0001:0000f2f0       ?GetPrev@KLinkArray@@QBEHH@Z 100102f0 f i KLinkArray.obj
 0001:0000f310       ??4KLinkArray@@QAEAAV0@ABV0@@Z 10010310 f i KLinkArray.obj
 0001:0000f330       ??1KLinkArray@@QAE@XZ      10010330 f   KLinkArray.obj
 0001:0000f350       ??_H@YGXPAXIHP6EPAX0@Z@Z   10010350 f i KLinkArray.obj
 0001:0000f390       ?Remove@KLinkArray@@QAEXH@Z 10010390 f   KLinkArray.obj
 0001:0000f400       ?Insert@KLinkArray@@QAEXH@Z 10010400 f   KLinkArray.obj
 0001:0000f460       ?Init@KLinkArray@@QAEXH@Z  10010460 f   KLinkArray.obj
 0001:0000f510       ?Execute@KLuaScript@@UAEHXZ 10010510 f   KLuaScript.obj
 0001:0000f540       ?RegisterFunction@KLuaScript@@UAEHPADPAX@Z 10010540 f   KLuaScript.obj
 0001:0000f580       ?Compile@KLuaScript@@UAEHPAD@Z 10010580 f   KLuaScript.obj
 0001:0000f590       ?RegisterFunctions@KLuaScript@@QAEHQAUTLua_Funcs@@H@Z 10010590 f   KLuaScript.obj
 0001:0000f5f0       ?RegisterStandardFunctions@KLuaScript@@QAEXXZ 100105f0 f   KLuaScript.obj
 0001:0000f630       ?Exit@KLuaScript@@UAEXXZ   10010630 f   KLuaScript.obj
 0001:0000f660       ?ScriptError@KLuaScript@@QAEXH@Z 10010660 f   KLuaScript.obj
 0001:0000f6c0       ?ScriptError@KLuaScript@@QAEXHH@Z 100106c0 f   KLuaScript.obj
 0001:0000f720       ?SafeCallBegin@KLuaScript@@QAEXPAH@Z 10010720 f   KLuaScript.obj
 0001:0000f740       ?SafeCallEnd@KLuaScript@@QAEXH@Z 10010740 f   KLuaScript.obj
 0001:0000f760       ?Stop@KLuaScript@@QAEHXZ   10010760 f   KLuaScript.obj
 0001:0000f780       ?Resume@KLuaScript@@QAEHXZ 10010780 f   KLuaScript.obj
 0001:0000f7a0       ?CreateTable@KLuaScript@@QAEKXZ 100107a0 f   KLuaScript.obj
 0001:0000f7e0       ?SetGlobalName@KLuaScript@@QAEXPAD@Z 100107e0 f   KLuaScript.obj
 0001:0000f800       ?ModifyTable@KLuaScript@@QAEKPAD@Z 10010800 f   KLuaScript.obj
 0001:0000f860       ??0KLuaScript@@QAE@XZ      10010860 f   KLuaScript.obj
 0001:0000f8b0       ??0KLuaScript@@QAE@H@Z     100108b0 f   KLuaScript.obj
 0001:0000f900       ??1KLuaScript@@UAE@XZ      10010900 f   KLuaScript.obj
 0001:0000f920       ?LoadBuffer@KLuaScript@@QAEHPAEK@Z 10010920 f   KLuaScript.obj
 0001:0000f960       ?ExecuteCode@KLuaScript@@QAEHXZ 10010960 f   KLuaScript.obj
 0001:0000f9b0       ?CallFunction@KLuaScript@@AAEHPADH00@Z 100109b0 f   KLuaScript.obj
 0001:0000fb70       ?CallFunction@KLuaScript@@UAAHPADH0ZZ 10010b70 f   KLuaScript.obj
 0001:0000fb90       ?GetValuesFromStack@KLuaScript@@QAAHPADZZ 10010b90 f   KLuaScript.obj
 0001:0000fce0       ?Init@KLuaScript@@UAEHXZ   10010ce0 f   KLuaScript.obj
 0001:0000fd40       ?Load@KLuaScript@@UAEHPAD@Z 10010d40 f   KLuaScript.obj
 0001:0000feb0       ?InsertBefore@KNode@@QAEXPAV1@@Z 10010eb0 f i KLubCmpl_Blocker.obj
 0001:0000fee0       ?AddTail@KList@@QAEXPAVKNode@@@Z 10010ee0 f i KLubCmpl_Blocker.obj
 0001:0000ff10       ?GetMemPtr@KMemClass1@@QAEPAXXZ 10010f10 f i KLubCmpl_Blocker.obj
 0001:0000ff20       ?GetMemLen@KMemClass1@@QAEKXZ 10010f20 f i KLubCmpl_Blocker.obj
 0001:0000ff30       ??4KMemClass1@@QAEAAV0@ABV0@@Z 10010f30 f i KLubCmpl_Blocker.obj
 0001:0000ff50       ??0KStackNode@@QAE@XZ      10010f50 f i KLubCmpl_Blocker.obj
 0001:0000ff70       ??1KStackNode@@UAE@XZ      10010f70 f i KLubCmpl_Blocker.obj
 0001:0000ff80       ??0KLineNode@@QAE@XZ       10010f80 f i KLubCmpl_Blocker.obj
 0001:0000ffa0       ??1KLineNode@@UAE@XZ       10010fa0 f i KLubCmpl_Blocker.obj
 0001:0000ffb0       ?Load@KLubCmpl_Blocker@@QAEPAVKLineNode@@PAD@Z 10010fb0 f   KLubCmpl_Blocker.obj
 0001:000101f0       ?PushKey@KLubCmpl_Blocker@@QAEXPAVKStackNode@@@Z 100111f0 f   KLubCmpl_Blocker.obj
 0001:00010230       ?PopKey@KLubCmpl_Blocker@@QAEPAVKStackNode@@XZ 10011230 f   KLubCmpl_Blocker.obj
 0001:000102a0       ?GetBuffer@KLubCmpl_Blocker@@QAEHAAPAVKMemClass1@@@Z 100112a0 f   KLubCmpl_Blocker.obj
 0001:000103d0       ?Write@KLubCmpl_Blocker@@QAEHPAD@Z 100113d0 f   KLubCmpl_Blocker.obj
 0001:000104e0       ?Print@KLubCmpl_Blocker@@QAEXXZ 100114e0 f   KLubCmpl_Blocker.obj
 0001:00010530       ??_GKStackNode@@UAEPAXI@Z  10011530 f i KLubCmpl_Blocker.obj
 0001:00010530       ??_EKStackNode@@UAEPAXI@Z  10011530 f i KLubCmpl_Blocker.obj
 0001:00010550       ?ExchangeCurLines@KLubCmpl_Blocker@@QAEHXZ 10011550 f   KLubCmpl_Blocker.obj
 0001:00011020       ??_GKLineNode@@UAEPAXI@Z   10012020 f i KLubCmpl_Blocker.obj
 0001:00011020       ??_EKLineNode@@UAEPAXI@Z   10012020 f i KLubCmpl_Blocker.obj
 0001:00011040       ?ScanIf@KLubCmpl_Blocker@@QAEXPAVKLineNode@@@Z 10012040 f   KLubCmpl_Blocker.obj
 0001:000112e0       ??0KMemList@@QAE@XZ        100122e0 f i KMemBase.obj
 0001:00011310       ?g_MemInfo@@YAXXZ          10012310 f   KMemBase.obj
 0001:00011320       ?g_MemAlloc@@YAPAXK@Z      10012320 f   KMemBase.obj
 0001:00011390       ?g_MemFree@@YAXPAX@Z       10012390 f   KMemBase.obj
 0001:000113f0       ?g_MemCopy@@YAXPAX0K@Z     100123f0 f   KMemBase.obj
 0001:00011420       ?g_MemCopyMmx@@YAXPAX0K@Z  10012420 f   KMemBase.obj
 0001:00011460       ?g_MemComp@@YAHPAX0K@Z     10012460 f   KMemBase.obj
 0001:00011490       ?g_MemFill@@YAXPAXKE@Z     10012490 f   KMemBase.obj
 0001:000114c0       ?g_MemFill@@YAXPAXKG@Z     100124c0 f   KMemBase.obj
 0001:000114f0       ?g_MemFill@@YAXPAXKK@Z     100124f0 f   KMemBase.obj
 0001:00011510       ?g_MemZero@@YAXPAXK@Z      10012510 f   KMemBase.obj
 0001:00011530       ?g_MemXore@@YAXPAXKK@Z     10012530 f   KMemBase.obj
 0001:00011550       ??1KMemList@@QAE@XZ        10012550 f i KMemBase.obj
 0001:000115d0       ??0KMemClass@@QAE@XZ       100125d0 f   KMemClass.obj
 0001:000115e0       ?Free@KMemClass@@QAEXXZ    100125e0 f   KMemClass.obj
 0001:00011610       ?Zero@KMemClass@@QAEXXZ    10012610 f   KMemClass.obj
 0001:00011630       ?Fill@KMemClass@@QAEXE@Z   10012630 f   KMemClass.obj
 0001:00011650       ?Fill@KMemClass@@QAEXG@Z   10012650 f   KMemClass.obj
 0001:00011670       ?Fill@KMemClass@@QAEXK@Z   10012670 f   KMemClass.obj
 0001:00011690       ??1KMemClass@@QAE@XZ       10012690 f   KMemClass.obj
 0001:000116a0       ?Alloc@KMemClass@@QAEPAXK@Z 100126a0 f   KMemClass.obj
 0001:000116e0       ?Alloc@KMemClass1@@QAEPAXK@Z 100126e0 f   KMemClass1.obj
 0001:00011700       ?Free@KMemClass1@@QAEXXZ   10012700 f   KMemClass1.obj
 0001:00011710       ??0KMemManager@@QAE@XZ     10012710 f   KMemManager.obj
 0001:000117b0       ?NewChunk@KMemManager@@AAEPAXHH@Z 100127b0 f   KMemManager.obj
 0001:00011840       ?FreeChunk@KMemManager@@AAEXPAUKChunkHeader@1@@Z 10012840 f   KMemManager.obj
 0001:00011880       ?Malloc@KMemManager@@QAEPAXH@Z 10012880 f   KMemManager.obj
 0001:00011910       ?Calloc@KMemManager@@QAEPAXH@Z 10012910 f   KMemManager.obj
 0001:00011930       ?Free@KMemManager@@QAEXPAX@Z 10012930 f   KMemManager.obj
 0001:000119b0       ??1KMemManager@@QAE@XZ     100129b0 f   KMemManager.obj
 0001:00011a50       ??0KMemStack@@QAE@XZ       10012a50 f   KMemStack.obj
 0001:00011a80       ?Free@KMemStack@@QAEXPAX@Z 10012a80 f   KMemStack.obj
 0001:00011a90       ?AllocNewChunk@KMemStack@@QAEHXZ 10012a90 f   KMemStack.obj
 0001:00011ae0       ?FreeAllChunks@KMemStack@@QAEXXZ 10012ae0 f   KMemStack.obj
 0001:00011b30       ?GetChunkSize@KMemStack@@QAEHXZ 10012b30 f   KMemStack.obj
 0001:00011b40       ?GetStackSize@KMemStack@@QAEHXZ 10012b40 f   KMemStack.obj
 0001:00011b50       ??1KMemStack@@QAE@XZ       10012b50 f   KMemStack.obj
 0001:00011b60       ?Init@KMemStack@@QAEXH@Z   10012b60 f   KMemStack.obj
 0001:00011b80       ?Push@KMemStack@@QAEPAXH@Z 10012b80 f   KMemStack.obj
 0001:00011bc0       ?g_SendMessage@@YAXHHHH@Z  10012bc0 f   KMessage.obj
 0001:00011c30       ?g_PeekMessage@@YAHPAUKMessage@@@Z 10012c30 f   KMessage.obj
 0001:00011c70       ?g_GetMessage@@YAHPAUKMessage@@@Z 10012c70 f   KMessage.obj
 0001:00011ce0       ?g_ClearMessage@@YAXXZ     10012ce0 f   KMessage.obj
 0001:00011d00       ?SetWorkingMode@KMouse@@QAEXE@Z 10012d00 f i KMouse.obj
 0001:00011d10       ?SetKeyState@KMouse@@QAEXE@Z 10012d10 f i KMouse.obj
 0001:00011d20       ??4KMouse@@QAEAAV0@ABV0@@Z 10012d20 f i KMouse.obj
 0001:00011d40       ??0KMouse@@QAE@XZ          10012d40 f   KMouse.obj
 0001:00011d80       ?SetWorkingRect@KMouse@@QAEXPAUtagRECT@@@Z 10012d80 f   KMouse.obj
 0001:00011da0       ?SetPos@KMouse@@QAEXPAUtagPOINT@@@Z 10012da0 f   KMouse.obj
 0001:00011dc0       ?GetPos@KMouse@@QAEXPAUtagPOINT@@@Z 10012dc0 f   KMouse.obj
 0001:00011de0       ?MakeMessage@KMouse@@IAEXHHEE@Z 10012de0 f   KMouse.obj
 0001:00011f00       ?UpdateState@KMouse@@QAEXXZ 10012f00 f   KMouse.obj
 0001:00011fc0       ??4KThread@@QAEAAV0@ABV0@@Z 10012fc0 f i KMp3Music.obj
 0001:00011fe0       ??0KMusic@@QAE@ABV0@@Z     10012fe0 f i KMp3Music.obj
 0001:00012080       ??4KMusic@@QAEAAV0@ABV0@@Z 10013080 f i KMp3Music.obj
 0001:00012120       ??_GKMusic@@UAEPAXI@Z      10013120 f i KMp3Music.obj
 0001:00012140       ??_EKMusic@@UAEPAXI@Z      10013140 f i KMp3Music.obj
 0001:000121a0       ??0KMp3Music@@QAE@XZ       100131a0 f i KMp3Music.obj
 0001:00012210       ??1KMp3Music@@UAE@XZ       10013210 f i KMp3Music.obj
 0001:00012280       ??0KMp3Music@@QAE@ABV0@@Z  10013280 f i KMp3Music.obj
 0001:00012300       ??4KMp3Music@@QAEAAV0@ABV0@@Z 10013300 f i KMp3Music.obj
 0001:00012370       ??_GKMp3Music@@UAEPAXI@Z   10013370 f i KMp3Music.obj
 0001:00012390       ??_EKMp3Music@@UAEPAXI@Z   10013390 f i KMp3Music.obj
 0001:000123f0       ?Open@KMp3Music@@UAEHPAD@Z 100133f0 f   KMp3Music.obj
 0001:00012440       ?InitSoundFormat@KMp3Music@@MAEXXZ 10013440 f   KMp3Music.obj
 0001:00012460       ?ReadWaveData@KMp3Music@@MAEKPAEK@Z 10013460 f   KMp3Music.obj
 0001:00012470       ?Seek@KMp3Music@@UAEXH@Z   10013470 f   KMp3Music.obj
 0001:00012480       ?Rewind@KMp3Music@@UAEXXZ  10013480 f   KMp3Music.obj
 0001:000124a0       ?Mp3FileOpen@KMp3Music@@MAEHPAD@Z 100134a0 f   KMp3Music.obj
 0001:000124b0       ?Mp3FileRead@KMp3Music@@MAEKPAEK@Z 100134b0 f   KMp3Music.obj
 0001:000124c0       ?Mp3FileSeek@KMp3Music@@MAEKJ@Z 100134c0 f   KMp3Music.obj
 0001:000124e0       ?Mp3Init@KMp3Music@@MAEHXZ 100134e0 f   KMp3Music.obj
 0001:00012600       ?Mp3Decode@KMp3Music@@MAEKPAEK@Z 10013600 f   KMp3Music.obj
 0001:00012690       ?Mp3FillBuffer@KMp3Music@@MAEHXZ 10013690 f   KMp3Music.obj
 0001:00012710       ??0KMp4Audio@@QAE@XZ       10013710 f i KMp4Audio.obj
 0001:00012770       ??1KMp4Audio@@UAE@XZ       10013770 f i KMp4Audio.obj
 0001:000127d0       ??0KMp4Audio@@QAE@ABV0@@Z  100137d0 f i KMp4Audio.obj
 0001:00012800       ??4KMp4Audio@@QAEAAV0@ABV0@@Z 10013800 f i KMp4Audio.obj
 0001:00012830       ??_GKMp4Audio@@UAEPAXI@Z   10013830 f i KMp4Audio.obj
 0001:00012850       ??_EKMp4Audio@@UAEPAXI@Z   10013850 f i KMp4Audio.obj
 0001:000128b0       ?Seek@KMp4Audio@@UAEXH@Z   100138b0 f   KMp4Audio.obj
 0001:000128e0       ?Rewind@KMp4Audio@@UAEXXZ  100138e0 f   KMp4Audio.obj
 0001:00012900       ?Mp3FileOpen@KMp4Audio@@MAEHPAD@Z 10013900 f   KMp4Audio.obj
 0001:00012950       ?Mp3FileRead@KMp4Audio@@MAEKPAEK@Z 10013950 f   KMp4Audio.obj
 0001:00012960       ?Mp3FileSeek@KMp4Audio@@MAEKJ@Z 10013960 f   KMp4Audio.obj
 0001:00012970       ??0KVideo@@QAE@ABV0@@Z     10013970 f i KMp4Movie.obj
 0001:00012a10       ??4KVideo@@QAEAAV0@ABV0@@Z 10013a10 f i KMp4Movie.obj
 0001:00012ab0       ??0KMp4Video@@QAE@ABV0@@Z  10013ab0 f i KMp4Movie.obj
 0001:00012af0       ??4KMp4Video@@QAEAAV0@ABV0@@Z 10013af0 f i KMp4Movie.obj
 0001:00012b30       ??0KMp4Movie@@QAE@XZ       10013b30 f i KMp4Movie.obj
 0001:00012b90       ??1KMp4Movie@@QAE@XZ       10013b90 f i KMp4Movie.obj
 0001:00012bf0       ??0KMp4Movie@@QAE@ABV0@@Z  10013bf0 f i KMp4Movie.obj
 0001:00012c70       ??4KMp4Movie@@QAEAAV0@ABV0@@Z 10013c70 f i KMp4Movie.obj
 0001:00012cd0       ?Open@KMp4Movie@@QAEHPAD@Z 10013cd0 f   KMp4Movie.obj
 0001:00012d00       ?Close@KMp4Movie@@QAEXXZ   10013d00 f   KMp4Movie.obj
 0001:00012d20       ?Play@KMp4Movie@@QAEXHHH@Z 10013d20 f   KMp4Movie.obj
 0001:00012d50       ?Stop@KMp4Movie@@QAEXXZ    10013d50 f   KMp4Movie.obj
 0001:00012d70       ?Seek@KMp4Movie@@QAEXH@Z   10013d70 f   KMp4Movie.obj
 0001:00012da0       ?Rewind@KMp4Movie@@QAEXXZ  10013da0 f   KMp4Movie.obj
 0001:00012dc0       ?WaitForEnd@KMp4Movie@@QAEXXZ 10013dc0 f   KMp4Movie.obj
 0001:00012e80       ??0KMp4Video@@QAE@XZ       10013e80 f   KMp4Video.obj
 0001:00012ef0       ?Seek@KMp4Video@@UAEXH@Z   10013ef0 f   KMp4Video.obj
 0001:00012f00       ?Rewind@KMp4Video@@UAEXXZ  10013f00 f   KMp4Video.obj
 0001:00012f10       ?DrawFrame@KMp4Video@@IAEXXZ 10013f10 f   KMp4Video.obj
 0001:00012f60       ?DivXDecode@KMp4Video@@AAEXH@Z 10013f60 f   KMp4Video.obj
 0001:00012fb0       ?DivXExit@KMp4Video@@AAEXXZ 10013fb0 f   KMp4Video.obj
 0001:000130b0       ?Close@KMp4Video@@UAEXXZ   100140b0 f   KMp4Video.obj
 0001:000130e0       ?NextFrame@KMp4Video@@MAEHXZ 100140e0 f   KMp4Video.obj
 0001:00013170       ?DivXInit@KMp4Video@@AAEHXZ 10014170 f   KMp4Video.obj
 0001:00013400       ??1KMp4Video@@QAE@XZ       10014400 f   KMp4Video.obj
 0001:00013470       ?Open@KMp4Video@@UAEHPAD@Z 10014470 f   KMp4Video.obj
 0001:000134e0       ??0KMpgMusic@@QAE@XZ       100144e0 f i KMpgMusic.obj
 0001:00013560       ??1KMpgMusic@@UAE@XZ       10014560 f i KMpgMusic.obj
 0001:000135e0       ??0KMpgMusic@@QAE@ABV0@@Z  100145e0 f i KMpgMusic.obj
 0001:00013660       ??4KMpgMusic@@QAEAAV0@ABV0@@Z 10014660 f i KMpgMusic.obj
 0001:000136e0       ??_GKMpgMusic@@UAEPAXI@Z   100146e0 f i KMpgMusic.obj
 0001:00013700       ??_EKMpgMusic@@UAEPAXI@Z   10014700 f i KMpgMusic.obj
 0001:00013780       ?InitSoundFormat@KMpgMusic@@MAEXXZ 10014780 f   KMpgMusic.obj
 0001:000137a0       ?Seek@KMpgMusic@@UAEXH@Z   100147a0 f   KMpgMusic.obj
 0001:000137b0       ?Rewind@KMpgMusic@@UAEXXZ  100147b0 f   KMpgMusic.obj
 0001:000137d0       ?Mp3FileOpen@KMpgMusic@@MAEHPAD@Z 100147d0 f   KMpgMusic.obj
 0001:000137e0       ?Mp3FileRead@KMpgMusic@@MAEKPAEK@Z 100147e0 f   KMpgMusic.obj
 0001:000137f0       ?Mp3FileSeek@KMpgMusic@@MAEKJ@Z 100147f0 f   KMpgMusic.obj
 0001:00013810       ?Mp3FillBuffer@KMpgMusic@@AAEHXZ 10014810 f   KMpgMusic.obj
 0001:000139a0       ?Mp3Init@KMpgMusic@@AAEHXZ 100149a0 f   KMpgMusic.obj
 0001:00013a90       ?Mp3Decode@KMpgMusic@@AAEKPAEK@Z 10014a90 f   KMpgMusic.obj
 0001:00013b20       ?Open@KMpgMusic@@UAEHPAD@Z 10014b20 f   KMpgMusic.obj
 0001:00013b60       ?ReadWaveData@KMpgMusic@@MAEKPAEK@Z 10014b60 f   KMpgMusic.obj
 0001:00013b70       ?GetMsgBuf@KMsgNode@@QAEPAXXZ 10014b70 f i KMsgNode.obj
 0001:00013b80       ?GetMsgLen@KMsgNode@@QAEKXZ 10014b80 f i KMsgNode.obj
 0001:00013b90       ?SetPtr@KMsgNode@@QAEXPAX@Z 10014b90 f i KMsgNode.obj
 0001:00013ba0       ?GetPtr@KMsgNode@@QAEPAXXZ 10014ba0 f i KMsgNode.obj
 0001:00013bb0       ??0KMsgNode@@QAE@ABV0@@Z   10014bb0 f i KMsgNode.obj
 0001:00013bf0       ??4KMsgNode@@QAEAAV0@ABV0@@Z 10014bf0 f i KMsgNode.obj
 0001:00013c20       ??0KMsgNode@@QAE@XZ        10014c20 f   KMsgNode.obj
 0001:00013c40       ??1KMsgNode@@UAE@XZ        10014c40 f   KMsgNode.obj
 0001:00013ca0       ?SetMsg@KMsgNode@@QAEXPAXK@Z 10014ca0 f   KMsgNode.obj
 0001:00013ce0       ??_GKMsgNode@@UAEPAXI@Z    10014ce0 f i KMsgNode.obj
 0001:00013d00       ??_EKMsgNode@@UAEPAXI@Z    10014d00 f i KMsgNode.obj
 0001:00013d60       ??0KMusic@@QAE@XZ          10014d60 f   KMusic.obj
 0001:00013d90       ?ThreadFunction@KMusic@@KAXPAX@Z 10014d90 f   KMusic.obj
 0001:00013db0       ?Open@KMusic@@UAEHPAD@Z    10014db0 f   KMusic.obj
 0001:00013dc0       ?Init@KMusic@@MAEHXZ       10014dc0 f   KMusic.obj
 0001:00013e20       ?Close@KMusic@@UAEXXZ      10014e20 f   KMusic.obj
 0001:00013e60       ?InitSoundFormat@KMusic@@MAEXXZ 10014e60 f   KMusic.obj
 0001:00013e70       ?InitSoundBuffer@KMusic@@MAEHXZ 10014e70 f   KMusic.obj
 0001:00013f20       ?FreeSoundBuffer@KMusic@@MAEXXZ 10014f20 f   KMusic.obj
 0001:00013f50       ?InitEventHandle@KMusic@@MAEHXZ 10014f50 f   KMusic.obj
 0001:00013fa0       ?FreeEventHandle@KMusic@@MAEXXZ 10014fa0 f   KMusic.obj
 0001:00013fd0       ?InitSoundNotify@KMusic@@MAEHXZ 10014fd0 f   KMusic.obj
 0001:00014050       ?FreeSoundNotify@KMusic@@MAEXXZ 10015050 f   KMusic.obj
 0001:00014080       ?HandleNotify@KMusic@@UAEHXZ 10015080 f   KMusic.obj
 0001:000140c0       ?FillBufferWithSound@KMusic@@MAEHK@Z 100150c0 f   KMusic.obj
 0001:000141a0       ?FillBufferWithSilence@KMusic@@MAEHXZ 100151a0 f   KMusic.obj
 0001:00014220       ?ReadWaveData@KMusic@@MAEKPAEK@Z 10015220 f   KMusic.obj
 0001:00014230       ?Play@KMusic@@UAEXH@Z      10015230 f   KMusic.obj
 0001:00014260       ?Stop@KMusic@@UAEXXZ       10015260 f   KMusic.obj
 0001:00014280       ?IsPlaying@KMusic@@UAEHXZ  10015280 f   KMusic.obj
 0001:000142b0       ?SetVolume@KMusic@@UAEXJ@Z 100152b0 f   KMusic.obj
 0001:000142d0       ?Rewind@KMusic@@UAEXXZ     100152d0 f   KMusic.obj
 0001:000142e0       ??1KMusic@@UAE@XZ          100152e0 f   KMusic.obj
 0001:00014340       ??0KMutex@@QAE@XZ          10015340 f   KMutex.obj
 0001:00014350       ??1KMutex@@QAE@XZ          10015350 f   KMutex.obj
 0001:00014360       ?Lock@KMutex@@QAEXXZ       10015360 f   KMutex.obj
 0001:00014370       ?Unlock@KMutex@@QAEXXZ     10015370 f   KMutex.obj
 0001:00014380       ??0KOctreeNode@@QAE@ABV0@@Z 10015380 f i KOctree.obj
 0001:000143c0       ??4KOctreeNode@@QAEAAV0@ABV0@@Z 100153c0 f i KOctree.obj
 0001:00014420       ??_GKOctreeNode@@UAEPAXI@Z 10015420 f i KOctree.obj
 0001:00014440       ??_EKOctreeNode@@UAEPAXI@Z 10015440 f i KOctree.obj
 0001:000144a0       ??0KOctree@@QAE@ABV0@@Z    100154a0 f i KOctree.obj
 0001:00014510       ??4KOctree@@QAEAAV0@ABV0@@Z 10015510 f i KOctree.obj
 0001:00014590       ??0KOctree@@QAE@XZ         10015590 f   KOctree.obj
 0001:000145c0       ??1KOctree@@UAE@XZ         100155c0 f   KOctree.obj
 0001:00014630       ?Insert@KOctree@@QAEXEEE@Z 10015630 f   KOctree.obj
 0001:00014660       ?GetMinSumNode@KOctree@@QAEXPAVKOctreeNode@@@Z 10015660 f   KOctree.obj
 0001:000146d0       ?InitPalette@KOctree@@QAEXXZ 100156d0 f   KOctree.obj
 0001:00014700       ?MakePalette@KOctree@@QAEXPAVKOctreeNode@@@Z 10015700 f   KOctree.obj
 0001:00014790       ?QueryIndex@KOctree@@QAEHEEE@Z 10015790 f   KOctree.obj
 0001:000147b0       ??_GKOctree@@UAEPAXI@Z     100157b0 f i KOctree.obj
 0001:000147d0       ??_EKOctree@@UAEPAXI@Z     100157d0 f i KOctree.obj
 0001:00014830       ?ReduceNode@KOctree@@QAEXXZ 10015830 f   KOctree.obj
 0001:00014870       ??0KOctreeNode@@QAE@XZ     10015870 f   KOctreeNode.obj
 0001:000148b0       ?Free@KOctreeNode@@QAEXXZ  100158b0 f   KOctreeNode.obj
 0001:000148e0       ?Insert@KOctreeNode@@QAEHEEEHH@Z 100158e0 f   KOctreeNode.obj
 0001:00014990       ?Merge@KOctreeNode@@QAEHXZ 10015990 f   KOctreeNode.obj
 0001:000149f0       ?IsLeaf@KOctreeNode@@QAEHXZ 100159f0 f   KOctreeNode.obj
 0001:00014a10       ?IsFather@KOctreeNode@@QAEHXZ 10015a10 f   KOctreeNode.obj
 0001:00014a50       ?RefenceSum@KOctreeNode@@QAEHXZ 10015a50 f   KOctreeNode.obj
 0001:00014ab0       ??1KOctreeNode@@UAE@XZ     10015ab0 f   KOctreeNode.obj
 0001:00014ac0       ?QueryIndex@KOctreeNode@@QAEHEEEH@Z 10015ac0 f   KOctreeNode.obj
 0001:00014b30       ??4KPakData@@QAEAAV0@ABV0@@Z 10015b30 f i KPakData.obj
 0001:00014b50       ??0KPakData@@QAE@XZ        10015b50 f   KPakData.obj
 0001:00014bb0       ?Read@KPakData@@QAEKPAXK@Z 10015bb0 f   KPakData.obj
 0001:00014bc0       ?Seek@KPakData@@QAEKJK@Z   10015bc0 f   KPakData.obj
 0001:00014bd0       ?Tell@KPakData@@QAEKXZ     10015bd0 f   KPakData.obj
 0001:00014be0       ?Close@KPakData@@QAEXXZ    10015be0 f   KPakData.obj
 0001:00014c10       ?Search@KPakData@@QAEHPADPAK1@Z 10015c10 f   KPakData.obj
 0001:00014cf0       ?Decode@KPakData@@QAEHPAUTCodeInfo@@@Z 10015cf0 f   KPakData.obj
 0001:00014d00       ??1KPakData@@QAE@XZ        10015d00 f   KPakData.obj
 0001:00014d70       ?Open@KPakData@@QAEHPAD@Z  10015d70 f   KPakData.obj
 0001:00014e40       ?g_SetPakFileMode@@YAXH@Z  10015e40 f   KPakFile.obj
 0001:00014e50       ?SprReleaseHeader@@YAXPAUSPRHEAD@@@Z 10015e50 f   KPakFile.obj
 0001:00014e70       ?SprGetFrame@@YAPAUSPRFRAME@@PAUSPRHEAD@@H@Z 10015e70 f   KPakFile.obj
 0001:00014ea0       ?SprReleaseFrame@@YAXPAUSPRFRAME@@@Z 10015ea0 f   KPakFile.obj
 0001:00014ec0       ?release_image@@YAXPAUKSGImageContent@@@Z 10015ec0 f   KPakFile.obj
 0001:00014ee0       ??0KPakFile@@QAE@XZ        10015ee0 f   KPakFile.obj
 0001:00014f00       ?IsFileInPak@KPakFile@@QAE_NXZ 10015f00 f   KPakFile.obj
 0001:00014f20       ?Read@KPakFile@@QAEKPAXI@Z 10015f20 f   KPakFile.obj
 0001:00014f60       ?Seek@KPakFile@@QAEKHI@Z   10015f60 f   KPakFile.obj
 0001:00014fc0       ?Tell@KPakFile@@QAEKXZ     10015fc0 f   KPakFile.obj
 0001:00014fd0       ?Size@KPakFile@@QAEKXZ     10015fd0 f   KPakFile.obj
 0001:00014fe0       ?Close@KPakFile@@QAEXXZ    10015fe0 f   KPakFile.obj
 0001:00015000       ?Save@KPakFile@@QAEHPBD@Z  10016000 f   KPakFile.obj
 0001:00015010       ??1KPakFile@@QAE@XZ        10016010 f   KPakFile.obj
 0001:00015070       ?Open@KPakFile@@QAEHPBD@Z  10016070 f   KPakFile.obj
 0001:000150f0       ?SprGetHeader@@YAPAUSPRHEAD@@PBDAAPAUSPROFFS@@@Z 100160f0 f   KPakFile.obj
 0001:00015280       ?get_jpg_image@@YAPAUKSGImageContent@@QBDI@Z 10016280 f   KPakFile.obj
 0001:00015400       ??0KPakList@@QAE@XZ        10016400 f   KPakList.obj
 0001:00015420       ??_GXPackFile@@QAEPAXI@Z   10016420 f i KPakList.obj
 0001:00015440       ?FindElemFile@KPakList@@QAE_NKAAUXPackElemFileRef@@@Z 10016440 f   KPakList.obj
 0001:00015490       ?FileNameToId@KPakList@@AAEKPBD@Z 10016490 f   KPakList.obj
 0001:000154f0       ?FindElemFile@KPakList@@QAE_NPBDAAUXPackElemFileRef@@@Z 100164f0 f   KPakList.obj
 0001:00015570       ?ElemFileRead@KPakList@@QAEHAAUXPackElemFileRef@@PAXI@Z 10016570 f   KPakList.obj
 0001:000155a0       ?GetSprHeader@KPakList@@QAEPAUSPRHEAD@@AAUXPackElemFileRef@@AAPAUSPROFFS@@@Z 100165a0 f   KPakList.obj
 0001:000155d0       ?GetSprFrame@KPakList@@QAEPAUSPRFRAME@@HPAUSPRHEAD@@H@Z 100165d0 f   KPakList.obj
 0001:00015600       ?Close@KPakList@@QAEXXZ    10016600 f   KPakList.obj
 0001:00015650       ?Open@KPakList@@QAE_NPBD@Z 10016650 f   KPakList.obj
 0001:00015870       ??1KPakList@@QAE@XZ        10016870 f   KPakList.obj
 0001:00015880       ??4KPakTool@@QAEAAV0@ABV0@@Z 10016880 f i KPakTool.obj
 0001:000158a0       ??0KPakTool@@QAE@XZ        100168a0 f   KPakTool.obj
 0001:000158b0       ??1KPakTool@@QAE@XZ        100168b0 f   KPakTool.obj
 0001:000158c0       ?Pack@KPakTool@@QAEHPAD0H@Z 100168c0 f   KPakTool.obj
 0001:00015b10       ?UnPack@KPakTool@@QAEHPAD0@Z 10016b10 f   KPakTool.obj
 0001:00015d30       ?g_SetColorStyle@@YAXEEE@Z 10016d30 f   KPalette.obj
 0001:00015d50       ?g_Pal24ToPal16@@YAXPAUKPAL24@@PAGH@Z 10016d50 f   KPalette.obj
 0001:00015e00       ?g_Pal16ToPal24@@YAXPAGPAUKPAL24@@H@Z 10016e00 f   KPalette.obj
 0001:00015ea0       ?g_Pal32ToPal16@@YAXPAUKPAL32@@PAGH@Z 10016ea0 f   KPalette.obj
 0001:00015ee0       ?g_Pal24ToPal16Style@@YAXPAUKPAL24@@PAGH@Z 10016ee0 f   KPalette.obj
 0001:00015f90       ?g_Pal32ToPal16Style@@YAXPAUKPAL32@@PAGH@Z 10016f90 f   KPalette.obj
 0001:00016040       ?g_Pal24ToPal16Gray@@YAXPAUKPAL24@@PAGH@Z 10017040 f   KPalette.obj
 0001:000160b0       ?g_Pal32ToPal16Gray@@YAXPAUKPAL32@@PAGH@Z 100170b0 f   KPalette.obj
 0001:00016120       ?g_Pal24ToPal16Lum@@YAXPAUKPAL24@@PAGH@Z 10017120 f   KPalette.obj
 0001:000161b0       ?g_Pal32ToPal16Lum@@YAXPAUKPAL32@@PAGH@Z 100171b0 f   KPalette.obj
 0001:00016240       ?g_Pal24ToPal32@@YAXPAUKPAL24@@PAUKPAL32@@H@Z 10017240 f   KPalette.obj
 0001:00016290       ?g_Pal32ToPal24@@YAXPAUKPAL32@@PAUKPAL24@@H@Z 10017290 f   KPalette.obj
 0001:000162d0       ??4KPcxFile@@QAEAAV0@ABV0@@Z 100172d0 f i KPcxFile.obj
 0001:000162f0       ?Save@KPcxFile@@QAEHPADPAVKBitmap@@@Z 100172f0 f   KPcxFile.obj
 0001:00016300       ?Decode@KPcxFile@@AAEXPAX0@Z 10017300 f   KPcxFile.obj
 0001:00016370       ?Encode@KPcxFile@@AAEXPAX0@Z 10017370 f   KPcxFile.obj
 0001:00016380       ?Load@KPcxFile@@QAEHPADPAVKBitmap@@@Z 10017380 f   KPcxFile.obj
 0001:00016570       ?GetVertexNumber@KPolygon@@QAEHXZ 10017570 f i KPolygon.obj
 0001:00016580       ?GetPolygonPtr@KPolygon@@QAEPAUTPolygon@@XZ 10017580 f i KPolygon.obj
 0001:00016590       ??4KPolygon@@QAEAAV0@ABV0@@Z 10017590 f i KPolygon.obj
 0001:000165b0       ??0KPolygon@@QAE@XZ        100175b0 f   KPolygon.obj
 0001:000165d0       ?IsPointInPolygon@KPolygon@@QAEHUtagPOINT@@@Z 100175d0 f   KPolygon.obj
 0001:000166a0       ?IsPointInPolygon@KPolygon@@QAEHHH@Z 100176a0 f   KPolygon.obj
 0001:00016770       ?GetNearVertex@KPolygon@@QAEHUtagPOINT@@@Z 10017770 f   KPolygon.obj
 0001:000167e0       ?GetIndexVertex@KPolygon@@QAEHHPAUtagPOINT@@@Z 100177e0 f   KPolygon.obj
 0001:00016810       ?RemoveIndexVertex@KPolygon@@QAEHH@Z 10017810 f   KPolygon.obj
 0001:00016850       ?AddPointToVertex@KPolygon@@QAEHUtagPOINT@@@Z 10017850 f   KPolygon.obj
 0001:00016980       ?AddPointToVertex@KPolygon@@QAEHHH@Z 10017980 f   KPolygon.obj
 0001:00016ac0       ?LoopVertex@KPolygon@@QAEXH@Z 10017ac0 f   KPolygon.obj
 0001:00016b30       ?Clear@KPolygon@@QAEXXZ    10017b30 f   KPolygon.obj
 0001:00016b50       ?GetCenterPos@KPolygon@@QAEXPAUtagPOINT@@@Z 10017b50 f   KPolygon.obj
 0001:00016b90       ?ShiftVertex@KPolygon@@QAEHHH@Z 10017b90 f   KPolygon.obj
 0001:00016d10       ?GetLeftVertex@KPolygon@@QAEHXZ 10017d10 f   KPolygon.obj
 0001:00016d40       ?GetRightVertex@KPolygon@@QAEHXZ 10017d40 f   KPolygon.obj
 0001:00016d70       ?g_ColliSion@@YAHVKPolygon@@0@Z 10017d70 f   KPolyRelation.obj
 0001:00016dc0       ?IntersectionX2Y@@YAHUtagPOINT@@0HPAH@Z 10017dc0 f   KPolyRelation.obj
 0001:00016e10       ?g_SpaceRelation@@YAHVKPolygon@@0@Z 10017e10 f   KPolyRelation.obj
 0001:00016fa0       ?g_RandomSeed@@YAXI@Z      10017fa0 f   KRandom.obj
 0001:00016fb0       ?g_Random@@YAII@Z          10017fb0 f   KRandom.obj
 0001:00016fe0       ?g_GetRandomSeed@@YAIXZ    10017fe0 f   KRandom.obj
 0001:00016ff0       ?SignalEvent@KSafeList@@QAEXXZ 10017ff0 f i KSafeList.obj
 0001:00017000       ?WaitEvent@KSafeList@@QAEXXZ 10018000 f i KSafeList.obj
 0001:00017010       ?TimedWaitEvent@KSafeList@@QAEXJ@Z 10018010 f i KSafeList.obj
 0001:00017020       ?Lock@KSafeList@@QAEXXZ    10018020 f i KSafeList.obj
 0001:00017030       ?Unlock@KSafeList@@QAEXXZ  10018030 f i KSafeList.obj
 0001:00017040       ??0KSafeList@@QAE@XZ       10018040 f i KSafeList.obj
 0001:000170c0       ??1KSafeList@@QAE@XZ       100180c0 f i KSafeList.obj
 0001:00017130       ??0KSafeList@@QAE@ABV0@@Z  10018130 f i KSafeList.obj
 0001:00017190       ??4KSafeList@@QAEAAV0@ABV0@@Z 10018190 f i KSafeList.obj
 0001:000171e0       ??4KScanFile@@QAEAAV0@ABV0@@Z 100181e0 f i KScanDir.obj
 0001:00017200       ??0KScanFile@@QAE@XZ       10018200 f   KScanDir.obj
 0001:00017220       ?DiscardFileExt@KScanFile@@QAEXPAD@Z 10018220 f   KScanDir.obj
 0001:00017240       ?CheckFileExt@KScanFile@@AAEHPAD@Z 10018240 f   KScanDir.obj
 0001:000172c0       ?OutputFileName@KScanFile@@AAEXPAD@Z 100182c0 f   KScanDir.obj
 0001:000173a0       ?SearchDirectory@KScanFile@@AAEXXZ 100183a0 f   KScanDir.obj
 0001:000174a0       ?RunSearch@KScanFile@@QAEHPAD00@Z 100184a0 f   KScanDir.obj
 0001:00017530       ??0KScript@@QAE@XZ         10018530 f   KScript.obj
 0001:00017540       ??1KScript@@UAE@XZ         10018540 f   KScript.obj
 0001:00017550       ?Init@KScript@@UAEHXZ      10018550 f   KScript.obj
 0001:00017560       ?Exit@KScript@@UAEXXZ      10018560 f   KScript.obj
 0001:00017570       ?Load@KScript@@UAEHPAD@Z   10018570 f   KScript.obj
 0001:00017580       ?Compile@KScript@@UAEHPAD@Z 10018580 f   KScript.obj
 0001:00017590       ?Execute@KScript@@UAEHXZ   10018590 f   KScript.obj
 0001:000175a0       ?CallFunction@KScript@@UAAHPADH0ZZ 100185a0 f   KScript.obj
 0001:000175b0       ?RegisterFunction@KScript@@UAEHPADPAX@Z 100185b0 f   KScript.obj
 0001:000175c0       ??0KScriptCache@@QAE@XZ    100185c0 f   KScriptCache.obj
 0001:000175e0       ??1KScriptCache@@QAE@XZ    100185e0 f   KScriptCache.obj
 0001:00017640       ?LoadNode@KScriptCache@@UAEHPAVKCacheNode@@@Z 10018640 f   KScriptCache.obj
 0001:000176f0       ?FreeNode@KScriptCache@@UAEXPAVKCacheNode@@@Z 100186f0 f   KScriptCache.obj
 0001:00017720       ??0KScriptCache@@QAE@ABV0@@Z 10018720 f i KScriptCache.obj
 0001:00017770       ??4KScriptCache@@QAEAAV0@ABV0@@Z 10018770 f i KScriptCache.obj
 0001:000177a0       ?IsEmpty@KList@@QAEHXZ     100187a0 f i KScriptList.obj
 0001:000177c0       ?SeekBegin@KStepLuaScript@@QAEXXZ 100187c0 f i KScriptList.obj
 0001:000177d0       ?SeekToExeBegin@KStepLuaScript@@QAEXXZ 100187d0 f i KScriptList.obj
 0001:000177e0       ?RunMain@KStepLuaScript@@QAEXXZ 100187e0 f i KScriptList.obj
 0001:000177f0       ?RunFunc@KStepLuaScript@@QAEXXZ 100187f0 f i KScriptList.obj
 0001:00017800       ?RunIdle@KStepLuaScript@@QAEXXZ 10018800 f i KScriptList.obj
 0001:00017810       ?RunResume@KStepLuaScript@@QAEXXZ 10018810 f i KScriptList.obj
 0001:00017820       ?RunWaitMsg@KStepLuaScript@@QAEXXZ 10018820 f i KScriptList.obj
 0001:00017830       ?IsRunMain@KStepLuaScript@@QAEHXZ 10018830 f i KScriptList.obj
 0001:00017840       ?IsRunFunc@KStepLuaScript@@QAEHXZ 10018840 f i KScriptList.obj
 0001:00017850       ?IsRunIdle@KStepLuaScript@@QAEHXZ 10018850 f i KScriptList.obj
 0001:00017860       ?IsRunResume@KStepLuaScript@@QAEHXZ 10018860 f i KScriptList.obj
 0001:00017870       ?IsRunWaitMsg@KStepLuaScript@@QAEHXZ 10018870 f i KScriptList.obj
 0001:00017880       ?GetWaitingMsg@KStepLuaScript@@QAEPADXZ 10018880 f i KScriptList.obj
 0001:00017890       ?GetStatus@KStepLuaScript@@QAEHXZ 10018890 f i KScriptList.obj
 0001:000178a0       ??0KStepLuaScript@@QAE@ABV0@@Z 100188a0 f i KScriptList.obj
 0001:00017970       ??4KStepLuaScript@@QAEAAV0@ABV0@@Z 10018970 f i KScriptList.obj
 0001:00017a30       ??_GKStepLuaScript@@UAEPAXI@Z 10018a30 f i KScriptList.obj
 0001:00017a50       ??_EKStepLuaScript@@UAEPAXI@Z 10018a50 f i KScriptList.obj
 0001:00017ab0       ??1KScriptNode@@UAE@XZ     10018ab0 f i KScriptList.obj
 0001:00017b10       ??0KScriptNode@@QAE@XZ     10018b10 f i KScriptList.obj
 0001:00017b30       ??_GKScriptNode@@UAEPAXI@Z 10018b30 f i KScriptList.obj
 0001:00017b50       ??_EKScriptNode@@UAEPAXI@Z 10018b50 f i KScriptList.obj
 0001:00017bb0       ?GetScript@KScriptList@@QAEPAVKLuaScript@@PAUlua_State@@@Z 10018bb0 f   KScriptList.obj
 0001:00017bf0       ?Activate@KScriptList@@QAEXXZ 10018bf0 f   KScriptList.obj
 0001:00017cb0       ?SendMessageA@KScriptList@@QAEXPAD0@Z 10018cb0 f   KScriptList.obj
 0001:00017d10       ??0KScriptNode@@QAE@ABV0@@Z 10018d10 f i KScriptList.obj
 0001:00017d40       ??4KScriptNode@@QAEAAV0@ABV0@@Z 10018d40 f i KScriptList.obj
 0001:00017d70       ??0KScriptList@@QAE@XZ     10018d70 f i KScriptList.obj
 0001:00017da0       ??1KScriptList@@QAE@XZ     10018da0 f i KScriptList.obj
 0001:00017db0       ??0KScriptList@@QAE@ABV0@@Z 10018db0 f i KScriptList.obj
 0001:00017de0       ??4KScriptList@@QAEAAV0@ABV0@@Z 10018de0 f i KScriptList.obj
 0001:00017e10       ??0KScriptSet@@QAE@XZ      10018e10 f   KScriptSet.obj
 0001:00017e30       ??0KScriptSet@@QAE@H@Z     10018e30 f   KScriptSet.obj
 0001:00017e80       ?UpdateRecent@KScriptSet@@QAEXHPAUTScript@@@Z 10018e80 f   KScriptSet.obj
 0001:00017f10       ?CreateScript@KScriptSet@@UAEPAVKScript@@PADH@Z 10018f10 f   KScriptSet.obj
 0001:00017f20       ?CreateScript@KScriptSet@@UAEPAVKScript@@KH@Z 10018f20 f   KScriptSet.obj
 0001:00017f30       ?GetInitStackSize@KScriptSet@@UAEHPAD@Z 10018f30 f   KScriptSet.obj
 0001:00017f40       ?GetInitStackSize@KScriptSet@@UAEHK@Z 10018f40 f   KScriptSet.obj
 0001:00017f50       ?ListRecent@KScriptSet@@QAEKH@Z 10018f50 f   KScriptSet.obj
 0001:00017f90       ?Run@KScriptSet@@UAEHPAD@Z 10018f90 f   KScriptSet.obj
 0001:00017fa0       ?Run@KScriptSet@@UAEHK@Z   10018fa0 f   KScriptSet.obj
 0001:00017fb0       ?RunFunction@KScriptSet@@UAAHPAD00ZZ 10018fb0 f   KScriptSet.obj
 0001:00017fc0       ?RunFunction@KScriptSet@@UAAHKPAD0ZZ 10018fc0 f   KScriptSet.obj
 0001:00017fd0       ?BTSearch@@YAPAUTScript@@PAU1@0PADPAH@Z 10018fd0 f   KScriptSet.obj
 0001:00018050       ?BTSearch@@YAPAUTScript@@PAU1@0KPAH@Z 10019050 f   KScriptSet.obj
 0001:000180a0       ?BTInsert@@YAPAUTScript@@PAU1@PAD@Z 100190a0 f   KScriptSet.obj
 0001:00018130       ?BTInsert@@YAPAUTScript@@PAU1@K@Z 10019130 f   KScriptSet.obj
 0001:00018180       ?BTFindLess@@YAPAUTScript@@PAU1@@Z 10019180 f   KScriptSet.obj
 0001:000181a0       ?BTPreorder@@YAKPAUTScript@@@Z 100191a0 f   KScriptSet.obj
 0001:000181d0       ?GetScript@KScriptSet@@QAEPAVKScript@@PADHH@Z 100191d0 f   KScriptSet.obj
 0001:00018300       ?GetScript@KScriptSet@@QAEPAVKScript@@KHH@Z 10019300 f   KScriptSet.obj
 0001:00018420       ?SearchScript@KScriptSet@@QAEPAUTScript@@PADPAH@Z 10019420 f   KScriptSet.obj
 0001:00018450       ?SearchScript@KScriptSet@@QAEPAUTScript@@KPAH@Z 10019450 f   KScriptSet.obj
 0001:00018480       ?InsertScript@KScriptSet@@QAEPAUTScript@@PAD@Z 10019480 f   KScriptSet.obj
 0001:000184e0       ?InsertScript@KScriptSet@@QAEPAUTScript@@K@Z 100194e0 f   KScriptSet.obj
 0001:00018540       ?ListScriptsKey@KScriptSet@@QAEKXZ 10019540 f   KScriptSet.obj
 0001:00018550       ?BTDelete@@YAPAUTScript@@PAU1@PAPAU1@H@Z 10019550 f   KScriptSet.obj
[...]
 0001:0003a820       __unwindfunclet$?Save@KFont@@QAEHPAD@Z$0 1003b820 f   KFont.obj
 0001:0003a828       __ehhandler$?Save@KFont@@QAEHPAD@Z 1003b828 f   KFont.obj
 0001:0003a850       __unwindfunclet$?MakeText@KFont@@QAEXPAD@Z$0 1003b850 f   KFont.obj
 0001:0003a85b       __ehhandler$?MakeText@KFont@@QAEXPAD@Z 1003b85b f   KFont.obj
 0001:0003a890       __unwindfunclet$??1KFont@@QAE@XZ$0 1003b890 f   KFont.obj
 0001:0003a898       __ehhandler$??1KFont@@QAE@XZ 1003b898 f   KFont.obj
 0001:0003a8c0       __unwindfunclet$?MakeFont@KFont@@QAEHPADHH@Z$0 1003b8c0 f   KFont.obj
 0001:0003a8cb       __ehhandler$?MakeFont@KFont@@QAEHPADHH@Z 1003b8cb f   KFont.obj
 0001:0003a900       __unwindfunclet$?Open@KGifFile@@QAEHPADPAVKBitmap@@@Z$0 1003b900 f   KGifFile.obj
 0001:0003a908       __ehhandler$?Open@KGifFile@@QAEHPADPAVKBitmap@@@Z 1003b908 f   KGifFile.obj
 0001:0003a930       __unwindfunclet$??0KHashTable@@QAE@XZ$0 1003b930 f   KHashNode.obj
 0001:0003a938       __ehhandler$??0KHashTable@@QAE@XZ 1003b938 f   KHashNode.obj
 0001:0003a960       __unwindfunclet$??1KHashTable@@QAE@XZ$0 1003b960 f   KHashNode.obj
 0001:0003a968       __ehhandler$??1KHashTable@@QAE@XZ 1003b968 f   KHashNode.obj
 0001:0003a990       __unwindfunclet$?Add@KHashTable@@QAEXPAVKStrNode@@@Z$0 1003b990 f   KHashTable.obj
 0001:0003a99b       __ehhandler$?Add@KHashTable@@QAEXPAVKStrNode@@@Z 1003b99b f   KHashTable.obj
 0001:0003a9c0       __unwindfunclet$??0KIniFile@@QAE@XZ$0 1003b9c0 f   KIniFile.obj
 0001:0003a9cb       __ehhandler$??0KIniFile@@QAE@XZ 1003b9cb f   KIniFile.obj
 0001:0003a9f0       __unwindfunclet$?SavePack@KIniFile@@QAEHPBD@Z$0 1003b9f0 f   KIniFile.obj
 0001:0003a9f8       __ehhandler$?SavePack@KIniFile@@QAEHPBD@Z 1003b9f8 f   KIniFile.obj
 0001:0003aa20       __unwindfunclet$?Save@KIniFile@@QAEHPBD@Z$0 1003ba20 f   KIniFile.obj
 0001:0003aa28       __ehhandler$?Save@KIniFile@@QAEHPBD@Z 1003ba28 f   KIniFile.obj
 0001:0003aa50       __unwindfunclet$??1KIniFile@@QAE@XZ$0 1003ba50 f   KIniFile.obj
 0001:0003aa5b       __ehhandler$??1KIniFile@@QAE@XZ 1003ba5b f   KIniFile.obj
 0001:0003aa80       __unwindfunclet$?LoadPack@KIniFile@@QAEHPBD@Z$0 1003ba80 f   KIniFile.obj
 0001:0003aa88       __ehhandler$?LoadPack@KIniFile@@QAEHPBD@Z 1003ba88 f   KIniFile.obj
 0001:0003aab0       __unwindfunclet$?Load@KIniFile@@QAEHPBD@Z$0 1003bab0 f   KIniFile.obj
 0001:0003aab8       __ehhandler$?Load@KIniFile@@QAEHPBD@Z 1003bab8 f   KIniFile.obj
 0001:0003aae0       __unwindfunclet$?Load@KJpgFile@@QAEHPADPAVKBitmap16@@I@Z$0 1003bae0 f   KJpgFile.obj
 0001:0003aae8       __ehhandler$?Load@KJpgFile@@QAEHPADPAVKBitmap16@@I@Z 1003bae8 f   KJpgFile.obj
 0001:0003ab10       __unwindfunclet$?Init@KLinkArray@@QAEXH@Z$0 1003bb10 f   KLinkArray.obj
 0001:0003ab1b       __ehhandler$?Init@KLinkArray@@QAEXH@Z 1003bb1b f   KLinkArray.obj
 0001:0003ab40       __unwindfunclet$?Load@KLuaScript@@UAEHPAD@Z$2 1003bb40 f   KLuaScript.obj
 0001:0003ab48       __unwindfunclet$?Load@KLuaScript@@UAEHPAD@Z$3 1003bb48 f   KLuaScript.obj
 0001:0003ab50       __ehhandler$?Load@KLuaScript@@UAEHPAD@Z 1003bb50 f   KLuaScript.obj
 0001:0003ab70       __unwindfunclet$?Load@KLubCmpl_Blocker@@QAEPAVKLineNode@@PAD@Z$0 1003bb70 f   KLubCmpl_Blocker.obj
 0001:0003ab7b       __ehhandler$?Load@KLubCmpl_Blocker@@QAEPAVKLineNode@@PAD@Z 1003bb7b f   KLubCmpl_Blocker.obj
 0001:0003abb0       __unwindfunclet$?Write@KLubCmpl_Blocker@@QAEHPAD@Z$0 1003bbb0 f   KLubCmpl_Blocker.obj
 0001:0003abb8       __ehhandler$?Write@KLubCmpl_Blocker@@QAEHPAD@Z 1003bbb8 f   KLubCmpl_Blocker.obj
 0001:0003abe0       __unwindfunclet$??1KMemList@@QAE@XZ$0 1003bbe0 f   KMemBase.obj
 0001:0003abe8       __ehhandler$??1KMemList@@QAE@XZ 1003bbe8 f   KMemBase.obj
 0001:0003ac10       __unwindfunclet$??0KMemManager@@QAE@XZ$0 1003bc10 f   KMemManager.obj
 0001:0003ac18       __ehhandler$??0KMemManager@@QAE@XZ 1003bc18 f   KMemManager.obj
 0001:0003ac40       __unwindfunclet$??1KMemManager@@QAE@XZ$0 1003bc40 f   KMemManager.obj
 0001:0003ac48       __ehhandler$??1KMemManager@@QAE@XZ 1003bc48 f   KMemManager.obj
 0001:0003ac70       __unwindfunclet$??0KMp3Music@@QAE@XZ$0 1003bc70 f   KMp3Music.obj
 0001:0003ac78       __unwindfunclet$??0KMp3Music@@QAE@XZ$1 1003bc78 f   KMp3Music.obj
 0001:0003ac83       __ehhandler$??0KMp3Music@@QAE@XZ 1003bc83 f   KMp3Music.obj
 0001:0003aca0       __unwindfunclet$??1KMp3Music@@UAE@XZ$0 1003bca0 f   KMp3Music.obj
 0001:0003aca8       __unwindfunclet$??1KMp3Music@@UAE@XZ$1 1003bca8 f   KMp3Music.obj
 0001:0003acb3       __ehhandler$??1KMp3Music@@UAE@XZ 1003bcb3 f   KMp3Music.obj
 0001:0003acd0       __unwindfunclet$??0KMp4Audio@@QAE@XZ$0 1003bcd0 f   KMp4Audio.obj
 0001:0003acd8       __ehhandler$??0KMp4Audio@@QAE@XZ 1003bcd8 f   KMp4Audio.obj
 0001:0003ad00       __unwindfunclet$??1KMp4Audio@@UAE@XZ$0 1003bd00 f   KMp4Audio.obj
 0001:0003ad08       __ehhandler$??1KMp4Audio@@UAE@XZ 1003bd08 f   KMp4Audio.obj
 0001:0003ad30       __unwindfunclet$??0KMp4Movie@@QAE@XZ$0 1003bd30 f   KMp4Movie.obj
 0001:0003ad38       __ehhandler$??0KMp4Movie@@QAE@XZ 1003bd38 f   KMp4Movie.obj
 0001:0003ad60       __unwindfunclet$??1KMp4Movie@@QAE@XZ$0 1003bd60 f   KMp4Movie.obj
 0001:0003ad68       __ehhandler$??1KMp4Movie@@QAE@XZ 1003bd68 f   KMp4Movie.obj
 0001:0003ad90       __unwindfunclet$??0KMp4Video@@QAE@XZ$0 1003bd90 f   KMp4Video.obj
 0001:0003ad98       __ehhandler$??0KMp4Video@@QAE@XZ 1003bd98 f   KMp4Video.obj
 0001:0003adc0       __unwindfunclet$??1KMp4Video@@QAE@XZ$0 1003bdc0 f   KMp4Video.obj
 0001:0003adc8       __unwindfunclet$??1KMp4Video@@QAE@XZ$1 1003bdc8 f   KMp4Video.obj
 0001:0003add6       __ehhandler$??1KMp4Video@@QAE@XZ 1003bdd6 f   KMp4Video.obj
 0001:0003ae00       __unwindfunclet$??0KMpgMusic@@QAE@XZ$0 1003be00 f   KMpgMusic.obj
 0001:0003ae08       __unwindfunclet$??0KMpgMusic@@QAE@XZ$1 1003be08 f   KMpgMusic.obj
 0001:0003ae13       __unwindfunclet$??0KMpgMusic@@QAE@XZ$2 1003be13 f   KMpgMusic.obj
 0001:0003ae21       __ehhandler$??0KMpgMusic@@QAE@XZ 1003be21 f   KMpgMusic.obj
 0001:0003ae40       __unwindfunclet$??1KMpgMusic@@UAE@XZ$0 1003be40 f   KMpgMusic.obj
 0001:0003ae48       __unwindfunclet$??1KMpgMusic@@UAE@XZ$1 1003be48 f   KMpgMusic.obj
 0001:0003ae53       __unwindfunclet$??1KMpgMusic@@UAE@XZ$2 1003be53 f   KMpgMusic.obj
 0001:0003ae61       __ehhandler$??1KMpgMusic@@UAE@XZ 1003be61 f   KMpgMusic.obj
 0001:0003ae80       __unwindfunclet$??1KMsgNode@@UAE@XZ$0 1003be80 f   KMsgNode.obj
 0001:0003ae88       __ehhandler$??1KMsgNode@@UAE@XZ 1003be88 f   KMsgNode.obj
 0001:0003aeb0       __unwindfunclet$??1KMusic@@UAE@XZ$0 1003beb0 f   KMusic.obj
 0001:0003aebb       __ehhandler$??1KMusic@@UAE@XZ 1003bebb f   KMusic.obj
 0001:0003aee0       __unwindfunclet$??1KOctree@@UAE@XZ$0 1003bee0 f   KOctree.obj
 0001:0003aeeb       __ehhandler$??1KOctree@@UAE@XZ 1003beeb f   KOctree.obj
 0001:0003af10       __unwindfunclet$??0KPakData@@QAE@XZ$0 1003bf10 f   KPakData.obj
 0001:0003af18       __ehhandler$??0KPakData@@QAE@XZ 1003bf18 f   KPakData.obj
 0001:0003af40       __unwindfunclet$??1KPakData@@QAE@XZ$0 1003bf40 f   KPakData.obj
 0001:0003af48       __unwindfunclet$??1KPakData@@QAE@XZ$1 1003bf48 f   KPakData.obj
 0001:0003af53       __ehhandler$??1KPakData@@QAE@XZ 1003bf53 f   KPakData.obj
 0001:0003af70       __unwindfunclet$??1KPakFile@@QAE@XZ$0 1003bf70 f   KPakFile.obj
 0001:0003af78       __ehhandler$??1KPakFile@@QAE@XZ 1003bf78 f   KPakFile.obj
 0001:0003afa0       __unwindfunclet$?SprGetHeader@@YAPAUSPRHEAD@@PBDAAPAUSPROFFS@@@Z$0 1003bfa0 f   KPakFile.obj
 0001:0003afa8       __ehhandler$?SprGetHeader@@YAPAUSPRHEAD@@PBDAAPAUSPROFFS@@@Z 1003bfa8 f   KPakFile.obj
 0001:0003afd0       __unwindfunclet$?get_jpg_image@@YAPAUKSGImageContent@@QBDI@Z$4 1003bfd0 f   KPakFile.obj
 0001:0003afd8       __ehhandler$?get_jpg_image@@YAPAUKSGImageContent@@QBDI@Z 1003bfd8 f   KPakFile.obj
 0001:0003b000       __unwindfunclet$?Open@KPakList@@QAE_NPBD@Z$0 1003c000 f   KPakList.obj
 0001:0003b00b       __unwindfunclet$?Open@KPakList@@QAE_NPBD@Z$1 1003c00b f   KPakList.obj
 0001:0003b019       __ehhandler$?Open@KPakList@@QAE_NPBD@Z 1003c019 f   KPakList.obj
 0001:0003b050       __unwindfunclet$?Pack@KPakTool@@QAEHPAD0H@Z$0 1003c050 f   KPakTool.obj
 0001:0003b058       __unwindfunclet$?Pack@KPakTool@@QAEHPAD0H@Z$1 1003c058 f   KPakTool.obj
 0001:0003b060       __unwindfunclet$?Pack@KPakTool@@QAEHPAD0H@Z$2 1003c060 f   KPakTool.obj
 0001:0003b068       __ehhandler$?Pack@KPakTool@@QAEHPAD0H@Z 1003c068 f   KPakTool.obj
 0001:0003b090       __unwindfunclet$?UnPack@KPakTool@@QAEHPAD0@Z$0 1003c090 f   KPakTool.obj
 0001:0003b098       __unwindfunclet$?UnPack@KPakTool@@QAEHPAD0@Z$1 1003c098 f   KPakTool.obj
 0001:0003b0a0       __unwindfunclet$?UnPack@KPakTool@@QAEHPAD0@Z$2 1003c0a0 f   KPakTool.obj
 0001:0003b0a8       __ehhandler$?UnPack@KPakTool@@QAEHPAD0@Z 1003c0a8 f   KPakTool.obj
 0001:0003b0d0       __unwindfunclet$?Load@KPcxFile@@QAEHPADPAVKBitmap@@@Z$0 1003c0d0 f   KPcxFile.obj
 0001:0003b0db       __unwindfunclet$?Load@KPcxFile@@QAEHPADPAVKBitmap@@@Z$1 1003c0db f   KPcxFile.obj
 0001:0003b0e6       __ehhandler$?Load@KPcxFile@@QAEHPADPAVKBitmap@@@Z 1003c0e6 f   KPcxFile.obj
 0001:0003b120       __unwindfunclet$??0KSafeList@@QAE@XZ$0 1003c120 f   KSafeList.obj
 0001:0003b128       __unwindfunclet$??0KSafeList@@QAE@XZ$1 1003c128 f   KSafeList.obj
 0001:0003b133       __ehhandler$??0KSafeList@@QAE@XZ 1003c133 f   KSafeList.obj
 0001:0003b150       __unwindfunclet$??1KSafeList@@QAE@XZ$0 1003c150 f   KSafeList.obj
 0001:0003b158       __unwindfunclet$??1KSafeList@@QAE@XZ$1 1003c158 f   KSafeList.obj
 0001:0003b163       __ehhandler$??1KSafeList@@QAE@XZ 1003c163 f   KSafeList.obj
 0001:0003b180       __unwindfunclet$??1KScriptCache@@QAE@XZ$0 1003c180 f   KScriptCache.obj
 0001:0003b188       __ehhandler$??1KScriptCache@@QAE@XZ 1003c188 f   KScriptCache.obj
 0001:0003b1b0       __unwindfunclet$?LoadNode@KScriptCache@@UAEHPAVKCacheNode@@@Z$0 1003c1b0 f   KScriptCache.obj
 0001:0003b1bb       __ehhandler$?LoadNode@KScriptCache@@UAEHPAVKCacheNode@@@Z 1003c1bb f   KScriptCache.obj
 0001:0003b1e0       __unwindfunclet$??1KScriptNode@@UAE@XZ$0 1003c1e0 f   KScriptList.obj
 0001:0003b1e8       __ehhandler$??1KScriptNode@@UAE@XZ 1003c1e8 f   KScriptList.obj
 0001:0003b210       __unwindfunclet$??0KSortList@@QAE@XZ$0 1003c210 f   KSortList.obj
 0001:0003b218       __ehhandler$??0KSortList@@QAE@XZ 1003c218 f   KSortList.obj
 0001:0003b240       __unwindfunclet$??1KSortList@@QAE@XZ$0 1003c240 f   KSortList.obj
 0001:0003b248       __ehhandler$??1KSortList@@QAE@XZ 1003c248 f   KSortList.obj
 0001:0003b270       __unwindfunclet$??1KSoundCache@@QAE@XZ$0 1003c270 f   KSoundCache.obj
 0001:0003b278       __ehhandler$??1KSoundCache@@QAE@XZ 1003c278 f   KSoundCache.obj
 0001:0003b2a0       __unwindfunclet$?LoadNode@KSoundCache@@UAEHPAVKCacheNode@@@Z$0 1003c2a0 f   KSoundCache.obj
 0001:0003b2ab       __ehhandler$?LoadNode@KSoundCache@@UAEHPAVKCacheNode@@@Z 1003c2ab f   KSoundCache.obj
 0001:0003b2d0       __unwindfunclet$??0KSprite@@QAE@XZ$0 1003c2d0 f   KSprite.obj
 0001:0003b2d8       __ehhandler$??0KSprite@@QAE@XZ 1003c2d8 f   KSprite.obj
 0001:0003b300       __unwindfunclet$?Load@KSprite@@QAEHPAD@Z$0 1003c300 f   KSprite.obj
 0001:0003b308       __ehhandler$?Load@KSprite@@QAEHPAD@Z 1003c308 f   KSprite.obj
 0001:0003b330       __unwindfunclet$?LoadFor3D@KSprite@@QAEHPAD@Z$0 1003c330 f   KSprite.obj
 0001:0003b338       __ehhandler$?LoadFor3D@KSprite@@QAEHPAD@Z 1003c338 f   KSprite.obj
 0001:0003b360       __unwindfunclet$??1KSpriteCache@@QAE@XZ$0 1003c360 f   KSpriteCache.obj
 0001:0003b368       __ehhandler$??1KSpriteCache@@QAE@XZ 1003c368 f   KSpriteCache.obj
 0001:0003b390       __unwindfunclet$?LoadNode@KSpriteCache@@UAEHPAVKCacheNode@@@Z$0 1003c390 f   KSpriteCache.obj
 0001:0003b39b       __ehhandler$?LoadNode@KSpriteCache@@UAEHPAVKCacheNode@@@Z 1003c39b f   KSpriteCache.obj
 0001:0003b3c0       __unwindfunclet$?Load@KSpriteMaker@@QAEHPAD@Z$0 1003c3c0 f   KSpriteMaker.obj
 0001:0003b3c8       __ehhandler$?Load@KSpriteMaker@@QAEHPAD@Z 1003c3c8 f   KSpriteMaker.obj
 0001:0003b3f0       __unwindfunclet$?AddFrame@KSpriteMaker@@QAEHPAVKBitmap@@H@Z$0 1003c3f0 f   KSpriteMaker.obj
 0001:0003b3f8       __ehhandler$?AddFrame@KSpriteMaker@@QAEHPAVKBitmap@@H@Z 1003c3f8 f   KSpriteMaker.obj
 0001:0003b420       __unwindfunclet$?AddAlphaFrame@KSpriteMaker@@QAEHPAVKBitmap@@0@Z$0 1003c420 f   KSpriteMaker.obj
 0001:0003b428       __ehhandler$?AddAlphaFrame@KSpriteMaker@@QAEHPAVKBitmap@@0@Z 1003c428 f   KSpriteMaker.obj
 0001:0003b450       __unwindfunclet$??1KSpriteMaker@@QAE@XZ$0 1003c450 f   KSpriteMaker.obj
 0001:0003b458       __unwindfunclet$??1KSpriteMaker@@QAE@XZ$1 1003c458 f   KSpriteMaker.obj
 0001:0003b463       __ehhandler$??1KSpriteMaker@@QAE@XZ 1003c463 f   KSpriteMaker.obj
 0001:0003b480       __unwindfunclet$?Save@KSpriteMaker@@QAEHPAD@Z$0 1003c480 f   KSpriteMaker.obj
 0001:0003b488       __ehhandler$?Save@KSpriteMaker@@QAEHPAD@Z 1003c488 f   KSpriteMaker.obj
 0001:0003b4b0       __unwindfunclet$??0KStepLuaScript@@QAE@XZ$0 1003c4b0 f   KStepLuaScript.obj
 0001:0003b4b8       __ehhandler$??0KStepLuaScript@@QAE@XZ 1003c4b8 f   KStepLuaScript.obj
 0001:0003b4e0       __unwindfunclet$??0KStepLuaScript@@QAE@H@Z$0 1003c4e0 f   KStepLuaScript.obj
 0001:0003b4e8       __ehhandler$??0KStepLuaScript@@QAE@H@Z 1003c4e8 f   KStepLuaScript.obj
 0001:0003b510       __unwindfunclet$??1KStepLuaScript@@UAE@XZ$0 1003c510 f   KStepLuaScript.obj
 0001:0003b518       __unwindfunclet$??1KStepLuaScript@@UAE@XZ$1 1003c518 f   KStepLuaScript.obj
 0001:0003b523       __ehhandler$??1KStepLuaScript@@UAE@XZ 1003c523 f   KStepLuaScript.obj
 0001:0003b540       __unwindfunclet$?GetExeBufferFromFile@KStepLuaScript@@QAEHPAD@Z$0 1003c540 f   KStepLuaScript.obj
 0001:0003b54b       __ehhandler$?GetExeBufferFromFile@KStepLuaScript@@QAEHPAD@Z 1003c54b f   KStepLuaScript.obj
 0001:0003b580       __unwindfunclet$?Load@KStepLuaScript@@UAEHPAD@Z$0 1003c580 f   KStepLuaScript.obj
 0001:0003b588       __ehhandler$?Load@KStepLuaScript@@UAEHPAD@Z 1003c588 f   KStepLuaScript.obj
 0001:0003b5c0       __unwindfunclet$??0KStrNode@@QAE@XZ$0 1003c5c0 f   KStrNode.obj
 0001:0003b5c8       __ehhandler$??0KStrNode@@QAE@XZ 1003c5c8 f   KStrNode.obj
 0001:0003b5f0       __unwindfunclet$??0KTabFile@@QAE@XZ$0 1003c5f0 f   KTabFile.obj
 0001:0003b5f8       __unwindfunclet$??0KTabFile@@QAE@XZ$1 1003c5f8 f   KTabFile.obj
 0001:0003b603       __ehhandler$??0KTabFile@@QAE@XZ 1003c603 f   KTabFile.obj
 0001:0003b620       __unwindfunclet$??1KTabFile@@UAE@XZ$0 1003c620 f   KTabFile.obj
 0001:0003b628       __unwindfunclet$??1KTabFile@@UAE@XZ$1 1003c628 f   KTabFile.obj
 0001:0003b633       __unwindfunclet$??1KTabFile@@UAE@XZ$2 1003c633 f   KTabFile.obj
 0001:0003b63e       __ehhandler$??1KTabFile@@UAE@XZ 1003c63e f   KTabFile.obj
 0001:0003b660       __unwindfunclet$?Load@KTabFile@@UAEHPAD@Z$0 1003c660 f   KTabFile.obj
 0001:0003b668       __ehhandler$?Load@KTabFile@@UAEHPAD@Z 1003c668 f   KTabFile.obj
 0001:0003b690       __unwindfunclet$??1TTabLineNode@@UAE@XZ$0 1003c690 f   KTabFileCtrl.obj
 0001:0003b698       __ehhandler$??1TTabLineNode@@UAE@XZ 1003c698 f   KTabFileCtrl.obj
 0001:0003b6c0       __unwindfunclet$??1TTabColNode@@UAE@XZ$0 1003c6c0 f   KTabFileCtrl.obj
 0001:0003b6c8       __ehhandler$??1TTabColNode@@UAE@XZ 1003c6c8 f   KTabFileCtrl.obj
 0001:0003b6f0       __unwindfunclet$?Save@KTabFileCtrl@@UAEHPAD@Z$0 1003c6f0 f   KTabFileCtrl.obj
 0001:0003b6fb       __ehhandler$?Save@KTabFileCtrl@@UAEHPAD@Z 1003c6fb f   KTabFileCtrl.obj
 0001:0003b730       __unwindfunclet$?Load@KTabFileCtrl@@UAEHPAD@Z$0 1003c730 f   KTabFileCtrl.obj
 0001:0003b73b       __unwindfunclet$?Load@KTabFileCtrl@@UAEHPAD@Z$1 1003c73b f   KTabFileCtrl.obj
 0001:0003b746       __ehhandler$?Load@KTabFileCtrl@@UAEHPAD@Z 1003c746 f   KTabFileCtrl.obj
 0001:0003b780       __unwindfunclet$??1KTabFileCtrl@@UAE@XZ$0 1003c780 f   KTabFileCtrl.obj
 0001:0003b788       __unwindfunclet$??1KTabFileCtrl@@UAE@XZ$1 1003c788 f   KTabFileCtrl.obj
 0001:0003b793       __ehhandler$??1KTabFileCtrl@@UAE@XZ 1003c793 f   KTabFileCtrl.obj
 0001:0003b7b0       __unwindfunclet$?Load2Buffer@KTgaFile32@@QAEHPAD@Z$0 1003c7b0 f   KTgaFile32.obj
 0001:0003b7b8       __unwindfunclet$?Load2Buffer@KTgaFile32@@QAEHPAD@Z$1 1003c7b8 f   KTgaFile32.obj
 0001:0003b7c0       __ehhandler$?Load2Buffer@KTgaFile32@@QAEHPAD@Z 1003c7c0 f   KTgaFile32.obj
 0001:0003b7f0       __unwindfunclet$??0KVideo@@QAE@XZ$0 1003c7f0 f   KVideo.obj
 0001:0003b7fb       __unwindfunclet$??0KVideo@@QAE@XZ$1 1003c7fb f   KVideo.obj
 0001:0003b806       __unwindfunclet$??0KVideo@@QAE@XZ$2 1003c806 f   KVideo.obj
 0001:0003b811       __ehhandler$??0KVideo@@QAE@XZ 1003c811 f   KVideo.obj
 0001:0003b830       __unwindfunclet$??1KVideo@@QAE@XZ$0 1003c830 f   KVideo.obj
 0001:0003b83b       __unwindfunclet$??1KVideo@@QAE@XZ$1 1003c83b f   KVideo.obj
 0001:0003b846       __ehhandler$??1KVideo@@QAE@XZ 1003c846 f   KVideo.obj
 0001:0003b870       __unwindfunclet$??1KWavFile@@QAE@XZ$0 1003c870 f   KWavFile.obj
 0001:0003b878       __ehhandler$??1KWavFile@@QAE@XZ 1003c878 f   KWavFile.obj
 0001:0003b8a0       __unwindfunclet$??0KWavMusic@@QAE@XZ$0 1003c8a0 f   KWavMusic.obj
 0001:0003b8a8       __ehhandler$??0KWavMusic@@QAE@XZ 1003c8a8 f   KWavMusic.obj
 0001:0003b8d0       __unwindfunclet$??1KWavMusic@@UAE@XZ$0 1003c8d0 f   KWavMusic.obj
 0001:0003b8d8       __ehhandler$??1KWavMusic@@UAE@XZ 1003c8d8 f   KWavMusic.obj
 0001:0003b900       __unwindfunclet$?Load@KWavSound@@QAEHPAD@Z$0 1003c900 f   KWavSound.obj
 0001:0003b90b       __ehhandler$?Load@KWavSound@@QAEHPAD@Z 1003c90b f   KWavSound.obj
 0001:0003b940       __unwindfunclet$??0KZipData@@QAE@XZ$0 1003c940 f   KZipData.obj
 0001:0003b948       __ehhandler$??0KZipData@@QAE@XZ 1003c948 f   KZipData.obj
 0001:0003b970       __unwindfunclet$??1KZipData@@QAE@XZ$0 1003c970 f   KZipData.obj
 0001:0003b978       __ehhandler$??1KZipData@@QAE@XZ 1003c978 f   KZipData.obj
 0001:0003b9a0       __unwindfunclet$??0KZipFile@@QAE@XZ$0 1003c9a0 f   KZipFile.obj
 0001:0003b9a8       __ehhandler$??0KZipFile@@QAE@XZ 1003c9a8 f   KZipFile.obj
 0001:0003b9d0       __unwindfunclet$?OpenZip@KZipFile@@AAEHPAD@Z$0 1003c9d0 f   KZipFile.obj
 0001:0003b9d8       __ehhandler$?OpenZip@KZipFile@@AAEHPAD@Z 1003c9d8 f   KZipFile.obj
 0001:0003ba00       __unwindfunclet$??1KZipFile@@QAE@XZ$0 1003ca00 f   KZipFile.obj
 0001:0003ba08       __unwindfunclet$??1KZipFile@@QAE@XZ$1 1003ca08 f   KZipFile.obj
 0001:0003ba13       __ehhandler$??1KZipFile@@QAE@XZ 1003ca13 f   KZipFile.obj
 0001:0003ba30       __unwindfunclet$??0KZipList@@QAE@XZ$0 1003ca30 f   KZipList.obj
 0001:0003ba46       __ehhandler$??0KZipList@@QAE@XZ 1003ca46 f   KZipList.obj
 0001:0003ba70       __unwindfunclet$??1KZipList@@QAE@XZ$0 1003ca70 f   KZipList.obj
 0001:0003ba86       __ehhandler$??1KZipList@@QAE@XZ 1003ca86 f   KZipList.obj
 0001:0003bab0       __unwindfunclet$?Open@KZipList@@QAEHPAD@Z$0 1003cab0 f   KZipList.obj
 0001:0003babb       __ehhandler$?Open@KZipList@@QAEHPAD@Z 1003cabb f   KZipList.obj
 0001:0003baf0       ??__EBuffer@@YAXXZ         1003caf0 f   KDrawSprite.obj
 0001:0003bb10       ??__Em_MemList@@YAXXZ      1003cb10 f   KMemBase.obj
 0001:0003bb20       ??__Eg_MemManager@@YAXXZ   1003cb20 f   KMemManager.obj
 0001:0003bb40       ??__Em_MsgList@@YAXXZ      1003cb40 f   KMessage.obj
 0001:0003bb50       ??__FBuffer@@YAXXZ         1003cb50 f   KDrawSprite.obj
 0001:0003bb60       ??__Fm_MemList@@YAXXZ      1003cb60 f   KMemBase.obj
 0001:0003bb70       ??__Fg_MemManager@@YAXXZ   1003cb70 f   KMemManager.obj
 0001:0003bb80       ??__Fm_MsgList@@YAXXZ      1003cb80 f   KMessage.obj
