 S3RelayServer

 Timestamp is 507eb410 (Wed Oct 17 20:35:12 2012)

 Preferred load address is 00400000

 Start         Length     Name                   Class
 0001:00000000 00032898H .text                   CODE
 0001:000328a0 00000c0bH .text$x                 CODE
 0001:000334b0 0000006cH .text$yc                CODE
 0001:00033520 0000004cH .text$yd                CODE
 0002:00000000 00000274H .idata$5                DATA
 0002:00000274 00000004H .CRT$XCA                DATA
 0002:00000278 00000010H .CRT$XCU                DATA
 0002:00000288 00000004H .CRT$XCZ                DATA
 0002:0000028c 00000004H .CRT$XIA                DATA
 0002:00000290 00000014H .CRT$XIC                DATA
 0002:000002a4 00000004H .CRT$XIY                DATA
 0002:000002a8 00000004H .CRT$XIZ                DATA
 0002:000002ac 00000004H .CRT$XPA                DATA
 0002:000002b0 00000004H .CRT$XPX                DATA
 0002:000002b4 00000004H .CRT$XPXA               DATA
 0002:000002b8 00000004H .CRT$XPZ                DATA
 0002:000002bc 00000004H .CRT$XTA                DATA
 0002:000002c0 00000004H .CRT$XTZ                DATA
 0002:000002d0 00003b70H .rdata                  DATA
 0002:00003e40 0000006aH .rdata$debug            DATA
 0002:00003eac 000008dcH .rdata$r                DATA
 0002:00004790 000000fcH .rdata$sxdata           DATA
 0002:0000488c 00000004H .rtc$IAA                DATA
 0002:00004890 00000004H .rtc$IZZ                DATA
 0002:00004894 00000004H .rtc$TAA                DATA
 0002:00004898 00000004H .rtc$TZZ                DATA
 0002:000048a0 00001a3cH .xdata$x                DATA
 0002:000062dc 00000064H .idata$2                DATA
 0002:00006340 00000014H .idata$3                DATA
 0002:00006354 00000274H .idata$4                DATA
 0002:000065c8 0000094eH .idata$6                DATA
 0002:00006f16 00000000H .edata                  DATA
 0003:00000000 00001758H .data                   DATA
 0003:00001760 00201df0H .bss                    DATA
 0004:00000000 0000029cH .rsrc$01                DATA
 0004:000002a0 00000a60H .rsrc$02                DATA

  Address         Publics by Value              Rva+Base       Lib:Object

 0000:00000000       __except_list              00000000     <absolute>
 0000:0000003f       ___safe_se_handler_count   0000003f     <absolute>
 0000:00000000       ___ImageBase               00400000     <linker-defined>
 0001:00000000       __tcsncmp                  00401000 f i GlobalFun.obj
 0001:000003c0       ?KPIWritePrivateProfileString@@YAHPBD000@Z 004013c0 f   GlobalFun.obj
 0001:000008f0       ?KPIGetPrivateProfileString@@YAKPBD00PADK0@Z 004018f0 f   GlobalFun.obj
 0001:00000b00       ?KPIWaitForSingleObject@@YAKPAXK@Z 00401b00 f   GlobalFun.obj
 0001:00000b30       ?KPICloseHandle@@YAHPAX@Z  00401b30 f   GlobalFun.obj
 0001:00000b40       ?KPITerminateThread@@YAHPAXK@Z 00401b40 f   GlobalFun.obj
 0001:00000b60       ?KPICreateThread@@YAPAXP6GKPAX@Z0PAK@Z 00401b60 f   GlobalFun.obj
 0001:00000b90       ?KPICreateUDPSocket@@YAIH@Z 00401b90 f   GlobalFun.obj
 0001:00000c60       ?KPICreateEvent@@YAPAXPAU_SECURITY_ATTRIBUTES@@HHPBD@Z 00401c60 f   GlobalFun.obj
 0001:00000c80       ?KPISetEvent@@YAHPAX@Z     00401c80 f   GlobalFun.obj
 0001:00000c90       ?KPIResetEvent@@YAHPAX@Z   00401c90 f   GlobalFun.obj
 0001:00000ca0       ?KPIGetExePath@@YAXPADK@Z  00401ca0 f   GlobalFun.obj
 0001:00000d00       ?KPICreateMutex@@YAPAXPAU_SECURITY_ATTRIBUTES@@HPBD@Z 00401d00 f   GlobalFun.obj
 0001:00000d20       ?KPIReleaseMutex@@YAHPAX@Z 00401d20 f   GlobalFun.obj
 0001:00000d30       ?KPIHash@@YAKPADKK@Z       00401d30 f   GlobalFun.obj
 0001:00000d70       ?KPIPrintToFile@@YAXPBD0ZZ 00401d70 f   GlobalFun.obj
 0001:00000dc0       ?KPIPrintToFile@@YAXPAU_iobuf@@PBDZZ 00401dc0 f   GlobalFun.obj
 0001:00000de0       ??0KThread@@QAE@XZ         00401de0 f   KThread.obj
 0001:00000e00       ??1KThread@@UAE@XZ         00401e00 f   KThread.obj
 0001:00000e10       ?Stop@KThread@@UAEHXZ      00401e10 f   KThread.obj
 0001:00000ea0       ?ThreadFun@KThread@@SGKPAX@Z 00401ea0 f   KThread.obj
 0001:00000eb0       ??0K_CS@@QAE@XZ            00401eb0 f   KThread.obj
 0001:00000ed0       ?Lock@K_CS@@QAEHXZ         00401ed0 f   KThread.obj
 0001:00000ef0       ?Unlock@K_CS@@QAEHXZ       00401ef0 f   KThread.obj
 0001:00000f20       ??_EKThread@@UAEPAXI@Z     00401f20 f i KThread.obj
 0001:00000f20       ??_GKThread@@UAEPAXI@Z     00401f20 f i KThread.obj
 0001:00000f40       ?Start@KThread@@UAEPAXXZ   00401f40 f   KThread.obj
 0001:00000f80       ??1K_CS@@UAE@XZ            00401f80 f   KThread.obj
 0001:00000fa0       ??_GK_CS@@UAEPAXI@Z        00401fa0 f i KThread.obj
 0001:00000fa0       ??_EK_CS@@UAEPAXI@Z        00401fa0 f i KThread.obj
 0001:00000fc0       ??0bad_alloc@std@@QAE@PBD@Z 00401fc0 f i LogFile.obj
 0001:00000fe0       ??1bad_alloc@std@@UAE@XZ   00401fe0 f i LogFile.obj
 0001:00000ff0       ??_Ebad_alloc@std@@UAEPAXI@Z 00401ff0 f i LogFile.obj
 0001:00000ff0       ??_Gbad_alloc@std@@UAEPAXI@Z 00401ff0 f i LogFile.obj
 0001:00001020       ?assign@?$char_traits@D@std@@SAXAADABD@Z 00402020 f i LogFile.obj
 0001:00001030       ?length@?$char_traits@D@std@@SAIPBD@Z 00402030 f i LogFile.obj
 0001:00001050       ?_Copy_s@?$char_traits@D@std@@SAPADPADIPBDI@Z 00402050 f i LogFile.obj
 0001:00001080       ?_Move_s@?$char_traits@D@std@@SAPADPADIPBDI@Z 00402080 f i LogFile.obj
 0001:000010b0       ?assign@?$char_traits@D@std@@SAPADPADID@Z 004020b0 f i LogFile.obj
 0001:000010d0       ??0_Iterator_base@std@@QAE@XZ 004020d0 f i LogFile.obj
 0001:000010e0       ?EndBatch@CLogFile@@QAEKXZ 004020e0 f   LogFile.obj
 0001:00001100       ?IsBatched@CLogFile@@QAEHXZ 00402100 f   LogFile.obj
 0001:00001110       ?size@?$basic_string@DU?$char_traits@D@std@@V?$allocator@D@2@@std@@QBEIXZ 00402110 f i LogFile.obj
 0001:00001120       ?empty@?$basic_string@DU?$char_traits@D@std@@V?$allocator@D@2@@std@@QBE_NXZ 00402120 f i LogFile.obj
 0001:00001130       ?_Myptr@?$basic_string@DU?$char_traits@D@std@@V?$allocator@D@2@@std@@IBEPBDXZ 00402130 f i LogFile.obj
 0001:00001140       ??0?$allocator@D@std@@QAE@XZ 00402140 f i LogFile.obj
 0001:00001150       ??0?$reverse_iterator@V?$_String_iterator@DU?$char_traits@D@std@@V?$allocator@D@2@@std@@@std@@QAE@V?$_String_iterator@DU?$char_traits@D@std@@V?$allocator@D@2@@1@@Z 00402150 f i LogFile.obj
 0001:00001170       ?_Myptr@?$basic_string@DU?$char_traits@D@std@@V?$allocator@D@2@@std@@IAEPADXZ 00402170 f i LogFile.obj
 0001:00001180       ??0?$allocator@D@std@@QAE@ABV01@@Z 00402180 f i LogFile.obj
 0001:00001190       ?deallocate@?$allocator@D@std@@QAEXPADI@Z 00402190 f i LogFile.obj
 0001:000011a0       ??D?$_String_const_iterator@DU?$char_traits@D@std@@V?$allocator@D@2@@std@@QBEABDXZ 004021a0 f i LogFile.obj
 0001:000011e0       ??F?$_String_const_iterator@DU?$char_traits@D@std@@V?$allocator@D@2@@std@@QAEAAV01@XZ 004021e0 f i LogFile.obj
 0001:00001220       ?_Inside@?$basic_string@DU?$char_traits@D@std@@V?$allocator@D@2@@std@@IAE_NPBD@Z 00402220 f i LogFile.obj
 0001:00001260       ??0?$_Ranit_base@DHPBDABDU_Iterator_base@std@@@std@@QAE@XZ 00402260 f i LogFile.obj
 0001:00001270       ?max_size@?$allocator@D@std@@QBEIXZ 00402270 f i LogFile.obj
 0001:00001280       ??$_Allocate@D@std@@YAPADIPAD@Z 00402280 f i LogFile.obj
 0001:000012e0       ??0bad_alloc@std@@QAE@ABV01@@Z 004022e0 f i LogFile.obj
 0001:00001300       ??$_Char_traits_cat@U?$char_traits@D@std@@@std@@YA?AU_Secure_char_traits_tag@0@XZ 00402300 f i LogFile.obj
 0001:00001310       ??$copy_s@U?$char_traits@D@std@@@_Traits_helper@std@@YAPADPADIPBDIU_Secure_char_traits_tag@1@@Z 00402310 f i LogFile.obj
 0001:00001340       ??$move_s@U?$char_traits@D@std@@@_Traits_helper@std@@YAPADPADIPBDIU_Secure_char_traits_tag@1@@Z 00402340 f i LogFile.obj
 0001:00001370       ?c_str@?$basic_string@DU?$char_traits@D@std@@V?$allocator@D@2@@std@@QBEPBDXZ 00402370 f i LogFile.obj
 0001:00001380       ??0?$_String_val@DV?$allocator@D@std@@@std@@IAE@V?$allocator@D@1@@Z 00402380 f i LogFile.obj
 0001:00001390       ??0?$_String_val@DV?$allocator@D@std@@@std@@QAE@ABV01@@Z 00402390 f i LogFile.obj
 0001:000013a0       ??D?$_String_iterator@DU?$char_traits@D@std@@V?$allocator@D@2@@std@@QBEAADXZ 004023a0 f i LogFile.obj
 0001:000013e0       ??F?$_String_iterator@DU?$char_traits@D@std@@V?$allocator@D@2@@std@@QAEAAV01@XZ 004023e0 f i LogFile.obj
 0001:00001420       ?_Chassign@?$basic_string@DU?$char_traits@D@std@@V?$allocator@D@2@@std@@IAEXIID@Z 00402420 f i LogFile.obj
 0001:00001480       ?_Eos@?$basic_string@DU?$char_traits@D@std@@V?$allocator@D@2@@std@@IAEXI@Z 00402480 f i LogFile.obj
 0001:000014a0       ?max_size@?$basic_string@DU?$char_traits@D@std@@V?$allocator@D@2@@std@@QBEIXZ 004024a0 f i LogFile.obj
 0001:000014b0       ??0?$_String_const_iterator@DU?$char_traits@D@std@@V?$allocator@D@2@@std@@QAE@PBDPBU_Container_base@1@@Z 004024b0 f i LogFile.obj
 0001:00001510       ?allocate@?$allocator@D@std@@QAEPADI@Z 00402510 f i LogFile.obj
 0001:00001530       ??$copy_s@U?$char_traits@D@std@@@_Traits_helper@std@@YAPADPADIPBDI@Z 00402530 f i LogFile.obj
 0001:00001560       ??$move_s@U?$char_traits@D@std@@@_Traits_helper@std@@YAPADPADIPBDI@Z 00402560 f i LogFile.obj
 0001:00001590       ??D?$reverse_iterator@V?$_String_iterator@DU?$char_traits@D@std@@V?$allocator@D@2@@std@@@std@@QBEAADXZ 00402590 f i LogFile.obj
 0001:000015f0       ?_Tidy@?$basic_string@DU?$char_traits@D@std@@V?$allocator@D@2@@std@@IAEX_NI@Z 004025f0 f i LogFile.obj
 0001:00001640       ?erase@?$basic_string@DU?$char_traits@D@std@@V?$allocator@D@2@@std@@QAEAAV12@II@Z 00402640 f i LogFile.obj
 0001:000016d0       ??0?$_String_iterator@DU?$char_traits@D@std@@V?$allocator@D@2@@std@@QAE@PADPBU_Container_base@1@@Z 004026d0 f i LogFile.obj
 0001:000016f0       ?_Copy@?$basic_string@DU?$char_traits@D@std@@V?$allocator@D@2@@std@@IAEXII@Z 004026f0 f i LogFile.obj
 0001:00001840       ??0?$basic_string@DU?$char_traits@D@std@@V?$allocator@D@2@@std@@QAE@XZ 00402840 f i LogFile.obj
 0001:00001860       ??1?$basic_string@DU?$char_traits@D@std@@V?$allocator@D@2@@std@@QAE@XZ 00402860 f i LogFile.obj
 0001:00001890       ?end@?$basic_string@DU?$char_traits@D@std@@V?$allocator@D@2@@std@@QAE?AV?$_String_iterator@DU?$char_traits@D@std@@V?$allocator@D@2@@2@XZ 00402890 f i LogFile.obj
 0001:000018c0       ?_Grow@?$basic_string@DU?$char_traits@D@std@@V?$allocator@D@2@@std@@IAE_NI_N@Z 004028c0 f i LogFile.obj
 0001:00001980       ?append@?$basic_string@DU?$char_traits@D@std@@V?$allocator@D@2@@std@@QAEAAV12@ABV12@II@Z 00402980 f i LogFile.obj
 0001:00001a80       ??0CLogFile@@QAE@XZ        00402a80 f   LogFile.obj
 0001:00001ab0       ??1CLogFile@@UAE@XZ        00402ab0 f   LogFile.obj
 0001:00001ae0       ?rbegin@?$basic_string@DU?$char_traits@D@std@@V?$allocator@D@2@@std@@QAE?AV?$reverse_iterator@V?$_String_iterator@DU?$char_traits@D@std@@V?$allocator@D@2@@std@@@2@XZ 00402ae0 f i LogFile.obj
 0001:00001b40       ?append@?$basic_string@DU?$char_traits@D@std@@V?$allocator@D@2@@std@@QAEAAV12@ID@Z 00402b40 f i LogFile.obj
 0001:00001bf0       ?assign@?$basic_string@DU?$char_traits@D@std@@V?$allocator@D@2@@std@@QAEAAV12@ABV12@II@Z 00402bf0 f i LogFile.obj
 0001:00001cd0       ?resize@?$basic_string@DU?$char_traits@D@std@@V?$allocator@D@2@@std@@QAEXID@Z 00402cd0 f i LogFile.obj
 0001:00001d00       ?append@?$basic_string@DU?$char_traits@D@std@@V?$allocator@D@2@@std@@QAEAAV12@PBDI@Z 00402d00 f i LogFile.obj
 0001:00001df0       ??_GCLogFile@@UAEPAXI@Z    00402df0 f i LogFile.obj
 0001:00001df0       ??_ECLogFile@@UAEPAXI@Z    00402df0 f i LogFile.obj
 0001:00001e10       ??0?$basic_string@DU?$char_traits@D@std@@V?$allocator@D@2@@std@@QAE@ABV01@@Z 00402e10 f i LogFile.obj
 0001:00001e40       ??Y?$basic_string@DU?$char_traits@D@std@@V?$allocator@D@2@@std@@QAEAAV01@D@Z 00402e40 f i LogFile.obj
 0001:00001e50       ?resize@?$basic_string@DU?$char_traits@D@std@@V?$allocator@D@2@@std@@QAEXI@Z 00402e50 f i LogFile.obj
 0001:00001e80       ?append@?$basic_string@DU?$char_traits@D@std@@V?$allocator@D@2@@std@@QAEAAV12@PBD@Z 00402e80 f i LogFile.obj
 0001:00001eb0       ?assign@?$basic_string@DU?$char_traits@D@std@@V?$allocator@D@2@@std@@QAEAAV12@ABV12@@Z 00402eb0 f i LogFile.obj
 0001:00001ed0       ?Uninitialize@CLogFile@@QAEHXZ 00402ed0 f   LogFile.obj
 0001:00001f10       ??4?$basic_string@DU?$char_traits@D@std@@V?$allocator@D@2@@std@@QAEAAV01@ABV01@@Z 00402f10 f i LogFile.obj
 0001:00001f30       ??Y?$basic_string@DU?$char_traits@D@std@@V?$allocator@D@2@@std@@QAEAAV01@PBD@Z 00402f30 f i LogFile.obj
 0001:00001f60       ??$?HDU?$char_traits@D@std@@V?$allocator@D@1@@std@@YA?AV?$basic_string@DU?$char_traits@D@std@@V?$allocator@D@2@@0@ABV10@PBD@Z 00402f60 f i LogFile.obj
 0001:00002020       ?Initialize@CLogFile@@QAEHABV?$basic_string@DU?$char_traits@D@std@@V?$allocator@D@2@@std@@I@Z 00403020 f   LogFile.obj
 0001:00002140       ?OpenUniDirectory@CLogFile@@CAHABV?$basic_string@DU?$char_traits@D@std@@V?$allocator@D@2@@std@@PAV23@@Z 00403140 f   LogFile.obj
 0001:000023a0       ?CreateUniFile@CLogFile@@CAPAXABV?$basic_string@DU?$char_traits@D@std@@V?$allocator@D@2@@std@@PAV23@@Z 004033a0 f   LogFile.obj
 0001:000025d0       ?PrepareFile@CLogFile@@AAEHXZ 004035d0 f   LogFile.obj
 0001:00002850       ?BeginBatch@CLogFile@@QAEKXZ 00403850 f   LogFile.obj
 0001:00002880       ?TraceLog@CLogFile@@QAEIPBXI@Z 00403880 f   LogFile.obj
 0001:000028f0       ?ServerEventNotify@@YGXPAXABK1@Z 004038f0 f   main.obj
 0001:00002a00       ?HasWriteInfo@TwoFixBuffer@@IAEHXZ 00403a00 f i main.obj
 0001:00002a20       ?HasReadInfo@TwoFixBuffer@@IAEHXZ 00403a20 f i main.obj
 0001:00002a40       ??0TwoFixBuffer@@QAE@XZ    00403a40 f i main.obj
 0001:00002aa0       ??1TwoFixBuffer@@QAE@XZ    00403aa0 f i main.obj
 0001:00002ac0       ?WriteInfo@TwoFixBuffer@@QAEHPAEK@Z 00403ac0 f i main.obj
 0001:00002ba0       ?ReadInfo@TwoFixBuffer@@QAEPAEXZ 00403ba0 f i main.obj
 0001:00002bf0       ?SwitchReadWrite@TwoFixBuffer@@QAEXXZ 00403bf0 f i main.obj
 0001:00002ca0       ?gTrace@@YAHPBDZZ          00403ca0 f   main.obj
 0001:00002d70       ?gTimeStamp@@YAHPAD0@Z     00403d70 f   main.obj
 0001:00002dd0       ?gTraceLogFile@@YAXPBDJ@Z  00403dd0 f   main.obj
 0001:00002e60       ?gClearTrace@@YAXXZ        00403e60 f   main.obj
 0001:00002e80       ?gShowTrace@@YAXXZ         00403e80 f   main.obj
 0001:00002f90       ?InitInstance@@YAHPAUHINSTANCE__@@HH@Z 00403f90 f   main.obj
 0001:00003070       ?About@@YGJPAUHWND__@@IIJ@Z 00404070 f   main.obj
 0001:000030b0       ?WndProc@@YGJPAUHWND__@@IIJ@Z 004040b0 f   main.obj
 0001:00003300       ?RegisterSysClass@@YAGPAUHINSTANCE__@@@Z 00404300 f   main.obj
 0001:00003390       ?assign@?$basic_string@DU?$char_traits@D@std@@V?$allocator@D@2@@std@@QAEAAV12@PBDI@Z 00404390 f i main.obj
 0001:00003460       ?assign@?$basic_string@DU?$char_traits@D@std@@V?$allocator@D@2@@std@@QAEAAV12@PBD@Z 00404460 f i main.obj
 0001:00003490       ??0?$basic_string@DU?$char_traits@D@std@@V?$allocator@D@2@@std@@QAE@PBD@Z 00404490 f i main.obj
 0001:000034d0       _WinMain@16                004044d0 f   main.obj
 0001:00003b20       ?CheckError@_com_util@@YAXJ@Z 00404b20 f i S3P_MSSQLServer_Result.obj
 0001:00003b30       ??0_variant_t@@QAE@XZ      00404b30 f i S3P_MSSQLServer_Result.obj
 0001:00003b40       ?Clear@_variant_t@@QAEXXZ  00404b40 f i S3P_MSSQLServer_Result.obj
 0001:00003b60       ??1_variant_t@@QAE@XZ      00404b60 f i S3P_MSSQLServer_Result.obj
 0001:00003b70       ??1_com_error@@UAE@XZ      00404b70 f i S3P_MSSQLServer_Result.obj
 0001:00003bb0       __MarkAllocaS              00404bb0 f i S3P_MSSQLServer_Result.obj
 0001:00003bd0       __freea                    00404bd0 f i S3P_MSSQLServer_Result.obj
 0001:00003bf0       ?GetCount@_Collection@@QAEJXZ 00404bf0 f i S3P_MSSQLServer_Result.obj
 0001:00003c20       ?GetRecordCount@Recordset15@@QAEJXZ 00404c20 f i S3P_MSSQLServer_Result.obj
 0001:00003c50       ?Close@Recordset15@@QAEJXZ 00404c50 f i S3P_MSSQLServer_Result.obj
 0001:00003c80       ?Move@Recordset15@@QAEJJABV_variant_t@@@Z 00404c80 f i S3P_MSSQLServer_Result.obj
 0001:00003cd0       ?MoveNext@Recordset15@@QAEJXZ 00404cd0 f i S3P_MSSQLServer_Result.obj
 0001:00003d00       ?MovePrevious@Recordset15@@QAEJXZ 00404d00 f i S3P_MSSQLServer_Result.obj
 0001:00003d30       ?MoveFirst@Recordset15@@QAEJXZ 00404d30 f i S3P_MSSQLServer_Result.obj
 0001:00003d60       ?MoveLast@Recordset15@@QAEJXZ 00404d60 f i S3P_MSSQLServer_Result.obj
 0001:00003d90       ?GetState@Recordset15@@QAEJXZ 00404d90 f i S3P_MSSQLServer_Result.obj
 0001:00003dc0       ??B?$_com_ptr_t@V?$_com_IIID@U_Recordset@@$1?_GUID_00000556_0000_0010_8000_00aa006d2ea4@@3U__s_GUID@@B@@@@QBEPAU_Recordset@@XZ 00404dc0 f i S3P_MSSQLServer_Result.obj
 0001:00003dd0       ??C?$_com_ptr_t@V?$_com_IIID@U_Recordset@@$1?_GUID_00000556_0000_0010_8000_00aa006d2ea4@@3U__s_GUID@@B@@@@QBEPAU_Recordset@@XZ 00404dd0 f i S3P_MSSQLServer_Result.obj
 0001:00003df0       ??B?$_com_ptr_t@V?$_com_IIID@U_Recordset@@$1?_GUID_00000556_0000_0010_8000_00aa006d2ea4@@3U__s_GUID@@B@@@@QBE_NXZ 00404df0 f i S3P_MSSQLServer_Result.obj
 0001:00003e00       ??8?$_com_ptr_t@V?$_com_IIID@U_Recordset@@$1?_GUID_00000556_0000_0010_8000_00aa006d2ea4@@3U__s_GUID@@B@@@@QAE_NH@Z 00404e00 f i S3P_MSSQLServer_Result.obj
 0001:00003e20       ??C?$_com_ptr_t@V?$_com_IIID@UFields@@$1?_GUID_00000564_0000_0010_8000_00aa006d2ea4@@3U__s_GUID@@B@@@@QBEPAUFields@@XZ 00404e20 f i S3P_MSSQLServer_Result.obj
 0001:00003e40       ??C?$_com_ptr_t@V?$_com_IIID@UField@@$1?_GUID_00000569_0000_0010_8000_00aa006d2ea4@@3U__s_GUID@@B@@@@QBEPAUField@@XZ 00404e40 f i S3P_MSSQLServer_Result.obj
 0001:00003e60       ?_Release@?$_com_ptr_t@V?$_com_IIID@U_Recordset@@$1?_GUID_00000556_0000_0010_8000_00aa006d2ea4@@3U__s_GUID@@B@@@@AAEXXZ 00404e60 f i S3P_MSSQLServer_Result.obj
 0001:00003e70       ?_AddRef@?$_com_ptr_t@V?$_com_IIID@U_Recordset@@$1?_GUID_00000556_0000_0010_8000_00aa006d2ea4@@3U__s_GUID@@B@@@@AAEXXZ 00404e70 f i S3P_MSSQLServer_Result.obj
 0001:00003e80       ?_Release@?$_com_ptr_t@V?$_com_IIID@UFields@@$1?_GUID_00000564_0000_0010_8000_00aa006d2ea4@@3U__s_GUID@@B@@@@AAEXXZ 00404e80 f i S3P_MSSQLServer_Result.obj
 0001:00003e90       ?_AddRef@?$_com_ptr_t@V?$_com_IIID@UFields@@$1?_GUID_00000564_0000_0010_8000_00aa006d2ea4@@3U__s_GUID@@B@@@@AAEXXZ 00404e90 f i S3P_MSSQLServer_Result.obj
 0001:00003ea0       ?_Release@?$_com_ptr_t@V?$_com_IIID@UField@@$1?_GUID_00000569_0000_0010_8000_00aa006d2ea4@@3U__s_GUID@@B@@@@AAEXXZ 00404ea0 f i S3P_MSSQLServer_Result.obj
 0001:00003eb0       ?_AddRef@?$_com_ptr_t@V?$_com_IIID@UField@@$1?_GUID_00000569_0000_0010_8000_00aa006d2ea4@@3U__s_GUID@@B@@@@AAEXXZ 00404eb0 f i S3P_MSSQLServer_Result.obj
 0001:00003ec0       ?GetIID@?$_com_IIID@U_Recordset@@$1?_GUID_00000556_0000_0010_8000_00aa006d2ea4@@3U__s_GUID@@B@@SAABU_GUID@@XZ 00404ec0 f i S3P_MSSQLServer_Result.obj
 0001:00003ed0       ??9?$_com_ptr_t@V?$_com_IIID@U_Recordset@@$1?_GUID_00000556_0000_0010_8000_00aa006d2ea4@@3U__s_GUID@@B@@@@QAE_NH@Z 00404ed0 f i S3P_MSSQLServer_Result.obj
 0001:00003ef0       ??4_variant_t@@QAEAAV0@J@Z 00404ef0 f i S3P_MSSQLServer_Result.obj
 0001:00003f50       ??_E_com_error@@UAEPAXI@Z  00404f50 f i S3P_MSSQLServer_Result.obj
 0001:00003f50       ??_G_com_error@@UAEPAXI@Z  00404f50 f i S3P_MSSQLServer_Result.obj
 0001:00003fa0       ?num_rows@S3P_MSSQLServer_Result@@UBEHXZ 00404fa0 f   S3P_MSSQLServer_Result.obj
 0001:00004040       ?data_seek@S3P_MSSQLServer_Result@@UBEXIH@Z 00405040 f   S3P_MSSQLServer_Result.obj
 0001:000041d0       ?unuse@S3P_MSSQLServer_Result@@UAEHXZ 004051d0 f   S3P_MSSQLServer_Result.obj
 0001:000042a0       ??1?$_com_ptr_t@V?$_com_IIID@U_Recordset@@$1?_GUID_00000556_0000_0010_8000_00aa006d2ea4@@3U__s_GUID@@B@@@@QAE@XZ 004052a0 f i S3P_MSSQLServer_Result.obj
 0001:000042b0       ??0?$_com_ptr_t@V?$_com_IIID@UFields@@$1?_GUID_00000564_0000_0010_8000_00aa006d2ea4@@3U__s_GUID@@B@@@@QAE@PAUFields@@_N@Z 004052b0 f i S3P_MSSQLServer_Result.obj
 0001:000042e0       ??1?$_com_ptr_t@V?$_com_IIID@UFields@@$1?_GUID_00000564_0000_0010_8000_00aa006d2ea4@@3U__s_GUID@@B@@@@QAE@XZ 004052e0 f i S3P_MSSQLServer_Result.obj
 0001:000042f0       ??0?$_com_ptr_t@V?$_com_IIID@UField@@$1?_GUID_00000569_0000_0010_8000_00aa006d2ea4@@3U__s_GUID@@B@@@@QAE@PAUField@@_N@Z 004052f0 f i S3P_MSSQLServer_Result.obj
 0001:00004320       ??1?$_com_ptr_t@V?$_com_IIID@UField@@$1?_GUID_00000569_0000_0010_8000_00aa006d2ea4@@3U__s_GUID@@B@@@@QAE@XZ 00405320 f i S3P_MSSQLServer_Result.obj
 0001:00004330       ??$?4U_Recordset@@@?$_com_ptr_t@V?$_com_IIID@U_Recordset@@$1?_GUID_00000556_0000_0010_8000_00aa006d2ea4@@3U__s_GUID@@B@@@@QAEAAV0@PAU_Recordset@@@Z 00405330 f i S3P_MSSQLServer_Result.obj
 0001:00004360       ?GetIID@?$_com_ptr_t@V?$_com_IIID@U_Recordset@@$1?_GUID_00000556_0000_0010_8000_00aa006d2ea4@@3U__s_GUID@@B@@@@SAABU_GUID@@XZ 00405360 f i S3P_MSSQLServer_Result.obj
 0001:00004370       ??$?9V?$_com_IIID@U_Recordset@@$1?_GUID_00000556_0000_0010_8000_00aa006d2ea4@@3U__s_GUID@@B@@@@YA_NHAAV?$_com_ptr_t@V?$_com_IIID@U_Recordset@@$1?_GUID_00000556_0000_0010_8000_00aa006d2ea4@@3U__s_GUID@@B@@@@@Z 00405370 f i S3P_MSSQLServer_Result.obj
 0001:00004390       ?GetFields@Recordset15@@QAE?AV?$_com_ptr_t@V?$_com_IIID@UFields@@$1?_GUID_00000564_0000_0010_8000_00aa006d2ea4@@3U__s_GUID@@B@@@@XZ 00405390 f i S3P_MSSQLServer_Result.obj
 0001:000043e0       ?GetItem@Fields15@@QAE?AV?$_com_ptr_t@V?$_com_IIID@UField@@$1?_GUID_00000569_0000_0010_8000_00aa006d2ea4@@3U__s_GUID@@B@@@@ABV_variant_t@@@Z 004053e0 f i S3P_MSSQLServer_Result.obj
 0001:00004450       ?num_fields@S3P_MSSQLServer_Result@@UBEHXZ 00405450 f   S3P_MSSQLServer_Result.obj
 0001:00004520       ?get_field_data@S3P_MSSQLServer_Result@@UAE_NIPAXK@Z 00405520 f   S3P_MSSQLServer_Result.obj
 0001:00004660       ??4?$_com_ptr_t@V?$_com_IIID@U_Recordset@@$1?_GUID_00000556_0000_0010_8000_00aa006d2ea4@@3U__s_GUID@@B@@@@QAEAAV0@H@Z 00405660 f i S3P_MSSQLServer_Result.obj
 0001:00004690       ?CreateInstance@?$_com_ptr_t@V?$_com_IIID@U_Recordset@@$1?_GUID_00000556_0000_0010_8000_00aa006d2ea4@@3U__s_GUID@@B@@@@QAEJABU_GUID@@PAUIUnknown@@K@Z 00405690 f i S3P_MSSQLServer_Result.obj
 0001:00004730       ??1S3P_MSSQLServer_Result@@UAE@XZ 00405730 f   S3P_MSSQLServer_Result.obj
 0001:000047b0       ?CreateInstance@?$_com_ptr_t@V?$_com_IIID@U_Recordset@@$1?_GUID_00000556_0000_0010_8000_00aa006d2ea4@@3U__s_GUID@@B@@@@QAEJPB_WPAUIUnknown@@K@Z 004057b0 f i S3P_MSSQLServer_Result.obj
 0001:00004830       ??_GS3P_MSSQLServer_Result@@UAEPAXI@Z 00405830 f i S3P_MSSQLServer_Result.obj
 0001:00004830       ??_ES3P_MSSQLServer_Result@@UAEPAXI@Z 00405830 f i S3P_MSSQLServer_Result.obj
 0001:00004850       ?CreateInstance@?$_com_ptr_t@V?$_com_IIID@U_Recordset@@$1?_GUID_00000556_0000_0010_8000_00aa006d2ea4@@3U__s_GUID@@B@@@@QAEJPBDPAUIUnknown@@K@Z 00405850 f i S3P_MSSQLServer_Result.obj
 0001:00004960       ?GetResult@S3P_MSSQLServer_Result@@UAEHPAPAU_Recordset@@@Z 00405960 f   S3P_MSSQLServer_Result.obj
 0001:000049c0       ??2@YAPAXIPAX@Z            004059c0 f i S3PAccount.obj
 0001:000049d0       ??0Data_t@_bstr_t@@QAE@PB_W@Z 004059d0 f i S3PAccount.obj
 0001:00004a10       ??0Data_t@_bstr_t@@QAE@PA_W_N@Z 00405a10 f i S3PAccount.obj
 0001:00004a60       ?GetWString@Data_t@_bstr_t@@QAEAAPA_WXZ 00405a60 f i S3PAccount.obj
 0001:00004a70       ?GetString@Data_t@_bstr_t@@QBEPBDXZ 00405a70 f i S3PAccount.obj
 0001:00004a90       ??2Data_t@_bstr_t@@SAPAXI@Z 00405a90 f i S3PAccount.obj
 0001:00004aa0       ?_Free@Data_t@_bstr_t@@AAEXXZ 00405aa0 f i S3PAccount.obj
 0001:00004ad0       ??0_variant_t@@QAE@JG@Z    00405ad0 f i S3PAccount.obj
 0001:00004b40       ?ChangeType@_variant_t@@QAEXGPBV1@@Z 00405b40 f i S3PAccount.obj
 0001:00004b80       ??0S3PAccount@@QAE@XZ      00405b80 f   S3PAccount.obj
 0001:00004b90       ??1S3PAccount@@UAE@XZ      00405b90 f   S3PAccount.obj
 0001:00004ba0       ?CheckAddress@S3PAccount@@SAHPAVS3PDBConVBC@@KF@Z 00405ba0 f   S3PAccount.obj
 0001:00004c60       ?ServerLogout@S3PAccount@@SAHPAVS3PDBConVBC@@KH@Z 00405c60 f   S3PAccount.obj
 0001:00004c70       ?GetAccountGameID@S3PAccount@@SAHPAVS3PDBConVBC@@PBDAAK@Z 00405c70 f   S3PAccount.obj
 0001:00004da0       ?UnlockAccount@S3PAccount@@SAHPAVS3PDBConVBC@@PBD@Z 00405da0 f   S3PAccount.obj
 0001:00004e10       ?FreezeAccount@S3PAccount@@SAHPAVS3PDBConVBC@@PBD@Z 00405e10 f   S3PAccount.obj
 0001:00004e90       ?UnlockServer@S3PAccount@@SAHPAVS3PDBConVBC@@K@Z 00405e90 f   S3PAccount.obj
 0001:00004f00       ?GetServerID@S3PAccount@@SAHPAVS3PDBConVBC@@PBDAAK@Z 00405f00 f   S3PAccount.obj
 0001:00005040       ?_Nextnode@?$list@UKAccountUserTimeInfo@@V?$allocator@UKAccountUserTimeInfo@@@std@@@std@@KAAAPAU_Node@?$_List_nod@UKAccountUserTimeInfo@@V?$allocator@UKAccountUserTimeInfo@@@std@@@2@PAU342@@Z 00406040 f i S3PAccount.obj
 0001:00005050       ?_Prevnode@?$list@UKAccountUserTimeInfo@@V?$allocator@UKAccountUserTimeInfo@@@std@@@std@@KAAAPAU_Node@?$_List_nod@UKAccountUserTimeInfo@@V?$allocator@UKAccountUserTimeInfo@@@std@@@2@PAU342@@Z 00406050 f i S3PAccount.obj
 0001:00005060       ?_Mynode@?$_Const_iterator@$00@?$list@UKAccountUserTimeInfo@@V?$allocator@UKAccountUserTimeInfo@@@std@@@std@@QBEPAU_Node@?$_List_nod@UKAccountUserTimeInfo@@V?$allocator@UKAccountUserTimeInfo@@@std@@@3@XZ 00406060 f i S3PAccount.obj
 0001:00005070       ?_Myval@?$list@UKAccountUserTimeInfo@@V?$allocator@UKAccountUserTimeInfo@@@std@@@std@@KAAAUKAccountUserTimeInfo@@PAU_Node@?$_List_nod@UKAccountUserTimeInfo@@V?$allocator@UKAccountUserTimeInfo@@@std@@@2@@Z 00406070 f i S3PAccount.obj
 0001:00005080       ?deallocate@?$allocator@U_Node@?$_List_nod@UKAccountUserTimeInfo@@V?$allocator@UKAccountUserTimeInfo@@@std@@@std@@@std@@QAEXPAU_Node@?$_List_nod@UKAccountUserTimeInfo@@V?$allocator@UKAccountUserTimeInfo@@@std@@@2@I@Z 00406080 f i S3PAccount.obj
 0001:00005090       ??0?$_Bidit@UKAccountUserTimeInfo@@HPBU1@ABU1@@std@@QAE@XZ 00406090 f i S3PAccount.obj
 0001:000050a0       ?max_size@?$allocator@UKAccountUserTimeInfo@@@std@@QBEIXZ 004060a0 f i S3PAccount.obj
 0001:000050b0       ??$_Construct@UKAccountUserTimeInfo@@U1@@std@@YAXPAUKAccountUserTimeInfo@@ABU1@@Z 004060b0 f i S3PAccount.obj
 0001:000050d0       ??$_Allocate@U_Node@?$_List_nod@UKAccountUserTimeInfo@@V?$allocator@UKAccountUserTimeInfo@@@std@@@std@@@std@@YAPAU_Node@?$_List_nod@UKAccountUserTimeInfo@@V?$allocator@UKAccountUserTimeInfo@@@std@@@0@IPAU120@@Z 004060d0 f i S3PAccount.obj
 0001:00005130       ??$_Construct@PAU_Node@?$_List_nod@UKAccountUserTimeInfo@@V?$allocator@UKAccountUserTimeInfo@@@std@@@std@@PAU123@@std@@YAXPAPAU_Node@?$_List_nod@UKAccountUserTimeInfo@@V?$allocator@UKAccountUserTimeInfo@@@std@@@0@ABQAU120@@Z 00406130 f i S3PAccount.obj
 0001:00005150       ??$_Destroy@PAU_Node@?$_List_nod@UKAccountUserTimeInfo@@V?$allocator@UKAccountUserTimeInfo@@@std@@@std@@@std@@YAXPAPAU_Node@?$_List_nod@UKAccountUserTimeInfo@@V?$allocator@UKAccountUserTimeInfo@@@std@@@0@@Z 00406150 f i S3PAccount.obj
 0001:00005160       ??0_bstr_t@@QAE@PA_W_N@Z   00406160 f i S3PAccount.obj
 0001:000051e0       ??B_bstr_t@@QBEPB_WXZ      004061e0 f i S3PAccount.obj
 0001:000051f0       ??B_bstr_t@@QBEPBDXZ       004061f0 f i S3PAccount.obj
 0001:00005220       ??1Data_t@_bstr_t@@AAE@XZ  00406220 f i S3PAccount.obj
 0001:00005250       ??_ES3PAccount@@UAEPAXI@Z  00406250 f i S3PAccount.obj
 0001:00005250       ??_GS3PAccount@@UAEPAXI@Z  00406250 f i S3PAccount.obj
 0001:00005270       ?max_size@?$list@UKAccountUserTimeInfo@@V?$allocator@UKAccountUserTimeInfo@@@std@@@std@@QBEIXZ 00406270 f i S3PAccount.obj
 0001:00005280       ?construct@?$allocator@UKAccountUserTimeInfo@@@std@@QAEXPAUKAccountUserTimeInfo@@ABU3@@Z 00406280 f i S3PAccount.obj
 0001:000052a0       ?allocate@?$allocator@U_Node@?$_List_nod@UKAccountUserTimeInfo@@V?$allocator@UKAccountUserTimeInfo@@@std@@@std@@@std@@QAEPAU_Node@?$_List_nod@UKAccountUserTimeInfo@@V?$allocator@UKAccountUserTimeInfo@@@std@@@2@I@Z 004062a0 f i S3PAccount.obj
 0001:000052c0       ?construct@?$allocator@PAU_Node@?$_List_nod@UKAccountUserTimeInfo@@V?$allocator@UKAccountUserTimeInfo@@@std@@@std@@@std@@QAEXPAPAU_Node@?$_List_nod@UKAccountUserTimeInfo@@V?$allocator@UKAccountUserTimeInfo@@@std@@@2@ABQAU342@@Z 004062c0 f i S3PAccount.obj
 0001:000052e0       ?destroy@?$allocator@PAU_Node@?$_List_nod@UKAccountUserTimeInfo@@V?$allocator@UKAccountUserTimeInfo@@@std@@@std@@@std@@QAEXPAPAU_Node@?$_List_nod@UKAccountUserTimeInfo@@V?$allocator@UKAccountUserTimeInfo@@@std@@@2@@Z 004062e0 f i S3PAccount.obj
 0001:000052f0       ??0?$_Const_iterator@$00@?$list@UKAccountUserTimeInfo@@V?$allocator@UKAccountUserTimeInfo@@@std@@@std@@QAE@PAU_Node@?$_List_nod@UKAccountUserTimeInfo@@V?$allocator@UKAccountUserTimeInfo@@@std@@@2@PBV12@@Z 004062f0 f i S3PAccount.obj
 0001:00005320       ??_GData_t@_bstr_t@@AAEPAXI@Z 00406320 f i S3PAccount.obj
 0001:00005360       ?_Buynode@?$list@UKAccountUserTimeInfo@@V?$allocator@UKAccountUserTimeInfo@@@std@@@std@@IAEPAU_Node@?$_List_nod@UKAccountUserTimeInfo@@V?$allocator@UKAccountUserTimeInfo@@@std@@@2@PAU342@0ABUKAccountUserTimeInfo@@@Z 00406360 f i S3PAccount.obj
 0001:000053a0       ??0?$_Iterator@$00@?$list@UKAccountUserTimeInfo@@V?$allocator@UKAccountUserTimeInfo@@@std@@@std@@QAE@PAU_Node@?$_List_nod@UKAccountUserTimeInfo@@V?$allocator@UKAccountUserTimeInfo@@@std@@@2@PBV12@@Z 004063a0 f i S3PAccount.obj
 0001:000053d0       ?Release@Data_t@_bstr_t@@QAEKXZ 004063d0 f i S3PAccount.obj
 0001:00005420       ?end@?$list@UKAccountUserTimeInfo@@V?$allocator@UKAccountUserTimeInfo@@@std@@@std@@QAE?AV?$_Iterator@$00@12@XZ 00406420 f i S3PAccount.obj
 0001:00005430       ??1logic_error@std@@UAE@XZ 00406430 f i S3PAccount.obj
 0001:00005470       ?what@logic_error@std@@UBEPBDXZ 00406470 f i S3PAccount.obj
 0001:00005480       ??_Elogic_error@std@@UAEPAXI@Z 00406480 f i S3PAccount.obj
 0001:00005480       ??_Glogic_error@std@@UAEPAXI@Z 00406480 f i S3PAccount.obj
 0001:000054d0       ?_Free@_bstr_t@@AAEXXZ     004064d0 f i S3PAccount.obj
 0001:00005520       ??1_bstr_t@@QAE@XZ         00406520 f i S3PAccount.obj
 0001:00005570       ??4_bstr_t@@QAEAAV0@PB_W@Z 00406570 f i S3PAccount.obj
 0001:00005630       ??0_bstr_t@@QAE@ABV_variant_t@@@Z 00406630 f i S3PAccount.obj
 0001:000056e0       ?ServerLogin@S3PAccount@@SAHPAVS3PDBConVBC@@PBD1KFQBEAAK@Z 004066e0 f   S3PAccount.obj
 0001:00005a00       ??0logic_error@std@@QAE@ABV?$basic_string@DU?$char_traits@D@std@@V?$allocator@D@2@@1@@Z 00406a00 f i S3PAccount.obj
 0001:00005a70       ??0length_error@std@@QAE@ABV?$basic_string@DU?$char_traits@D@std@@V?$allocator@D@2@@1@@Z 00406a70 f i S3PAccount.obj
 0001:00005a90       ??1length_error@std@@UAE@XZ 00406a90 f i S3PAccount.obj
 0001:00005ad0       ??_Elength_error@std@@UAEPAXI@Z 00406ad0 f i S3PAccount.obj
 0001:00005ad0       ??_Glength_error@std@@UAEPAXI@Z 00406ad0 f i S3PAccount.obj
 0001:00005b20       ??4?$basic_string@DU?$char_traits@D@std@@V?$allocator@D@2@@std@@QAEAAV01@PBD@Z 00406b20 f i S3PAccount.obj
 0001:00005b50       ?_Incsize@?$list@UKAccountUserTimeInfo@@V?$allocator@UKAccountUserTimeInfo@@@std@@@std@@IAEXI@Z 00406b50 f i S3PAccount.obj
 0001:00005bf0       ??0logic_error@std@@QAE@ABV01@@Z 00406bf0 f i S3PAccount.obj
 0001:00005c70       ??0length_error@std@@QAE@ABV01@@Z 00406c70 f i S3PAccount.obj
 0001:00005c90       ?GetAccountCount@S3PAccount@@SAHPAVS3PDBConVBC@@KHAAK@Z 00406c90 f   S3PAccount.obj
 0001:00005e50       ?_Insert@?$list@UKAccountUserTimeInfo@@V?$allocator@UKAccountUserTimeInfo@@@std@@@std@@QAEXV?$_Iterator@$00@12@ABUKAccountUserTimeInfo@@@Z 00406e50 f i S3PAccount.obj
 0001:00005e90       ?push_back@?$list@UKAccountUserTimeInfo@@V?$allocator@UKAccountUserTimeInfo@@@std@@@std@@QAEXABUKAccountUserTimeInfo@@@Z 00406e90 f i S3PAccount.obj
 0001:00005ed0       ?GetAccountsTime@S3PAccount@@SAHPAVS3PDBConVBC@@KKAAV?$list@UKAccountUserTimeInfo@@V?$allocator@UKAccountUserTimeInfo@@@std@@@std@@@Z 00406ed0 f   S3PAccount.obj
 0001:000061c0       ??0Data_t@_bstr_t@@QAE@PBD@Z 004071c0 f i S3PDB_MSSQLServer_Connection.obj
 0001:000061f0       ??0_variant_t@@QAE@PBD@Z   004071f0 f i S3PDB_MSSQLServer_Connection.obj
 0001:00006210       ??0_variant_t@@QAE@PAUIDispatch@@_N@Z 00407210 f i S3PDB_MSSQLServer_Connection.obj
 0001:00006240       ?HRESULTToWCode@_com_error@@SAGJ@Z 00407240 f i S3PDB_MSSQLServer_Connection.obj
 0001:00006260       ?PutRefActiveConnection@Command15@@QAEXPAU_Connection@@@Z 00407260 f i S3PDB_MSSQLServer_Connection.obj
 0001:00006290       ?Close@Connection15@@QAEJXZ 00407290 f i S3PDB_MSSQLServer_Connection.obj
 0001:000062c0       ?PutCursorLocation@Connection15@@QAEXW4CursorLocationEnum@@@Z 004072c0 f i S3PDB_MSSQLServer_Connection.obj
 0001:000062f0       ?Open@Recordset15@@QAEJABV_variant_t@@0W4CursorTypeEnum@@W4LockTypeEnum@@J@Z 004072f0 f i S3PDB_MSSQLServer_Connection.obj
 0001:00006370       ?GetFreeResult@S3PDB_MSSQLServer_Connection@@IAE_NPAPAVS3PResultVBC@@PAPAU_Recordset@@@Z 00407370 f   S3PDB_MSSQLServer_Connection.obj
 0001:000063d0       ??0?$_com_ptr_t@V?$_com_IIID@U_Connection@@$1?_GUID_00000550_0000_0010_8000_00aa006d2ea4@@3U__s_GUID@@B@@@@QAE@XZ 004073d0 f i S3PDB_MSSQLServer_Connection.obj
 0001:000063e0       ??0?$_com_ptr_t@V?$_com_IIID@U_Connection@@$1?_GUID_00000550_0000_0010_8000_00aa006d2ea4@@3U__s_GUID@@B@@@@QAE@H@Z 004073e0 f i S3PDB_MSSQLServer_Connection.obj
 0001:00006400       ??B?$_com_ptr_t@V?$_com_IIID@U_Connection@@$1?_GUID_00000550_0000_0010_8000_00aa006d2ea4@@3U__s_GUID@@B@@@@QBEPAU_Connection@@XZ 00407400 f i S3PDB_MSSQLServer_Connection.obj
 0001:00006410       ??C?$_com_ptr_t@V?$_com_IIID@U_Connection@@$1?_GUID_00000550_0000_0010_8000_00aa006d2ea4@@3U__s_GUID@@B@@@@QBEPAU_Connection@@XZ 00407410 f i S3PDB_MSSQLServer_Connection.obj
 0001:00006430       ??8?$_com_ptr_t@V?$_com_IIID@U_Connection@@$1?_GUID_00000550_0000_0010_8000_00aa006d2ea4@@3U__s_GUID@@B@@@@QAE_NH@Z 00407430 f i S3PDB_MSSQLServer_Connection.obj
 0001:00006450       ??0?$_com_ptr_t@V?$_com_IIID@U_Recordset@@$1?_GUID_00000556_0000_0010_8000_00aa006d2ea4@@3U__s_GUID@@B@@@@QAE@XZ 00407450 f i S3PDB_MSSQLServer_Connection.obj
 0001:00006460       ??0?$_com_ptr_t@V?$_com_IIID@U_Command@@$1?_GUID_b08400bd_f9d1_4d02_b856_71d5dba123e9@@3U__s_GUID@@B@@@@QAE@H@Z 00407460 f i S3PDB_MSSQLServer_Connection.obj
 0001:00006480       ??C?$_com_ptr_t@V?$_com_IIID@U_Command@@$1?_GUID_b08400bd_f9d1_4d02_b856_71d5dba123e9@@3U__s_GUID@@B@@@@QBEPAU_Command@@XZ 00407480 f i S3PDB_MSSQLServer_Connection.obj
 0001:000064a0       ??B?$_com_ptr_t@V?$_com_IIID@U_Command@@$1?_GUID_b08400bd_f9d1_4d02_b856_71d5dba123e9@@3U__s_GUID@@B@@@@QBE_NXZ 004074a0 f i S3PDB_MSSQLServer_Connection.obj
 0001:000064b0       ?_Release@?$_com_ptr_t@V?$_com_IIID@U_Connection@@$1?_GUID_00000550_0000_0010_8000_00aa006d2ea4@@3U__s_GUID@@B@@@@AAEXXZ 004074b0 f i S3PDB_MSSQLServer_Connection.obj
 0001:000064c0       ?_AddRef@?$_com_ptr_t@V?$_com_IIID@U_Connection@@$1?_GUID_00000550_0000_0010_8000_00aa006d2ea4@@3U__s_GUID@@B@@@@AAEXXZ 004074c0 f i S3PDB_MSSQLServer_Connection.obj
 0001:000064d0       ?_Release@?$_com_ptr_t@V?$_com_IIID@U_Command@@$1?_GUID_b08400bd_f9d1_4d02_b856_71d5dba123e9@@3U__s_GUID@@B@@@@AAEXXZ 004074d0 f i S3PDB_MSSQLServer_Connection.obj
 0001:000064e0       ?_AddRef@?$_com_ptr_t@V?$_com_IIID@U_Command@@$1?_GUID_b08400bd_f9d1_4d02_b856_71d5dba123e9@@3U__s_GUID@@B@@@@AAEXXZ 004074e0 f i S3PDB_MSSQLServer_Connection.obj
 0001:000064f0       ?GetIID@?$_com_IIID@U_Connection@@$1?_GUID_00000550_0000_0010_8000_00aa006d2ea4@@3U__s_GUID@@B@@SAABU_GUID@@XZ 004074f0 f i S3PDB_MSSQLServer_Connection.obj
 0001:00006500       ?GetIID@?$_com_IIID@U_Command@@$1?_GUID_b08400bd_f9d1_4d02_b856_71d5dba123e9@@3U__s_GUID@@B@@SAABU_GUID@@XZ 00407500 f i S3PDB_MSSQLServer_Connection.obj
 0001:00006510       ??$?8V?$_com_IIID@U_Connection@@$1?_GUID_00000550_0000_0010_8000_00aa006d2ea4@@3U__s_GUID@@B@@@@YA_NHAAV?$_com_ptr_t@V?$_com_IIID@U_Connection@@$1?_GUID_00000550_0000_0010_8000_00aa006d2ea4@@3U__s_GUID@@B@@@@@Z 00407510 f i S3PDB_MSSQLServer_Connection.obj
 0001:00006530       ??9?$_com_ptr_t@V?$_com_IIID@U_Connection@@$1?_GUID_00000550_0000_0010_8000_00aa006d2ea4@@3U__s_GUID@@B@@@@QAE_NH@Z 00407530 f i S3PDB_MSSQLServer_Connection.obj
 0001:00006550       ??0_bstr_t@@QAE@PBD@Z      00407550 f i S3PDB_MSSQLServer_Connection.obj
 0001:000065e0       ??B_bstr_t@@QBEPA_WXZ      004075e0 f i S3PDB_MSSQLServer_Connection.obj
 0001:000065f0       ?WCode@_com_error@@QBEGXZ  004075f0 f i S3PDB_MSSQLServer_Connection.obj
 0001:00006610       ?ErrorMessage@_com_error@@QBEPBDXZ 00407610 f i S3PDB_MSSQLServer_Connection.obj
 0001:000066e0       ?QuerySql@S3PDB_MSSQLServer_Connection@@UAE_NPBDPAPAVS3PResultVBC@@@Z 004076e0 f   S3PDB_MSSQLServer_Connection.obj
 0001:00006760       ??1?$_com_ptr_t@V?$_com_IIID@U_Connection@@$1?_GUID_00000550_0000_0010_8000_00aa006d2ea4@@3U__s_GUID@@B@@@@QAE@XZ 00407760 f i S3PDB_MSSQLServer_Connection.obj
 0001:00006770       ??0?$_com_ptr_t@V?$_com_IIID@U_Recordset@@$1?_GUID_00000556_0000_0010_8000_00aa006d2ea4@@3U__s_GUID@@B@@@@QAE@PAU_Recordset@@_N@Z 00407770 f i S3PDB_MSSQLServer_Connection.obj
 0001:000067a0       ??1?$_com_ptr_t@V?$_com_IIID@U_Command@@$1?_GUID_b08400bd_f9d1_4d02_b856_71d5dba123e9@@3U__s_GUID@@B@@@@QAE@XZ 004077a0 f i S3PDB_MSSQLServer_Connection.obj
 0001:000067b0       ??$?4U_Connection@@@?$_com_ptr_t@V?$_com_IIID@U_Connection@@$1?_GUID_00000550_0000_0010_8000_00aa006d2ea4@@3U__s_GUID@@B@@@@QAEAAV0@PAU_Connection@@@Z 004077b0 f i S3PDB_MSSQLServer_Connection.obj
 0001:000067e0       ??$?4U_Command@@@?$_com_ptr_t@V?$_com_IIID@U_Command@@$1?_GUID_b08400bd_f9d1_4d02_b856_71d5dba123e9@@3U__s_GUID@@B@@@@QAEAAV0@PAU_Command@@@Z 004077e0 f i S3PDB_MSSQLServer_Connection.obj
 0001:00006810       ?GetIID@?$_com_ptr_t@V?$_com_IIID@U_Connection@@$1?_GUID_00000550_0000_0010_8000_00aa006d2ea4@@3U__s_GUID@@B@@@@SAABU_GUID@@XZ 00407810 f i S3PDB_MSSQLServer_Connection.obj
 0001:00006820       ?GetIID@?$_com_ptr_t@V?$_com_IIID@U_Command@@$1?_GUID_b08400bd_f9d1_4d02_b856_71d5dba123e9@@3U__s_GUID@@B@@@@SAABU_GUID@@XZ 00407820 f i S3PDB_MSSQLServer_Connection.obj
 0001:00006830       ??$?9V?$_com_IIID@U_Connection@@$1?_GUID_00000550_0000_0010_8000_00aa006d2ea4@@3U__s_GUID@@B@@@@YA_NHAAV?$_com_ptr_t@V?$_com_IIID@U_Connection@@$1?_GUID_00000550_0000_0010_8000_00aa006d2ea4@@3U__s_GUID@@B@@@@@Z 00407830 f i S3PDB_MSSQLServer_Connection.obj
 0001:00006850       ?Execute@Command15@@QAE?AV?$_com_ptr_t@V?$_com_IIID@U_Recordset@@$1?_GUID_00000556_0000_0010_8000_00aa006d2ea4@@3U__s_GUID@@B@@@@PAUtagVARIANT@@0J@Z 00407850 f i S3PDB_MSSQLServer_Connection.obj
 0001:000068b0       ??1S3PDB_MSSQLServer_Connection@@UAE@XZ 004078b0 f   S3PDB_MSSQLServer_Connection.obj
 0001:00006960       ?DoSql@S3PDB_MSSQLServer_Connection@@UAE_NPBDPAU_Recordset@@@Z 00407960 f   S3PDB_MSSQLServer_Connection.obj
 0001:00006a60       ??4?$_com_ptr_t@V?$_com_IIID@U_Connection@@$1?_GUID_00000550_0000_0010_8000_00aa006d2ea4@@3U__s_GUID@@B@@@@QAEAAV0@ABV0@@Z 00407a60 f i S3PDB_MSSQLServer_Connection.obj
 0001:00006aa0       ??4?$_com_ptr_t@V?$_com_IIID@U_Connection@@$1?_GUID_00000550_0000_0010_8000_00aa006d2ea4@@3U__s_GUID@@B@@@@QAEAAV0@H@Z 00407aa0 f i S3PDB_MSSQLServer_Connection.obj
 0001:00006ad0       ??4?$_com_ptr_t@V?$_com_IIID@U_Command@@$1?_GUID_b08400bd_f9d1_4d02_b856_71d5dba123e9@@3U__s_GUID@@B@@@@QAEAAV0@H@Z 00407ad0 f i S3PDB_MSSQLServer_Connection.obj
 0001:00006b00       ?CreateInstance@?$_com_ptr_t@V?$_com_IIID@U_Connection@@$1?_GUID_00000550_0000_0010_8000_00aa006d2ea4@@3U__s_GUID@@B@@@@QAEJABU_GUID@@PAUIUnknown@@K@Z 00407b00 f i S3PDB_MSSQLServer_Connection.obj
 0001:00006ba0       ?CreateInstance@?$_com_ptr_t@V?$_com_IIID@U_Command@@$1?_GUID_b08400bd_f9d1_4d02_b856_71d5dba123e9@@3U__s_GUID@@B@@@@QAEJABU_GUID@@PAUIUnknown@@K@Z 00407ba0 f i S3PDB_MSSQLServer_Connection.obj
 0001:00006c40       ??0S3P_MSSQLServer_Result@@QAE@XZ 00407c40 f i S3PDB_MSSQLServer_Connection.obj
 0001:00006cb0       ??0S3PDB_MSSQLServer_Connection@@QAE@XZ 00407cb0 f   S3PDB_MSSQLServer_Connection.obj
 0001:00006d40       ??_ES3PDB_MSSQLServer_Connection@@UAEPAXI@Z 00407d40 f i S3PDB_MSSQLServer_Connection.obj
 0001:00006d40       ??_GS3PDB_MSSQLServer_Connection@@UAEPAXI@Z 00407d40 f i S3PDB_MSSQLServer_Connection.obj
 0001:00006d60       ?CloseConnect@S3PDB_MSSQLServer_Connection@@UAEXXZ 00407d60 f   S3PDB_MSSQLServer_Connection.obj
 0001:00006dd0       ?CreateInstance@?$_com_ptr_t@V?$_com_IIID@U_Connection@@$1?_GUID_00000550_0000_0010_8000_00aa006d2ea4@@3U__s_GUID@@B@@@@QAEJPB_WPAUIUnknown@@K@Z 00407dd0 f i S3PDB_MSSQLServer_Connection.obj
 0001:00006e50       ?CreateInstance@?$_com_ptr_t@V?$_com_IIID@U_Command@@$1?_GUID_b08400bd_f9d1_4d02_b856_71d5dba123e9@@3U__s_GUID@@B@@@@QAEJPB_WPAUIUnknown@@K@Z 00407e50 f i S3PDB_MSSQLServer_Connection.obj
 0001:00006ed0       ?CreateInstance@?$_com_ptr_t@V?$_com_IIID@U_Connection@@$1?_GUID_00000550_0000_0010_8000_00aa006d2ea4@@3U__s_GUID@@B@@@@QAEJPBDPAUIUnknown@@K@Z 00407ed0 f i S3PDB_MSSQLServer_Connection.obj
 0001:00006fe0       ?CreateInstance@?$_com_ptr_t@V?$_com_IIID@U_Command@@$1?_GUID_b08400bd_f9d1_4d02_b856_71d5dba123e9@@3U__s_GUID@@B@@@@QAEJPBDPAUIUnknown@@K@Z 00407fe0 f i S3PDB_MSSQLServer_Connection.obj
 0001:000070f0       ?PutCommandText@Command15@@QAEXV_bstr_t@@@Z 004080f0 f i S3PDB_MSSQLServer_Connection.obj
 0001:00007190       ?Open@Connection15@@QAEJV_bstr_t@@00J@Z 00408190 f i S3PDB_MSSQLServer_Connection.obj
 0001:000072d0       ?Do@S3PDB_MSSQLServer_Connection@@UAE_NPBD@Z 004082d0 f   S3PDB_MSSQLServer_Connection.obj
 0001:000074a0       ?append@?$basic_string@DU?$char_traits@D@std@@V?$allocator@D@2@@std@@QAEAAV12@ABV12@@Z 004084a0 f i S3PDB_MSSQLServer_Connection.obj
 0001:000074c0       ??Y?$basic_string@DU?$char_traits@D@std@@V?$allocator@D@2@@std@@QAEAAV01@ABV01@@Z 004084c0 f i S3PDB_MSSQLServer_Connection.obj
 0001:000074e0       ?OpenConnect@S3PDB_MSSQLServer_Connection@@UAE_NPAUtag_DATABASEINFO@@@Z 004084e0 f   S3PDB_MSSQLServer_Connection.obj
 0001:00007780       ?IsLocked@K_CS@@QAEHXZ     00408780 f i S3PDBConnectionPool.obj
 0001:00007790       ?GetGMID@@YAKXZ            00408790 f   S3PDBConnectionPool.obj
 0001:000077a0       ?ReleaseInstance@S3PDBConnectionPool@@SAXXZ 004087a0 f   S3PDBConnectionPool.obj
 0001:000077c0       ?CreateConnection@S3PDBConnectionPool@@IAEHPAUtag_DATABASEINFO@@PAPAVS3PDBConVBC@@@Z 004087c0 f   S3PDBConnectionPool.obj
 0001:00007860       ?size@?$vector@PAVS3PDBConVBC@@V?$allocator@PAVS3PDBConVBC@@@std@@@std@@QBEIXZ 00408860 f i S3PDBConnectionPool.obj
 0001:00007880       ??A?$vector@PAVS3PDBConVBC@@V?$allocator@PAVS3PDBConVBC@@@std@@@std@@QAEAAPAVS3PDBConVBC@@I@Z 00408880 f i S3PDBConnectionPool.obj
 0001:000078b0       ?capacity@?$vector@PAVS3PDBConVBC@@V?$allocator@PAVS3PDBConVBC@@@std@@@std@@QBEIXZ 004088b0 f i S3PDBConnectionPool.obj
 0001:000078d0       ??0?$allocator@PAVS3PDBConVBC@@@std@@QAE@XZ 004088d0 f i S3PDBConnectionPool.obj
 0001:000078e0       ??0?$allocator@PAVS3PDBConVBC@@@std@@QAE@ABV01@@Z 004088e0 f i S3PDBConnectionPool.obj
 0001:000078f0       ?deallocate@?$allocator@PAVS3PDBConVBC@@@std@@QAEXPAPAVS3PDBConVBC@@I@Z 004088f0 f i S3PDBConnectionPool.obj
 0001:00007900       ?max_size@?$allocator@PAVS3PDBConVBC@@@std@@QBEIXZ 00408900 f i S3PDBConnectionPool.obj
 0001:00007910       ??G?$_Vector_const_iterator@PAVS3PDBConVBC@@V?$allocator@PAVS3PDBConVBC@@@std@@@std@@QBEHABV01@@Z 00408910 f i S3PDBConnectionPool.obj
 0001:00007940       ??0?$_Ranit@PAVS3PDBConVBC@@HPBQAV1@ABQAV1@@std@@QAE@XZ 00408940 f i S3PDBConnectionPool.obj
 0001:00007950       ??Y?$_Vector_const_iterator@PAVS3PDBConVBC@@V?$allocator@PAVS3PDBConVBC@@@std@@@std@@QAEAAV01@H@Z 00408950 f i S3PDBConnectionPool.obj
 0001:00007990       ??$_Allocate@PAVS3PDBConVBC@@@std@@YAPAPAVS3PDBConVBC@@IPAPAV1@@Z 00408990 f i S3PDBConnectionPool.obj
 0001:000079f0       ??$_Ptr_cat@PAPAVS3PDBConVBC@@PAPAV1@@std@@YA?AU_Scalar_ptr_iterator_tag@0@AAPAPAVS3PDBConVBC@@0@Z 004089f0 f i S3PDBConnectionPool.obj
 0001:00007a00       ??$_Destroy_range@PAVS3PDBConVBC@@V?$allocator@PAVS3PDBConVBC@@@std@@@std@@YAXPAPAVS3PDBConVBC@@0AAV?$allocator@PAVS3PDBConVBC@@@0@U_Scalar_ptr_iterator_tag@0@@Z 00408a00 f i S3PDBConnectionPool.obj
 0001:00007a10       ??$_Fill@PAPAVS3PDBConVBC@@PAV1@@std@@YAXPAPAVS3PDBConVBC@@0ABQAV1@@Z 00408a10 f i S3PDBConnectionPool.obj
 0001:00007a30       ??$_Iter_random@PAPAVS3PDBConVBC@@PAPAV1@@std@@YA?AUrandom_access_iterator_tag@0@ABQAPAVS3PDBConVBC@@0@Z 00408a30 f i S3PDBConnectionPool.obj
 0001:00007a40       ??$_Move_cat@PAPAVS3PDBConVBC@@@std@@YA?AU_Undefined_move_tag@0@ABQAPAVS3PDBConVBC@@@Z 00408a40 f i S3PDBConnectionPool.obj
 0001:00007a50       ??$_Checked_base@PAPAVS3PDBConVBC@@@std@@YAPAPAVS3PDBConVBC@@AAPAPAV1@U_Unchanged_checked_iterator_base_type_tag@0@@Z 00408a50 f i S3PDBConnectionPool.obj
 0001:00007a60       ??$_Copy_backward_opt@PAPAVS3PDBConVBC@@PAPAV1@Urandom_access_iterator_tag@std@@@std@@YAPAPAVS3PDBConVBC@@PAPAV1@00Urandom_access_iterator_tag@0@U_Scalar_ptr_iterator_tag@0@U_Range_checked_iterator_tag@0@@Z 00408a60 f i S3PDBConnectionPool.obj
 0001:00007a90       ??$_Iter_cat@PAPAVS3PDBConVBC@@@std@@YA?AUrandom_access_iterator_tag@0@ABQAPAVS3PDBConVBC@@@Z 00408a90 f i S3PDBConnectionPool.obj
 0001:00007aa0       ??$_Fill_n@PAPAVS3PDBConVBC@@IPAV1@@std@@YAXPAPAVS3PDBConVBC@@IABQAV1@U_Range_checked_iterator_tag@0@@Z 00408aa0 f i S3PDBConnectionPool.obj
 0001:00007ad0       ??$_Uninit_copy@PAPAVS3PDBConVBC@@PAPAV1@V?$allocator@PAVS3PDBConVBC@@@std@@@std@@YAPAPAVS3PDBConVBC@@PAPAV1@00AAV?$allocator@PAVS3PDBConVBC@@@0@U_Scalar_ptr_iterator_tag@0@U_Range_checked_iterator_tag@0@@Z 00408ad0 f i S3PDBConnectionPool.obj
 0001:00007b00       ?RemoveDBCon@S3PDBConnectionPool@@QAEHPAPAVS3PDBConVBC@@@Z 00408b00 f   S3PDBConnectionPool.obj
 0001:00007c00       ?ReturnDBCon@S3PDBConnectionPool@@QAEHPAVS3PDBConVBC@@@Z 00408c00 f   S3PDBConnectionPool.obj
 0001:00007cd0       ??0?$_Vector_val@PAVS3PDBConVBC@@V?$allocator@PAVS3PDBConVBC@@@std@@@std@@IAE@V?$allocator@PAVS3PDBConVBC@@@1@@Z 00408cd0 f i S3PDBConnectionPool.obj
 0001:00007ce0       ?max_size@?$vector@PAVS3PDBConVBC@@V?$allocator@PAVS3PDBConVBC@@@std@@@std@@QBEIXZ 00408ce0 f i S3PDBConnectionPool.obj
 0001:00007cf0       ?allocate@?$allocator@PAVS3PDBConVBC@@@std@@QAEPAPAVS3PDBConVBC@@I@Z 00408cf0 f i S3PDBConnectionPool.obj
 0001:00007d10       ??G?$_Vector_iterator@PAVS3PDBConVBC@@V?$allocator@PAVS3PDBConVBC@@@std@@@std@@QBEHABV?$_Vector_const_iterator@PAVS3PDBConVBC@@V?$allocator@PAVS3PDBConVBC@@@std@@@1@@Z 00408d10 f i S3PDBConnectionPool.obj
 0001:00007d40       ??Y?$_Vector_iterator@PAVS3PDBConVBC@@V?$allocator@PAVS3PDBConVBC@@@std@@@std@@QAEAAV01@H@Z 00408d40 f i S3PDBConnectionPool.obj
 0001:00007d80       ??0?$_Vector_const_iterator@PAVS3PDBConVBC@@V?$allocator@PAVS3PDBConVBC@@@std@@@std@@QAE@PAPAVS3PDBConVBC@@PBU_Container_base@1@@Z 00408d80 f i S3PDBConnectionPool.obj
 0001:00007dc0       ??$_Destroy_range@PAVS3PDBConVBC@@V?$allocator@PAVS3PDBConVBC@@@std@@@std@@YAXPAPAVS3PDBConVBC@@0AAV?$allocator@PAVS3PDBConVBC@@@0@@Z 00408dc0 f i S3PDBConnectionPool.obj
 0001:00007dd0       ??$_Checked_base@PAPAVS3PDBConVBC@@@std@@YAPAPAVS3PDBConVBC@@AAPAPAV1@@Z 00408dd0 f i S3PDBConnectionPool.obj
 0001:00007de0       ??$_Move_backward_opt@PAPAVS3PDBConVBC@@PAPAV1@Urandom_access_iterator_tag@std@@U_Undefined_move_tag@3@@std@@YAPAPAVS3PDBConVBC@@PAPAV1@00Urandom_access_iterator_tag@0@U_Undefined_move_tag@0@U_Range_checked_iterator_tag@0@@Z 00408de0 f i S3PDBConnectionPool.obj
 0001:00007e10       ??$_Fill_n@PAPAVS3PDBConVBC@@IPAV1@@std@@YAXPAPAVS3PDBConVBC@@IABQAV1@Urandom_access_iterator_tag@0@U_Range_checked_iterator_tag@0@@Z 00408e10 f i S3PDBConnectionPool.obj
 0001:00007e40       ??$unchecked_uninitialized_copy@PAPAVS3PDBConVBC@@PAPAV1@V?$allocator@PAVS3PDBConVBC@@@std@@@stdext@@YAPAPAVS3PDBConVBC@@PAPAV1@00AAV?$allocator@PAVS3PDBConVBC@@@std@@@Z 00408e40 f i S3PDBConnectionPool.obj
 0001:00007e70       ?_Destroy@?$vector@PAVS3PDBConVBC@@V?$allocator@PAVS3PDBConVBC@@@std@@@std@@IAEXPAPAVS3PDBConVBC@@0@Z 00408e70 f i S3PDBConnectionPool.obj
 0001:00007e80       ??0?$_Vector_iterator@PAVS3PDBConVBC@@V?$allocator@PAVS3PDBConVBC@@@std@@@std@@QAE@PAPAVS3PDBConVBC@@PBU_Container_base@1@@Z 00408e80 f i S3PDBConnectionPool.obj
 0001:00007ec0       ??H?$_Vector_iterator@PAVS3PDBConVBC@@V?$allocator@PAVS3PDBConVBC@@@std@@@std@@QBE?AV01@H@Z 00408ec0 f i S3PDBConnectionPool.obj
 0001:00007f00       ??$fill@PAPAVS3PDBConVBC@@PAV1@@std@@YAXPAPAVS3PDBConVBC@@0ABQAV1@@Z 00408f00 f i S3PDBConnectionPool.obj
 0001:00007f20       ??$_Unchecked_move_backward@PAPAVS3PDBConVBC@@PAPAV1@@stdext@@YAPAPAVS3PDBConVBC@@PAPAV1@00@Z 00408f20 f i S3PDBConnectionPool.obj
 0001:00007f50       ??$unchecked_fill_n@PAPAVS3PDBConVBC@@IPAV1@@stdext@@YAXPAPAVS3PDBConVBC@@IABQAV1@@Z 00408f50 f i S3PDBConnectionPool.obj
 0001:00007f80       ??$_Uninit_move@PAPAVS3PDBConVBC@@PAPAV1@V?$allocator@PAVS3PDBConVBC@@@std@@U_Undefined_move_tag@3@@std@@YAPAPAVS3PDBConVBC@@PAPAV1@00AAV?$allocator@PAVS3PDBConVBC@@@0@U_Undefined_move_tag@0@U_Range_checked_iterator_tag@0@@Z 00408f80 f i S3PDBConnectionPool.obj
 0001:00007fb0       ?end@?$vector@PAVS3PDBConVBC@@V?$allocator@PAVS3PDBConVBC@@@std@@@std@@QAE?AV?$_Vector_iterator@PAVS3PDBConVBC@@V?$allocator@PAVS3PDBConVBC@@@std@@@2@XZ 00408fb0 f i S3PDBConnectionPool.obj
 0001:00007fe0       ?_Tidy@?$vector@PAVS3PDBConVBC@@V?$allocator@PAVS3PDBConVBC@@@std@@@std@@IAEXXZ 00408fe0 f i S3PDBConnectionPool.obj
 0001:00008010       ?begin@?$vector@PAVS3PDBConVBC@@V?$allocator@PAVS3PDBConVBC@@@std@@@std@@QAE?AV?$_Vector_iterator@PAVS3PDBConVBC@@V?$allocator@PAVS3PDBConVBC@@@std@@@2@XZ 00409010 f i S3PDBConnectionPool.obj
 0001:00008040       ??$_Uninit_fill_n@PAPAVS3PDBConVBC@@IPAV1@V?$allocator@PAVS3PDBConVBC@@@std@@@std@@YAXPAPAVS3PDBConVBC@@IABQAV1@AAV?$allocator@PAVS3PDBConVBC@@@0@U_Scalar_ptr_iterator_tag@0@U_Range_checked_iterator_tag@0@@Z 00409040 f i S3PDBConnectionPool.obj
 0001:00008070       ??$_Unchecked_uninitialized_move@PAPAVS3PDBConVBC@@PAPAV1@V?$allocator@PAVS3PDBConVBC@@@std@@@stdext@@YAPAPAVS3PDBConVBC@@PAPAV1@00AAV?$allocator@PAVS3PDBConVBC@@@std@@@Z 00409070 f i S3PDBConnectionPool.obj
 0001:000080a0       ??0tag_DATABASEINFO@@QAE@XZ 004090a0 f i S3PDBConnectionPool.obj
 0001:000080d0       ??1tag_DATABASEINFO@@QAE@XZ 004090d0 f i S3PDBConnectionPool.obj
 0001:00008150       ??1?$vector@PAVS3PDBConVBC@@V?$allocator@PAVS3PDBConVBC@@@std@@@std@@QAE@XZ 00409150 f i S3PDBConnectionPool.obj
 0001:00008180       ??$unchecked_uninitialized_fill_n@PAPAVS3PDBConVBC@@IPAV1@V?$allocator@PAVS3PDBConVBC@@@std@@@stdext@@YAXPAPAVS3PDBConVBC@@IABQAV1@AAV?$allocator@PAVS3PDBConVBC@@@std@@@Z 00409180 f i S3PDBConnectionPool.obj
 0001:000081b0       ??$_Umove@PAPAVS3PDBConVBC@@@?$vector@PAVS3PDBConVBC@@V?$allocator@PAVS3PDBConVBC@@@std@@@std@@IAEPAPAVS3PDBConVBC@@PAPAV2@00@Z 004091b0 f i S3PDBConnectionPool.obj
 0001:000081e0       ??1S3PDBConnectionPool@@MAE@XZ 004091e0 f   S3PDBConnectionPool.obj
 0001:000082f0       ?_Ufill@?$vector@PAVS3PDBConVBC@@V?$allocator@PAVS3PDBConVBC@@@std@@@std@@IAEPAPAVS3PDBConVBC@@PAPAV3@IABQAV3@@Z 004092f0 f i S3PDBConnectionPool.obj
 0001:00008320       ??_ES3PDBConnectionPool@@MAEPAXI@Z 00409320 f i S3PDBConnectionPool.obj
 0001:00008320       ??_GS3PDBConnectionPool@@MAEPAXI@Z 00409320 f i S3PDBConnectionPool.obj
 0001:00008340       ?_Xlen@?$vector@PAVS3PDBConVBC@@V?$allocator@PAVS3PDBConVBC@@@std@@@std@@KAXXZ 00409340 f i S3PDBConnectionPool.obj
 0001:000083c0       ?_Buy@?$vector@PAVS3PDBConVBC@@V?$allocator@PAVS3PDBConVBC@@@std@@@std@@IAE_NI@Z 004093c0 f i S3PDBConnectionPool.obj
 0001:00008410       ?_Insert_n@?$vector@PAVS3PDBConVBC@@V?$allocator@PAVS3PDBConVBC@@@std@@@std@@IAEXV?$_Vector_iterator@PAVS3PDBConVBC@@V?$allocator@PAVS3PDBConVBC@@@std@@@2@IABQAVS3PDBConVBC@@@Z 00409410 f i S3PDBConnectionPool.obj
 0001:000085d0       ??0?$vector@PAVS3PDBConVBC@@V?$allocator@PAVS3PDBConVBC@@@std@@@std@@QAE@XZ 004095d0 f i S3PDBConnectionPool.obj
 0001:000085e0       ?insert@?$vector@PAVS3PDBConVBC@@V?$allocator@PAVS3PDBConVBC@@@std@@@std@@QAE?AV?$_Vector_iterator@PAVS3PDBConVBC@@V?$allocator@PAVS3PDBConVBC@@@std@@@2@V32@ABQAVS3PDBConVBC@@@Z 004095e0 f i S3PDBConnectionPool.obj
 0001:00008670       ??0S3PDBConnectionPool@@IAE@XZ 00409670 f   S3PDBConnectionPool.obj
 0001:000086c0       ?Instance@S3PDBConnectionPool@@SAPAV1@XZ 004096c0 f   S3PDBConnectionPool.obj
 0001:00008740       ?push_back@?$vector@PAVS3PDBConVBC@@V?$allocator@PAVS3PDBConVBC@@@std@@@std@@QAEXABQAVS3PDBConVBC@@@Z 00409740 f i S3PDBConnectionPool.obj
 0001:000087b0       ?Init@S3PDBConnectionPool@@QAEHABV?$basic_string@DU?$char_traits@D@std@@V?$allocator@D@2@@std@@0K@Z 004097b0 f   S3PDBConnectionPool.obj
 0001:00008af0       ??0S3PDBConVBC@@IAE@XZ     00409af0 f   S3PDBConVBC.obj
 0001:00008b10       ??1S3PDBConVBC@@UAE@XZ     00409b10 f   S3PDBConVBC.obj
 0001:00008b20       ??_ES3PDBConVBC@@UAEPAXI@Z 00409b20 f i S3PDBConVBC.obj
 0001:00008b20       ??_GS3PDBConVBC@@UAEPAXI@Z 00409b20 f i S3PDBConVBC.obj
 0001:00008b40       ??0KThread_CS@@QAE@XZ      00409b40 f i S3PDBSocketPool.obj
 0001:00008ba0       ??1KThread_CS@@UAE@XZ      00409ba0 f i S3PDBSocketPool.obj
 0001:00008c10       ??_EKThread_CS@@UAEPAXI@Z  00409c10 f i S3PDBSocketPool.obj
 0001:00008c10       ??_GKThread_CS@@UAEPAXI@Z  00409c10 f i S3PDBSocketPool.obj
 0001:00008c30       ??3@YAXPAX0@Z              00409c30 f i S3PDBSocketPool.obj
 0001:00008c40       ?gGetMacAndIPAddress@@YAHPAEPAK01KK@Z 00409c40 f i S3PDBSocketPool.obj
 0001:00008e80       ?ReleaseInstance@S3PDBSocketPool@@SAXXZ 00409e80 f   S3PDBSocketPool.obj
 0001:00008ea0       ?Start@S3PDBSocketPool@@UAEPAXPAUIServer@@@Z 00409ea0 f   S3PDBSocketPool.obj
 0001:00008ec0       ?SendData@S3PDBSocketPool@@QAEHKQBXABI@Z 00409ec0 f   S3PDBSocketPool.obj
 0001:00008f70       ?CustomSend@S3PDBSocketPool@@QAEHKDPAUKAccountHead@@@Z 00409f70 f   S3PDBSocketPool.obj
 0001:00009040       ?SendRelayData@S3PDBSocketPool@@QAEXKPADQBXABI12@Z 0040a040 f   S3PDBSocketPool.obj
 0001:00009150       ?SendRelayData@S3PDBSocketPool@@QAEXKQBXABI01@Z 0040a150 f   S3PDBSocketPool.obj
 0001:00009240       ?IsStartAutoTime@KGatewayDataProcess@@IAEHXZ 0040a240 f   S3PDBSocketPool.obj
 0001:00009260       ?StartAutoTime@KGatewayDataProcess@@IAEHXZ 0040a260 f   S3PDBSocketPool.obj
 0001:00009290       ?ProRelayClose@KGatewayDataProcess@@IAEHPAVS3PDBConVBC@@PBDK@Z 0040a290 f   S3PDBSocketPool.obj
 0001:000092e0       ?ProGMFamily@KGatewayDataProcess@@IAEHPAVS3PDBConVBC@@PBDK@Z 0040a2e0 f   S3PDBSocketPool.obj
 0001:00009330       ?GetDB@KGatewayDataProcess@@IAEPAVS3PDBConVBC@@K@Z 0040a330 f   S3PDBSocketPool.obj
 0001:00009380       ?Start@KGatewayDataProcess@@UAEPAXPAUIServer@@@Z 0040a380 f   S3PDBSocketPool.obj
 0001:000093b0       ?Stop@KGatewayDataProcess@@UAEHXZ 0040a3b0 f   S3PDBSocketPool.obj
 0001:000093e0       ?size@?$_Tree@V?$_Tmap_traits@KPAVKGatewayDataProcess@@U?$less@K@std@@V?$allocator@U?$pair@$$CBKPAVKGatewayDataProcess@@@std@@@3@$0A@@std@@@std@@QBEIXZ 0040a3e0 f i S3PDBSocketPool.obj
 0001:000093f0       ?_Color@?$_Tree@V?$_Tmap_traits@KPAVKGatewayDataProcess@@U?$less@K@std@@V?$allocator@U?$pair@$$CBKPAVKGatewayDataProcess@@@std@@@3@$0A@@std@@@std@@KAAADPAU_Node@?$_Tree_nod@V?$_Tmap_traits@KPAVKGatewayDataProcess@@U?$less@K@std@@V?$allocator@U?$pair@$$CBKPAVKGatewayDataProcess@@@std@@@3@$0A@@std@@@2@@Z 0040a3f0 f i S3PDBSocketPool.obj
 0001:00009400       ?_Isnil@?$_Tree@V?$_Tmap_traits@KPAVKGatewayDataProcess@@U?$less@K@std@@V?$allocator@U?$pair@$$CBKPAVKGatewayDataProcess@@@std@@@3@$0A@@std@@@std@@KAAADPAU_Node@?$_Tree_nod@V?$_Tmap_traits@KPAVKGatewayDataProcess@@U?$less@K@std@@V?$allocator@U?$pair@$$CBKPAVKGatewayDataProcess@@@std@@@3@$0A@@std@@@2@@Z 0040a400 f i S3PDBSocketPool.obj
 0001:00009410       ?_Left@?$_Tree@V?$_Tmap_traits@KPAVKGatewayDataProcess@@U?$less@K@std@@V?$allocator@U?$pair@$$CBKPAVKGatewayDataProcess@@@std@@@3@$0A@@std@@@std@@KAAAPAU_Node@?$_Tree_nod@V?$_Tmap_traits@KPAVKGatewayDataProcess@@U?$less@K@std@@V?$allocator@U?$pair@$$CBKPAVKGatewayDataProcess@@@std@@@3@$0A@@std@@@2@PAU342@@Z 0040a410 f i S3PDBSocketPool.obj
 0001:00009420       ?_Parent@?$_Tree@V?$_Tmap_traits@KPAVKGatewayDataProcess@@U?$less@K@std@@V?$allocator@U?$pair@$$CBKPAVKGatewayDataProcess@@@std@@@3@$0A@@std@@@std@@KAAAPAU_Node@?$_Tree_nod@V?$_Tmap_traits@KPAVKGatewayDataProcess@@U?$less@K@std@@V?$allocator@U?$pair@$$CBKPAVKGatewayDataProcess@@@std@@@3@$0A@@std@@@2@PAU342@@Z 0040a420 f i S3PDBSocketPool.obj
 0001:00009430       ?_Right@?$_Tree@V?$_Tmap_traits@KPAVKGatewayDataProcess@@U?$less@K@std@@V?$allocator@U?$pair@$$CBKPAVKGatewayDataProcess@@@std@@@3@$0A@@std@@@std@@KAAAPAU_Node@?$_Tree_nod@V?$_Tmap_traits@KPAVKGatewayDataProcess@@U?$less@K@std@@V?$allocator@U?$pair@$$CBKPAVKGatewayDataProcess@@@std@@@3@$0A@@std@@@2@PAU342@@Z 0040a430 f i S3PDBSocketPool.obj
 0001:00009440       ?_Lmost@?$_Tree@V?$_Tmap_traits@KPAVKGatewayDataProcess@@U?$less@K@std@@V?$allocator@U?$pair@$$CBKPAVKGatewayDataProcess@@@std@@@3@$0A@@std@@@std@@IBEAAPAU_Node@?$_Tree_nod@V?$_Tmap_traits@KPAVKGatewayDataProcess@@U?$less@K@std@@V?$allocator@U?$pair@$$CBKPAVKGatewayDataProcess@@@std@@@3@$0A@@std@@@2@XZ 0040a440 f i S3PDBSocketPool.obj
 0001:00009450       ?_Max@?$_Tree@V?$_Tmap_traits@KPAVKGatewayDataProcess@@U?$less@K@std@@V?$allocator@U?$pair@$$CBKPAVKGatewayDataProcess@@@std@@@3@$0A@@std@@@std@@KAPAU_Node@?$_Tree_nod@V?$_Tmap_traits@KPAVKGatewayDataProcess@@U?$less@K@std@@V?$allocator@U?$pair@$$CBKPAVKGatewayDataProcess@@@std@@@3@$0A@@std@@@2@PAU342@@Z 0040a450 f i S3PDBSocketPool.obj
 0001:00009470       ?_Min@?$_Tree@V?$_Tmap_traits@KPAVKGatewayDataProcess@@U?$less@K@std@@V?$allocator@U?$pair@$$CBKPAVKGatewayDataProcess@@@std@@@3@$0A@@std@@@std@@KAPAU_Node@?$_Tree_nod@V?$_Tmap_traits@KPAVKGatewayDataProcess@@U?$less@K@std@@V?$allocator@U?$pair@$$CBKPAVKGatewayDataProcess@@@std@@@3@$0A@@std@@@2@PAU342@@Z 0040a470 f i S3PDBSocketPool.obj
 0001:00009490       ?_Rmost@?$_Tree@V?$_Tmap_traits@KPAVKGatewayDataProcess@@U?$less@K@std@@V?$allocator@U?$pair@$$CBKPAVKGatewayDataProcess@@@std@@@3@$0A@@std@@@std@@IBEAAPAU_Node@?$_Tree_nod@V?$_Tmap_traits@KPAVKGatewayDataProcess@@U?$less@K@std@@V?$allocator@U?$pair@$$CBKPAVKGatewayDataProcess@@@std@@@3@$0A@@std@@@2@XZ 0040a490 f i S3PDBSocketPool.obj
 0001:000094a0       ?_Root@?$_Tree@V?$_Tmap_traits@KPAVKGatewayDataProcess@@U?$less@K@std@@V?$allocator@U?$pair@$$CBKPAVKGatewayDataProcess@@@std@@@3@$0A@@std@@@std@@IBEAAPAU_Node@?$_Tree_nod@V?$_Tmap_traits@KPAVKGatewayDataProcess@@U?$less@K@std@@V?$allocator@U?$pair@$$CBKPAVKGatewayDataProcess@@@std@@@3@$0A@@std@@@2@XZ 0040a4a0 f i S3PDBSocketPool.obj
 0001:000094b0       ?_Rrotate@?$_Tree@V?$_Tmap_traits@KPAVKGatewayDataProcess@@U?$less@K@std@@V?$allocator@U?$pair@$$CBKPAVKGatewayDataProcess@@@std@@@3@$0A@@std@@@std@@IAEXPAU_Node@?$_Tree_nod@V?$_Tmap_traits@KPAVKGatewayDataProcess@@U?$less@K@std@@V?$allocator@U?$pair@$$CBKPAVKGatewayDataProcess@@@std@@@3@$0A@@std@@@2@@Z 0040a4b0 f i S3PDBSocketPool.obj
 0001:00009510       ??0?$allocator@U?$pair@$$CBKPAVKGatewayDataProcess@@@std@@@std@@QAE@XZ 0040a510 f i S3PDBSocketPool.obj
 0001:00009520       ??R?$less@K@std@@QBE_NABK0@Z 0040a520 f i S3PDBSocketPool.obj
 0001:00009540       ?deallocate@?$allocator@U_Node@?$_Tree_nod@V?$_Tmap_traits@KPAVKGatewayDataProcess@@U?$less@K@std@@V?$allocator@U?$pair@$$CBKPAVKGatewayDataProcess@@@std@@@3@$0A@@std@@@std@@@std@@QAEXPAU_Node@?$_Tree_nod@V?$_Tmap_traits@KPAVKGatewayDataProcess@@U?$less@K@std@@V?$allocator@U?$pair@$$CBKPAVKGatewayDataProcess@@@std@@@3@$0A@@std@@@2@I@Z 0040a540 f i S3PDBSocketPool.obj
 0001:00009550       ??8const_iterator@?$_Tree@V?$_Tmap_traits@KPAVKGatewayDataProcess@@U?$less@K@std@@V?$allocator@U?$pair@$$CBKPAVKGatewayDataProcess@@@std@@@3@$0A@@std@@@std@@QBE_NABV012@@Z 0040a550 f i S3PDBSocketPool.obj
 0001:00009580       ?_Mynode@const_iterator@?$_Tree@V?$_Tmap_traits@KPAVKGatewayDataProcess@@U?$less@K@std@@V?$allocator@U?$pair@$$CBKPAVKGatewayDataProcess@@@std@@@3@$0A@@std@@@std@@QBEPAU_Node@?$_Tree_nod@V?$_Tmap_traits@KPAVKGatewayDataProcess@@U?$less@K@std@@V?$allocator@U?$pair@$$CBKPAVKGatewayDataProcess@@@std@@@3@$0A@@std@@@3@XZ 0040a580 f i S3PDBSocketPool.obj
 0001:00009590       ??0?$pair@$$CBKPAVKGatewayDataProcess@@@std@@QAE@ABKABQAVKGatewayDataProcess@@@Z 0040a590 f i S3PDBSocketPool.obj
 0001:000095b0       ??0?$allocator@UKAccountUserTimeInfo@@@std@@QAE@XZ 0040a5b0 f i S3PDBSocketPool.obj
 0001:000095c0       ??8?$_Const_iterator@$00@?$list@UKAccountUserTimeInfo@@V?$allocator@UKAccountUserTimeInfo@@@std@@@std@@QBE_NABV012@@Z 0040a5c0 f i S3PDBSocketPool.obj
 0001:000095f0       ?_Myval@?$_Tree@V?$_Tmap_traits@KPAVKGatewayDataProcess@@U?$less@K@std@@V?$allocator@U?$pair@$$CBKPAVKGatewayDataProcess@@@std@@@3@$0A@@std@@@std@@KAAAU?$pair@$$CBKPAVKGatewayDataProcess@@@2@PAU_Node@?$_Tree_nod@V?$_Tmap_traits@KPAVKGatewayDataProcess@@U?$less@K@std@@V?$allocator@U?$pair@$$CBKPAVKGatewayDataProcess@@@std@@@3@$0A@@std@@@2@@Z 0040a5f0 f i S3PDBSocketPool.obj
 0001:00009600       ?_Kfn@?$_Tmap_traits@KPAVKGatewayDataProcess@@U?$less@K@std@@V?$allocator@U?$pair@$$CBKPAVKGatewayDataProcess@@@std@@@3@$0A@@std@@SAABKABU?$pair@$$CBKPAVKGatewayDataProcess@@@2@@Z 0040a600 f i S3PDBSocketPool.obj
 0001:00009610       ??0?$allocator@U?$pair@$$CBKPAVKGatewayDataProcess@@@std@@@std@@QAE@ABV01@@Z 0040a610 f i S3PDBSocketPool.obj
 0001:00009620       ??Dconst_iterator@?$_Tree@V?$_Tmap_traits@KPAVKGatewayDataProcess@@U?$less@K@std@@V?$allocator@U?$pair@$$CBKPAVKGatewayDataProcess@@@std@@@3@$0A@@std@@@std@@QBEABU?$pair@$$CBKPAVKGatewayDataProcess@@@2@XZ 0040a620 f i S3PDBSocketPool.obj
 0001:00009650       ??0?$allocator@UKAccountUserTimeInfo@@@std@@QAE@ABV01@@Z 0040a650 f i S3PDBSocketPool.obj
 0001:00009660       ??E?$_Const_iterator@$00@?$list@UKAccountUserTimeInfo@@V?$allocator@UKAccountUserTimeInfo@@@std@@@std@@QAEAAV012@XZ 0040a660 f i S3PDBSocketPool.obj
 0001:00009690       ??0?$_Bidit@U?$pair@$$CBKPAVKGatewayDataProcess@@@std@@HPBU12@ABU12@@std@@QAE@XZ 0040a690 f i S3PDBSocketPool.obj
 0001:000096a0       ??0const_iterator@?$_Tree@V?$_Tmap_traits@KPAVKGatewayDataProcess@@U?$less@K@std@@V?$allocator@U?$pair@$$CBKPAVKGatewayDataProcess@@@std@@@3@$0A@@std@@@std@@QAE@XZ 0040a6a0 f i S3PDBSocketPool.obj
 0001:000096b0       ?_Inc@const_iterator@?$_Tree@V?$_Tmap_traits@KPAVKGatewayDataProcess@@U?$less@K@std@@V?$allocator@U?$pair@$$CBKPAVKGatewayDataProcess@@@std@@@3@$0A@@std@@@std@@QAEXXZ 0040a6b0 f i S3PDBSocketPool.obj
 0001:00009720       ??0?$pair@Viterator@?$_Tree@V?$_Tmap_traits@KPAVKGatewayDataProcess@@U?$less@K@std@@V?$allocator@U?$pair@$$CBKPAVKGatewayDataProcess@@@std@@@3@$0A@@std@@@std@@_N@std@@QAE@ABViterator@?$_Tree@V?$_Tmap_traits@KPAVKGatewayDataProcess@@U?$less@K@std@@V?$allocator@U?$pair@$$CBKPAVKGatewayDataProcess@@@std@@@3@$0A@@std@@@1@AB_N@Z 0040a720 f i S3PDBSocketPool.obj
 0001:00009740       ?max_size@?$allocator@U?$pair@$$CBKPAVKGatewayDataProcess@@@std@@@std@@QBEIXZ 0040a740 f i S3PDBSocketPool.obj
 0001:00009750       ?_Dec@const_iterator@?$_Tree@V?$_Tmap_traits@KPAVKGatewayDataProcess@@U?$less@K@std@@V?$allocator@U?$pair@$$CBKPAVKGatewayDataProcess@@@std@@@3@$0A@@std@@@std@@QAEXXZ 0040a750 f i S3PDBSocketPool.obj
 0001:000097e0       ??0_Node@?$_Tree_nod@V?$_Tmap_traits@KPAVKGatewayDataProcess@@U?$less@K@std@@V?$allocator@U?$pair@$$CBKPAVKGatewayDataProcess@@@std@@@3@$0A@@std@@@std@@QAE@PAU012@00ABU?$pair@$$CBKPAVKGatewayDataProcess@@@2@D@Z 0040a7e0 f i S3PDBSocketPool.obj
 0001:00009820       ??0?$_Tmap_traits@KPAVKGatewayDataProcess@@U?$less@K@std@@V?$allocator@U?$pair@$$CBKPAVKGatewayDataProcess@@@std@@@3@$0A@@std@@QAE@U?$less@K@1@@Z 0040a820 f i S3PDBSocketPool.obj
 0001:00009830       ??$swap@D@std@@YAXAAD0@Z   0040a830 f i S3PDBSocketPool.obj
 0001:00009850       ??$_Destroy@U_Node@?$_Tree_nod@V?$_Tmap_traits@KPAVKGatewayDataProcess@@U?$less@K@std@@V?$allocator@U?$pair@$$CBKPAVKGatewayDataProcess@@@std@@@3@$0A@@std@@@std@@@std@@YAXPAU_Node@?$_Tree_nod@V?$_Tmap_traits@KPAVKGatewayDataProcess@@U?$less@K@std@@V?$allocator@U?$pair@$$CBKPAVKGatewayDataProcess@@@std@@@3@$0A@@std@@@0@@Z 0040a850 f i S3PDBSocketPool.obj
 0001:00009860       ??$_Destroy@PAU_Node@?$_Tree_nod@V?$_Tmap_traits@KPAVKGatewayDataProcess@@U?$less@K@std@@V?$allocator@U?$pair@$$CBKPAVKGatewayDataProcess@@@std@@@3@$0A@@std@@@std@@@std@@YAXPAPAU_Node@?$_Tree_nod@V?$_Tmap_traits@KPAVKGatewayDataProcess@@U?$less@K@std@@V?$allocator@U?$pair@$$CBKPAVKGatewayDataProcess@@@std@@@3@$0A@@std@@@0@@Z 0040a860 f i S3PDBSocketPool.obj
 0001:00009870       ??$?0UKAccountUserTimeInfo@@@?$allocator@PAU_Node@?$_List_nod@UKAccountUserTimeInfo@@V?$allocator@UKAccountUserTimeInfo@@@std@@@std@@@std@@QAE@ABV?$allocator@UKAccountUserTimeInfo@@@1@@Z 0040a870 f i S3PDBSocketPool.obj
 0001:00009880       ??$?0U?$pair@$$CBKPAVKGatewayDataProcess@@@std@@@?$allocator@PAU_Node@?$_Tree_nod@V?$_Tmap_traits@KPAVKGatewayDataProcess@@U?$less@K@std@@V?$allocator@U?$pair@$$CBKPAVKGatewayDataProcess@@@std@@@3@$0A@@std@@@std@@@std@@QAE@ABV?$allocator@U?$pair@$$CBKPAVKGatewayDataProcess@@@std@@@1@@Z 0040a880 f i S3PDBSocketPool.obj
 0001:00009890       ??$?0UKAccountUserTimeInfo@@@?$allocator@U_Node@?$_List_nod@UKAccountUserTimeInfo@@V?$allocator@UKAccountUserTimeInfo@@@std@@@std@@@std@@QAE@ABV?$allocator@UKAccountUserTimeInfo@@@1@@Z 0040a890 f i S3PDBSocketPool.obj
 0001:000098a0       ??$_Destroy@U_Node@?$_List_nod@UKAccountUserTimeInfo@@V?$allocator@UKAccountUserTimeInfo@@@std@@@std@@@std@@YAXPAU_Node@?$_List_nod@UKAccountUserTimeInfo@@V?$allocator@UKAccountUserTimeInfo@@@std@@@0@@Z 0040a8a0 f i S3PDBSocketPool.obj
 0001:000098b0       ??$?0U?$pair@$$CBKPAVKGatewayDataProcess@@@std@@@?$allocator@U_Node@?$_Tree_nod@V?$_Tmap_traits@KPAVKGatewayDataProcess@@U?$less@K@std@@V?$allocator@U?$pair@$$CBKPAVKGatewayDataProcess@@@std@@@3@$0A@@std@@@std@@@std@@QAE@ABV?$allocator@U?$pair@$$CBKPAVKGatewayDataProcess@@@std@@@1@@Z 0040a8b0 f i S3PDBSocketPool.obj
 0001:000098c0       ??$_Allocate@U_Node@?$_Tree_nod@V?$_Tmap_traits@KPAVKGatewayDataProcess@@U?$less@K@std@@V?$allocator@U?$pair@$$CBKPAVKGatewayDataProcess@@@std@@@3@$0A@@std@@@std@@@std@@YAPAU_Node@?$_Tree_nod@V?$_Tmap_traits@KPAVKGatewayDataProcess@@U?$less@K@std@@V?$allocator@U?$pair@$$CBKPAVKGatewayDataProcess@@@std@@@3@$0A@@std@@@0@IPAU120@@Z 0040a8c0 f i S3PDBSocketPool.obj
 0001:00009920       ??$_Construct@PAU_Node@?$_Tree_nod@V?$_Tmap_traits@KPAVKGatewayDataProcess@@U?$less@K@std@@V?$allocator@U?$pair@$$CBKPAVKGatewayDataProcess@@@std@@@3@$0A@@std@@@std@@PAU123@@std@@YAXPAPAU_Node@?$_Tree_nod@V?$_Tmap_traits@KPAVKGatewayDataProcess@@U?$less@K@std@@V?$allocator@U?$pair@$$CBKPAVKGatewayDataProcess@@@std@@@3@$0A@@std@@@0@ABQAU120@@Z 0040a920 f i S3PDBSocketPool.obj
 0001:00009940       ??_EKThread_CS@@WM@AEPAXI@Z 0040a940 f i S3PDBSocketPool.obj
 0001:00009950       ?Close@KGatewayDataProcess@@IAEXXZ 0040a950 f   S3PDBSocketPool.obj
 0001:000099c0       ?CheckConnectAddress@KGatewayDataProcess@@IAEHXZ 0040a9c0 f   S3PDBSocketPool.obj
 0001:000099f0       ??A?$basic_string@DU?$char_traits@D@std@@V?$allocator@D@2@@std@@QAEAADI@Z 0040a9f0 f i S3PDBSocketPool.obj
 0001:00009a20       ??9const_iterator@?$_Tree@V?$_Tmap_traits@KPAVKGatewayDataProcess@@U?$less@K@std@@V?$allocator@U?$pair@$$CBKPAVKGatewayDataProcess@@@std@@@3@$0A@@std@@@std@@QBE_NABV012@@Z 0040aa20 f i S3PDBSocketPool.obj
 0001:00009a50       ??9?$_Const_iterator@$00@?$list@UKAccountUserTimeInfo@@V?$allocator@UKAccountUserTimeInfo@@@std@@@std@@QBE_NABV012@@Z 0040aa50 f i S3PDBSocketPool.obj
 0001:00009a80       ?_Key@?$_Tree@V?$_Tmap_traits@KPAVKGatewayDataProcess@@U?$less@K@std@@V?$allocator@U?$pair@$$CBKPAVKGatewayDataProcess@@@std@@@3@$0A@@std@@@std@@KAABKPAU_Node@?$_Tree_nod@V?$_Tmap_traits@KPAVKGatewayDataProcess@@U?$less@K@std@@V?$allocator@U?$pair@$$CBKPAVKGatewayDataProcess@@@std@@@3@$0A@@std@@@2@@Z 0040aa80 f i S3PDBSocketPool.obj
 0001:00009a90       ?_Lrotate@?$_Tree@V?$_Tmap_traits@KPAVKGatewayDataProcess@@U?$less@K@std@@V?$allocator@U?$pair@$$CBKPAVKGatewayDataProcess@@@std@@@3@$0A@@std@@@std@@IAEXPAU_Node@?$_Tree_nod@V?$_Tmap_traits@KPAVKGatewayDataProcess@@U?$less@K@std@@V?$allocator@U?$pair@$$CBKPAVKGatewayDataProcess@@@std@@@3@$0A@@std@@@2@@Z 0040aa90 f i S3PDBSocketPool.obj
 0001:00009ae0       ?destroy@?$allocator@U_Node@?$_Tree_nod@V?$_Tmap_traits@KPAVKGatewayDataProcess@@U?$less@K@std@@V?$allocator@U?$pair@$$CBKPAVKGatewayDataProcess@@@std@@@3@$0A@@std@@@std@@@std@@QAEXPAU_Node@?$_Tree_nod@V?$_Tmap_traits@KPAVKGatewayDataProcess@@U?$less@K@std@@V?$allocator@U?$pair@$$CBKPAVKGatewayDataProcess@@@std@@@3@$0A@@std@@@2@@Z 0040aae0 f i S3PDBSocketPool.obj
 0001:00009af0       ??Diterator@?$_Tree@V?$_Tmap_traits@KPAVKGatewayDataProcess@@U?$less@K@std@@V?$allocator@U?$pair@$$CBKPAVKGatewayDataProcess@@@std@@@3@$0A@@std@@@std@@QBEAAU?$pair@$$CBKPAVKGatewayDataProcess@@@2@XZ 0040aaf0 f i S3PDBSocketPool.obj
 0001:00009b20       ??E?$_Iterator@$00@?$list@UKAccountUserTimeInfo@@V?$allocator@UKAccountUserTimeInfo@@@std@@@std@@QAEAAV012@XZ 0040ab20 f i S3PDBSocketPool.obj
 0001:00009b50       ?_Lbound@?$_Tree@V?$_Tmap_traits@KPAVKGatewayDataProcess@@U?$less@K@std@@V?$allocator@U?$pair@$$CBKPAVKGatewayDataProcess@@@std@@@3@$0A@@std@@@std@@IBEPAU_Node@?$_Tree_nod@V?$_Tmap_traits@KPAVKGatewayDataProcess@@U?$less@K@std@@V?$allocator@U?$pair@$$CBKPAVKGatewayDataProcess@@@std@@@3@$0A@@std@@@2@ABK@Z 0040ab50 f i S3PDBSocketPool.obj
 0001:00009b80       ?destroy@?$allocator@PAU_Node@?$_Tree_nod@V?$_Tmap_traits@KPAVKGatewayDataProcess@@U?$less@K@std@@V?$allocator@U?$pair@$$CBKPAVKGatewayDataProcess@@@std@@@3@$0A@@std@@@std@@@std@@QAEXPAPAU_Node@?$_Tree_nod@V?$_Tmap_traits@KPAVKGatewayDataProcess@@U?$less@K@std@@V?$allocator@U?$pair@$$CBKPAVKGatewayDataProcess@@@std@@@3@$0A@@std@@@2@@Z 0040ab80 f i S3PDBSocketPool.obj
 0001:00009b90       ??0iterator@?$_Tree@V?$_Tmap_traits@KPAVKGatewayDataProcess@@U?$less@K@std@@V?$allocator@U?$pair@$$CBKPAVKGatewayDataProcess@@@std@@@3@$0A@@std@@@std@@QAE@XZ 0040ab90 f i S3PDBSocketPool.obj
 0001:00009ba0       ??0const_iterator@?$_Tree@V?$_Tmap_traits@KPAVKGatewayDataProcess@@U?$less@K@std@@V?$allocator@U?$pair@$$CBKPAVKGatewayDataProcess@@@std@@@3@$0A@@std@@@std@@QAE@PAU_Node@?$_Tree_nod@V?$_Tmap_traits@KPAVKGatewayDataProcess@@U?$less@K@std@@V?$allocator@U?$pair@$$CBKPAVKGatewayDataProcess@@@std@@@3@$0A@@std@@@2@PBV12@@Z 0040aba0 f i S3PDBSocketPool.obj
 0001:00009bd0       ??Econst_iterator@?$_Tree@V?$_Tmap_traits@KPAVKGatewayDataProcess@@U?$less@K@std@@V?$allocator@U?$pair@$$CBKPAVKGatewayDataProcess@@@std@@@3@$0A@@std@@@std@@QAEAAV012@XZ 0040abd0 f i S3PDBSocketPool.obj
 0001:00009be0       ??D?$_Const_iterator@$00@?$list@UKAccountUserTimeInfo@@V?$allocator@UKAccountUserTimeInfo@@@std@@@std@@QBEABUKAccountUserTimeInfo@@XZ 0040abe0 f i S3PDBSocketPool.obj
 0001:00009c10       ?max_size@?$_Tree@V?$_Tmap_traits@KPAVKGatewayDataProcess@@U?$less@K@std@@V?$allocator@U?$pair@$$CBKPAVKGatewayDataProcess@@@std@@@3@$0A@@std@@@std@@QBEIXZ 0040ac10 f i S3PDBSocketPool.obj
 0001:00009c20       ??Fconst_iterator@?$_Tree@V?$_Tmap_traits@KPAVKGatewayDataProcess@@U?$less@K@std@@V?$allocator@U?$pair@$$CBKPAVKGatewayDataProcess@@@std@@@3@$0A@@std@@@std@@QAEAAV012@XZ 0040ac20 f i S3PDBSocketPool.obj
 0001:00009c30       ??0?$_List_nod@UKAccountUserTimeInfo@@V?$allocator@UKAccountUserTimeInfo@@@std@@@std@@IAE@V?$allocator@UKAccountUserTimeInfo@@@1@@Z 0040ac30 f i S3PDBSocketPool.obj
 0001:00009c40       ?destroy@?$allocator@U_Node@?$_List_nod@UKAccountUserTimeInfo@@V?$allocator@UKAccountUserTimeInfo@@@std@@@std@@@std@@QAEXPAU_Node@?$_List_nod@UKAccountUserTimeInfo@@V?$allocator@UKAccountUserTimeInfo@@@std@@@2@@Z 0040ac40 f i S3PDBSocketPool.obj
 0001:00009c50       ?_Erase@?$_Tree@V?$_Tmap_traits@KPAVKGatewayDataProcess@@U?$less@K@std@@V?$allocator@U?$pair@$$CBKPAVKGatewayDataProcess@@@std@@@3@$0A@@std@@@std@@IAEXPAU_Node@?$_Tree_nod@V?$_Tmap_traits@KPAVKGatewayDataProcess@@U?$less@K@std@@V?$allocator@U?$pair@$$CBKPAVKGatewayDataProcess@@@std@@@3@$0A@@std@@@2@@Z 0040ac50 f i S3PDBSocketPool.obj
 0001:00009c90       ??0?$_Tree_nod@V?$_Tmap_traits@KPAVKGatewayDataProcess@@U?$less@K@std@@V?$allocator@U?$pair@$$CBKPAVKGatewayDataProcess@@@std@@@3@$0A@@std@@@std@@IAE@ABU?$less@K@1@V?$allocator@U?$pair@$$CBKPAVKGatewayDataProcess@@@std@@@1@@Z 0040ac90 f i S3PDBSocketPool.obj
 0001:00009ca0       ?allocate@?$allocator@U_Node@?$_Tree_nod@V?$_Tmap_traits@KPAVKGatewayDataProcess@@U?$less@K@std@@V?$allocator@U?$pair@$$CBKPAVKGatewayDataProcess@@@std@@@3@$0A@@std@@@std@@@std@@QAEPAU_Node@?$_Tree_nod@V?$_Tmap_traits@KPAVKGatewayDataProcess@@U?$less@K@std@@V?$allocator@U?$pair@$$CBKPAVKGatewayDataProcess@@@std@@@3@$0A@@std@@@2@I@Z 0040aca0 f i S3PDBSocketPool.obj
 0001:00009cc0       ?construct@?$allocator@PAU_Node@?$_Tree_nod@V?$_Tmap_traits@KPAVKGatewayDataProcess@@U?$less@K@std@@V?$allocator@U?$pair@$$CBKPAVKGatewayDataProcess@@@std@@@3@$0A@@std@@@std@@@std@@QAEXPAPAU_Node@?$_Tree_nod@V?$_Tmap_traits@KPAVKGatewayDataProcess@@U?$less@K@std@@V?$allocator@U?$pair@$$CBKPAVKGatewayDataProcess@@@std@@@3@$0A@@std@@@2@ABQAU342@@Z 0040acc0 f i S3PDBSocketPool.obj
 0001:00009ce0       ??Citerator@?$_Tree@V?$_Tmap_traits@KPAVKGatewayDataProcess@@U?$less@K@std@@V?$allocator@U?$pair@$$CBKPAVKGatewayDataProcess@@@std@@@3@$0A@@std@@@std@@QBEPAU?$pair@$$CBKPAVKGatewayDataProcess@@@2@XZ 0040ace0 f i S3PDBSocketPool.obj
 0001:00009d10       ??E?$_Iterator@$00@?$list@UKAccountUserTimeInfo@@V?$allocator@UKAccountUserTimeInfo@@@std@@@std@@QAE?AV012@H@Z 0040ad10 f i S3PDBSocketPool.obj
 0001:00009d50       ??0iterator@?$_Tree@V?$_Tmap_traits@KPAVKGatewayDataProcess@@U?$less@K@std@@V?$allocator@U?$pair@$$CBKPAVKGatewayDataProcess@@@std@@@3@$0A@@std@@@std@@QAE@PAU_Node@?$_Tree_nod@V?$_Tmap_traits@KPAVKGatewayDataProcess@@U?$less@K@std@@V?$allocator@U?$pair@$$CBKPAVKGatewayDataProcess@@@std@@@3@$0A@@std@@@2@PBV12@@Z 0040ad50 f i S3PDBSocketPool.obj
 0001:00009d80       ??Eiterator@?$_Tree@V?$_Tmap_traits@KPAVKGatewayDataProcess@@U?$less@K@std@@V?$allocator@U?$pair@$$CBKPAVKGatewayDataProcess@@@std@@@3@$0A@@std@@@std@@QAEAAV012@XZ 0040ad80 f i S3PDBSocketPool.obj
 0001:00009d90       ?_Buynode@?$list@UKAccountUserTimeInfo@@V?$allocator@UKAccountUserTimeInfo@@@std@@@std@@IAEPAU_Node@?$_List_nod@UKAccountUserTimeInfo@@V?$allocator@UKAccountUserTimeInfo@@@std@@@2@XZ 0040ad90 f i S3PDBSocketPool.obj
 0001:00009db0       ??D?$_Iterator@$00@?$list@UKAccountUserTimeInfo@@V?$allocator@UKAccountUserTimeInfo@@@std@@@std@@QBEAAUKAccountUserTimeInfo@@XZ 0040adb0 f i S3PDBSocketPool.obj
 0001:00009de0       ??Fiterator@?$_Tree@V?$_Tmap_traits@KPAVKGatewayDataProcess@@U?$less@K@std@@V?$allocator@U?$pair@$$CBKPAVKGatewayDataProcess@@@std@@@3@$0A@@std@@@std@@QAEAAV012@XZ 0040ade0 f i S3PDBSocketPool.obj
 0001:00009df0       ?clear@?$list@UKAccountUserTimeInfo@@V?$allocator@UKAccountUserTimeInfo@@@std@@@std@@QAEXXZ 0040adf0 f i S3PDBSocketPool.obj
 0001:00009e30       ??0?$_List_ptr@UKAccountUserTimeInfo@@V?$allocator@UKAccountUserTimeInfo@@@std@@@std@@IAE@V?$allocator@UKAccountUserTimeInfo@@@1@@Z 0040ae30 f i S3PDBSocketPool.obj
 0001:00009e40       ?clear@?$_Tree@V?$_Tmap_traits@KPAVKGatewayDataProcess@@U?$less@K@std@@V?$allocator@U?$pair@$$CBKPAVKGatewayDataProcess@@@std@@@3@$0A@@std@@@std@@QAEXXZ 0040ae40 f i S3PDBSocketPool.obj
 0001:00009e70       ?_Buynode@?$_Tree@V?$_Tmap_traits@KPAVKGatewayDataProcess@@U?$less@K@std@@V?$allocator@U?$pair@$$CBKPAVKGatewayDataProcess@@@std@@@3@$0A@@std@@@std@@IAEPAU_Node@?$_Tree_nod@V?$_Tmap_traits@KPAVKGatewayDataProcess@@U?$less@K@std@@V?$allocator@U?$pair@$$CBKPAVKGatewayDataProcess@@@std@@@3@$0A@@std@@@2@XZ 0040ae70 f i S3PDBSocketPool.obj
 0001:00009eb0       ?_Buynode@?$_Tree@V?$_Tmap_traits@KPAVKGatewayDataProcess@@U?$less@K@std@@V?$allocator@U?$pair@$$CBKPAVKGatewayDataProcess@@@std@@@3@$0A@@std@@@std@@IAEPAU_Node@?$_Tree_nod@V?$_Tmap_traits@KPAVKGatewayDataProcess@@U?$less@K@std@@V?$allocator@U?$pair@$$CBKPAVKGatewayDataProcess@@@std@@@3@$0A@@std@@@2@PAU342@00ABU?$pair@$$CBKPAVKGatewayDataProcess@@@2@D@Z 0040aeb0 f i S3PDBSocketPool.obj
 0001:00009ef0       ??0?$_Tree_ptr@V?$_Tmap_traits@KPAVKGatewayDataProcess@@U?$less@K@std@@V?$allocator@U?$pair@$$CBKPAVKGatewayDataProcess@@@std@@@3@$0A@@std@@@std@@IAE@ABU?$less@K@1@V?$allocator@U?$pair@$$CBKPAVKGatewayDataProcess@@@std@@@1@@Z 0040aef0 f i S3PDBSocketPool.obj
 0001:00009f00       ?begin@?$_Tree@V?$_Tmap_traits@KPAVKGatewayDataProcess@@U?$less@K@std@@V?$allocator@U?$pair@$$CBKPAVKGatewayDataProcess@@@std@@@3@$0A@@std@@@std@@QAE?AViterator@12@XZ 0040af00 f i S3PDBSocketPool.obj
 0001:00009f20       ?end@?$_Tree@V?$_Tmap_traits@KPAVKGatewayDataProcess@@U?$less@K@std@@V?$allocator@U?$pair@$$CBKPAVKGatewayDataProcess@@@std@@@3@$0A@@std@@@std@@QAE?AViterator@12@XZ 0040af20 f i S3PDBSocketPool.obj
 0001:00009f30       ??Eiterator@?$_Tree@V?$_Tmap_traits@KPAVKGatewayDataProcess@@U?$less@K@std@@V?$allocator@U?$pair@$$CBKPAVKGatewayDataProcess@@@std@@@3@$0A@@std@@@std@@QAE?AV012@H@Z 0040af30 f i S3PDBSocketPool.obj
 0001:00009f50       ?begin@?$list@UKAccountUserTimeInfo@@V?$allocator@UKAccountUserTimeInfo@@@std@@@std@@QAE?AV?$_Iterator@$00@12@XZ 0040af50 f i S3PDBSocketPool.obj
 0001:00009f70       ??C?$_Iterator@$00@?$list@UKAccountUserTimeInfo@@V?$allocator@UKAccountUserTimeInfo@@@std@@@std@@QBEPAUKAccountUserTimeInfo@@XZ 0040af70 f i S3PDBSocketPool.obj
 0001:00009fa0       ?lower_bound@?$_Tree@V?$_Tmap_traits@KPAVKGatewayDataProcess@@U?$less@K@std@@V?$allocator@U?$pair@$$CBKPAVKGatewayDataProcess@@@std@@@3@$0A@@std@@@std@@QAE?AViterator@12@ABK@Z 0040afa0 f i S3PDBSocketPool.obj
 0001:00009fe0       ?_Tidy@?$list@UKAccountUserTimeInfo@@V?$allocator@UKAccountUserTimeInfo@@@std@@@std@@IAEXXZ 0040afe0 f i S3PDBSocketPool.obj
 0001:0000a030       ??0?$_List_val@UKAccountUserTimeInfo@@V?$allocator@UKAccountUserTimeInfo@@@std@@@std@@QAE@V?$allocator@UKAccountUserTimeInfo@@@1@@Z 0040b030 f i S3PDBSocketPool.obj
 0001:0000a040       ?_Init@?$_Tree@V?$_Tmap_traits@KPAVKGatewayDataProcess@@U?$less@K@std@@V?$allocator@U?$pair@$$CBKPAVKGatewayDataProcess@@@std@@@3@$0A@@std@@@std@@IAEXXZ 0040b040 f i S3PDBSocketPool.obj
 0001:0000a070       ??0?$_Tree_val@V?$_Tmap_traits@KPAVKGatewayDataProcess@@U?$less@K@std@@V?$allocator@U?$pair@$$CBKPAVKGatewayDataProcess@@@std@@@3@$0A@@std@@@std@@IAE@ABU?$less@K@1@V?$allocator@U?$pair@$$CBKPAVKGatewayDataProcess@@@std@@@1@@Z 0040b070 f i S3PDBSocketPool.obj
 0001:0000a080       ?ShowAllClientInfo@S3PDBSocketPool@@QAEHXZ 0040b080 f   S3PDBSocketPool.obj
 0001:0000a150       ?FindGatewayByServerName@S3PDBSocketPool@@QAEHPBDAAK@Z 0040b150 f   S3PDBSocketPool.obj
 0001:0000a270       ?FindGatewayByID@S3PDBSocketPool@@QAEPAVKGatewayDataProcess@@K@Z 0040b270 f   S3PDBSocketPool.obj
 0001:0000a340       ?FindGatewayClientByAddress@S3PDBSocketPool@@QAEHKAAK@Z 0040b340 f   S3PDBSocketPool.obj
 0001:0000a400       ?BroadGMData@S3PDBSocketPool@@QAEXPBDK@Z 0040b400 f   S3PDBSocketPool.obj
 0001:0000a530       ?StopAllUserClientConnect@S3PDBSocketPool@@QAEHXZ 0040b530 f   S3PDBSocketPool.obj
 0001:0000a590       ?NotifyRelayLoginInfo@S3PDBSocketPool@@QAEXKKKABV?$basic_string@DU?$char_traits@D@std@@V?$allocator@D@2@@std@@@Z 0040b590 f   S3PDBSocketPool.obj
 0001:0000a780       ?NotifyRelayLogoutInfo@S3PDBSocketPool@@QAEXKABV?$basic_string@DU?$char_traits@D@std@@V?$allocator@D@2@@std@@@Z 0040b780 f   S3PDBSocketPool.obj
[...]
 0001:0003180c       ___fpreset_sse2            0043280c f   LIBCMT:ieee87.obj
 0001:000318de       ___statusfp_sse2           004328de f   LIBCMT:ieee87.obj
 0001:00031919       ___clearfp_sse2            00432919 f   LIBCMT:ieee87.obj
 0001:00031964       ___control87_sse2          00432964 f   LIBCMT:ieee87.obj
 0001:000328a0       __ehhandler$?KPIWritePrivateProfileString@@YAHPBD000@Z 004338a0 f   GlobalFun.obj
 0001:000328c0       __ehhandler$?KPIGetPrivateProfileString@@YAKPBD00PADK0@Z 004338c0 f   GlobalFun.obj
 0001:000328e0       __ehhandler$?_Copy@?$basic_string@DU?$char_traits@D@std@@V?$allocator@D@2@@std@@IAEXII@Z 004338e0 f   LogFile.obj
 0001:00032900       __unwindfunclet$??$?HDU?$char_traits@D@std@@V?$allocator@D@1@@std@@YA?AV?$basic_string@DU?$char_traits@D@std@@V?$allocator@D@2@@0@ABV10@PBD@Z$0 00433900 f   LogFile.obj
 0001:00032908       __ehhandler$??$?HDU?$char_traits@D@std@@V?$allocator@D@1@@std@@YA?AV?$basic_string@DU?$char_traits@D@std@@V?$allocator@D@2@@0@ABV10@PBD@Z 00433908 f   LogFile.obj
 0001:00032930       __unwindfunclet$?Initialize@CLogFile@@QAEHABV?$basic_string@DU?$char_traits@D@std@@V?$allocator@D@2@@std@@I@Z$0 00433930 f   LogFile.obj
 0001:00032938       __ehhandler$?Initialize@CLogFile@@QAEHABV?$basic_string@DU?$char_traits@D@std@@V?$allocator@D@2@@std@@I@Z 00433938 f   LogFile.obj
 0001:00032960       __unwindfunclet$?OpenUniDirectory@CLogFile@@CAHABV?$basic_string@DU?$char_traits@D@std@@V?$allocator@D@2@@std@@PAV23@@Z$2 00433960 f   LogFile.obj
 0001:00032968       __unwindfunclet$?OpenUniDirectory@CLogFile@@CAHABV?$basic_string@DU?$char_traits@D@std@@V?$allocator@D@2@@std@@PAV23@@Z$3 00433968 f   LogFile.obj
 0001:00032970       __ehhandler$?OpenUniDirectory@CLogFile@@CAHABV?$basic_string@DU?$char_traits@D@std@@V?$allocator@D@2@@std@@PAV23@@Z 00433970 f   LogFile.obj
 0001:000329a0       __unwindfunclet$?CreateUniFile@CLogFile@@CAPAXABV?$basic_string@DU?$char_traits@D@std@@V?$allocator@D@2@@std@@PAV23@@Z$0 004339a0 f   LogFile.obj
 0001:000329a8       __unwindfunclet$?CreateUniFile@CLogFile@@CAPAXABV?$basic_string@DU?$char_traits@D@std@@V?$allocator@D@2@@std@@PAV23@@Z$1 004339a8 f   LogFile.obj
 0001:000329b0       __ehhandler$?CreateUniFile@CLogFile@@CAPAXABV?$basic_string@DU?$char_traits@D@std@@V?$allocator@D@2@@std@@PAV23@@Z 004339b0 f   LogFile.obj
 0001:000329e0       __unwindfunclet$?PrepareFile@CLogFile@@AAEHXZ$0 004339e0 f   LogFile.obj
 0001:000329eb       __unwindfunclet$?PrepareFile@CLogFile@@AAEHXZ$1 004339eb f   LogFile.obj
 0001:000329f6       __unwindfunclet$?PrepareFile@CLogFile@@AAEHXZ$2 004339f6 f   LogFile.obj
 0001:00032a01       __unwindfunclet$?PrepareFile@CLogFile@@AAEHXZ$3 00433a01 f   LogFile.obj
 0001:00032a0c       __ehhandler$?PrepareFile@CLogFile@@AAEHXZ 00433a0c f   LogFile.obj
 0001:00032a40       __ehhandler$?num_rows@S3P_MSSQLServer_Result@@UBEHXZ 00433a40 f   S3P_MSSQLServer_Result.obj
 0001:00032a60       __ehhandler$?data_seek@S3P_MSSQLServer_Result@@UBEXIH@Z 00433a60 f   S3P_MSSQLServer_Result.obj
 0001:00032a80       __ehhandler$?unuse@S3P_MSSQLServer_Result@@UAEHXZ 00433a80 f   S3P_MSSQLServer_Result.obj
 0001:00032aa0       __unwindfunclet$?num_fields@S3P_MSSQLServer_Result@@UBEHXZ$2 00433aa0 f   S3P_MSSQLServer_Result.obj
 0001:00032aa8       __ehhandler$?num_fields@S3P_MSSQLServer_Result@@UBEHXZ 00433aa8 f   S3P_MSSQLServer_Result.obj
 0001:00032ad0       __unwindfunclet$?get_field_data@S3P_MSSQLServer_Result@@UAE_NIPAXK@Z$2 00433ad0 f   S3P_MSSQLServer_Result.obj
 0001:00032ad8       __unwindfunclet$?get_field_data@S3P_MSSQLServer_Result@@UAE_NIPAXK@Z$3 00433ad8 f   S3P_MSSQLServer_Result.obj
 0001:00032ae0       __unwindfunclet$?get_field_data@S3P_MSSQLServer_Result@@UAE_NIPAXK@Z$4 00433ae0 f   S3P_MSSQLServer_Result.obj
 0001:00032ae8       __ehhandler$?get_field_data@S3P_MSSQLServer_Result@@UAE_NIPAXK@Z 00433ae8 f   S3P_MSSQLServer_Result.obj
 0001:00032b10       __unwindfunclet$??1S3P_MSSQLServer_Result@@UAE@XZ$0 00433b10 f   S3P_MSSQLServer_Result.obj
 0001:00032b18       __unwindfunclet$??1S3P_MSSQLServer_Result@@UAE@XZ$1 00433b18 f   S3P_MSSQLServer_Result.obj
 0001:00032b23       __ehhandler$??1S3P_MSSQLServer_Result@@UAE@XZ 00433b23 f   S3P_MSSQLServer_Result.obj
 0001:00032b40       __unwindfunclet$?GetAccountGameID@S3PAccount@@SAHPAVS3PDBConVBC@@PBDAAK@Z$0 00433b40 f   S3PAccount.obj
 0001:00032b4b       __ehhandler$?GetAccountGameID@S3PAccount@@SAHPAVS3PDBConVBC@@PBDAAK@Z 00433b4b f   S3PAccount.obj
 0001:00032b80       __unwindfunclet$?GetServerID@S3PAccount@@SAHPAVS3PDBConVBC@@PBDAAK@Z$0 00433b80 f   S3PAccount.obj
 0001:00032b8b       __ehhandler$?GetServerID@S3PAccount@@SAHPAVS3PDBConVBC@@PBDAAK@Z 00433b8b f   S3PAccount.obj
 0001:00032bc0       __unwindfunclet$??0_bstr_t@@QAE@PA_W_N@Z$0 00433bc0 f   S3PAccount.obj
 0001:00032bcb       __ehhandler$??0_bstr_t@@QAE@PA_W_N@Z 00433bcb f   S3PAccount.obj
 0001:00032bf0       __unwindfunclet$??4_bstr_t@@QAEAAV0@PB_W@Z$0 00433bf0 f   S3PAccount.obj
 0001:00032bfb       __ehhandler$??4_bstr_t@@QAEAAV0@PB_W@Z 00433bfb f   S3PAccount.obj
 0001:00032c20       __unwindfunclet$??0_bstr_t@@QAE@ABV_variant_t@@@Z$0 00433c20 f   S3PAccount.obj
 0001:00032c28       __ehhandler$??0_bstr_t@@QAE@ABV_variant_t@@@Z 00433c28 f   S3PAccount.obj
 0001:00032c50       __unwindfunclet$?ServerLogin@S3PAccount@@SAHPAVS3PDBConVBC@@PBD1KFQBEAAK@Z$0 00433c50 f   S3PAccount.obj
 0001:00032c5b       __unwindfunclet$?ServerLogin@S3PAccount@@SAHPAVS3PDBConVBC@@PBD1KFQBEAAK@Z$1 00433c5b f   S3PAccount.obj
 0001:00032c66       __unwindfunclet$?ServerLogin@S3PAccount@@SAHPAVS3PDBConVBC@@PBD1KFQBEAAK@Z$2 00433c66 f   S3PAccount.obj
 0001:00032c71       __unwindfunclet$?ServerLogin@S3PAccount@@SAHPAVS3PDBConVBC@@PBD1KFQBEAAK@Z$3 00433c71 f   S3PAccount.obj
 0001:00032c7c       __unwindfunclet$?ServerLogin@S3PAccount@@SAHPAVS3PDBConVBC@@PBD1KFQBEAAK@Z$4 00433c7c f   S3PAccount.obj
 0001:00032c9e       __unwindfunclet$?ServerLogin@S3PAccount@@SAHPAVS3PDBConVBC@@PBD1KFQBEAAK@Z$5 00433c9e f   S3PAccount.obj
 0001:00032ca9       __ehhandler$?ServerLogin@S3PAccount@@SAHPAVS3PDBConVBC@@PBD1KFQBEAAK@Z 00433ca9 f   S3PAccount.obj
 0001:00032ce0       __unwindfunclet$??0logic_error@std@@QAE@ABV?$basic_string@DU?$char_traits@D@std@@V?$allocator@D@2@@1@@Z$0 00433ce0 f   S3PAccount.obj
 0001:00032ce8       __ehhandler$??0logic_error@std@@QAE@ABV?$basic_string@DU?$char_traits@D@std@@V?$allocator@D@2@@1@@Z 00433ce8 f   S3PAccount.obj
 0001:00032d10       __unwindfunclet$?_Incsize@?$list@UKAccountUserTimeInfo@@V?$allocator@UKAccountUserTimeInfo@@@std@@@std@@IAEXI@Z$0 00433d10 f   S3PAccount.obj
 0001:00032d18       __ehhandler$?_Incsize@?$list@UKAccountUserTimeInfo@@V?$allocator@UKAccountUserTimeInfo@@@std@@@std@@IAEXI@Z 00433d18 f   S3PAccount.obj
 0001:00032d40       __unwindfunclet$??0logic_error@std@@QAE@ABV01@@Z$0 00433d40 f   S3PAccount.obj
 0001:00032d48       __ehhandler$??0logic_error@std@@QAE@ABV01@@Z 00433d48 f   S3PAccount.obj
 0001:00032d70       __unwindfunclet$?GetAccountCount@S3PAccount@@SAHPAVS3PDBConVBC@@KHAAK@Z$0 00433d70 f   S3PAccount.obj
 0001:00032d7b       __unwindfunclet$?GetAccountCount@S3PAccount@@SAHPAVS3PDBConVBC@@KHAAK@Z$1 00433d7b f   S3PAccount.obj
 0001:00032d86       __ehhandler$?GetAccountCount@S3PAccount@@SAHPAVS3PDBConVBC@@KHAAK@Z 00433d86 f   S3PAccount.obj
 0001:00032dc0       __unwindfunclet$?GetAccountsTime@S3PAccount@@SAHPAVS3PDBConVBC@@KKAAV?$list@UKAccountUserTimeInfo@@V?$allocator@UKAccountUserTimeInfo@@@std@@@std@@@Z$0 00433dc0 f   S3PAccount.obj
 0001:00032dcb       __unwindfunclet$?GetAccountsTime@S3PAccount@@SAHPAVS3PDBConVBC@@KKAAV?$list@UKAccountUserTimeInfo@@V?$allocator@UKAccountUserTimeInfo@@@std@@@std@@@Z$1 00433dcb f   S3PAccount.obj
 0001:00032dd6       __unwindfunclet$?GetAccountsTime@S3PAccount@@SAHPAVS3PDBConVBC@@KKAAV?$list@UKAccountUserTimeInfo@@V?$allocator@UKAccountUserTimeInfo@@@std@@@std@@@Z$2 00433dd6 f   S3PAccount.obj
 0001:00032de1       __unwindfunclet$?GetAccountsTime@S3PAccount@@SAHPAVS3PDBConVBC@@KKAAV?$list@UKAccountUserTimeInfo@@V?$allocator@UKAccountUserTimeInfo@@@std@@@std@@@Z$3 00433de1 f   S3PAccount.obj
 0001:00032dec       __unwindfunclet$?GetAccountsTime@S3PAccount@@SAHPAVS3PDBConVBC@@KKAAV?$list@UKAccountUserTimeInfo@@V?$allocator@UKAccountUserTimeInfo@@@std@@@std@@@Z$4 00433dec f   S3PAccount.obj
 0001:00032df7       __ehhandler$?GetAccountsTime@S3PAccount@@SAHPAVS3PDBConVBC@@KKAAV?$list@UKAccountUserTimeInfo@@V?$allocator@UKAccountUserTimeInfo@@@std@@@std@@@Z 00433df7 f   S3PAccount.obj
 0001:00032e30       __unwindfunclet$??0_bstr_t@@QAE@PBD@Z$0 00433e30 f   S3PDB_MSSQLServer_Connection.obj
 0001:00032e3b       __ehhandler$??0_bstr_t@@QAE@PBD@Z 00433e3b f   S3PDB_MSSQLServer_Connection.obj
 0001:00032e60       __unwindfunclet$??1S3PDB_MSSQLServer_Connection@@UAE@XZ$0 00433e60 f   S3PDB_MSSQLServer_Connection.obj
 0001:00032e68       __unwindfunclet$??1S3PDB_MSSQLServer_Connection@@UAE@XZ$1 00433e68 f   S3PDB_MSSQLServer_Connection.obj
 0001:00032e73       __unwindfunclet$??1S3PDB_MSSQLServer_Connection@@UAE@XZ$2 00433e73 f   S3PDB_MSSQLServer_Connection.obj
 0001:00032e7e       __unwindfunclet$??1S3PDB_MSSQLServer_Connection@@UAE@XZ$3 00433e7e f   S3PDB_MSSQLServer_Connection.obj
 0001:00032e89       __ehhandler$??1S3PDB_MSSQLServer_Connection@@UAE@XZ 00433e89 f   S3PDB_MSSQLServer_Connection.obj
 0001:00032eb0       __unwindfunclet$?DoSql@S3PDB_MSSQLServer_Connection@@UAE_NPBDPAU_Recordset@@@Z$2 00433eb0 f   S3PDB_MSSQLServer_Connection.obj
 0001:00032eb8       __unwindfunclet$?DoSql@S3PDB_MSSQLServer_Connection@@UAE_NPBDPAU_Recordset@@@Z$3 00433eb8 f   S3PDB_MSSQLServer_Connection.obj
 0001:00032ec0       __ehhandler$?DoSql@S3PDB_MSSQLServer_Connection@@UAE_NPBDPAU_Recordset@@@Z 00433ec0 f   S3PDB_MSSQLServer_Connection.obj
 0001:00032ee0       __unwindfunclet$??0S3P_MSSQLServer_Result@@QAE@XZ$0 00433ee0 f   S3PDB_MSSQLServer_Connection.obj
 0001:00032ee8       __unwindfunclet$??0S3P_MSSQLServer_Result@@QAE@XZ$1 00433ee8 f   S3PDB_MSSQLServer_Connection.obj
 0001:00032ef3       __ehhandler$??0S3P_MSSQLServer_Result@@QAE@XZ 00433ef3 f   S3PDB_MSSQLServer_Connection.obj
 0001:00032f10       __unwindfunclet$??0S3PDB_MSSQLServer_Connection@@QAE@XZ$0 00433f10 f   S3PDB_MSSQLServer_Connection.obj
 0001:00032f18       __unwindfunclet$??0S3PDB_MSSQLServer_Connection@@QAE@XZ$1 00433f18 f   S3PDB_MSSQLServer_Connection.obj
 0001:00032f23       __unwindfunclet$??0S3PDB_MSSQLServer_Connection@@QAE@XZ$2 00433f23 f   S3PDB_MSSQLServer_Connection.obj
 0001:00032f2e       __unwindfunclet$??0S3PDB_MSSQLServer_Connection@@QAE@XZ$3 00433f2e f   S3PDB_MSSQLServer_Connection.obj
 0001:00032f39       __ehhandler$??0S3PDB_MSSQLServer_Connection@@QAE@XZ 00433f39 f   S3PDB_MSSQLServer_Connection.obj
 0001:00032f60       __unwindfunclet$?PutCommandText@Command15@@QAEXV_bstr_t@@@Z$0 00433f60 f   S3PDB_MSSQLServer_Connection.obj
 0001:00032f68       __ehhandler$?PutCommandText@Command15@@QAEXV_bstr_t@@@Z 00433f68 f   S3PDB_MSSQLServer_Connection.obj
 0001:00032f90       __unwindfunclet$?Open@Connection15@@QAEJV_bstr_t@@00J@Z$0 00433f90 f   S3PDB_MSSQLServer_Connection.obj
 0001:00032f98       __unwindfunclet$?Open@Connection15@@QAEJV_bstr_t@@00J@Z$1 00433f98 f   S3PDB_MSSQLServer_Connection.obj
 0001:00032fa0       __unwindfunclet$?Open@Connection15@@QAEJV_bstr_t@@00J@Z$2 00433fa0 f   S3PDB_MSSQLServer_Connection.obj
 0001:00032fa8       __ehhandler$?Open@Connection15@@QAEJV_bstr_t@@00J@Z 00433fa8 f   S3PDB_MSSQLServer_Connection.obj
 0001:00032fd0       __unwindfunclet$?Do@S3PDB_MSSQLServer_Connection@@UAE_NPBD@Z$4 00433fd0 f   S3PDB_MSSQLServer_Connection.obj
 0001:00032fd8       __unwindfunclet$?Do@S3PDB_MSSQLServer_Connection@@UAE_NPBD@Z$6 00433fd8 f   S3PDB_MSSQLServer_Connection.obj
 0001:00032fe0       __unwindfunclet$?Do@S3PDB_MSSQLServer_Connection@@UAE_NPBD@Z$7 00433fe0 f   S3PDB_MSSQLServer_Connection.obj
 0001:00032fe8       __ehhandler$?Do@S3PDB_MSSQLServer_Connection@@UAE_NPBD@Z 00433fe8 f   S3PDB_MSSQLServer_Connection.obj
 0001:00033010       __unwindfunclet$?OpenConnect@S3PDB_MSSQLServer_Connection@@UAE_NPAUtag_DATABASEINFO@@@Z$2 00434010 f   S3PDB_MSSQLServer_Connection.obj
 0001:00033018       __unwindfunclet$?OpenConnect@S3PDB_MSSQLServer_Connection@@UAE_NPAUtag_DATABASEINFO@@@Z$3 00434018 f   S3PDB_MSSQLServer_Connection.obj
 0001:00033020       __unwindfunclet$?OpenConnect@S3PDB_MSSQLServer_Connection@@UAE_NPAUtag_DATABASEINFO@@@Z$4 00434020 f   S3PDB_MSSQLServer_Connection.obj
 0001:00033028       __unwindfunclet$?OpenConnect@S3PDB_MSSQLServer_Connection@@UAE_NPAUtag_DATABASEINFO@@@Z$5 00434028 f   S3PDB_MSSQLServer_Connection.obj
 0001:00033030       __unwindfunclet$?OpenConnect@S3PDB_MSSQLServer_Connection@@UAE_NPAUtag_DATABASEINFO@@@Z$6 00434030 f   S3PDB_MSSQLServer_Connection.obj
 0001:00033038       __unwindfunclet$?OpenConnect@S3PDB_MSSQLServer_Connection@@UAE_NPAUtag_DATABASEINFO@@@Z$7 00434038 f   S3PDB_MSSQLServer_Connection.obj
 0001:00033040       __ehhandler$?OpenConnect@S3PDB_MSSQLServer_Connection@@UAE_NPAUtag_DATABASEINFO@@@Z 00434040 f   S3PDB_MSSQLServer_Connection.obj
 0001:00033070       __unwindfunclet$?CreateConnection@S3PDBConnectionPool@@IAEHPAUtag_DATABASEINFO@@PAPAVS3PDBConVBC@@@Z$0 00434070 f   S3PDBConnectionPool.obj
 0001:0003307b       __ehhandler$?CreateConnection@S3PDBConnectionPool@@IAEHPAUtag_DATABASEINFO@@PAPAVS3PDBConVBC@@@Z 0043407b f   S3PDBConnectionPool.obj
 0001:000330a0       __unwindfunclet$??1S3PDBConnectionPool@@MAE@XZ$0 004340a0 f   S3PDBConnectionPool.obj
 0001:000330a8       __unwindfunclet$??1S3PDBConnectionPool@@MAE@XZ$1 004340a8 f   S3PDBConnectionPool.obj
 0001:000330b3       __ehhandler$??1S3PDBConnectionPool@@MAE@XZ 004340b3 f   S3PDBConnectionPool.obj
 0001:000330d0       __unwindfunclet$?_Xlen@?$vector@PAVS3PDBConVBC@@V?$allocator@PAVS3PDBConVBC@@@std@@@std@@KAXXZ$0 004340d0 f   S3PDBConnectionPool.obj
 0001:000330d8       __ehhandler$?_Xlen@?$vector@PAVS3PDBConVBC@@V?$allocator@PAVS3PDBConVBC@@@std@@@std@@KAXXZ 004340d8 f   S3PDBConnectionPool.obj
 0001:00033100       __unwindfunclet$??0S3PDBConnectionPool@@IAE@XZ$0 00434100 f   S3PDBConnectionPool.obj
 0001:00033108       __ehhandler$??0S3PDBConnectionPool@@IAE@XZ 00434108 f   S3PDBConnectionPool.obj
 0001:00033130       __unwindfunclet$?Instance@S3PDBConnectionPool@@SAPAV1@XZ$0 00434130 f   S3PDBConnectionPool.obj
 0001:0003313b       __ehhandler$?Instance@S3PDBConnectionPool@@SAPAV1@XZ 0043413b f   S3PDBConnectionPool.obj
 0001:00033160       __unwindfunclet$?Init@S3PDBConnectionPool@@QAEHABV?$basic_string@DU?$char_traits@D@std@@V?$allocator@D@2@@std@@0K@Z$0 00434160 f   S3PDBConnectionPool.obj
 0001:0003316b       __ehhandler$?Init@S3PDBConnectionPool@@QAEHABV?$basic_string@DU?$char_traits@D@std@@V?$allocator@D@2@@std@@0K@Z 0043416b f   S3PDBConnectionPool.obj
 0001:000331a0       __unwindfunclet$??0KThread_CS@@QAE@XZ$0 004341a0 f   S3PDBSocketPool.obj
 0001:000331a8       __ehhandler$??0KThread_CS@@QAE@XZ 004341a8 f   S3PDBSocketPool.obj
 0001:000331d0       __unwindfunclet$??1KThread_CS@@UAE@XZ$0 004341d0 f   S3PDBSocketPool.obj
 0001:000331d8       __ehhandler$??1KThread_CS@@UAE@XZ 004341d8 f   S3PDBSocketPool.obj
 0001:00033200       __ehhandler$?SendData@S3PDBSocketPool@@QAEHKQBXABI@Z 00434200 f   S3PDBSocketPool.obj
 0001:00033220       __ehhandler$?CustomSend@S3PDBSocketPool@@QAEHKDPAUKAccountHead@@@Z 00434220 f   S3PDBSocketPool.obj
 0001:00033250       __unwindfunclet$??0KGatewayDataProcess@@QAE@KKF@Z$0 00434250 f   S3PDBSocketPool.obj
 0001:00033258       __unwindfunclet$??0KGatewayDataProcess@@QAE@KKF@Z$1 00434258 f   S3PDBSocketPool.obj
 0001:00033263       __ehhandler$??0KGatewayDataProcess@@QAE@KKF@Z 00434263 f   S3PDBSocketPool.obj
 0001:00033280       __unwindfunclet$?erase@?$_Tree@V?$_Tmap_traits@KPAVKGatewayDataProcess@@U?$less@K@std@@V?$allocator@U?$pair@$$CBKPAVKGatewayDataProcess@@@std@@@3@$0A@@std@@@std@@QAE?AViterator@12@V312@@Z$0 00434280 f   S3PDBSocketPool.obj
 0001:00033288       __ehhandler$?erase@?$_Tree@V?$_Tmap_traits@KPAVKGatewayDataProcess@@U?$less@K@std@@V?$allocator@U?$pair@$$CBKPAVKGatewayDataProcess@@@std@@@3@$0A@@std@@@std@@QAE?AViterator@12@V312@@Z 00434288 f   S3PDBSocketPool.obj
 0001:000332b0       __unwindfunclet$?_Insert@?$_Tree@V?$_Tmap_traits@KPAVKGatewayDataProcess@@U?$less@K@std@@V?$allocator@U?$pair@$$CBKPAVKGatewayDataProcess@@@std@@@3@$0A@@std@@@std@@IAE?AViterator@12@_NPAU_Node@?$_Tree_nod@V?$_Tmap_traits@KPAVKGatewayDataProcess@@U?$less@K@std@@V?$allocator@U?$pair@$$CBKPAVKGatewayDataProcess@@@std@@@3@$0A@@std@@@2@ABU?$pair@$$CBKPAVKGatewayDataProcess@@@2@@Z$0 004342b0 f   S3PDBSocketPool.obj
 0001:000332b8       __ehhandler$?_Insert@?$_Tree@V?$_Tmap_traits@KPAVKGatewayDataProcess@@U?$less@K@std@@V?$allocator@U?$pair@$$CBKPAVKGatewayDataProcess@@@std@@@3@$0A@@std@@@std@@IAE?AViterator@12@_NPAU_Node@?$_Tree_nod@V?$_Tmap_traits@KPAVKGatewayDataProcess@@U?$less@K@std@@V?$allocator@U?$pair@$$CBKPAVKGatewayDataProcess@@@std@@@3@$0A@@std@@@2@ABU?$pair@$$CBKPAVKGatewayDataProcess@@@2@@Z 004342b8 f   S3PDBSocketPool.obj
 0001:000332e0       __unwindfunclet$?RemoveUserClientID@S3PDBSocketPool@@QAEHK@Z$0 004342e0 f   S3PDBSocketPool.obj
 0001:000332e8       __ehhandler$?RemoveUserClientID@S3PDBSocketPool@@QAEHK@Z 004342e8 f   S3PDBSocketPool.obj
 0001:00033310       __unwindfunclet$??1S3PDBSocketPool@@UAE@XZ$0 00434310 f   S3PDBSocketPool.obj
 0001:00033318       __ehhandler$??1S3PDBSocketPool@@UAE@XZ 00434318 f   S3PDBSocketPool.obj
 0001:00033340       __unwindfunclet$??0S3PDBSocketPool@@IAE@XZ$0 00434340 f   S3PDBSocketPool.obj
 0001:00033348       __ehhandler$??0S3PDBSocketPool@@IAE@XZ 00434348 f   S3PDBSocketPool.obj
 0001:00033370       __unwindfunclet$?Instance@S3PDBSocketPool@@SAPAV1@XZ$0 00434370 f   S3PDBSocketPool.obj
 0001:0003337b       __ehhandler$?Instance@S3PDBSocketPool@@SAPAV1@XZ 0043437b f   S3PDBSocketPool.obj
 0001:000333a0       __unwindfunclet$?AddUserClientID@S3PDBSocketPool@@QAEHK@Z$0 004343a0 f   S3PDBSocketPool.obj
 0001:000333ab       __ehhandler$?AddUserClientID@S3PDBSocketPool@@QAEHK@Z 004343ab f   S3PDBSocketPool.obj
 0001:000333d0       __unwindfunclet$?ProAutoTime@KGatewayDataProcess@@IAEHPAVS3PDBConVBC@@@Z$0 004343d0 f   S3PDBSocketPool.obj
 0001:000333db       __ehhandler$?ProAutoTime@KGatewayDataProcess@@IAEHPAVS3PDBConVBC@@@Z 004343db f   S3PDBSocketPool.obj
 0001:00033409       __ehhandler$?CallUnexpected@@YAXPBU_s_ESTypeList@@@Z 00434409 f   LIBCMT:frame.obj
 0001:00033424       __unwindfunclet$?_Xlen@_String_base@std@@SAXXZ$0 00434424 f   libcpmt:string.obj
 0001:0003342c       __ehhandler$?_Xlen@_String_base@std@@SAXXZ 0043442c f   libcpmt:string.obj
 0001:00033447       __unwindfunclet$?_Xran@_String_base@std@@SAXXZ$0 00434447 f   libcpmt:string.obj
 0001:0003344f       __ehhandler$?_Xran@_String_base@std@@SAXXZ 0043444f f   libcpmt:string.obj
 0001:0003346a       __unwindfunclet$?_Xinvarg@_String_base@std@@SAXXZ$0 0043446a f   libcpmt:string.obj
 0001:00033472       __ehhandler$?_Xinvarg@_String_base@std@@SAXXZ 00434472 f   libcpmt:string.obj
 0001:00033490       __ehhandler$?ConvertBSTRToString@_com_util@@YGPADPA_W@Z 00434490 f   comsuppw:comutil.obj
 0001:000334b0       ??__EuiTabkey@@YAXXZ       004344b0 f   GlobalFun.obj
 0001:000334d0       ??__Egs_LogFile@@YAXXZ     004344d0 f   main.obj
 0001:000334f0       ??__Eg_TraceBuffer@@YAXXZ  004344f0 f   main.obj
 0001:00033510       ??__EvtMissing@@YAXXZ      00434510 f   comsuppw:comutil.obj
 0001:00033520       ??__Fgs_LogFile@@YAXXZ     00434520 f   main.obj
 0001:00033530       ??__Fg_TraceBuffer@@YAXXZ  00434530 f   main.obj
 0001:00033547       ??__Fnomem@?5???2@YAPAXI@Z@YAXXZ 00434547 f   LIBCMT:new.obj
 0001:00033560       ??__FvtMissing@@YAXXZ      00434560 f   comsuppw:comutil.obj
