 Represent2

 Timestamp is 507eb4b6 (Wed Oct 17 20:37:58 2012)

 Preferred load address is 10000000

 Start         Length     Name                   Class
 0001:00000000 00006e78H .text                   CODE
 0001:00006e80 00000261H .text$x                 CODE
 0002:00000000 000001c4H .idata$5                DATA
 0002:000001c4 00000004H .CRT$XCA                DATA
 0002:000001c8 00000004H .CRT$XCZ                DATA
 0002:000001cc 00000004H .CRT$XIA                DATA
 0002:000001d0 00000004H .CRT$XIAA               DATA
 0002:000001d4 00000004H .CRT$XIC                DATA
 0002:000001d8 00000004H .CRT$XIZ                DATA
 0002:000001e0 000003e8H .rdata                  DATA
 0002:000005c8 00000066H .rdata$debug            DATA
 0002:00000630 0000020cH .rdata$r                DATA
 0002:00000840 00000034H .rdata$sxdata           DATA
 0002:00000874 00000004H .rtc$IAA                DATA
 0002:00000878 00000004H .rtc$IZZ                DATA
 0002:0000087c 00000004H .rtc$TAA                DATA
 0002:00000880 00000004H .rtc$TZZ                DATA
 0002:00000888 000002f4H .xdata$x                DATA
 0002:00000b7c 00000078H .idata$2                DATA
 0002:00000bf4 00000014H .idata$3                DATA
 0002:00000c08 000001c4H .idata$4                DATA
 0002:00000dcc 00000b6aH .idata$6                DATA
 0002:00001940 00000056H .edata                  DATA
 0003:00000000 000000d8H .data                   DATA
 0003:000000d8 00000394H .bss                    DATA

  Address         Publics by Value              Rva+Base       Lib:Object

 0000:00000000       __except_list              00000000     <absolute>
 0000:0000000d       ___safe_se_handler_count   0000000d     <absolute>
 0000:00009876       __fltused                  00009876     <absolute>
 0000:00009876       __ldused                   00009876     <absolute>
 0000:00000000       ___ImageBase               10000000     <linker-defined>
 0001:00000000       ??0KCriticalSection@@QAE@XZ 10001000 f i KImageStore2.obj
 0001:00000010       ??1KCriticalSection@@QAE@XZ 10001010 f i KImageStore2.obj
 0001:00000020       ?Lock@KCriticalSection@@QAEHXZ 10001020 f i KImageStore2.obj
 0001:00000030       ?UnLock@KCriticalSection@@QAEHXZ 10001030 f i KImageStore2.obj
 0001:00000040       ??0KAutoCriticalSection@@QAE@AAVKCriticalSection@@@Z 10001040 f i KImageStore2.obj
 0001:00000060       ??1KAutoCriticalSection@@QAE@XZ 10001060 f i KImageStore2.obj
 0001:00000070       ?ImageNameToId@KImageStore2@@AAEIPBD@Z 10001070 f   KImageStore2.obj
 0001:000000c0       ?CreateAdjustColorPalette@KImageStore2@@AAEPADPBDH@Z 100010c0 f   KImageStore2.obj
 0001:000001f0       ?CreateDirectDrawSurfaceFromBitmap@@YAPAUIDirectDrawSurface@@PAUKSGImageContent@@@Z 100011f0 f   KImageStore2.obj
 0001:00000220       ?GetSprFrame@KImageStore2@@AAEPAXPBDAAU_KISImageObj@1@H@Z 10001220 f   KImageStore2.obj
 0001:00000280       ?SaveImage@KImageStore2@@QAE_NPBD0H@Z 10001280 f   KImageStore2.obj
 0001:00000290       ?SetBalanceParam@KImageStore2@@QAEXHI@Z 10001290 f   KImageStore2.obj
 0001:000002b0       ?ExpandSpace@KImageStore2@@AAE_NXZ 100012b0 f   KImageStore2.obj
 0001:000002f0       ?FindImage@KImageStore2@@AAEHIH@Z 100012f0 f   KImageStore2.obj
 0001:000003b0       ?FreeImageObject@KImageStore2@@AAEXAAU_KISImageObj@1@H@Z 100013b0 f   KImageStore2.obj
 0001:000004d0       ?LoadImageA@KImageStore2@@AAEPAXPBDAAU_KISImageObj@1@HAAPAX@Z 100014d0 f   KImageStore2.obj
 0001:00000650       ??0KImageStore2@@QAE@XZ    10001650 f   KImageStore2.obj
 0001:00000680       ?ClearAllAdjustColorPalette@KImageStore2@@AAEXXZ 10001680 f   KImageStore2.obj
 0001:000006e0       ?GetAdjustColorPalette@KImageStore2@@QAEPADHI@Z 100016e0 f   KImageStore2.obj
 0001:00000790       ?SetAdjustColorList@KImageStore2@@QAEIPAII@Z 10001790 f   KImageStore2.obj
 0001:00000800       ?CreateImage@KImageStore2@@QAEIPBDHHH@Z 10001800 f   KImageStore2.obj
 0001:00000950       ?Free@KImageStore2@@QAEXXZ 10001950 f   KImageStore2.obj
 0001:000009f0       ?FreeImage@KImageStore2@@QAEXPBD@Z 100019f0 f   KImageStore2.obj
 0001:00000ac0       ?GetExistedCreateBitmap@KImageStore2@@QAEPAXPBDIAAF@Z 10001ac0 f   KImageStore2.obj
 0001:00000b30       ?CreateBitmapSurface@KImageStore2@@QAE_NPBDAAIAAF@Z 10001b30 f   KImageStore2.obj
 0001:00000c00       ?Init@KImageStore2@@QAE_NXZ 10001c00 f   KImageStore2.obj
 0001:00000c10       ?CheckBalance@KImageStore2@@AAEXXZ 10001c10 f   KImageStore2.obj
 0001:00000d70       ??1KImageStore2@@QAE@XZ    10001d70 f   KImageStore2.obj
 0001:00000dc0       ?GetImage@KImageStore2@@QAEPAXPBDAAIAAFHHAAPAX@Z 10001dc0 f   KImageStore2.obj
 0001:00000fc0       ?GetImageParam@KImageStore2@@QAE_NPBDHPAUKImageParam@@@Z 10001fc0 f   KImageStore2.obj
 0001:00001140       ?GetImageFrameParam@KImageStore2@@QAE_NPBDHHPAUKRPosition2@@1@Z 10002140 f   KImageStore2.obj
 0001:000011f0       ?GetImagePixelAlpha@KImageStore2@@QAEHPBDHHHH@Z 100021f0 f   KImageStore2.obj
 0001:000012f0       ??3GdiplusBase@Gdiplus@@SAXPAX@Z 100022f0 f i RepresentUtility.obj
 0001:00001300       ??2GdiplusBase@Gdiplus@@SAPAXI@Z 10002300 f i RepresentUtility.obj
 0001:00001310       ??0GdiplusStartupInput@Gdiplus@@QAE@P6GXW4DebugEventLevel@1@PAD@ZHH@Z 10002310 f i RepresentUtility.obj
 0001:00001330       ?SetStatus@Image@Gdiplus@@IBE?AW4Status@2@W432@@Z 10002330 f i RepresentUtility.obj
 0001:00001350       ??0Image@Gdiplus@@QAE@PAUIStream@@H@Z 10002350 f i RepresentUtility.obj
 0001:00001390       ??1Image@Gdiplus@@UAE@XZ   10002390 f i RepresentUtility.obj
 0001:000013a0       ?Save@Image@Gdiplus@@QAE?AW4Status@2@PB_WPBU_GUID@@PBVEncoderParameters@2@@Z 100023a0 f i RepresentUtility.obj
 0001:000013d0       ?SetNativeImage@Image@Gdiplus@@IAEXPAVGpImage@2@@Z 100023d0 f i RepresentUtility.obj
 0001:000013e0       ?GetImageEncodersSize@Gdiplus@@YA?AW4Status@1@PAI0@Z 100023e0 f i RepresentUtility.obj
 0001:000013f0       ?GetImageEncoders@Gdiplus@@YA?AW4Status@1@IIPAVImageCodecInfo@1@@Z 100023f0 f i RepresentUtility.obj
 0001:00001410       ??_H@YGXPAXIHP6EPAX0@Z@Z   10002410 f i RepresentUtility.obj
 0001:00001450       ?InitGdiplus@@YA_NXZ       10002450 f   RepresentUtility.obj
 0001:000014a0       ?ShutdownGdiplus@@YAXXZ    100024a0 f   RepresentUtility.obj
 0001:000014c0       ?GetEncoderClsid@@YAHPB_WPAU_GUID@@@Z 100024c0 f   RepresentUtility.obj
 0001:000015c0       ?SaveBufferToJpgFile32@@YA_NPADPAXHHHI@Z 100025c0 f   RepresentUtility.obj
 0001:000018e0       ?SaveBufferToJpgFile24@@YA_NPADPAXHHHI@Z 100028e0 f   RepresentUtility.obj
 0001:00001c00       ??_EImage@Gdiplus@@UAEPAXI@Z 10002c00 f i RepresentUtility.obj
 0001:00001c00       ??_GImage@Gdiplus@@UAEPAXI@Z 10002c00 f i RepresentUtility.obj
 0001:00001c30       ??0Image@Gdiplus@@IAE@PAVGpImage@1@W4Status@1@@Z 10002c30 f i RepresentUtility.obj
 0001:00001c50       ?Clone@Image@Gdiplus@@UAEPAV12@XZ 10002c50 f i RepresentUtility.obj
 0001:00001ca0       ?AdviseRepresent@KRepresentShell2@@UAEJPAUIInlinePicEngineSink@@@Z 10002ca0 f   KRepresentShell2.obj
 0001:00001cb0       ?UnAdviseRepresent@KRepresentShell2@@UAEJPAUIInlinePicEngineSink@@@Z 10002cb0 f   KRepresentShell2.obj
 0001:00001cd0       ??0iRepresentShell@@QAE@XZ 10002cd0 f i KRepresentShell2.obj
 0001:00001ce0       ??1KRepresentShell2@@AAE@XZ 10002ce0 f   KRepresentShell2.obj
 0001:00001d90       ?SetLightInfo@KRepresentShell2@@UAEXHHPAI@Z 10002d90 f i KRepresentShell2.obj
 0001:00001da0       ?SetOption@KRepresentShell2@@UAEXW4RepresentOption@@_N@Z 10002da0 f i KRepresentShell2.obj
 0001:00001db0       ?SetGamma@KRepresentShell2@@UAEXH@Z 10002db0 f i KRepresentShell2.obj
 0001:00001dc0       ?SetAdjustColorList@KRepresentShell2@@UAEIPAII@Z 10002dc0 f   KRepresentShell2.obj
 0001:00001dd0       ?Create@KRepresentShell2@@UAE_NHH_N@Z 10002dd0 f   KRepresentShell2.obj
 0001:00001e40       ?CreateAFont@KRepresentShell2@@UAE_NPBDW4CHARACTER_CODE_SET@@H@Z 10002e40 f   KRepresentShell2.obj
 0001:00001fe0       ?CreateImage@KRepresentShell2@@UAEIPBDHHH@Z 10002fe0 f   KRepresentShell2.obj
 0001:00001ff0       ?DrawPrimitivesOnImage@KRepresentShell2@@UAEXHPAUKRepresentUnit@@IPBDIAAF@Z 10002ff0 f   KRepresentShell2.obj
 0001:00002240       ?ClearImageData@KRepresentShell2@@UAEXPBDIF@Z 10003240 f   KRepresentShell2.obj
 0001:00002280       ?FreeAllImage@KRepresentShell2@@UAEXXZ 10003280 f   KRepresentShell2.obj
 0001:00002290       ?FreeImage@KRepresentShell2@@UAEXPBD@Z 10003290 f   KRepresentShell2.obj
 0001:000022a0       ?GetBitmapDataBuffer@KRepresentShell2@@UAEPAXPBDPAUKBitmapDataBuffInfo@@@Z 100032a0 f   KRepresentShell2.obj
 0001:00002360       ?ReleaseBitmapDataBuffer@KRepresentShell2@@UAEXPBDPAX@Z 10003360 f   KRepresentShell2.obj
 0001:000023c0       ?GetImageParam@KRepresentShell2@@UAE_NPBDPAUKImageParam@@H@Z 100033c0 f   KRepresentShell2.obj
 0001:000023e0       ?GetImageFrameParam@KRepresentShell2@@UAE_NPBDHPAUKRPosition2@@1H@Z 100033e0 f   KRepresentShell2.obj
 0001:00002410       ?GetImagePixelAlpha@KRepresentShell2@@UAEHPBDHHHH@Z 10003410 f   KRepresentShell2.obj
 0001:00002440       ?LookAt@KRepresentShell2@@UAEXHHH@Z 10003440 f   KRepresentShell2.obj
 0001:00002490       ??_GKRepresentShell2@@AAEPAXI@Z 10003490 f i KRepresentShell2.obj
 0001:000024b0       ?ReleaseAFont@KRepresentShell2@@UAEXH@Z 100034b0 f   KRepresentShell2.obj
 0001:00002510       ?Reset@KRepresentShell2@@UAE_NHH_N@Z 10003510 f   KRepresentShell2.obj
 0001:00002520       ?SaveImage@KRepresentShell2@@UAE_NPBD0H@Z 10003520 f   KRepresentShell2.obj
 0001:00002530       ?SetImageStoreBalanceParam@KRepresentShell2@@UAEXHI@Z 10003530 f   KRepresentShell2.obj
 0001:00002540       ?CopyDeviceImageToImage@KRepresentShell2@@UAE_NPBDHHHHHH@Z 10003540 f   KRepresentShell2.obj
 0001:00002640       ?CoordinateTransform@KRepresentShell2@@AAEXAAH0H@Z 10003640 f   KRepresentShell2.obj
 0001:00002680       ?RepresentBegin@KRepresentShell2@@UAE_NHI@Z 10003680 f   KRepresentShell2.obj
 0001:000026c0       ?RepresentEnd@KRepresentShell2@@UAEXXZ 100036c0 f   KRepresentShell2.obj
 0001:000026d0       ?ViewPortCoordToSpaceCoord@KRepresentShell2@@UAEXAAH0H@Z 100036d0 f   KRepresentShell2.obj
 0001:00002700       ?SaveScreenToFile@KRepresentShell2@@UAE_NPBDW4ScreenFileType@@I@Z 10003700 f   KRepresentShell2.obj
 0001:00002950       ??0KRepresentShell2@@QAE@XZ 10003950 f   KRepresentShell2.obj
 0001:00002a20       ?DrawPrimitives@KRepresentShell2@@UAEXHPAUKRepresentUnit@@IH@Z 10003a20 f   KRepresentShell2.obj
 0001:00003630       ?OutputText@KRepresentShell2@@UAEXHPBDHHHIHHI@Z 10004630 f   KRepresentShell2.obj
 0001:000036e0       ?OutputRichText@KRepresentShell2@@UAEHHPAUKOutputTextParam@@PBDHH@Z 100046e0 f   KRepresentShell2.obj
 0001:000037d0       ?LocateRichText@KRepresentShell2@@UAEHHHHPAUKOutputTextParam@@PBDHH@Z 100047d0 f   KRepresentShell2.obj
 0001:000038d0       ?Release@KRepresentShell2@@UAEXXZ 100048d0 f   KRepresentShell2.obj
 0001:00003900       _CreateRepresentShell      10004900 f   KRepresentShell2.obj
 0001:00003920       ??0iFont@@QAE@XZ           10004920 f i KFont2.obj
 0001:00003930       ?Init@KFont2@@UAE_NPAX@Z   10004930 f   KFont2.obj
 0001:00003950       ?Terminate@KFont2@@UAEXXZ  10004950 f   KFont2.obj
 0001:00003960       ?Load@KFont2@@UAE_NPBD@Z   10004960 f   KFont2.obj
 0001:000039b0       ?SetBorderColor@KFont2@@UAEXI@Z 100049b0 f   KFont2.obj
 0001:000039e0       ?DrawCharacter@KFont2@@ABEXHHEEH@Z 100049e0 f   KFont2.obj
 0001:00003a40       ?GetFontSize@KFont2@@UAEXPAH0@Z 10004a40 f   KFont2.obj
 0001:00003a60       ?SetOutputSize@KFont2@@UAEXHH@Z 10004a60 f   KFont2.obj
 0001:00003aa0       ?Clone@KFont2@@UAEPAUiFont@@XZ 10004aa0 f   KFont2.obj
 0001:00003ac0       ??0KFont2@@QAE@XZ          10004ac0 f   KFont2.obj
 0001:00003b10       ??1KFont2@@AAE@XZ          10004b10 f   KFont2.obj
 0001:00003b70       ?OutputText@KFont2@@UAEXPBDHHHIH@Z 10004b70 f   KFont2.obj
 0001:00003db0       ??_GKFont2@@AAEPAXI@Z      10004db0 f i KFont2.obj
 0001:00003dd0       ?Release@KFont2@@UAEXXZ    10004dd0 f   KFont2.obj
 0001:00003e00       ??0KFontData@@QAE@XZ       10004e00 f   KFontData.obj
 0001:00003e20       ?GetInfo@KFontData@@QBEXAAH0@Z 10004e20 f   KFontData.obj
 0001:00003e40       ?Terminate@KFontData@@QAEXXZ 10004e40 f   KFontData.obj
 0001:00003e80       ?GetCharacterData@KFontData@@QBEPAEEE@Z 10004e80 f   KFontData.obj
 0001:00003ed0       ??1KFontData@@QAE@XZ       10004ed0 f   KFontData.obj
 0001:00003ee0       ?Load@KFontData@@QAE_NPBD@Z 10004ee0 f   KFontData.obj
 0001:00004070       ?Backup@KTextProcess@@QAEXXZ 10005070 f i TextProcess.obj
 0001:000040a0       ?Restore@KTextProcess@@QAEXXZ 100050a0 f i TextProcess.obj
 0001:000040d0       ??0KTextProcess@@QAE@XZ    100050d0 f   TextProcess.obj
 0001:000040f0       ?SetContent@KTextProcess@@QAEXPBDHH@Z 100050f0 f   TextProcess.obj
 0001:00004140       ?GetSimplexText@KTextProcess@@AAEHAAHAAUKTP_CTRL@1@1H@Z 10005140 f   TextProcess.obj
 0001:000043f0       ?GetCurLineHeight@KTextProcess@@QAEXAAH0HH@Z 100053f0 f   TextProcess.obj
 0001:000045e0       ??0KTextProcess@@QAE@PBDHH@Z 100055e0 f   TextProcess.obj
 0001:00004600       ?SeekToSpecialLine@KTextProcess@@QAEHHAAUKTP_CTRL@1@0AAHHH@Z 10005600 f   TextProcess.obj
 0001:00004a00       ?DrawTextLine@KTextProcess@@QAEHPAUiFont@@HPAUKOutputTextParam@@@Z 10005a00 f   TextProcess.obj
 0001:00004f30       ?TransXYPosToCharOffset@KTextProcess@@QAEHHHPAUiFont@@HPAUKOutputTextParam@@@Z 10005f30 f   TextProcess.obj
 0001:00005520       ?RIO_Set16BitImageFormat@@YAXH@Z 10006520 f   ImageOperation.obj
 0001:000055e0       ?RIO_CopySprToBuffer@@YAXPAXHH00HHHH@Z 100065e0 f   ImageOperation.obj
 0001:00005890       ?RIO_CopySprToBufferAlpha@@YAXPAXHH00HHHH@Z 10006890 f   ImageOperation.obj
 0001:00005e10       ?RIO_CopyBitmap16ToBuffer@@YAXPAXHH0HHHH@Z 10006e10 f   ImageOperation.obj
 0001:00005ed0       ?RIO_CopySprToBuffer3LevelAlpha@@YAXPAXHH00HHHH@Z 10006ed0 f   ImageOperation.obj
 0001:0000619e       _GdipFree@4                1000719e f   GdiPlus:gdiplus.dll
 0001:000061a4       _GdipAlloc@4               100071a4 f   GdiPlus:gdiplus.dll
 0001:000061aa       _GdipLoadImageFromStream@8 100071aa f   GdiPlus:gdiplus.dll
 0001:000061b0       _GdipLoadImageFromStreamICM@8 100071b0 f   GdiPlus:gdiplus.dll
 0001:000061b6       _GdipDisposeImage@4        100071b6 f   GdiPlus:gdiplus.dll
 0001:000061bc       _GdipSaveImageToFile@16    100071bc f   GdiPlus:gdiplus.dll
 0001:000061c2       _GdipGetImageEncodersSize@8 100071c2 f   GdiPlus:gdiplus.dll
 0001:000061c8       _GdipGetImageEncoders@12   100071c8 f   GdiPlus:gdiplus.dll
 0001:000061ce       _GdiplusStartup@12         100071ce f   GdiPlus:gdiplus.dll
 0001:000061d4       _GdiplusShutdown@4         100071d4 f   GdiPlus:gdiplus.dll
 0001:000061da       _GdipCloneImage@8          100071da f   GdiPlus:gdiplus.dll
 0001:000061e0       _InitializeCriticalSection@4 100071e0 f   kernel32:KERNEL32.dll
 0001:000061e6       _DeleteCriticalSection@4   100071e6 f   kernel32:KERNEL32.dll
 0001:000061ec       _EnterCriticalSection@4    100071ec f   kernel32:KERNEL32.dll
 0001:000061f2       _LeaveCriticalSection@4    100071f2 f   kernel32:KERNEL32.dll
 0001:000061f8       _GlobalMemoryStatus@4      100071f8 f   kernel32:KERNEL32.dll
 0001:000061fe       _MultiByteToWideChar@24    100071fe f   kernel32:KERNEL32.dll
 0001:00006204       _ClientToScreen@8          10007204 f   user32:USER32.dll
 0001:0000620a       _GetClientRect@8           1000720a f   user32:USER32.dll
 0001:00006210       _CreateStreamOnHGlobal@12  10007210 f   ole32:ole32.dll
 0001:00006216       ?g_Pal16ToPal24@@YAXPAGPAUKPAL24@@H@Z 10007216 f   engine:Engine.dll
 0001:0000621c       ?CreateSurface@KDirectDraw@@QAEPAUIDirectDrawSurface@@HH@Z 1000721c f   engine:Engine.dll
 0001:00006222       ?SprGetFrame@@YAPAUSPRFRAME@@PAUSPRHEAD@@H@Z 10007222 f   engine:Engine.dll
 0001:00006228       ?release_image@@YAXPAUKSGImageContent@@@Z 10007228 f   engine:Engine.dll
 0001:0000622e       ?SprReleaseFrame@@YAXPAUSPRFRAME@@@Z 1000722e f   engine:Engine.dll
 0001:00006234       ?SprReleaseHeader@@YAXPAUSPRHEAD@@@Z 10007234 f   engine:Engine.dll
 0001:0000623a       ?get_jpg_image@@YAPAUKSGImageContent@@QBDI@Z 1000723a f   engine:Engine.dll
 0001:00006240       ?g_Pal24ToPal16@@YAXPAUKPAL24@@PAGH@Z 10007240 f   engine:Engine.dll
 0001:00006246       ?SprGetHeader@@YAPAUSPRHEAD@@PBDAAPAUSPROFFS@@@Z 10007246 f   engine:Engine.dll
 0001:0000624c       ??1KCanvas@@QAE@XZ         1000724c f   engine:Engine.dll
 0001:00006252       ??1KDirectDraw@@QAE@XZ     10007252 f   engine:Engine.dll
 0001:00006258       ?Exit@KDirectDraw@@QAEXXZ  10007258 f   engine:Engine.dll
 0001:0000625e       ?Init@KCanvas@@QAE_NHH@Z   1000725e f   engine:Engine.dll
 0001:00006264       ?Init@KDirectDraw@@QAEHXZ  10007264 f   engine:Engine.dll
 0001:0000626a       ?Mode@KDirectDraw@@QAEXHHH@Z 1000726a f   engine:Engine.dll
 0001:00006270       ?UnlockCanvas@KCanvas@@QAEXXZ 10007270 f   engine:Engine.dll
 0001:00006276       ?LockCanvas@KCanvas@@QAEPAXAAH@Z 10007276 f   engine:Engine.dll
 0001:0000627c       ?FillCanvas@KCanvas@@QAEXG@Z 1000727c f   engine:Engine.dll
 0001:00006282       ?UpdateScreen@KCanvas@@QAEXXZ 10007282 f   engine:Engine.dll
 0001:00006288       ?SaveBuffer24@KBmpFile24@@SAHPADPAXHHH@Z 10007288 f   engine:Engine.dll
 0001:0000628e       ?UnLockPrimaryBuffer@KDirectDraw@@QAEXXZ 1000728e f   engine:Engine.dll
 0001:00006294       ?LockPrimaryBuffer@KDirectDraw@@QAEPAXXZ 10007294 f   engine:Engine.dll
 0001:0000629a       ?g_GetMainHWnd@@YAPAUHWND__@@XZ 1000729a f   engine:Engine.dll
 0001:000062a0       ??0KDirectDraw@@QAE@XZ     100072a0 f   engine:Engine.dll
 0001:000062a6       ??0KCanvas@@QAE@XZ         100072a6 f   engine:Engine.dll
 0001:000062ac       ?BltSurface@KCanvas@@QAEXPAUIDirectDrawSurface@@PAUtagRECT@@@Z 100072ac f   engine:Engine.dll
 0001:000062b2       ?ClearAlpha@KCanvas@@QAEXHHHHHH@Z 100072b2 f   engine:Engine.dll
 0001:000062b8       ?DrawLineAlpha@KCanvas@@QAEXHHHHHH@Z 100072b8 f   engine:Engine.dll
 0001:000062be       ?DrawLine@KCanvas@@QAEXHHHHH@Z 100072be f   engine:Engine.dll
 0001:000062c4       ?DrawPixel@KCanvas@@QAEXHHH@Z 100072c4 f   engine:Engine.dll
 0001:000062ca       ?DrawBitmap16@KCanvas@@QAEXHHHHPAX@Z 100072ca f   engine:Engine.dll
 0001:000062d0       ?DrawSprite@KCanvas@@QAEXHHHHPAX0@Z 100072d0 f   engine:Engine.dll
 0001:000062d6       ?DrawSprite3LevelAlpha@KCanvas@@QAEXHHHHPAX0@Z 100072d6 f   engine:Engine.dll
 0001:000062dc       ?DrawSpriteAlpha@KCanvas@@QAEXHHHHPAX0H@Z 100072dc f   engine:Engine.dll
 0001:000062e2       ?Terminate@KCanvas@@QAEXXZ 100072e2 f   engine:Engine.dll
 0001:000062e8       ?DrawFontWithBorder@KCanvas@@QAEXHHHHHHPAXH@Z 100072e8 f   engine:Engine.dll
 0001:000062ee       _TIsCharacterNotAlowAtLineHead 100072ee f   engine:Engine.dll
 0001:000062f4       _TGetSecondVisibleCharacterThisLine 100072f4 f   engine:Engine.dll
 0001:000062fa       ?Close@KPakFile@@QAEXXZ    100072fa f   engine:Engine.dll
 0001:00006300       ?Read@KPakFile@@QAEKPAXI@Z 10007300 f   engine:Engine.dll
 0001:00006306       ??1KPakFile@@QAE@XZ        10007306 f   engine:Engine.dll
 0001:0000630c       ?Open@KPakFile@@QAEHPBD@Z  1000730c f   engine:Engine.dll
 0001:00006312       ??0KPakFile@@QAE@XZ        10007312 f   engine:Engine.dll
 0001:00006318       _malloc                    10007318 f   MSVCRT:MSVCR80.dll
 0001:0000631e       _realloc                   1000731e f   MSVCRT:MSVCR80.dll
 0001:00006324       _free                      10007324 f   MSVCRT:MSVCR80.dll
 0001:0000632a       _memset                    1000732a f   MSVCRT:MSVCR80.dll
 0001:00006330       _memcpy                    10007330 f   MSVCRT:MSVCR80.dll
 0001:00006336       ___CxxFrameHandler3        10007336 f   MSVCRT:MSVCR80.dll
 0001:0000633c       @__security_check_cookie@4 1000733c f   MSVCRT:secchk.obj
 0001:0000634b       ??0type_info@@AAE@ABV0@@Z  1000734b f   MSVCRT:ti_inst.obj
 0001:00006356       ??_Etype_info@@UAEPAXI@Z   10007356 f i MSVCRT:ti_inst.obj
 0001:0000639f       ??4type_info@@AAEAAV0@ABV0@@Z 1000739f f   MSVCRT:ti_inst.obj
 0001:000063a4       ??3@YAXPAX@Z               100073a4 f   MSVCRT:MSVCR80.dll
 0001:000063aa       ??2@YAPAXI@Z               100073aa f   MSVCRT:MSVCR80.dll
 0001:000063b0       __purecall                 100073b0 f   MSVCRT:MSVCR80.dll
 0001:000063b6       _atoi                      100073b6 f   MSVCRT:MSVCR80.dll
 0001:000063c0       __ftol2_sse                100073c0 f   MSVCRT:ftol2.obj
 0001:000063c9       __ftol2_pentium4           100073c9 f   MSVCRT:ftol2.obj
 0001:000063dc       __ftol2_sse_excpt          100073dc f   MSVCRT:ftol2.obj
 0001:000063f6       __ftol2                    100073f6 f   MSVCRT:ftol2.obj
 0001:0000646b       _NtCurrentTeb              1000746b f i MSVCRT:crtdll.obj
 0001:000064bf       __CRT_INIT@12              100074bf f   MSVCRT:crtdll.obj
 0001:00006798       __DllMainCRTStartup@12     10007798 f   MSVCRT:crtdll.obj
 0001:000067b9       ___report_gsfailure        100077b9 f   MSVCRT:gs_report.obj
 0001:000068cf       ?__ArrayUnwind@@YGXPAXIHP6EX0@Z@Z 100078cf f   MSVCRT:ehvecdtr.obj
 0001:0000692d       ??_M@YGXPAXIHP6EX0@Z@Z     1000792d f   MSVCRT:ehvecdtr.obj
 0001:000069e0       __get_sse2_info            100079e0 f   MSVCRT:cpu_disp.obj
 0001:00006a40       ___sse2_available_init     10007a40 f   MSVCRT:cpu_disp.obj
 0001:00006a4d       ___clean_type_info_names   10007a4d f   MSVCRT:tncleanup.obj
 0001:00006a59       __onexit                   10007a59 f   MSVCRT:atonexit.obj
 0001:00006afe       _atexit                    10007afe f   MSVCRT:atonexit.obj
 0001:00006b10       __RTC_Initialize           10007b10 f   MSVCRT:initsect.obj
 0001:00006b34       __RTC_Terminate            10007b34 f   MSVCRT:initsect.obj
 0001:00006b58       __encode_pointer           10007b58 f   MSVCRT:MSVCR80.dll
 0001:00006b5e       __malloc_crt               10007b5e f   MSVCRT:MSVCR80.dll
 0001:00006b64       __encoded_null             10007b64 f   MSVCRT:MSVCR80.dll
 0001:00006b6a       __decode_pointer           10007b6a f   MSVCRT:MSVCR80.dll
 0001:00006b70       __ValidateImageBase        10007b70 f   MSVCRT:pesect.obj
 0001:00006ba0       __FindPESection            10007ba0 f   MSVCRT:pesect.obj
 0001:00006bf0       __IsNonwritableInCurrentImage 10007bf0 f   MSVCRT:pesect.obj
 0001:00006cac       __initterm                 10007cac f   MSVCRT:MSVCR80.dll
 0001:00006cb2       __initterm_e               10007cb2 f   MSVCRT:MSVCR80.dll
 0001:00006cb8       __amsg_exit                10007cb8 f   MSVCRT:MSVCR80.dll
 0001:00006cbe       ___CppXcptFilter           10007cbe f   MSVCRT:MSVCR80.dll
 0001:00006cc4       _DllMain@12                10007cc4 f   MSVCRT:dllmain.obj
 0001:00006ce4       __SEH_prolog4              10007ce4 f   MSVCRT:sehprolg4.obj
 0001:00006d29       __SEH_epilog4              10007d29 f   MSVCRT:sehprolg4.obj
 0001:00006d3d       __except_handler4          10007d3d f   MSVCRT:chandler4gs.obj
 0001:00006d60       ___security_init_cookie    10007d60 f   MSVCRT:gs_support.obj
 0001:00006df4       __crt_debugger_hook        10007df4 f   MSVCRT:MSVCR80.dll
 0001:00006dfa       ?terminate@@YAXXZ          10007dfa f   MSVCRT:MSVCR80.dll
 0001:00006e00       ?_type_info_dtor_internal_method@type_info@@QAEXXZ 10007e00 f   MSVCRT:MSVCR80.dll
 0001:00006e00       ??1type_info@@UAE@XZ       10007e00 f   MSVCRT:MSVCR80.dll
 0001:00006e06       ___clean_type_info_names_internal 10007e06 f   MSVCRT:MSVCR80.dll
 0001:00006e0c       __unlock                   10007e0c f   MSVCRT:MSVCR80.dll
 0001:00006e12       ___dllonexit               10007e12 f   MSVCRT:MSVCR80.dll
 0001:00006e18       __lock                     10007e18 f   MSVCRT:MSVCR80.dll
 0001:00006e1e       __except_handler4_common   10007e1e f   MSVCRT:MSVCR80.dll
 0001:00006e24       _InterlockedExchange@8     10007e24 f   kernel32:KERNEL32.dll
 0001:00006e2a       _Sleep@4                   10007e2a f   kernel32:KERNEL32.dll
 0001:00006e30       _InterlockedCompareExchange@12 10007e30 f   kernel32:KERNEL32.dll
 0001:00006e36       _TerminateProcess@8        10007e36 f   kernel32:KERNEL32.dll
 0001:00006e3c       _GetCurrentProcess@0       10007e3c f   kernel32:KERNEL32.dll
 0001:00006e42       _UnhandledExceptionFilter@4 10007e42 f   kernel32:KERNEL32.dll
 0001:00006e48       _SetUnhandledExceptionFilter@4 10007e48 f   kernel32:KERNEL32.dll
 0001:00006e4e       _IsDebuggerPresent@0       10007e4e f   kernel32:KERNEL32.dll
 0001:00006e54       _DisableThreadLibraryCalls@4 10007e54 f   kernel32:KERNEL32.dll
 0001:00006e5a       _QueryPerformanceCounter@4 10007e5a f   kernel32:KERNEL32.dll
 0001:00006e60       _GetTickCount@0            10007e60 f   kernel32:KERNEL32.dll
 0001:00006e66       _GetCurrentThreadId@0      10007e66 f   kernel32:KERNEL32.dll
 0001:00006e6c       _GetCurrentProcessId@0     10007e6c f   kernel32:KERNEL32.dll
 0001:00006e72       _GetSystemTimeAsFileTime@4 10007e72 f   kernel32:KERNEL32.dll
 0002:00000000       __imp_?DrawBitmap16@KCanvas@@QAEXHHHHPAX@Z 10009000     engine:Engine.dll
 0002:00000004       __imp_?Read@KPakFile@@QAEKPAXI@Z 10009004     engine:Engine.dll
 0002:00000008       __imp_?Close@KPakFile@@QAEXXZ 10009008     engine:Engine.dll
 0002:0000000c       __imp__TGetSecondVisibleCharacterThisLine 1000900c     engine:Engine.dll
 0002:00000010       __imp__TIsCharacterNotAlowAtLineHead 10009010     engine:Engine.dll
 0002:00000014       __imp_?DrawFontWithBorder@KCanvas@@QAEXHHHHHHPAXH@Z 10009014     engine:Engine.dll
 0002:00000018       __imp_?Terminate@KCanvas@@QAEXXZ 10009018     engine:Engine.dll
 0002:0000001c       __imp_?DrawSpriteAlpha@KCanvas@@QAEXHHHHPAX0H@Z 1000901c     engine:Engine.dll
 0002:00000020       __imp_?DrawSprite3LevelAlpha@KCanvas@@QAEXHHHHPAX0@Z 10009020     engine:Engine.dll
 0002:00000024       __imp_?DrawSprite@KCanvas@@QAEXHHHHPAX0@Z 10009024     engine:Engine.dll
 0002:00000028       __imp_?DrawPixel@KCanvas@@QAEXHHH@Z 10009028     engine:Engine.dll
 0002:0000002c       __imp_?DrawLine@KCanvas@@QAEXHHHHH@Z 1000902c     engine:Engine.dll
 0002:00000030       __imp_?DrawLineAlpha@KCanvas@@QAEXHHHHHH@Z 10009030     engine:Engine.dll
 0002:00000034       __imp_?ClearAlpha@KCanvas@@QAEXHHHHHH@Z 10009034     engine:Engine.dll
 0002:00000038       __imp_?BltSurface@KCanvas@@QAEXPAUIDirectDrawSurface@@PAUtagRECT@@@Z 10009038     engine:Engine.dll
 0002:0000003c       __imp_??0KCanvas@@QAE@XZ   1000903c     engine:Engine.dll
 0002:00000040       __imp_??0KDirectDraw@@QAE@XZ 10009040     engine:Engine.dll
 0002:00000044       __imp_?g_GetMainHWnd@@YAPAUHWND__@@XZ 10009044     engine:Engine.dll
 0002:00000048       __imp_?LockPrimaryBuffer@KDirectDraw@@QAEPAXXZ 10009048     engine:Engine.dll
 0002:0000004c       __imp_?UnLockPrimaryBuffer@KDirectDraw@@QAEXXZ 1000904c     engine:Engine.dll
 0002:00000050       __imp_?SaveBuffer24@KBmpFile24@@SAHPADPAXHHH@Z 10009050     engine:Engine.dll
 0002:00000054       __imp_??0KPakFile@@QAE@XZ  10009054     engine:Engine.dll
 0002:00000058       __imp_?Open@KPakFile@@QAEHPBD@Z 10009058     engine:Engine.dll
 0002:0000005c       __imp_?g_RGB@@3P6AGHHH@ZA  1000905c     engine:Engine.dll
 0002:00000060       __imp_?g_Pal16ToPal24@@YAXPAGPAUKPAL24@@H@Z 10009060     engine:Engine.dll
 0002:00000064       __imp_?CreateSurface@KDirectDraw@@QAEPAUIDirectDrawSurface@@HH@Z 10009064     engine:Engine.dll
 0002:00000068       __imp_?g_pDirectDraw@@3PAVKDirectDraw@@A 10009068     engine:Engine.dll
 0002:0000006c       __imp_?SprGetFrame@@YAPAUSPRFRAME@@PAUSPRHEAD@@H@Z 1000906c     engine:Engine.dll
 0002:00000070       __imp_?release_image@@YAXPAUKSGImageContent@@@Z 10009070     engine:Engine.dll
 0002:00000074       __imp_?SprReleaseFrame@@YAXPAUSPRFRAME@@@Z 10009074     engine:Engine.dll
 0002:00000078       __imp_?SprReleaseHeader@@YAXPAUSPRHEAD@@@Z 10009078     engine:Engine.dll
 0002:0000007c       __imp_?get_jpg_image@@YAPAUKSGImageContent@@QBDI@Z 1000907c     engine:Engine.dll
 0002:00000080       __imp_?g_Pal24ToPal16@@YAXPAUKPAL24@@PAGH@Z 10009080     engine:Engine.dll
 0002:00000084       __imp_?SprGetHeader@@YAPAUSPRHEAD@@PBDAAPAUSPROFFS@@@Z 10009084     engine:Engine.dll
 0002:00000088       __imp_??1KCanvas@@QAE@XZ   10009088     engine:Engine.dll
 0002:0000008c       __imp_??1KDirectDraw@@QAE@XZ 1000908c     engine:Engine.dll
 0002:00000090       __imp_?Exit@KDirectDraw@@QAEXXZ 10009090     engine:Engine.dll
 0002:00000094       __imp_?Init@KCanvas@@QAE_NHH@Z 10009094     engine:Engine.dll
 0002:00000098       __imp_?Init@KDirectDraw@@QAEHXZ 10009098     engine:Engine.dll
 0002:0000009c       __imp_?Mode@KDirectDraw@@QAEXHHH@Z 1000909c     engine:Engine.dll
 0002:000000a0       __imp_?UnlockCanvas@KCanvas@@QAEXXZ 100090a0     engine:Engine.dll
 0002:000000a4       __imp_?LockCanvas@KCanvas@@QAEPAXAAH@Z 100090a4     engine:Engine.dll
 0002:000000a8       __imp_?FillCanvas@KCanvas@@QAEXG@Z 100090a8     engine:Engine.dll
 0002:000000ac       __imp_?UpdateScreen@KCanvas@@QAEXXZ 100090ac     engine:Engine.dll
 0002:000000b0       __imp_??1KPakFile@@QAE@XZ  100090b0     engine:Engine.dll
 0002:000000b4       \177Engine_NULL_THUNK_DATA 100090b4     engine:Engine.dll
 0002:000000b8       __imp__Sleep@4             100090b8     kernel32:KERNEL32.dll
 0002:000000bc       __imp__MultiByteToWideChar@24 100090bc     kernel32:KERNEL32.dll
 0002:000000c0       __imp__GlobalMemoryStatus@4 100090c0     kernel32:KERNEL32.dll
 0002:000000c4       __imp__LeaveCriticalSection@4 100090c4     kernel32:KERNEL32.dll
 0002:000000c8       __imp__EnterCriticalSection@4 100090c8     kernel32:KERNEL32.dll
 0002:000000cc       __imp__DeleteCriticalSection@4 100090cc     kernel32:KERNEL32.dll
 0002:000000d0       __imp__InitializeCriticalSection@4 100090d0     kernel32:KERNEL32.dll
 0002:000000d4       __imp__InterlockedCompareExchange@12 100090d4     kernel32:KERNEL32.dll
 0002:000000d8       __imp__TerminateProcess@8  100090d8     kernel32:KERNEL32.dll
 0002:000000dc       __imp__GetSystemTimeAsFileTime@4 100090dc     kernel32:KERNEL32.dll
 0002:000000e0       __imp__GetCurrentProcess@0 100090e0     kernel32:KERNEL32.dll
 0002:000000e4       __imp__UnhandledExceptionFilter@4 100090e4     kernel32:KERNEL32.dll
 0002:000000e8       __imp__SetUnhandledExceptionFilter@4 100090e8     kernel32:KERNEL32.dll
 0002:000000ec       __imp__IsDebuggerPresent@0 100090ec     kernel32:KERNEL32.dll
 0002:000000f0       __imp__DisableThreadLibraryCalls@4 100090f0     kernel32:KERNEL32.dll
 0002:000000f4       __imp__QueryPerformanceCounter@4 100090f4     kernel32:KERNEL32.dll
 0002:000000f8       __imp__GetTickCount@0      100090f8     kernel32:KERNEL32.dll
 0002:000000fc       __imp__GetCurrentThreadId@0 100090fc     kernel32:KERNEL32.dll
 0002:00000100       __imp__GetCurrentProcessId@0 10009100     kernel32:KERNEL32.dll
 0002:00000104       __imp__InterlockedExchange@8 10009104     kernel32:KERNEL32.dll
 0002:00000108       \177KERNEL32_NULL_THUNK_DATA 10009108     kernel32:KERNEL32.dll
 0002:0000010c       __imp___crt_debugger_hook  1000910c     MSVCRT:MSVCR80.dll
 0002:00000110       __imp___except_handler4_common 10009110     MSVCRT:MSVCR80.dll
 0002:00000114       __imp___onexit             10009114     MSVCRT:MSVCR80.dll
 0002:00000118       __imp__malloc              10009118     MSVCRT:MSVCR80.dll
 0002:0000011c       __imp__realloc             1000911c     MSVCRT:MSVCR80.dll
 0002:00000120       __imp__free                10009120     MSVCRT:MSVCR80.dll
 0002:00000124       __imp__memset              10009124     MSVCRT:MSVCR80.dll
 0002:00000128       __imp__memcpy              10009128     MSVCRT:MSVCR80.dll
 0002:0000012c       __imp____CxxFrameHandler3  1000912c     MSVCRT:MSVCR80.dll
 0002:00000130       __imp_??3@YAXPAX@Z         10009130     MSVCRT:MSVCR80.dll
 0002:00000134       __imp_??2@YAPAXI@Z         10009134     MSVCRT:MSVCR80.dll
 0002:00000138       __imp___purecall           10009138     MSVCRT:MSVCR80.dll
 0002:0000013c       __imp__atoi                1000913c     MSVCRT:MSVCR80.dll
 0002:00000140       __imp___encode_pointer     10009140     MSVCRT:MSVCR80.dll
 0002:00000144       __imp___malloc_crt         10009144     MSVCRT:MSVCR80.dll
 0002:00000148       __imp___encoded_null       10009148     MSVCRT:MSVCR80.dll
 0002:0000014c       __imp___decode_pointer     1000914c     MSVCRT:MSVCR80.dll
 0002:00000150       __imp___initterm           10009150     MSVCRT:MSVCR80.dll
 0002:00000154       __imp___initterm_e         10009154     MSVCRT:MSVCR80.dll
 0002:00000158       __imp___amsg_exit          10009158     MSVCRT:MSVCR80.dll
 0002:0000015c       __imp___adjust_fdiv        1000915c     MSVCRT:MSVCR80.dll
 0002:00000160       __imp____CppXcptFilter     10009160     MSVCRT:MSVCR80.dll
 0002:00000164       __imp___lock               10009164     MSVCRT:MSVCR80.dll
 0002:00000168       __imp_?terminate@@YAXXZ    10009168     MSVCRT:MSVCR80.dll
 0002:0000016c       __imp_?_type_info_dtor_internal_method@type_info@@QAEXXZ 1000916c     MSVCRT:MSVCR80.dll
 0002:00000170       __imp____clean_type_info_names_internal 10009170     MSVCRT:MSVCR80.dll
 0002:00000174       __imp___unlock             10009174     MSVCRT:MSVCR80.dll
 0002:00000178       __imp____dllonexit         10009178     MSVCRT:MSVCR80.dll
 0002:0000017c       \177MSVCR80_NULL_THUNK_DATA 1000917c     MSVCRT:MSVCR80.dll
 0002:00000180       __imp__GetClientRect@8     10009180     user32:USER32.dll
 0002:00000184       __imp__ClientToScreen@8    10009184     user32:USER32.dll
 0002:00000188       \177USER32_NULL_THUNK_DATA 10009188     user32:USER32.dll
 0002:0000018c       __imp__GdipAlloc@4         1000918c     GdiPlus:gdiplus.dll
 0002:00000190       __imp__GdipFree@4          10009190     GdiPlus:gdiplus.dll
 0002:00000194       __imp__GdipCloneImage@8    10009194     GdiPlus:gdiplus.dll
 0002:00000198       __imp__GdiplusShutdown@4   10009198     GdiPlus:gdiplus.dll
 0002:0000019c       __imp__GdiplusStartup@12   1000919c     GdiPlus:gdiplus.dll
 0002:000001a0       __imp__GdipGetImageEncoders@12 100091a0     GdiPlus:gdiplus.dll
 0002:000001a4       __imp__GdipGetImageEncodersSize@8 100091a4     GdiPlus:gdiplus.dll
 0002:000001a8       __imp__GdipSaveImageToFile@16 100091a8     GdiPlus:gdiplus.dll
 0002:000001ac       __imp__GdipDisposeImage@4  100091ac     GdiPlus:gdiplus.dll
 0002:000001b0       __imp__GdipLoadImageFromStreamICM@8 100091b0     GdiPlus:gdiplus.dll
 0002:000001b4       __imp__GdipLoadImageFromStream@8 100091b4     GdiPlus:gdiplus.dll
 0002:000001b8       \177gdiplus_NULL_THUNK_DATA 100091b8     GdiPlus:gdiplus.dll
 0002:000001bc       __imp__CreateStreamOnHGlobal@12 100091bc     ole32:ole32.dll
 0002:000001c0       \177ole32_NULL_THUNK_DATA  100091c0     ole32:ole32.dll
 0002:000001c4       ___xc_a                    100091c4     MSVCRT:cinitexe.obj
 0002:000001c8       ___xc_z                    100091c8     MSVCRT:cinitexe.obj
 0002:000001cc       ___xi_a                    100091cc     MSVCRT:cinitexe.obj
 0002:000001d8       ___xi_z                    100091d8     MSVCRT:cinitexe.obj
 0002:00000200       ??_7Image@Gdiplus@@6B@     10009200     RepresentUtility.obj
 0002:00000208       ??_C@_1BG@BIJOLBJP@?$AAi?$AAm?$AAa?$AAg?$AAe?$AA?1?$AAj?$AAp?$AAe?$AAg?$AA?$AA@ 10009208     RepresentUtility.obj
 0002:00000224       ??_7iRepresentShell@@6B@   10009224     KRepresentShell2.obj
 0002:000002ac       ??_7KRepresentShell2@@6B@  100092ac     KRepresentShell2.obj
 0002:00000334       ??_7iFont@@6B@             10009334     KFont2.obj
 0002:0000035c       ??_7KFont2@@6B@            1000935c     KFont2.obj
 0002:00000380       __real@00000000            10009380     TextProcess.obj
 0002:00000388       __real@3ff0000000000000    10009388     TextProcess.obj
 0002:00000390       __real@3fefff2e48e8a71e    10009390     TextProcess.obj
 0002:00000398       __real@4000000000000000    10009398     TextProcess.obj
 0002:000003a0       __real@bff8000000000000    100093a0     TextProcess.obj
 0002:000003a8       _CodecIImageBytes          100093a8     GdiPlus:imagingguds.obj
 0002:000003b8       _EncoderSaveFlag           100093b8     GdiPlus:imagingguds.obj
 0002:000003c8       _EncoderChrominanceTable   100093c8     GdiPlus:imagingguds.obj
 0002:000003d8       _EncoderLuminanceTable     100093d8     GdiPlus:imagingguds.obj
 0002:000003e8       _EncoderTransformation     100093e8     GdiPlus:imagingguds.obj
 0002:000003f8       _EncoderQuality            100093f8     GdiPlus:imagingguds.obj
 0002:00000408       _EncoderRenderMethod       10009408     GdiPlus:imagingguds.obj
 0002:00000418       _EncoderVersion            10009418     GdiPlus:imagingguds.obj
 0002:00000428       _EncoderScanMethod         10009428     GdiPlus:imagingguds.obj
 0002:00000438       _EncoderColorDepth         10009438     GdiPlus:imagingguds.obj
 0002:00000448       _EncoderCompression        10009448     GdiPlus:imagingguds.obj
 0002:00000458       _FormatIDJpegAppHeaders    10009458     GdiPlus:imagingguds.obj
 0002:00000468       _FormatIDImageInformation  10009468     GdiPlus:imagingguds.obj
 0002:00000478       _FrameDimensionPage        10009478     GdiPlus:imagingguds.obj
 0002:00000488       _FrameDimensionResolution  10009488     GdiPlus:imagingguds.obj
 0002:00000498       _FrameDimensionTime        10009498     GdiPlus:imagingguds.obj
 0002:000004a8       _ImageFormatIcon           100094a8     GdiPlus:imagingguds.obj
 0002:000004b8       _ImageFormatEXIF           100094b8     GdiPlus:imagingguds.obj
 0002:000004c8       _ImageFormatTIFF           100094c8     GdiPlus:imagingguds.obj
 0002:000004d8       _ImageFormatGIF            100094d8     GdiPlus:imagingguds.obj
 0002:000004e8       _ImageFormatPNG            100094e8     GdiPlus:imagingguds.obj
 0002:000004f8       _ImageFormatJPEG           100094f8     GdiPlus:imagingguds.obj
 0002:00000508       _ImageFormatWMF            10009508     GdiPlus:imagingguds.obj
 0002:00000518       _ImageFormatEMF            10009518     GdiPlus:imagingguds.obj
 0002:00000528       _ImageFormatBMP            10009528     GdiPlus:imagingguds.obj
 0002:00000538       _ImageFormatMemoryBMP      10009538     GdiPlus:imagingguds.obj
 0002:00000548       _ImageFormatUndefined      10009548     GdiPlus:imagingguds.obj
 0002:0000055c       ??_7type_info@@6B@         1000955c     MSVCRT:ti_inst.obj
 0002:00000560       __pDefaultRawDllMain       10009560     MSVCRT:crtdll.obj
 0002:00000560       __pRawDllMain              10009560     MSVCRT:crtdll.obj
 0002:0000056c       ?ProcessDetach@NativeDll@<CrtImplementationDetails>@@0IB 1000956c     MSVCRT:tncleanup.obj
 0002:00000570       ?ProcessAttach@NativeDll@<CrtImplementationDetails>@@0IB 10009570     MSVCRT:tncleanup.obj
 0002:00000574       ?ThreadAttach@NativeDll@<CrtImplementationDetails>@@0IB 10009574     MSVCRT:tncleanup.obj
 0002:00000578       ?ThreadDetach@NativeDll@<CrtImplementationDetails>@@0IB 10009578     MSVCRT:tncleanup.obj
 0002:0000057c       ?ProcessVerifier@NativeDll@<CrtImplementationDetails>@@0IB 1000957c     MSVCRT:tncleanup.obj
 0002:00000580       __load_config_used         10009580     MSVCRT:loadcfg.obj
 0002:00000630       ??_R4Image@Gdiplus@@6B@    10009630     RepresentUtility.obj
 0002:00000644       ??_R3Image@Gdiplus@@8      10009644     RepresentUtility.obj
 0002:00000654       ??_R2Image@Gdiplus@@8      10009654     RepresentUtility.obj
 0002:00000660       ??_R1A@?0A@EA@Image@Gdiplus@@8 10009660     RepresentUtility.obj
 0002:0000067c       ??_R13?0A@EA@GdiplusBase@Gdiplus@@8 1000967c     RepresentUtility.obj
 0002:00000698       ??_R3GdiplusBase@Gdiplus@@8 10009698     RepresentUtility.obj
 0002:000006a8       ??_R2GdiplusBase@Gdiplus@@8 100096a8     RepresentUtility.obj
 0002:000006b0       ??_R1A@?0A@EA@GdiplusBase@Gdiplus@@8 100096b0     RepresentUtility.obj
 0002:000006cc       ??_R4iRepresentShell@@6B@  100096cc     KRepresentShell2.obj
 0002:000006e0       ??_R3iRepresentShell@@8    100096e0     KRepresentShell2.obj
 0002:000006f0       ??_R2iRepresentShell@@8    100096f0     KRepresentShell2.obj
 0002:000006f8       ??_R1A@?0A@EA@iRepresentShell@@8 100096f8     KRepresentShell2.obj
 0002:00000714       ??_R4KRepresentShell2@@6B@ 10009714     KRepresentShell2.obj
 0002:00000728       ??_R3KRepresentShell2@@8   10009728     KRepresentShell2.obj
 0002:00000738       ??_R2KRepresentShell2@@8   10009738     KRepresentShell2.obj
 0002:00000744       ??_R1A@?0A@EA@KRepresentShell2@@8 10009744     KRepresentShell2.obj
 0002:00000760       ??_R4iFont@@6B@            10009760     KFont2.obj
 0002:00000774       ??_R3iFont@@8              10009774     KFont2.obj
 0002:00000784       ??_R2iFont@@8              10009784     KFont2.obj
 0002:0000078c       ??_R1A@?0A@EA@iFont@@8     1000978c     KFont2.obj
 0002:000007a8       ??_R4KFont2@@6B@           100097a8     KFont2.obj
 0002:000007bc       ??_R3KFont2@@8             100097bc     KFont2.obj
 0002:000007cc       ??_R2KFont2@@8             100097cc     KFont2.obj
 0002:000007d8       ??_R1A@?0A@EA@KFont2@@8    100097d8     KFont2.obj
 0002:000007f4       ??_R4type_info@@6B@        100097f4     MSVCRT:ti_inst.obj
 0002:00000808       ??_R3type_info@@8          10009808     MSVCRT:ti_inst.obj
 0002:00000818       ??_R2type_info@@8          10009818     MSVCRT:ti_inst.obj
 0002:00000820       ??_R1A@?0A@EA@type_info@@8 10009820     MSVCRT:ti_inst.obj
 0002:00000840       ___safe_se_handler_table   10009840     <linker-defined>
 0002:00000874       ___rtc_iaa                 10009874     MSVCRT:initsect.obj
 0002:00000878       ___rtc_izz                 10009878     MSVCRT:initsect.obj
 0002:0000087c       ___rtc_taa                 1000987c     MSVCRT:initsect.obj
 0002:00000880       ___rtc_tzz                 10009880     MSVCRT:initsect.obj
 0002:00000b7c       __IMPORT_DESCRIPTOR_gdiplus 10009b7c     GdiPlus:gdiplus.dll
 0002:00000b90       __IMPORT_DESCRIPTOR_KERNEL32 10009b90     kernel32:KERNEL32.dll
 0002:00000ba4       __IMPORT_DESCRIPTOR_USER32 10009ba4     user32:USER32.dll
 0002:00000bb8       __IMPORT_DESCRIPTOR_ole32  10009bb8     ole32:ole32.dll
 0002:00000bcc       __IMPORT_DESCRIPTOR_Engine 10009bcc     engine:Engine.dll
 0002:00000be0       __IMPORT_DESCRIPTOR_MSVCR80 10009be0     MSVCRT:MSVCR80.dll
 0002:00000bf4       __NULL_IMPORT_DESCRIPTOR   10009bf4     GdiPlus:gdiplus.dll
 0003:00000000       ??_R0?AVImage@Gdiplus@@@8  1000b000     RepresentUtility.obj
 0003:0000001c       ??_R0?AVGdiplusBase@Gdiplus@@@8 1000b01c     RepresentUtility.obj
 0003:00000040       ??_R0?AUiRepresentShell@@@8 1000b040     KRepresentShell2.obj
 0003:00000060       ??_R0?AVKRepresentShell2@@@8 1000b060     KRepresentShell2.obj
 0003:00000080       ??_R0?AUiFont@@@8          1000b080     KFont2.obj
 0003:00000094       ??_R0?AVKFont2@@@8         1000b094     KFont2.obj
 0003:000000b0       ___security_cookie         1000b0b0     MSVCRT:gs_cookie.obj
 0003:000000b4       ___security_cookie_complement 1000b0b4     MSVCRT:gs_cookie.obj
 0003:000000b8       ??_R0?AVtype_info@@@8      1000b0b8     MSVCRT:ti_inst.obj
 0003:000000d0       ___native_dllmain_reason   1000b0d0     MSVCRT:natstart.obj
 0003:000000d4       ___native_vcclrit_reason   1000b0d4     MSVCRT:natstart.obj
 0003:00000114       ?g_pIInlinePicSinkRP@@3PAUIInlinePicEngineSink@@A 1000b114     KRepresentShell2.obj
 0003:00000444       __forceCRTManifest         1000b444     MSVCRT:crtmanifest.obj
 0003:00000448       ?__type_info_root_node@@3U__type_info_node@@A 1000b448     MSVCRT:tncleanup.obj
 0003:00000450       __adjust_fdiv              1000b450     <common>
 0003:00000454       ___native_startup_state    1000b454     <common>
 0003:00000458       ___native_startup_lock     1000b458     <common>
 0003:0000045c       ___onexitend               1000b45c     <common>
 0003:00000460       ___onexitbegin             1000b460     <common>
 0003:00000464       ___sse2_available          1000b464     <common>
 0003:00000468       ___dyn_tls_init_callback   1000b468     <common>

 entry point at        0001:00006798

 Static symbols

 0001:00005540       ?RIO_ClipCopyRect@@YAHHHHHHHPAUKRClipperInfo@@@Z 10006540 f   ImageOperation.obj
 0001:00006472       _pre_c_init                10007472 f   MSVCRT:crtdll.obj
 0001:00006682       ___DllMainCRTStartup       10007682 f   MSVCRT:crtdll.obj
 0001:000068bd       ?ArrayUnwindFilter@@YAHPAU_EXCEPTION_POINTERS@@@Z 100078bd f   MSVCRT:ehvecdtr.obj
 0001:00006990       _has_osfxsr_set            10007990 f   MSVCRT:cpu_disp.obj
 0001:00006e80       __unwindfunclet$?Free@KImageStore2@@QAEXXZ$0 10007e80 f   KImageStore2.obj
 0001:00006e88       __ehhandler$?Free@KImageStore2@@QAEXXZ 10007e88 f   KImageStore2.obj
 0001:00006eb0       __unwindfunclet$?FreeImage@KImageStore2@@QAEXPBD@Z$0 10007eb0 f   KImageStore2.obj
 0001:00006eb8       __ehhandler$?FreeImage@KImageStore2@@QAEXPBD@Z 10007eb8 f   KImageStore2.obj
 0001:00006ee0       __unwindfunclet$?CreateBitmapSurface@KImageStore2@@QAE_NPBDAAIAAF@Z$0 10007ee0 f   KImageStore2.obj
 0001:00006ee8       __ehhandler$?CreateBitmapSurface@KImageStore2@@QAE_NPBDAAIAAF@Z 10007ee8 f   KImageStore2.obj
 0001:00006f10       __unwindfunclet$?CheckBalance@KImageStore2@@AAEXXZ$0 10007f10 f   KImageStore2.obj
 0001:00006f18       __ehhandler$?CheckBalance@KImageStore2@@AAEXXZ 10007f18 f   KImageStore2.obj
 0001:00006f40       __unwindfunclet$??1KImageStore2@@QAE@XZ$0 10007f40 f   KImageStore2.obj
 0001:00006f4b       __ehhandler$??1KImageStore2@@QAE@XZ 10007f4b f   KImageStore2.obj
 0001:00006f70       __unwindfunclet$?GetImage@KImageStore2@@QAEPAXPBDAAIAAFHHAAPAX@Z$0 10007f70 f   KImageStore2.obj
 0001:00006f78       __ehhandler$?GetImage@KImageStore2@@QAEPAXPBDAAIAAFHHAAPAX@Z 10007f78 f   KImageStore2.obj
 0001:00006fa0       __unwindfunclet$?GetImageParam@KImageStore2@@QAE_NPBDHPAUKImageParam@@@Z$0 10007fa0 f   KImageStore2.obj
 0001:00006fa8       __ehhandler$?GetImageParam@KImageStore2@@QAE_NPBDHPAUKImageParam@@@Z 10007fa8 f   KImageStore2.obj
 0001:00006fd0       __unwindfunclet$??1KRepresentShell2@@AAE@XZ$0 10007fd0 f   KRepresentShell2.obj
 0001:00006fdc       __unwindfunclet$??1KRepresentShell2@@AAE@XZ$1 10007fdc f   KRepresentShell2.obj
 0001:00006fe8       __unwindfunclet$??1KRepresentShell2@@AAE@XZ$2 10007fe8 f   KRepresentShell2.obj
 0001:00006ff3       __ehhandler$??1KRepresentShell2@@AAE@XZ 10007ff3 f   KRepresentShell2.obj
 0001:00007010       __unwindfunclet$?CreateAFont@KRepresentShell2@@UAE_NPBDW4CHARACTER_CODE_SET@@H@Z$0 10008010 f   KRepresentShell2.obj
 0001:0000701b       __ehhandler$?CreateAFont@KRepresentShell2@@UAE_NPBDW4CHARACTER_CODE_SET@@H@Z 1000801b f   KRepresentShell2.obj
 0001:00007040       __unwindfunclet$??0KRepresentShell2@@QAE@XZ$0 10008040 f   KRepresentShell2.obj
 0001:0000704c       __unwindfunclet$??0KRepresentShell2@@QAE@XZ$1 1000804c f   KRepresentShell2.obj
 0001:00007058       __unwindfunclet$??0KRepresentShell2@@QAE@XZ$2 10008058 f   KRepresentShell2.obj
 0001:00007063       __ehhandler$??0KRepresentShell2@@QAE@XZ 10008063 f   KRepresentShell2.obj
 0001:00007080       __unwindfunclet$??1KFont2@@AAE@XZ$0 10008080 f   KFont2.obj
 0001:0000708b       __ehhandler$??1KFont2@@AAE@XZ 1000808b f   KFont2.obj
 0001:000070b0       __unwindfunclet$?Load@KFontData@@QAE_NPBD@Z$0 100080b0 f   KFontData.obj
 0001:000070b9       __ehhandler$?Load@KFontData@@QAE_NPBD@Z 100080b9 f   KFontData.obj
