 Sword3PaySys

 Timestamp is 507eb419 (Wed Oct 17 20:35:21 2012)

 Preferred load address is 00400000

 Start         Length     Name                   Class
 0001:00000000 00032428H .text                   CODE
 0001:00032430 00000babH .text$x                 CODE
 0001:00032fe0 0000006cH .text$yc                CODE
 0001:00033050 0000004cH .text$yd                CODE
 0002:00000000 0000026cH .idata$5                DATA
 0002:0000026c 00000004H .CRT$XCA                DATA
 0002:00000270 00000010H .CRT$XCU                DATA
 0002:00000280 00000004H .CRT$XCZ                DATA
 0002:00000284 00000004H .CRT$XIA                DATA
 0002:00000288 00000014H .CRT$XIC                DATA
 0002:0000029c 00000004H .CRT$XIY                DATA
 0002:000002a0 00000004H .CRT$XIZ                DATA
 0002:000002a4 00000004H .CRT$XPA                DATA
 0002:000002a8 00000004H .CRT$XPX                DATA
 0002:000002ac 00000004H .CRT$XPXA               DATA
 0002:000002b0 00000004H .CRT$XPZ                DATA
 0002:000002b4 00000004H .CRT$XTA                DATA
 0002:000002b8 00000004H .CRT$XTZ                DATA
 0002:000002c0 000041d8H .rdata                  DATA
 0002:00004498 00000067H .rdata$debug            DATA
 0002:00004500 000008dcH .rdata$r                DATA
 0002:00004de0 000000f8H .rdata$sxdata           DATA
 0002:00004ed8 00000004H .rtc$IAA                DATA
 0002:00004edc 00000004H .rtc$IZZ                DATA
 0002:00004ee0 00000004H .rtc$TAA                DATA
 0002:00004ee4 00000004H .rtc$TZZ                DATA
 0002:00004ee8 00001a6cH .xdata$x                DATA
 0002:00006954 00000064H .idata$2                DATA
 0002:000069b8 00000014H .idata$3                DATA
 0002:000069cc 0000026cH .idata$4                DATA
 0002:00006c38 0000094eH .idata$6                DATA
 0002:00007586 00000000H .edata                  DATA
 0003:00000000 00001758H .data                   DATA
 0003:00001760 00201df0H .bss                    DATA
 0004:00000000 00000280H .rsrc$01                DATA
 0004:00000280 00000a58H .rsrc$02                DATA

  Address         Publics by Value              Rva+Base       Lib:Object

 0000:00000000       __except_list              00000000     <absolute>
 0000:0000003e       ___safe_se_handler_count   0000003e     <absolute>
 0000:00000000       ___ImageBase               00400000     <linker-defined>
 0001:00000000       __tcsncmp                  00401000 f i GlobalFun.obj
 0001:000003c0       ?KPIWritePrivateProfileString@@YAHPBD000@Z 004013c0 f   GlobalFun.obj
 0001:000008f0       ?KPIGetPrivateProfileString@@YAKPBD00PADK0@Z 004018f0 f   GlobalFun.obj
 0001:00000b00       ?KPIWaitForSingleObject@@YAKPAXK@Z 00401b00 f   GlobalFun.obj
 0001:00000b30       ?KPICloseHandle@@YAHPAX@Z  00401b30 f   GlobalFun.obj
 0001:00000b40       ?KPITerminateThread@@YAHPAXK@Z 00401b40 f   GlobalFun.obj
 0001:00000b60       ?KPICreateThread@@YAPAXP6GKPAX@Z0PAK@Z 00401b60 f   GlobalFun.obj
 0001:00000b90       ?KPICreateUDPSocket@@YAIH@Z 00401b90 f   GlobalFun.obj
 0001:00000c60       ?KPICreateEvent@@YAPAXPAU_SECURITY_ATTRIBUTES@@HHPBD@Z 00401c60 f   GlobalFun.obj
 0001:00000c80       ?KPISetEvent@@YAHPAX@Z     00401c80 f   GlobalFun.obj
 0001:00000c90       ?KPIResetEvent@@YAHPAX@Z   00401c90 f   GlobalFun.obj
 0001:00000ca0       ?KPIGetExePath@@YAXPADK@Z  00401ca0 f   GlobalFun.obj
 0001:00000d00       ?KPICreateMutex@@YAPAXPAU_SECURITY_ATTRIBUTES@@HPBD@Z 00401d00 f   GlobalFun.obj
 0001:00000d20       ?KPIReleaseMutex@@YAHPAX@Z 00401d20 f   GlobalFun.obj
 0001:00000d30       ?KPIHash@@YAKPADKK@Z       00401d30 f   GlobalFun.obj
 0001:00000d70       ?KPIPrintToFile@@YAXPBD0ZZ 00401d70 f   GlobalFun.obj
 0001:00000dc0       ?KPIPrintToFile@@YAXPAU_iobuf@@PBDZZ 00401dc0 f   GlobalFun.obj
 0001:00000de0       ??0KThread@@QAE@XZ         00401de0 f   KThread.obj
 0001:00000e00       ??1KThread@@UAE@XZ         00401e00 f   KThread.obj
 0001:00000e10       ?Stop@KThread@@UAEHXZ      00401e10 f   KThread.obj
 0001:00000ea0       ?ThreadFun@KThread@@SGKPAX@Z 00401ea0 f   KThread.obj
 0001:00000eb0       ??0K_CS@@QAE@XZ            00401eb0 f   KThread.obj
 0001:00000ed0       ?Lock@K_CS@@QAEHXZ         00401ed0 f   KThread.obj
 0001:00000ef0       ?Unlock@K_CS@@QAEHXZ       00401ef0 f   KThread.obj
 0001:00000f20       ??_EKThread@@UAEPAXI@Z     00401f20 f i KThread.obj
 0001:00000f20       ??_GKThread@@UAEPAXI@Z     00401f20 f i KThread.obj
 0001:00000f40       ?Start@KThread@@UAEPAXXZ   00401f40 f   KThread.obj
 0001:00000f80       ??1K_CS@@UAE@XZ            00401f80 f   KThread.obj
 0001:00000fa0       ??_EK_CS@@UAEPAXI@Z        00401fa0 f i KThread.obj
 0001:00000fa0       ??_GK_CS@@UAEPAXI@Z        00401fa0 f i KThread.obj
 0001:00000fc0       ??0bad_alloc@std@@QAE@PBD@Z 00401fc0 f i LogFile.obj
 0001:00000fe0       ??1bad_alloc@std@@UAE@XZ   00401fe0 f i LogFile.obj
 0001:00000ff0       ??_Ebad_alloc@std@@UAEPAXI@Z 00401ff0 f i LogFile.obj
 0001:00000ff0       ??_Gbad_alloc@std@@UAEPAXI@Z 00401ff0 f i LogFile.obj
 0001:00001020       ?assign@?$char_traits@D@std@@SAXAADABD@Z 00402020 f i LogFile.obj
 0001:00001030       ?length@?$char_traits@D@std@@SAIPBD@Z 00402030 f i LogFile.obj
 0001:00001050       ?_Copy_s@?$char_traits@D@std@@SAPADPADIPBDI@Z 00402050 f i LogFile.obj
 0001:00001080       ?_Move_s@?$char_traits@D@std@@SAPADPADIPBDI@Z 00402080 f i LogFile.obj
 0001:000010b0       ?assign@?$char_traits@D@std@@SAPADPADID@Z 004020b0 f i LogFile.obj
 0001:000010d0       ??0_Iterator_base@std@@QAE@XZ 004020d0 f i LogFile.obj
 0001:000010e0       ?EndBatch@CLogFile@@QAEKXZ 004020e0 f   LogFile.obj
 0001:00001100       ?IsBatched@CLogFile@@QAEHXZ 00402100 f   LogFile.obj
 0001:00001110       ?size@?$basic_string@DU?$char_traits@D@std@@V?$allocator@D@2@@std@@QBEIXZ 00402110 f i LogFile.obj
 0001:00001120       ?empty@?$basic_string@DU?$char_traits@D@std@@V?$allocator@D@2@@std@@QBE_NXZ 00402120 f i LogFile.obj
 0001:00001130       ?_Myptr@?$basic_string@DU?$char_traits@D@std@@V?$allocator@D@2@@std@@IBEPBDXZ 00402130 f i LogFile.obj
 0001:00001140       ??0?$allocator@D@std@@QAE@XZ 00402140 f i LogFile.obj
 0001:00001150       ??0?$reverse_iterator@V?$_String_iterator@DU?$char_traits@D@std@@V?$allocator@D@2@@std@@@std@@QAE@V?$_String_iterator@DU?$char_traits@D@std@@V?$allocator@D@2@@1@@Z 00402150 f i LogFile.obj
 0001:00001170       ?_Myptr@?$basic_string@DU?$char_traits@D@std@@V?$allocator@D@2@@std@@IAEPADXZ 00402170 f i LogFile.obj
 0001:00001180       ??0?$allocator@D@std@@QAE@ABV01@@Z 00402180 f i LogFile.obj
 0001:00001190       ?deallocate@?$allocator@D@std@@QAEXPADI@Z 00402190 f i LogFile.obj
 0001:000011a0       ??D?$_String_const_iterator@DU?$char_traits@D@std@@V?$allocator@D@2@@std@@QBEABDXZ 004021a0 f i LogFile.obj
 0001:000011e0       ??F?$_String_const_iterator@DU?$char_traits@D@std@@V?$allocator@D@2@@std@@QAEAAV01@XZ 004021e0 f i LogFile.obj
 0001:00001220       ?_Inside@?$basic_string@DU?$char_traits@D@std@@V?$allocator@D@2@@std@@IAE_NPBD@Z 00402220 f i LogFile.obj
 0001:00001260       ??0?$_Ranit_base@DHPBDABDU_Iterator_base@std@@@std@@QAE@XZ 00402260 f i LogFile.obj
 0001:00001270       ?max_size@?$allocator@D@std@@QBEIXZ 00402270 f i LogFile.obj
 0001:00001280       ??$_Allocate@D@std@@YAPADIPAD@Z 00402280 f i LogFile.obj
 0001:000012e0       ??0bad_alloc@std@@QAE@ABV01@@Z 004022e0 f i LogFile.obj
 0001:00001300       ??$_Char_traits_cat@U?$char_traits@D@std@@@std@@YA?AU_Secure_char_traits_tag@0@XZ 00402300 f i LogFile.obj
 0001:00001310       ??$copy_s@U?$char_traits@D@std@@@_Traits_helper@std@@YAPADPADIPBDIU_Secure_char_traits_tag@1@@Z 00402310 f i LogFile.obj
 0001:00001340       ??$move_s@U?$char_traits@D@std@@@_Traits_helper@std@@YAPADPADIPBDIU_Secure_char_traits_tag@1@@Z 00402340 f i LogFile.obj
 0001:00001370       ?c_str@?$basic_string@DU?$char_traits@D@std@@V?$allocator@D@2@@std@@QBEPBDXZ 00402370 f i LogFile.obj
 0001:00001380       ??0?$_String_val@DV?$allocator@D@std@@@std@@IAE@V?$allocator@D@1@@Z 00402380 f i LogFile.obj
 0001:00001390       ??0?$_String_val@DV?$allocator@D@std@@@std@@QAE@ABV01@@Z 00402390 f i LogFile.obj
 0001:000013a0       ??D?$_String_iterator@DU?$char_traits@D@std@@V?$allocator@D@2@@std@@QBEAADXZ 004023a0 f i LogFile.obj
 0001:000013e0       ??F?$_String_iterator@DU?$char_traits@D@std@@V?$allocator@D@2@@std@@QAEAAV01@XZ 004023e0 f i LogFile.obj
 0001:00001420       ?_Chassign@?$basic_string@DU?$char_traits@D@std@@V?$allocator@D@2@@std@@IAEXIID@Z 00402420 f i LogFile.obj
 0001:00001480       ?_Eos@?$basic_string@DU?$char_traits@D@std@@V?$allocator@D@2@@std@@IAEXI@Z 00402480 f i LogFile.obj
 0001:000014a0       ?max_size@?$basic_string@DU?$char_traits@D@std@@V?$allocator@D@2@@std@@QBEIXZ 004024a0 f i LogFile.obj
 0001:000014b0       ??0?$_String_const_iterator@DU?$char_traits@D@std@@V?$allocator@D@2@@std@@QAE@PBDPBU_Container_base@1@@Z 004024b0 f i LogFile.obj
 0001:00001510       ?allocate@?$allocator@D@std@@QAEPADI@Z 00402510 f i LogFile.obj
 0001:00001530       ??$copy_s@U?$char_traits@D@std@@@_Traits_helper@std@@YAPADPADIPBDI@Z 00402530 f i LogFile.obj
 0001:00001560       ??$move_s@U?$char_traits@D@std@@@_Traits_helper@std@@YAPADPADIPBDI@Z 00402560 f i LogFile.obj
 0001:00001590       ??D?$reverse_iterator@V?$_String_iterator@DU?$char_traits@D@std@@V?$allocator@D@2@@std@@@std@@QBEAADXZ 00402590 f i LogFile.obj
 0001:000015f0       ?_Tidy@?$basic_string@DU?$char_traits@D@std@@V?$allocator@D@2@@std@@IAEX_NI@Z 004025f0 f i LogFile.obj
 0001:00001640       ?erase@?$basic_string@DU?$char_traits@D@std@@V?$allocator@D@2@@std@@QAEAAV12@II@Z 00402640 f i LogFile.obj
 0001:000016d0       ??0?$_String_iterator@DU?$char_traits@D@std@@V?$allocator@D@2@@std@@QAE@PADPBU_Container_base@1@@Z 004026d0 f i LogFile.obj
 0001:000016f0       ?_Copy@?$basic_string@DU?$char_traits@D@std@@V?$allocator@D@2@@std@@IAEXII@Z 004026f0 f i LogFile.obj
 0001:00001840       ??0?$basic_string@DU?$char_traits@D@std@@V?$allocator@D@2@@std@@QAE@XZ 00402840 f i LogFile.obj
 0001:00001860       ??1?$basic_string@DU?$char_traits@D@std@@V?$allocator@D@2@@std@@QAE@XZ 00402860 f i LogFile.obj
 0001:00001890       ?end@?$basic_string@DU?$char_traits@D@std@@V?$allocator@D@2@@std@@QAE?AV?$_String_iterator@DU?$char_traits@D@std@@V?$allocator@D@2@@2@XZ 00402890 f i LogFile.obj
 0001:000018c0       ?_Grow@?$basic_string@DU?$char_traits@D@std@@V?$allocator@D@2@@std@@IAE_NI_N@Z 004028c0 f i LogFile.obj
 0001:00001980       ?append@?$basic_string@DU?$char_traits@D@std@@V?$allocator@D@2@@std@@QAEAAV12@ABV12@II@Z 00402980 f i LogFile.obj
 0001:00001a80       ??0CLogFile@@QAE@XZ        00402a80 f   LogFile.obj
 0001:00001ab0       ??1CLogFile@@UAE@XZ        00402ab0 f   LogFile.obj
 0001:00001ae0       ?rbegin@?$basic_string@DU?$char_traits@D@std@@V?$allocator@D@2@@std@@QAE?AV?$reverse_iterator@V?$_String_iterator@DU?$char_traits@D@std@@V?$allocator@D@2@@std@@@2@XZ 00402ae0 f i LogFile.obj
 0001:00001b40       ?append@?$basic_string@DU?$char_traits@D@std@@V?$allocator@D@2@@std@@QAEAAV12@ID@Z 00402b40 f i LogFile.obj
 0001:00001bf0       ?assign@?$basic_string@DU?$char_traits@D@std@@V?$allocator@D@2@@std@@QAEAAV12@ABV12@II@Z 00402bf0 f i LogFile.obj
 0001:00001cd0       ?resize@?$basic_string@DU?$char_traits@D@std@@V?$allocator@D@2@@std@@QAEXID@Z 00402cd0 f i LogFile.obj
 0001:00001d00       ?append@?$basic_string@DU?$char_traits@D@std@@V?$allocator@D@2@@std@@QAEAAV12@PBDI@Z 00402d00 f i LogFile.obj
 0001:00001df0       ??_GCLogFile@@UAEPAXI@Z    00402df0 f i LogFile.obj
 0001:00001df0       ??_ECLogFile@@UAEPAXI@Z    00402df0 f i LogFile.obj
 0001:00001e10       ??0?$basic_string@DU?$char_traits@D@std@@V?$allocator@D@2@@std@@QAE@ABV01@@Z 00402e10 f i LogFile.obj
 0001:00001e40       ??Y?$basic_string@DU?$char_traits@D@std@@V?$allocator@D@2@@std@@QAEAAV01@D@Z 00402e40 f i LogFile.obj
 0001:00001e50       ?resize@?$basic_string@DU?$char_traits@D@std@@V?$allocator@D@2@@std@@QAEXI@Z 00402e50 f i LogFile.obj
 0001:00001e80       ?append@?$basic_string@DU?$char_traits@D@std@@V?$allocator@D@2@@std@@QAEAAV12@PBD@Z 00402e80 f i LogFile.obj
 0001:00001eb0       ?assign@?$basic_string@DU?$char_traits@D@std@@V?$allocator@D@2@@std@@QAEAAV12@ABV12@@Z 00402eb0 f i LogFile.obj
 0001:00001ed0       ?Uninitialize@CLogFile@@QAEHXZ 00402ed0 f   LogFile.obj
 0001:00001f10       ??4?$basic_string@DU?$char_traits@D@std@@V?$allocator@D@2@@std@@QAEAAV01@ABV01@@Z 00402f10 f i LogFile.obj
 0001:00001f30       ??Y?$basic_string@DU?$char_traits@D@std@@V?$allocator@D@2@@std@@QAEAAV01@PBD@Z 00402f30 f i LogFile.obj
 0001:00001f60       ??$?HDU?$char_traits@D@std@@V?$allocator@D@1@@std@@YA?AV?$basic_string@DU?$char_traits@D@std@@V?$allocator@D@2@@0@ABV10@PBD@Z 00402f60 f i LogFile.obj
 0001:00002020       ?Initialize@CLogFile@@QAEHABV?$basic_string@DU?$char_traits@D@std@@V?$allocator@D@2@@std@@I@Z 00403020 f   LogFile.obj
 0001:00002140       ?OpenUniDirectory@CLogFile@@CAHABV?$basic_string@DU?$char_traits@D@std@@V?$allocator@D@2@@std@@PAV23@@Z 00403140 f   LogFile.obj
 0001:000023a0       ?CreateUniFile@CLogFile@@CAPAXABV?$basic_string@DU?$char_traits@D@std@@V?$allocator@D@2@@std@@PAV23@@Z 004033a0 f   LogFile.obj
 0001:000025d0       ?PrepareFile@CLogFile@@AAEHXZ 004035d0 f   LogFile.obj
 0001:00002850       ?BeginBatch@CLogFile@@QAEKXZ 00403850 f   LogFile.obj
 0001:00002880       ?TraceLog@CLogFile@@QAEIPBXI@Z 00403880 f   LogFile.obj
 0001:000028f0       ?ServerEventNotify@@YGXPAXABK1@Z 004038f0 f   main.obj
 0001:00002a00       ?HasWriteInfo@TwoFixBuffer@@IAEHXZ 00403a00 f i main.obj
 0001:00002a20       ?HasReadInfo@TwoFixBuffer@@IAEHXZ 00403a20 f i main.obj
 0001:00002a40       ??0TwoFixBuffer@@QAE@XZ    00403a40 f i main.obj
 0001:00002aa0       ??1TwoFixBuffer@@QAE@XZ    00403aa0 f i main.obj
 0001:00002ac0       ?WriteInfo@TwoFixBuffer@@QAEHPAEK@Z 00403ac0 f i main.obj
 0001:00002ba0       ?ReadInfo@TwoFixBuffer@@QAEPAEXZ 00403ba0 f i main.obj
 0001:00002bf0       ?SwitchReadWrite@TwoFixBuffer@@QAEXXZ 00403bf0 f i main.obj
 0001:00002ca0       ?gTrace@@YAHPBDZZ          00403ca0 f   main.obj
 0001:00002d70       ?gClearTrace@@YAXXZ        00403d70 f   main.obj
 0001:00002d90       ?gTimeStamp@@YAHPAD0@Z     00403d90 f   main.obj
 0001:00002df0       ?InitInstance@@YAHPAUHINSTANCE__@@HH@Z 00403df0 f   main.obj
 0001:00002ed0       ?About@@YGJPAUHWND__@@IIJ@Z 00403ed0 f   main.obj
 0001:00002f10       ?gTraceLogFile@@YAXPBDJ@Z  00403f10 f   main.obj
 0001:00002fa0       ?gShowTrace@@YAXXZ         00403fa0 f   main.obj
 0001:000030b0       ?WndProc@@YGJPAUHWND__@@IIJ@Z 004040b0 f   main.obj
 0001:000032f0       ?RegisterSysClass@@YAGPAUHINSTANCE__@@@Z 004042f0 f   main.obj
 0001:00003380       ?assign@?$basic_string@DU?$char_traits@D@std@@V?$allocator@D@2@@std@@QAEAAV12@PBDI@Z 00404380 f i main.obj
 0001:00003450       ?assign@?$basic_string@DU?$char_traits@D@std@@V?$allocator@D@2@@std@@QAEAAV12@PBD@Z 00404450 f i main.obj
 0001:00003480       ??0?$basic_string@DU?$char_traits@D@std@@V?$allocator@D@2@@std@@QAE@PBD@Z 00404480 f i main.obj
 0001:000034c0       _WinMain@16                004044c0 f   main.obj
 0001:00003b40       ?CheckError@_com_util@@YAXJ@Z 00404b40 f i S3P_MSSQLServer_Result.obj
 0001:00003b50       ??0_variant_t@@QAE@XZ      00404b50 f i S3P_MSSQLServer_Result.obj
 0001:00003b60       ?Clear@_variant_t@@QAEXXZ  00404b60 f i S3P_MSSQLServer_Result.obj
 0001:00003b80       ??1_variant_t@@QAE@XZ      00404b80 f i S3P_MSSQLServer_Result.obj
 0001:00003b90       ??1_com_error@@UAE@XZ      00404b90 f i S3P_MSSQLServer_Result.obj
 0001:00003bd0       ?GetCount@_Collection@@QAEJXZ 00404bd0 f i S3P_MSSQLServer_Result.obj
 0001:00003c00       ?GetRecordCount@Recordset15@@QAEJXZ 00404c00 f i S3P_MSSQLServer_Result.obj
 0001:00003c30       ?Close@Recordset15@@QAEJXZ 00404c30 f i S3P_MSSQLServer_Result.obj
 0001:00003c60       ?Move@Recordset15@@QAEJJABV_variant_t@@@Z 00404c60 f i S3P_MSSQLServer_Result.obj
 0001:00003cb0       ?MoveNext@Recordset15@@QAEJXZ 00404cb0 f i S3P_MSSQLServer_Result.obj
 0001:00003ce0       ?MovePrevious@Recordset15@@QAEJXZ 00404ce0 f i S3P_MSSQLServer_Result.obj
 0001:00003d10       ?MoveFirst@Recordset15@@QAEJXZ 00404d10 f i S3P_MSSQLServer_Result.obj
 0001:00003d40       ?MoveLast@Recordset15@@QAEJXZ 00404d40 f i S3P_MSSQLServer_Result.obj
 0001:00003d70       ?GetState@Recordset15@@QAEJXZ 00404d70 f i S3P_MSSQLServer_Result.obj
 0001:00003da0       ??C?$_com_ptr_t@V?$_com_IIID@U_Recordset@@$1?_GUID_00000556_0000_0010_8000_00aa006d2ea4@@3U__s_GUID@@B@@@@QBEPAU_Recordset@@XZ 00404da0 f i S3P_MSSQLServer_Result.obj
 0001:00003dc0       ??B?$_com_ptr_t@V?$_com_IIID@U_Recordset@@$1?_GUID_00000556_0000_0010_8000_00aa006d2ea4@@3U__s_GUID@@B@@@@QBE_NXZ 00404dc0 f i S3P_MSSQLServer_Result.obj
 0001:00003dd0       ??C?$_com_ptr_t@V?$_com_IIID@UFields@@$1?_GUID_00000564_0000_0010_8000_00aa006d2ea4@@3U__s_GUID@@B@@@@QBEPAUFields@@XZ 00404dd0 f i S3P_MSSQLServer_Result.obj
 0001:00003df0       ??C?$_com_ptr_t@V?$_com_IIID@UField@@$1?_GUID_00000569_0000_0010_8000_00aa006d2ea4@@3U__s_GUID@@B@@@@QBEPAUField@@XZ 00404df0 f i S3P_MSSQLServer_Result.obj
 0001:00003e10       ?_AddRef@?$_com_ptr_t@V?$_com_IIID@U_Recordset@@$1?_GUID_00000556_0000_0010_8000_00aa006d2ea4@@3U__s_GUID@@B@@@@AAEXXZ 00404e10 f i S3P_MSSQLServer_Result.obj
 0001:00003e20       ?_Release@?$_com_ptr_t@V?$_com_IIID@UFields@@$1?_GUID_00000564_0000_0010_8000_00aa006d2ea4@@3U__s_GUID@@B@@@@AAEXXZ 00404e20 f i S3P_MSSQLServer_Result.obj
 0001:00003e30       ?_AddRef@?$_com_ptr_t@V?$_com_IIID@UFields@@$1?_GUID_00000564_0000_0010_8000_00aa006d2ea4@@3U__s_GUID@@B@@@@AAEXXZ 00404e30 f i S3P_MSSQLServer_Result.obj
 0001:00003e40       ?_Release@?$_com_ptr_t@V?$_com_IIID@UField@@$1?_GUID_00000569_0000_0010_8000_00aa006d2ea4@@3U__s_GUID@@B@@@@AAEXXZ 00404e40 f i S3P_MSSQLServer_Result.obj
 0001:00003e50       ?_AddRef@?$_com_ptr_t@V?$_com_IIID@UField@@$1?_GUID_00000569_0000_0010_8000_00aa006d2ea4@@3U__s_GUID@@B@@@@AAEXXZ 00404e50 f i S3P_MSSQLServer_Result.obj
 0001:00003e60       ??8?$_com_ptr_t@V?$_com_IIID@U_Recordset@@$1?_GUID_00000556_0000_0010_8000_00aa006d2ea4@@3U__s_GUID@@B@@@@QAE_NH@Z 00404e60 f i S3P_MSSQLServer_Result.obj
 0001:00003e80       ??4_variant_t@@QAEAAV0@J@Z 00404e80 f i S3P_MSSQLServer_Result.obj
 0001:00003ee0       ??_E_com_error@@UAEPAXI@Z  00404ee0 f i S3P_MSSQLServer_Result.obj
 0001:00003ee0       ??_G_com_error@@UAEPAXI@Z  00404ee0 f i S3P_MSSQLServer_Result.obj
 0001:00003f30       ?num_rows@S3P_MSSQLServer_Result@@UBEHXZ 00404f30 f   S3P_MSSQLServer_Result.obj
 0001:00003fd0       ?data_seek@S3P_MSSQLServer_Result@@UBEXIH@Z 00404fd0 f   S3P_MSSQLServer_Result.obj
 0001:00004160       ??0?$_com_ptr_t@V?$_com_IIID@UFields@@$1?_GUID_00000564_0000_0010_8000_00aa006d2ea4@@3U__s_GUID@@B@@@@QAE@PAUFields@@_N@Z 00405160 f i S3P_MSSQLServer_Result.obj
 0001:00004190       ??1?$_com_ptr_t@V?$_com_IIID@UFields@@$1?_GUID_00000564_0000_0010_8000_00aa006d2ea4@@3U__s_GUID@@B@@@@QAE@XZ 00405190 f i S3P_MSSQLServer_Result.obj
 0001:000041a0       ??0?$_com_ptr_t@V?$_com_IIID@UField@@$1?_GUID_00000569_0000_0010_8000_00aa006d2ea4@@3U__s_GUID@@B@@@@QAE@PAUField@@_N@Z 004051a0 f i S3P_MSSQLServer_Result.obj
 0001:000041d0       ??1?$_com_ptr_t@V?$_com_IIID@UField@@$1?_GUID_00000569_0000_0010_8000_00aa006d2ea4@@3U__s_GUID@@B@@@@QAE@XZ 004051d0 f i S3P_MSSQLServer_Result.obj
 0001:000041e0       ??$?4U_Recordset@@@?$_com_ptr_t@V?$_com_IIID@U_Recordset@@$1?_GUID_00000556_0000_0010_8000_00aa006d2ea4@@3U__s_GUID@@B@@@@QAEAAV0@PAU_Recordset@@@Z 004051e0 f i S3P_MSSQLServer_Result.obj
 0001:00004210       ??9?$_com_ptr_t@V?$_com_IIID@U_Recordset@@$1?_GUID_00000556_0000_0010_8000_00aa006d2ea4@@3U__s_GUID@@B@@@@QAE_NH@Z 00405210 f i S3P_MSSQLServer_Result.obj
 0001:00004230       ?GetFields@Recordset15@@QAE?AV?$_com_ptr_t@V?$_com_IIID@UFields@@$1?_GUID_00000564_0000_0010_8000_00aa006d2ea4@@3U__s_GUID@@B@@@@XZ 00405230 f i S3P_MSSQLServer_Result.obj
 0001:00004280       ?GetItem@Fields15@@QAE?AV?$_com_ptr_t@V?$_com_IIID@UField@@$1?_GUID_00000569_0000_0010_8000_00aa006d2ea4@@3U__s_GUID@@B@@@@ABV_variant_t@@@Z 00405280 f i S3P_MSSQLServer_Result.obj
 0001:000042f0       ?num_fields@S3P_MSSQLServer_Result@@UBEHXZ 004052f0 f   S3P_MSSQLServer_Result.obj
 0001:000043c0       ??4?$_com_ptr_t@V?$_com_IIID@U_Recordset@@$1?_GUID_00000556_0000_0010_8000_00aa006d2ea4@@3U__s_GUID@@B@@@@QAEAAV0@H@Z 004053c0 f i S3P_MSSQLServer_Result.obj
 0001:000043f0       ??$?9V?$_com_IIID@U_Recordset@@$1?_GUID_00000556_0000_0010_8000_00aa006d2ea4@@3U__s_GUID@@B@@@@YA_NHAAV?$_com_ptr_t@V?$_com_IIID@U_Recordset@@$1?_GUID_00000556_0000_0010_8000_00aa006d2ea4@@3U__s_GUID@@B@@@@@Z 004053f0 f i S3P_MSSQLServer_Result.obj
 0001:00004410       ?get_field_data@S3P_MSSQLServer_Result@@UAE_NIPAXK@Z 00405410 f   S3P_MSSQLServer_Result.obj
 0001:00004550       ?unuse@S3P_MSSQLServer_Result@@UAEHXZ 00405550 f   S3P_MSSQLServer_Result.obj
 0001:00004640       ??0Data_t@_bstr_t@@QAE@PB_W@Z 00405640 f i S3PAccount.obj
 0001:00004680       ?GetWString@Data_t@_bstr_t@@QAEAAPA_WXZ 00405680 f i S3PAccount.obj
 0001:00004690       ?GetString@Data_t@_bstr_t@@QBEPBDXZ 00405690 f i S3PAccount.obj
 0001:000046b0       ??2Data_t@_bstr_t@@SAPAXI@Z 004056b0 f i S3PAccount.obj
 0001:000046c0       ?_Free@Data_t@_bstr_t@@AAEXXZ 004056c0 f i S3PAccount.obj
 0001:000046f0       ??0_variant_t@@QAE@JG@Z    004056f0 f i S3PAccount.obj
 0001:00004760       ?ChangeType@_variant_t@@QAEXGPBV1@@Z 00405760 f i S3PAccount.obj
 0001:000047a0       ??0S3PAccount@@QAE@XZ      004057a0 f   S3PAccount.obj
 0001:000047b0       ??1S3PAccount@@UAE@XZ      004057b0 f   S3PAccount.obj
 0001:000047c0       ?GetServerID@S3PAccount@@SAHPAVS3PDBConVBC@@PBDAAK@Z 004057c0 f   S3PAccount.obj
 0001:00004900       ?CheckAddress@S3PAccount@@SAHPAVS3PDBConVBC@@KF@Z 00405900 f   S3PAccount.obj
 0001:000049c0       ?UnlockAll@S3PAccount@@SAHPAVS3PDBConVBC@@K@Z 004059c0 f   S3PAccount.obj
 0001:00004a40       ?ElapseAll@S3PAccount@@SAHPAVS3PDBConVBC@@K@Z 00405a40 f   S3PAccount.obj
 0001:00004ac0       ?GetAccountGameID@S3PAccount@@SAHPAVS3PDBConVBC@@PBDAAK@Z 00405ac0 f   S3PAccount.obj
 0001:00004bf0       ?GetLeftSecondsOfDeposit@S3PAccount@@KAHPAVS3PDBConVBC@@PBDAAJ2@Z 00405bf0 f   S3PAccount.obj
 0001:00004db0       ?VerifyUserModifyPassword@S3PAccount@@SAHPAVS3PDBConVBC@@KPBD1@Z 00405db0 f   S3PAccount.obj
 0001:00004eb0       ??B_bstr_t@@QBEPB_WXZ      00405eb0 f i S3PAccount.obj
 0001:00004ec0       ??B_bstr_t@@QBEPBDXZ       00405ec0 f i S3PAccount.obj
 0001:00004ef0       ??1Data_t@_bstr_t@@AAE@XZ  00405ef0 f i S3PAccount.obj
 0001:00004f20       ??_GS3PAccount@@UAEPAXI@Z  00405f20 f i S3PAccount.obj
 0001:00004f20       ??_ES3PAccount@@UAEPAXI@Z  00405f20 f i S3PAccount.obj
 0001:00004f40       ?Login@S3PAccount@@SAHPAVS3PDBConVBC@@PBD1KAAGAAK@Z 00405f40 f   S3PAccount.obj
 0001:00005120       ?LoginGame@S3PAccount@@SAHPAVS3PDBConVBC@@KPBD@Z 00406120 f   S3PAccount.obj
 0001:000051f0       ?Logout@S3PAccount@@SAHPAVS3PDBConVBC@@KPBDG@Z 004061f0 f   S3PAccount.obj
 0001:00005320       ?QueryTime@S3PAccount@@SAHPAVS3PDBConVBC@@KPBDAAK@Z 00406320 f   S3PAccount.obj
 0001:000053b0       ??_GData_t@_bstr_t@@AAEPAXI@Z 004063b0 f i S3PAccount.obj
 0001:000053f0       ?ElapseTime@S3PAccount@@SAHPAVS3PDBConVBC@@KPBDK@Z 004063f0 f   S3PAccount.obj
 0001:000054b0       ?Release@Data_t@_bstr_t@@QAEKXZ 004064b0 f i S3PAccount.obj
 0001:00005500       ?_Free@_bstr_t@@AAEXXZ     00406500 f i S3PAccount.obj
 0001:00005550       ??1_bstr_t@@QAE@XZ         00406550 f i S3PAccount.obj
 0001:000055a0       ??4_bstr_t@@QAEAAV0@PB_W@Z 004065a0 f i S3PAccount.obj
 0001:00005660       ??0_bstr_t@@QAE@ABV_variant_t@@@Z 00406660 f i S3PAccount.obj
 0001:00005710       ?ServerLogin@S3PAccount@@SAHPAVS3PDBConVBC@@PBD1KFQBEAAK@Z 00406710 f   S3PAccount.obj
 0001:00005a30       __MarkAllocaS              00406a30 f i S3PDB_MSSQLServer_Connection.obj
 0001:00005a50       __freea                    00406a50 f i S3PDB_MSSQLServer_Connection.obj
 0001:00005a70       ??0Data_t@_bstr_t@@QAE@PBD@Z 00406a70 f i S3PDB_MSSQLServer_Connection.obj
 0001:00005aa0       ??0_variant_t@@QAE@PBD@Z   00406aa0 f i S3PDB_MSSQLServer_Connection.obj
 0001:00005ac0       ??0_variant_t@@QAE@PAUIDispatch@@_N@Z 00406ac0 f i S3PDB_MSSQLServer_Connection.obj
 0001:00005af0       ?HRESULTToWCode@_com_error@@SAGJ@Z 00406af0 f i S3PDB_MSSQLServer_Connection.obj
 0001:00005b10       ?PutRefActiveConnection@Command15@@QAEXPAU_Connection@@@Z 00406b10 f i S3PDB_MSSQLServer_Connection.obj
 0001:00005b40       ?Close@Connection15@@QAEJXZ 00406b40 f i S3PDB_MSSQLServer_Connection.obj
 0001:00005b70       ?PutCursorLocation@Connection15@@QAEXW4CursorLocationEnum@@@Z 00406b70 f i S3PDB_MSSQLServer_Connection.obj
 0001:00005ba0       ?Open@Recordset15@@QAEJABV_variant_t@@0W4CursorTypeEnum@@W4LockTypeEnum@@J@Z 00406ba0 f i S3PDB_MSSQLServer_Connection.obj
 0001:00005c20       ??0?$_com_ptr_t@V?$_com_IIID@U_Connection@@$1?_GUID_00000550_0000_0010_8000_00aa006d2ea4@@3U__s_GUID@@B@@@@QAE@XZ 00406c20 f i S3PDB_MSSQLServer_Connection.obj
 0001:00005c30       ??0?$_com_ptr_t@V?$_com_IIID@U_Connection@@$1?_GUID_00000550_0000_0010_8000_00aa006d2ea4@@3U__s_GUID@@B@@@@QAE@H@Z 00406c30 f i S3PDB_MSSQLServer_Connection.obj
 0001:00005c50       ??B?$_com_ptr_t@V?$_com_IIID@U_Connection@@$1?_GUID_00000550_0000_0010_8000_00aa006d2ea4@@3U__s_GUID@@B@@@@QBEPAU_Connection@@XZ 00406c50 f i S3PDB_MSSQLServer_Connection.obj
 0001:00005c60       ??C?$_com_ptr_t@V?$_com_IIID@U_Connection@@$1?_GUID_00000550_0000_0010_8000_00aa006d2ea4@@3U__s_GUID@@B@@@@QBEPAU_Connection@@XZ 00406c60 f i S3PDB_MSSQLServer_Connection.obj
 0001:00005c80       ??8?$_com_ptr_t@V?$_com_IIID@U_Connection@@$1?_GUID_00000550_0000_0010_8000_00aa006d2ea4@@3U__s_GUID@@B@@@@QAE_NH@Z 00406c80 f i S3PDB_MSSQLServer_Connection.obj
 0001:00005ca0       ??0?$_com_ptr_t@V?$_com_IIID@U_Recordset@@$1?_GUID_00000556_0000_0010_8000_00aa006d2ea4@@3U__s_GUID@@B@@@@QAE@XZ 00406ca0 f i S3PDB_MSSQLServer_Connection.obj
 0001:00005cb0       ??0?$_com_ptr_t@V?$_com_IIID@U_Command@@$1?_GUID_b08400bd_f9d1_4d02_b856_71d5dba123e9@@3U__s_GUID@@B@@@@QAE@H@Z 00406cb0 f i S3PDB_MSSQLServer_Connection.obj
 0001:00005cd0       ??C?$_com_ptr_t@V?$_com_IIID@U_Command@@$1?_GUID_b08400bd_f9d1_4d02_b856_71d5dba123e9@@3U__s_GUID@@B@@@@QBEPAU_Command@@XZ 00406cd0 f i S3PDB_MSSQLServer_Connection.obj
 0001:00005cf0       ??B?$_com_ptr_t@V?$_com_IIID@U_Command@@$1?_GUID_b08400bd_f9d1_4d02_b856_71d5dba123e9@@3U__s_GUID@@B@@@@QBE_NXZ 00406cf0 f i S3PDB_MSSQLServer_Connection.obj
 0001:00005d00       ??8?$_com_ptr_t@V?$_com_IIID@U_Command@@$1?_GUID_b08400bd_f9d1_4d02_b856_71d5dba123e9@@3U__s_GUID@@B@@@@QAE_NH@Z 00406d00 f i S3PDB_MSSQLServer_Connection.obj
 0001:00005d20       ?_Release@?$_com_ptr_t@V?$_com_IIID@U_Connection@@$1?_GUID_00000550_0000_0010_8000_00aa006d2ea4@@3U__s_GUID@@B@@@@AAEXXZ 00406d20 f i S3PDB_MSSQLServer_Connection.obj
 0001:00005d30       ?_AddRef@?$_com_ptr_t@V?$_com_IIID@U_Connection@@$1?_GUID_00000550_0000_0010_8000_00aa006d2ea4@@3U__s_GUID@@B@@@@AAEXXZ 00406d30 f i S3PDB_MSSQLServer_Connection.obj
 0001:00005d40       ?_Release@?$_com_ptr_t@V?$_com_IIID@U_Recordset@@$1?_GUID_00000556_0000_0010_8000_00aa006d2ea4@@3U__s_GUID@@B@@@@AAEXXZ 00406d40 f i S3PDB_MSSQLServer_Connection.obj
 0001:00005d50       ?_Release@?$_com_ptr_t@V?$_com_IIID@U_Command@@$1?_GUID_b08400bd_f9d1_4d02_b856_71d5dba123e9@@3U__s_GUID@@B@@@@AAEXXZ 00406d50 f i S3PDB_MSSQLServer_Connection.obj
 0001:00005d60       ?_AddRef@?$_com_ptr_t@V?$_com_IIID@U_Command@@$1?_GUID_b08400bd_f9d1_4d02_b856_71d5dba123e9@@3U__s_GUID@@B@@@@AAEXXZ 00406d60 f i S3PDB_MSSQLServer_Connection.obj
 0001:00005d70       ?GetIID@?$_com_IIID@U_Connection@@$1?_GUID_00000550_0000_0010_8000_00aa006d2ea4@@3U__s_GUID@@B@@SAABU_GUID@@XZ 00406d70 f i S3PDB_MSSQLServer_Connection.obj
 0001:00005d80       ?GetIID@?$_com_IIID@U_Recordset@@$1?_GUID_00000556_0000_0010_8000_00aa006d2ea4@@3U__s_GUID@@B@@SAABU_GUID@@XZ 00406d80 f i S3PDB_MSSQLServer_Connection.obj
 0001:00005d90       ?GetIID@?$_com_IIID@U_Command@@$1?_GUID_b08400bd_f9d1_4d02_b856_71d5dba123e9@@3U__s_GUID@@B@@SAABU_GUID@@XZ 00406d90 f i S3PDB_MSSQLServer_Connection.obj
 0001:00005da0       ??$?8V?$_com_IIID@U_Connection@@$1?_GUID_00000550_0000_0010_8000_00aa006d2ea4@@3U__s_GUID@@B@@@@YA_NHAAV?$_com_ptr_t@V?$_com_IIID@U_Connection@@$1?_GUID_00000550_0000_0010_8000_00aa006d2ea4@@3U__s_GUID@@B@@@@@Z 00406da0 f i S3PDB_MSSQLServer_Connection.obj
 0001:00005dc0       ??9?$_com_ptr_t@V?$_com_IIID@U_Connection@@$1?_GUID_00000550_0000_0010_8000_00aa006d2ea4@@3U__s_GUID@@B@@@@QAE_NH@Z 00406dc0 f i S3PDB_MSSQLServer_Connection.obj
 0001:00005de0       ??9?$_com_ptr_t@V?$_com_IIID@U_Command@@$1?_GUID_b08400bd_f9d1_4d02_b856_71d5dba123e9@@3U__s_GUID@@B@@@@QAE_NH@Z 00406de0 f i S3PDB_MSSQLServer_Connection.obj
 0001:00005e00       ??0_bstr_t@@QAE@PBD@Z      00406e00 f i S3PDB_MSSQLServer_Connection.obj
 0001:00005e90       ??B_bstr_t@@QBEPA_WXZ      00406e90 f i S3PDB_MSSQLServer_Connection.obj
 0001:00005ea0       ?WCode@_com_error@@QBEGXZ  00406ea0 f i S3PDB_MSSQLServer_Connection.obj
 0001:00005ec0       ?ErrorMessage@_com_error@@QBEPBDXZ 00406ec0 f i S3PDB_MSSQLServer_Connection.obj
 0001:00005f90       ?GetFreeResult@S3PDB_MSSQLServer_Connection@@IAE_NPAPAVS3P_MSSQLServer_Result@@@Z 00406f90 f   S3PDB_MSSQLServer_Connection.obj
 0001:00005fc0       ??1?$_com_ptr_t@V?$_com_IIID@U_Connection@@$1?_GUID_00000550_0000_0010_8000_00aa006d2ea4@@3U__s_GUID@@B@@@@QAE@XZ 00406fc0 f i S3PDB_MSSQLServer_Connection.obj
 0001:00005fd0       ??0?$_com_ptr_t@V?$_com_IIID@U_Recordset@@$1?_GUID_00000556_0000_0010_8000_00aa006d2ea4@@3U__s_GUID@@B@@@@QAE@PAU_Recordset@@_N@Z 00406fd0 f i S3PDB_MSSQLServer_Connection.obj
 0001:00006000       ??1?$_com_ptr_t@V?$_com_IIID@U_Recordset@@$1?_GUID_00000556_0000_0010_8000_00aa006d2ea4@@3U__s_GUID@@B@@@@QAE@XZ 00407000 f i S3PDB_MSSQLServer_Connection.obj
 0001:00006010       ??1?$_com_ptr_t@V?$_com_IIID@U_Command@@$1?_GUID_b08400bd_f9d1_4d02_b856_71d5dba123e9@@3U__s_GUID@@B@@@@QAE@XZ 00407010 f i S3PDB_MSSQLServer_Connection.obj
 0001:00006020       ??$?4U_Connection@@@?$_com_ptr_t@V?$_com_IIID@U_Connection@@$1?_GUID_00000550_0000_0010_8000_00aa006d2ea4@@3U__s_GUID@@B@@@@QAEAAV0@PAU_Connection@@@Z 00407020 f i S3PDB_MSSQLServer_Connection.obj
 0001:00006050       ??$?4U_Command@@@?$_com_ptr_t@V?$_com_IIID@U_Command@@$1?_GUID_b08400bd_f9d1_4d02_b856_71d5dba123e9@@3U__s_GUID@@B@@@@QAEAAV0@PAU_Command@@@Z 00407050 f i S3PDB_MSSQLServer_Connection.obj
 0001:00006080       ?GetIID@?$_com_ptr_t@V?$_com_IIID@U_Connection@@$1?_GUID_00000550_0000_0010_8000_00aa006d2ea4@@3U__s_GUID@@B@@@@SAABU_GUID@@XZ 00407080 f i S3PDB_MSSQLServer_Connection.obj
 0001:00006090       ?GetIID@?$_com_ptr_t@V?$_com_IIID@U_Recordset@@$1?_GUID_00000556_0000_0010_8000_00aa006d2ea4@@3U__s_GUID@@B@@@@SAABU_GUID@@XZ 00407090 f i S3PDB_MSSQLServer_Connection.obj
 0001:000060a0       ?GetIID@?$_com_ptr_t@V?$_com_IIID@U_Command@@$1?_GUID_b08400bd_f9d1_4d02_b856_71d5dba123e9@@3U__s_GUID@@B@@@@SAABU_GUID@@XZ 004070a0 f i S3PDB_MSSQLServer_Connection.obj
 0001:000060b0       ??$?9V?$_com_IIID@U_Connection@@$1?_GUID_00000550_0000_0010_8000_00aa006d2ea4@@3U__s_GUID@@B@@@@YA_NHAAV?$_com_ptr_t@V?$_com_IIID@U_Connection@@$1?_GUID_00000550_0000_0010_8000_00aa006d2ea4@@3U__s_GUID@@B@@@@@Z 004070b0 f i S3PDB_MSSQLServer_Connection.obj
 0001:000060d0       ??$?9V?$_com_IIID@U_Command@@$1?_GUID_b08400bd_f9d1_4d02_b856_71d5dba123e9@@3U__s_GUID@@B@@@@YA_NHAAV?$_com_ptr_t@V?$_com_IIID@U_Command@@$1?_GUID_b08400bd_f9d1_4d02_b856_71d5dba123e9@@3U__s_GUID@@B@@@@@Z 004070d0 f i S3PDB_MSSQLServer_Connection.obj
 0001:000060f0       ?Execute@Command15@@QAE?AV?$_com_ptr_t@V?$_com_IIID@U_Recordset@@$1?_GUID_00000556_0000_0010_8000_00aa006d2ea4@@3U__s_GUID@@B@@@@PAUtagVARIANT@@0J@Z 004070f0 f i S3PDB_MSSQLServer_Connection.obj
 0001:00006150       ??4?$_com_ptr_t@V?$_com_IIID@U_Connection@@$1?_GUID_00000550_0000_0010_8000_00aa006d2ea4@@3U__s_GUID@@B@@@@QAEAAV0@ABV0@@Z 00407150 f i S3PDB_MSSQLServer_Connection.obj
 0001:00006190       ??4?$_com_ptr_t@V?$_com_IIID@U_Connection@@$1?_GUID_00000550_0000_0010_8000_00aa006d2ea4@@3U__s_GUID@@B@@@@QAEAAV0@H@Z 00407190 f i S3PDB_MSSQLServer_Connection.obj
 0001:000061c0       ??4?$_com_ptr_t@V?$_com_IIID@U_Recordset@@$1?_GUID_00000556_0000_0010_8000_00aa006d2ea4@@3U__s_GUID@@B@@@@QAEAAV0@ABV0@@Z 004071c0 f i S3PDB_MSSQLServer_Connection.obj
 0001:00006200       ??4?$_com_ptr_t@V?$_com_IIID@U_Command@@$1?_GUID_b08400bd_f9d1_4d02_b856_71d5dba123e9@@3U__s_GUID@@B@@@@QAEAAV0@H@Z 00407200 f i S3PDB_MSSQLServer_Connection.obj
 0001:00006230       ?CreateInstance@?$_com_ptr_t@V?$_com_IIID@U_Connection@@$1?_GUID_00000550_0000_0010_8000_00aa006d2ea4@@3U__s_GUID@@B@@@@QAEJABU_GUID@@PAUIUnknown@@K@Z 00407230 f i S3PDB_MSSQLServer_Connection.obj
 0001:000062d0       ?CreateInstance@?$_com_ptr_t@V?$_com_IIID@U_Recordset@@$1?_GUID_00000556_0000_0010_8000_00aa006d2ea4@@3U__s_GUID@@B@@@@QAEJABU_GUID@@PAUIUnknown@@K@Z 004072d0 f i S3PDB_MSSQLServer_Connection.obj
 0001:00006370       ?CreateInstance@?$_com_ptr_t@V?$_com_IIID@U_Command@@$1?_GUID_b08400bd_f9d1_4d02_b856_71d5dba123e9@@3U__s_GUID@@B@@@@QAEJABU_GUID@@PAUIUnknown@@K@Z 00407370 f i S3PDB_MSSQLServer_Connection.obj
 0001:00006410       ??0S3P_MSSQLServer_Result@@QAE@XZ 00407410 f i S3PDB_MSSQLServer_Connection.obj
 0001:00006480       ??1S3P_MSSQLServer_Result@@UAE@XZ 00407480 f i S3PDB_MSSQLServer_Connection.obj
 0001:00006500       ?AttachResult@S3P_MSSQLServer_Result@@QAEXAAV?$_com_ptr_t@V?$_com_IIID@U_Recordset@@$1?_GUID_00000556_0000_0010_8000_00aa006d2ea4@@3U__s_GUID@@B@@@@@Z 00407500 f i S3PDB_MSSQLServer_Connection.obj
 0001:00006530       ??_ES3P_MSSQLServer_Result@@UAEPAXI@Z 00407530 f i S3PDB_MSSQLServer_Connection.obj
 0001:00006530       ??_GS3P_MSSQLServer_Result@@UAEPAXI@Z 00407530 f i S3PDB_MSSQLServer_Connection.obj
 0001:00006550       ??0S3PDB_MSSQLServer_Connection@@QAE@XZ 00407550 f   S3PDB_MSSQLServer_Connection.obj
 0001:000065e0       ??1S3PDB_MSSQLServer_Connection@@UAE@XZ 004075e0 f   S3PDB_MSSQLServer_Connection.obj
 0001:00006690       ?CloseConnect@S3PDB_MSSQLServer_Connection@@UAEXXZ 00407690 f   S3PDB_MSSQLServer_Connection.obj
 0001:00006700       ?CreateInstance@?$_com_ptr_t@V?$_com_IIID@U_Connection@@$1?_GUID_00000550_0000_0010_8000_00aa006d2ea4@@3U__s_GUID@@B@@@@QAEJPB_WPAUIUnknown@@K@Z 00407700 f i S3PDB_MSSQLServer_Connection.obj
 0001:00006780       ?CreateInstance@?$_com_ptr_t@V?$_com_IIID@U_Recordset@@$1?_GUID_00000556_0000_0010_8000_00aa006d2ea4@@3U__s_GUID@@B@@@@QAEJPB_WPAUIUnknown@@K@Z 00407780 f i S3PDB_MSSQLServer_Connection.obj
 0001:00006800       ?CreateInstance@?$_com_ptr_t@V?$_com_IIID@U_Command@@$1?_GUID_b08400bd_f9d1_4d02_b856_71d5dba123e9@@3U__s_GUID@@B@@@@QAEJPB_WPAUIUnknown@@K@Z 00407800 f i S3PDB_MSSQLServer_Connection.obj
 0001:00006880       ??_ES3PDB_MSSQLServer_Connection@@UAEPAXI@Z 00407880 f i S3PDB_MSSQLServer_Connection.obj
 0001:00006880       ??_GS3PDB_MSSQLServer_Connection@@UAEPAXI@Z 00407880 f i S3PDB_MSSQLServer_Connection.obj
 0001:000068a0       ?CreateInstance@?$_com_ptr_t@V?$_com_IIID@U_Connection@@$1?_GUID_00000550_0000_0010_8000_00aa006d2ea4@@3U__s_GUID@@B@@@@QAEJPBDPAUIUnknown@@K@Z 004078a0 f i S3PDB_MSSQLServer_Connection.obj
 0001:000069b0       ?CreateInstance@?$_com_ptr_t@V?$_com_IIID@U_Recordset@@$1?_GUID_00000556_0000_0010_8000_00aa006d2ea4@@3U__s_GUID@@B@@@@QAEJPBDPAUIUnknown@@K@Z 004079b0 f i S3PDB_MSSQLServer_Connection.obj
 0001:00006ac0       ?CreateInstance@?$_com_ptr_t@V?$_com_IIID@U_Command@@$1?_GUID_b08400bd_f9d1_4d02_b856_71d5dba123e9@@3U__s_GUID@@B@@@@QAEJPBDPAUIUnknown@@K@Z 00407ac0 f i S3PDB_MSSQLServer_Connection.obj
 0001:00006bd0       ?PutCommandText@Command15@@QAEXV_bstr_t@@@Z 00407bd0 f i S3PDB_MSSQLServer_Connection.obj
 0001:00006c70       ?Open@Connection15@@QAEJV_bstr_t@@00J@Z 00407c70 f i S3PDB_MSSQLServer_Connection.obj
 0001:00006db0       ?DoCmd@S3PDB_MSSQLServer_Connection@@IAE_NPBD@Z 00407db0 f   S3PDB_MSSQLServer_Connection.obj
 0001:00006ec0       ?DoResult@S3PDB_MSSQLServer_Connection@@IAE_NPBD@Z 00407ec0 f   S3PDB_MSSQLServer_Connection.obj
 0001:00007010       ?QueryResult@S3PDB_MSSQLServer_Connection@@IAE_NPBDPAVS3P_MSSQLServer_Result@@@Z 00408010 f   S3PDB_MSSQLServer_Connection.obj
 0001:00007160       ?QueryCmd@S3PDB_MSSQLServer_Connection@@IAE_NPBDPAVS3P_MSSQLServer_Result@@@Z 00408160 f   S3PDB_MSSQLServer_Connection.obj
 0001:00007290       ?append@?$basic_string@DU?$char_traits@D@std@@V?$allocator@D@2@@std@@QAEAAV12@ABV12@@Z 00408290 f i S3PDB_MSSQLServer_Connection.obj
 0001:000072b0       ?Do@S3PDB_MSSQLServer_Connection@@UAE_NPBD@Z 004082b0 f   S3PDB_MSSQLServer_Connection.obj
 0001:000072c0       ?QuerySql@S3PDB_MSSQLServer_Connection@@UAE_NPBDPAPAVS3PResultVBC@@@Z 004082c0 f   S3PDB_MSSQLServer_Connection.obj
 0001:00007330       ??4?$basic_string@DU?$char_traits@D@std@@V?$allocator@D@2@@std@@QAEAAV01@PBD@Z 00408330 f i S3PDB_MSSQLServer_Connection.obj
 0001:00007360       ??Y?$basic_string@DU?$char_traits@D@std@@V?$allocator@D@2@@std@@QAEAAV01@ABV01@@Z 00408360 f i S3PDB_MSSQLServer_Connection.obj
 0001:00007380       ?OpenConnect@S3PDB_MSSQLServer_Connection@@UAE_NPAUtag_DATABASEINFO@@@Z 00408380 f   S3PDB_MSSQLServer_Connection.obj
 0001:00007620       ?IsLocked@K_CS@@QAEHXZ     00408620 f i S3PDBConnectionPool.obj
 0001:00007630       ?GetGMID@@YAKXZ            00408630 f   S3PDBConnectionPool.obj
 0001:00007640       ?ReleaseInstance@S3PDBConnectionPool@@SAXXZ 00408640 f   S3PDBConnectionPool.obj
 0001:00007660       ?CreateConnection@S3PDBConnectionPool@@IAEHPAUtag_DATABASEINFO@@PAPAVS3PDBConVBC@@@Z 00408660 f   S3PDBConnectionPool.obj
 0001:00007700       ?size@?$vector@PAVS3PDBConVBC@@V?$allocator@PAVS3PDBConVBC@@@std@@@std@@QBEIXZ 00408700 f i S3PDBConnectionPool.obj
 0001:00007720       ??A?$vector@PAVS3PDBConVBC@@V?$allocator@PAVS3PDBConVBC@@@std@@@std@@QAEAAPAVS3PDBConVBC@@I@Z 00408720 f i S3PDBConnectionPool.obj
 0001:00007750       ?capacity@?$vector@PAVS3PDBConVBC@@V?$allocator@PAVS3PDBConVBC@@@std@@@std@@QBEIXZ 00408750 f i S3PDBConnectionPool.obj
 0001:00007770       ??0?$allocator@PAVS3PDBConVBC@@@std@@QAE@XZ 00408770 f i S3PDBConnectionPool.obj
 0001:00007780       ??0?$allocator@PAVS3PDBConVBC@@@std@@QAE@ABV01@@Z 00408780 f i S3PDBConnectionPool.obj
 0001:00007790       ?deallocate@?$allocator@PAVS3PDBConVBC@@@std@@QAEXPAPAVS3PDBConVBC@@I@Z 00408790 f i S3PDBConnectionPool.obj
 0001:000077a0       ?max_size@?$allocator@PAVS3PDBConVBC@@@std@@QBEIXZ 004087a0 f i S3PDBConnectionPool.obj
 0001:000077b0       ??G?$_Vector_const_iterator@PAVS3PDBConVBC@@V?$allocator@PAVS3PDBConVBC@@@std@@@std@@QBEHABV01@@Z 004087b0 f i S3PDBConnectionPool.obj
 0001:000077e0       ??0?$_Ranit@PAVS3PDBConVBC@@HPBQAV1@ABQAV1@@std@@QAE@XZ 004087e0 f i S3PDBConnectionPool.obj
 0001:000077f0       ??Y?$_Vector_const_iterator@PAVS3PDBConVBC@@V?$allocator@PAVS3PDBConVBC@@@std@@@std@@QAEAAV01@H@Z 004087f0 f i S3PDBConnectionPool.obj
 0001:00007830       ??$_Allocate@PAVS3PDBConVBC@@@std@@YAPAPAVS3PDBConVBC@@IPAPAV1@@Z 00408830 f i S3PDBConnectionPool.obj
 0001:00007890       ??$_Ptr_cat@PAPAVS3PDBConVBC@@PAPAV1@@std@@YA?AU_Scalar_ptr_iterator_tag@0@AAPAPAVS3PDBConVBC@@0@Z 00408890 f i S3PDBConnectionPool.obj
 0001:000078a0       ??$_Destroy_range@PAVS3PDBConVBC@@V?$allocator@PAVS3PDBConVBC@@@std@@@std@@YAXPAPAVS3PDBConVBC@@0AAV?$allocator@PAVS3PDBConVBC@@@0@U_Scalar_ptr_iterator_tag@0@@Z 004088a0 f i S3PDBConnectionPool.obj
 0001:000078b0       ??$_Fill@PAPAVS3PDBConVBC@@PAV1@@std@@YAXPAPAVS3PDBConVBC@@0ABQAV1@@Z 004088b0 f i S3PDBConnectionPool.obj
 0001:000078d0       ??$_Iter_random@PAPAVS3PDBConVBC@@PAPAV1@@std@@YA?AUrandom_access_iterator_tag@0@ABQAPAVS3PDBConVBC@@0@Z 004088d0 f i S3PDBConnectionPool.obj
 0001:000078e0       ??$_Move_cat@PAPAVS3PDBConVBC@@@std@@YA?AU_Undefined_move_tag@0@ABQAPAVS3PDBConVBC@@@Z 004088e0 f i S3PDBConnectionPool.obj
 0001:000078f0       ??$_Checked_base@PAPAVS3PDBConVBC@@@std@@YAPAPAVS3PDBConVBC@@AAPAPAV1@U_Unchanged_checked_iterator_base_type_tag@0@@Z 004088f0 f i S3PDBConnectionPool.obj
 0001:00007900       ??$_Copy_backward_opt@PAPAVS3PDBConVBC@@PAPAV1@Urandom_access_iterator_tag@std@@@std@@YAPAPAVS3PDBConVBC@@PAPAV1@00Urandom_access_iterator_tag@0@U_Scalar_ptr_iterator_tag@0@U_Range_checked_iterator_tag@0@@Z 00408900 f i S3PDBConnectionPool.obj
 0001:00007930       ??$_Iter_cat@PAPAVS3PDBConVBC@@@std@@YA?AUrandom_access_iterator_tag@0@ABQAPAVS3PDBConVBC@@@Z 00408930 f i S3PDBConnectionPool.obj
 0001:00007940       ??$_Fill_n@PAPAVS3PDBConVBC@@IPAV1@@std@@YAXPAPAVS3PDBConVBC@@IABQAV1@U_Range_checked_iterator_tag@0@@Z 00408940 f i S3PDBConnectionPool.obj
 0001:00007970       ??$_Uninit_copy@PAPAVS3PDBConVBC@@PAPAV1@V?$allocator@PAVS3PDBConVBC@@@std@@@std@@YAPAPAVS3PDBConVBC@@PAPAV1@00AAV?$allocator@PAVS3PDBConVBC@@@0@U_Scalar_ptr_iterator_tag@0@U_Range_checked_iterator_tag@0@@Z 00408970 f i S3PDBConnectionPool.obj
 0001:000079a0       ?RemoveDBCon@S3PDBConnectionPool@@QAEHPAPAVS3PDBConVBC@@@Z 004089a0 f   S3PDBConnectionPool.obj
 0001:00007aa0       ?ReturnDBCon@S3PDBConnectionPool@@QAEHPAVS3PDBConVBC@@@Z 00408aa0 f   S3PDBConnectionPool.obj
 0001:00007b70       ??0?$_Vector_val@PAVS3PDBConVBC@@V?$allocator@PAVS3PDBConVBC@@@std@@@std@@IAE@V?$allocator@PAVS3PDBConVBC@@@1@@Z 00408b70 f i S3PDBConnectionPool.obj
 0001:00007b80       ?max_size@?$vector@PAVS3PDBConVBC@@V?$allocator@PAVS3PDBConVBC@@@std@@@std@@QBEIXZ 00408b80 f i S3PDBConnectionPool.obj
 0001:00007b90       ?allocate@?$allocator@PAVS3PDBConVBC@@@std@@QAEPAPAVS3PDBConVBC@@I@Z 00408b90 f i S3PDBConnectionPool.obj
 0001:00007bb0       ??G?$_Vector_iterator@PAVS3PDBConVBC@@V?$allocator@PAVS3PDBConVBC@@@std@@@std@@QBEHABV?$_Vector_const_iterator@PAVS3PDBConVBC@@V?$allocator@PAVS3PDBConVBC@@@std@@@1@@Z 00408bb0 f i S3PDBConnectionPool.obj
 0001:00007be0       ??Y?$_Vector_iterator@PAVS3PDBConVBC@@V?$allocator@PAVS3PDBConVBC@@@std@@@std@@QAEAAV01@H@Z 00408be0 f i S3PDBConnectionPool.obj
 0001:00007c20       ??0?$_Vector_const_iterator@PAVS3PDBConVBC@@V?$allocator@PAVS3PDBConVBC@@@std@@@std@@QAE@PAPAVS3PDBConVBC@@PBU_Container_base@1@@Z 00408c20 f i S3PDBConnectionPool.obj
 0001:00007c60       ??$_Destroy_range@PAVS3PDBConVBC@@V?$allocator@PAVS3PDBConVBC@@@std@@@std@@YAXPAPAVS3PDBConVBC@@0AAV?$allocator@PAVS3PDBConVBC@@@0@@Z 00408c60 f i S3PDBConnectionPool.obj
 0001:00007c70       ??$_Checked_base@PAPAVS3PDBConVBC@@@std@@YAPAPAVS3PDBConVBC@@AAPAPAV1@@Z 00408c70 f i S3PDBConnectionPool.obj
 0001:00007c80       ??$_Move_backward_opt@PAPAVS3PDBConVBC@@PAPAV1@Urandom_access_iterator_tag@std@@U_Undefined_move_tag@3@@std@@YAPAPAVS3PDBConVBC@@PAPAV1@00Urandom_access_iterator_tag@0@U_Undefined_move_tag@0@U_Range_checked_iterator_tag@0@@Z 00408c80 f i S3PDBConnectionPool.obj
 0001:00007cb0       ??$_Fill_n@PAPAVS3PDBConVBC@@IPAV1@@std@@YAXPAPAVS3PDBConVBC@@IABQAV1@Urandom_access_iterator_tag@0@U_Range_checked_iterator_tag@0@@Z 00408cb0 f i S3PDBConnectionPool.obj
 0001:00007ce0       ??$unchecked_uninitialized_copy@PAPAVS3PDBConVBC@@PAPAV1@V?$allocator@PAVS3PDBConVBC@@@std@@@stdext@@YAPAPAVS3PDBConVBC@@PAPAV1@00AAV?$allocator@PAVS3PDBConVBC@@@std@@@Z 00408ce0 f i S3PDBConnectionPool.obj
 0001:00007d10       ?_Destroy@?$vector@PAVS3PDBConVBC@@V?$allocator@PAVS3PDBConVBC@@@std@@@std@@IAEXPAPAVS3PDBConVBC@@0@Z 00408d10 f i S3PDBConnectionPool.obj
 0001:00007d20       ??0?$_Vector_iterator@PAVS3PDBConVBC@@V?$allocator@PAVS3PDBConVBC@@@std@@@std@@QAE@PAPAVS3PDBConVBC@@PBU_Container_base@1@@Z 00408d20 f i S3PDBConnectionPool.obj
 0001:00007d60       ??H?$_Vector_iterator@PAVS3PDBConVBC@@V?$allocator@PAVS3PDBConVBC@@@std@@@std@@QBE?AV01@H@Z 00408d60 f i S3PDBConnectionPool.obj
 0001:00007da0       ??$fill@PAPAVS3PDBConVBC@@PAV1@@std@@YAXPAPAVS3PDBConVBC@@0ABQAV1@@Z 00408da0 f i S3PDBConnectionPool.obj
 0001:00007dc0       ??$_Unchecked_move_backward@PAPAVS3PDBConVBC@@PAPAV1@@stdext@@YAPAPAVS3PDBConVBC@@PAPAV1@00@Z 00408dc0 f i S3PDBConnectionPool.obj
 0001:00007df0       ??$unchecked_fill_n@PAPAVS3PDBConVBC@@IPAV1@@stdext@@YAXPAPAVS3PDBConVBC@@IABQAV1@@Z 00408df0 f i S3PDBConnectionPool.obj
 0001:00007e20       ??$_Uninit_move@PAPAVS3PDBConVBC@@PAPAV1@V?$allocator@PAVS3PDBConVBC@@@std@@U_Undefined_move_tag@3@@std@@YAPAPAVS3PDBConVBC@@PAPAV1@00AAV?$allocator@PAVS3PDBConVBC@@@0@U_Undefined_move_tag@0@U_Range_checked_iterator_tag@0@@Z 00408e20 f i S3PDBConnectionPool.obj
 0001:00007e50       ?end@?$vector@PAVS3PDBConVBC@@V?$allocator@PAVS3PDBConVBC@@@std@@@std@@QAE?AV?$_Vector_iterator@PAVS3PDBConVBC@@V?$allocator@PAVS3PDBConVBC@@@std@@@2@XZ 00408e50 f i S3PDBConnectionPool.obj
 0001:00007e80       ?_Tidy@?$vector@PAVS3PDBConVBC@@V?$allocator@PAVS3PDBConVBC@@@std@@@std@@IAEXXZ 00408e80 f i S3PDBConnectionPool.obj
 0001:00007eb0       ?begin@?$vector@PAVS3PDBConVBC@@V?$allocator@PAVS3PDBConVBC@@@std@@@std@@QAE?AV?$_Vector_iterator@PAVS3PDBConVBC@@V?$allocator@PAVS3PDBConVBC@@@std@@@2@XZ 00408eb0 f i S3PDBConnectionPool.obj
 0001:00007ee0       ??$_Uninit_fill_n@PAPAVS3PDBConVBC@@IPAV1@V?$allocator@PAVS3PDBConVBC@@@std@@@std@@YAXPAPAVS3PDBConVBC@@IABQAV1@AAV?$allocator@PAVS3PDBConVBC@@@0@U_Scalar_ptr_iterator_tag@0@U_Range_checked_iterator_tag@0@@Z 00408ee0 f i S3PDBConnectionPool.obj
 0001:00007f10       ??$_Unchecked_uninitialized_move@PAPAVS3PDBConVBC@@PAPAV1@V?$allocator@PAVS3PDBConVBC@@@std@@@stdext@@YAPAPAVS3PDBConVBC@@PAPAV1@00AAV?$allocator@PAVS3PDBConVBC@@@std@@@Z 00408f10 f i S3PDBConnectionPool.obj
 0001:00007f40       ??1logic_error@std@@UAE@XZ 00408f40 f i S3PDBConnectionPool.obj
 0001:00007f80       ?what@logic_error@std@@UBEPBDXZ 00408f80 f i S3PDBConnectionPool.obj
 0001:00007f90       ??_Elogic_error@std@@UAEPAXI@Z 00408f90 f i S3PDBConnectionPool.obj
 0001:00007f90       ??_Glogic_error@std@@UAEPAXI@Z 00408f90 f i S3PDBConnectionPool.obj
 0001:00007fe0       ??0tag_DATABASEINFO@@QAE@XZ 00408fe0 f i S3PDBConnectionPool.obj
 0001:00008010       ??1tag_DATABASEINFO@@QAE@XZ 00409010 f i S3PDBConnectionPool.obj
 0001:00008090       ??1?$vector@PAVS3PDBConVBC@@V?$allocator@PAVS3PDBConVBC@@@std@@@std@@QAE@XZ 00409090 f i S3PDBConnectionPool.obj
 0001:000080c0       ??$unchecked_uninitialized_fill_n@PAPAVS3PDBConVBC@@IPAV1@V?$allocator@PAVS3PDBConVBC@@@std@@@stdext@@YAXPAPAVS3PDBConVBC@@IABQAV1@AAV?$allocator@PAVS3PDBConVBC@@@std@@@Z 004090c0 f i S3PDBConnectionPool.obj
 0001:000080f0       ??$_Umove@PAPAVS3PDBConVBC@@@?$vector@PAVS3PDBConVBC@@V?$allocator@PAVS3PDBConVBC@@@std@@@std@@IAEPAPAVS3PDBConVBC@@PAPAV2@00@Z 004090f0 f i S3PDBConnectionPool.obj
 0001:00008120       ??1S3PDBConnectionPool@@MAE@XZ 00409120 f   S3PDBConnectionPool.obj
 0001:00008230       ?_Ufill@?$vector@PAVS3PDBConVBC@@V?$allocator@PAVS3PDBConVBC@@@std@@@std@@IAEPAPAVS3PDBConVBC@@PAPAV3@IABQAV3@@Z 00409230 f i S3PDBConnectionPool.obj
 0001:00008260       ??0logic_error@std@@QAE@ABV?$basic_string@DU?$char_traits@D@std@@V?$allocator@D@2@@1@@Z 00409260 f i S3PDBConnectionPool.obj
 0001:000082d0       ??0length_error@std@@QAE@ABV?$basic_string@DU?$char_traits@D@std@@V?$allocator@D@2@@1@@Z 004092d0 f i S3PDBConnectionPool.obj
 0001:000082f0       ??1length_error@std@@UAE@XZ 004092f0 f i S3PDBConnectionPool.obj
 0001:00008330       ??_Glength_error@std@@UAEPAXI@Z 00409330 f i S3PDBConnectionPool.obj
 0001:00008330       ??_Elength_error@std@@UAEPAXI@Z 00409330 f i S3PDBConnectionPool.obj
 0001:00008380       ??_ES3PDBConnectionPool@@MAEPAXI@Z 00409380 f i S3PDBConnectionPool.obj
 0001:00008380       ??_GS3PDBConnectionPool@@MAEPAXI@Z 00409380 f i S3PDBConnectionPool.obj
 0001:000083a0       ?_Xlen@?$vector@PAVS3PDBConVBC@@V?$allocator@PAVS3PDBConVBC@@@std@@@std@@KAXXZ 004093a0 f i S3PDBConnectionPool.obj
 0001:00008420       ??0logic_error@std@@QAE@ABV01@@Z 00409420 f i S3PDBConnectionPool.obj
 0001:000084a0       ??0length_error@std@@QAE@ABV01@@Z 004094a0 f i S3PDBConnectionPool.obj
 0001:000084c0       ?_Buy@?$vector@PAVS3PDBConVBC@@V?$allocator@PAVS3PDBConVBC@@@std@@@std@@IAE_NI@Z 004094c0 f i S3PDBConnectionPool.obj
 0001:00008510       ?_Insert_n@?$vector@PAVS3PDBConVBC@@V?$allocator@PAVS3PDBConVBC@@@std@@@std@@IAEXV?$_Vector_iterator@PAVS3PDBConVBC@@V?$allocator@PAVS3PDBConVBC@@@std@@@2@IABQAVS3PDBConVBC@@@Z 00409510 f i S3PDBConnectionPool.obj
 0001:000086d0       ??0?$vector@PAVS3PDBConVBC@@V?$allocator@PAVS3PDBConVBC@@@std@@@std@@QAE@XZ 004096d0 f i S3PDBConnectionPool.obj
 0001:000086e0       ?insert@?$vector@PAVS3PDBConVBC@@V?$allocator@PAVS3PDBConVBC@@@std@@@std@@QAE?AV?$_Vector_iterator@PAVS3PDBConVBC@@V?$allocator@PAVS3PDBConVBC@@@std@@@2@V32@ABQAVS3PDBConVBC@@@Z 004096e0 f i S3PDBConnectionPool.obj
 0001:00008770       ??0S3PDBConnectionPool@@IAE@XZ 00409770 f   S3PDBConnectionPool.obj
 0001:000087c0       ?Instance@S3PDBConnectionPool@@SAPAV1@XZ 004097c0 f   S3PDBConnectionPool.obj
 0001:00008840       ?push_back@?$vector@PAVS3PDBConVBC@@V?$allocator@PAVS3PDBConVBC@@@std@@@std@@QAEXABQAVS3PDBConVBC@@@Z 00409840 f i S3PDBConnectionPool.obj
 0001:000088b0       ?Init@S3PDBConnectionPool@@QAEHABV?$basic_string@DU?$char_traits@D@std@@V?$allocator@D@2@@std@@0K@Z 004098b0 f   S3PDBConnectionPool.obj
 0001:00008bf0       ??0S3PDBConVBC@@IAE@XZ     00409bf0 f   S3PDBConVBC.obj
 0001:00008c10       ??1S3PDBConVBC@@UAE@XZ     00409c10 f   S3PDBConVBC.obj
 0001:00008c20       ??_ES3PDBConVBC@@UAEPAXI@Z 00409c20 f i S3PDBConVBC.obj
 0001:00008c20       ??_GS3PDBConVBC@@UAEPAXI@Z 00409c20 f i S3PDBConVBC.obj
 0001:00008c40       ??0KThread_CS@@QAE@XZ      00409c40 f i S3PDBSocketPool.obj
 0001:00008ca0       ??1KThread_CS@@UAE@XZ      00409ca0 f i S3PDBSocketPool.obj
 0001:00008d10       ??_GKThread_CS@@UAEPAXI@Z  00409d10 f i S3PDBSocketPool.obj
 0001:00008d10       ??_EKThread_CS@@UAEPAXI@Z  00409d10 f i S3PDBSocketPool.obj
 0001:00008d30       ??2@YAPAXIPAX@Z            00409d30 f i S3PDBSocketPool.obj
 0001:00008d40       ??3@YAXPAX0@Z              00409d40 f i S3PDBSocketPool.obj
 0001:00008d50       ??RUserNameCmp@@QBE_NABUUserName@@0@Z 00409d50 f i S3PDBSocketPool.obj
 0001:00008d70       ?ReleaseInstance@S3PDBSocketPool@@SAXXZ 00409d70 f   S3PDBSocketPool.obj
 0001:00008d90       ?SendData@S3PDBSocketPool@@QAEHKQBXABI@Z 00409d90 f   S3PDBSocketPool.obj
 0001:00008e50       ?CustomSend@S3PDBSocketPool@@QAEHKDPAUKAccountHead@@@Z 00409e50 f   S3PDBSocketPool.obj
 0001:00008f30       ?ProUndefine@KGatewayDataProcess@@IAEHPBDK@Z 00409f30 f   S3PDBSocketPool.obj
 0001:00008f40       ?GetDB@KGatewayDataProcess@@IAEPAVS3PDBConVBC@@K@Z 00409f40 f   S3PDBSocketPool.obj
 0001:00008f90       ?Start@KGatewayDataProcess@@UAEPAXPAUIServer@@K@Z 00409f90 f   S3PDBSocketPool.obj
 0001:00008fd0       ?Stop@KGatewayDataProcess@@UAEHXZ 00409fd0 f   S3PDBSocketPool.obj
 0001:00009000       ?ConnectErrorWork@KGatewayDataProcess@@QAEHKKF@Z 0040a000 f   S3PDBSocketPool.obj
 0001:00009050       ?ConnectFreeForErrorWork@KGatewayDataProcess@@QAEHKKF@Z 0040a050 f   S3PDBSocketPool.obj
 0001:000090a0       ?OutofWork@KGatewayDataProcess@@QAEHK@Z 0040a0a0 f   S3PDBSocketPool.obj
 0001:00009160       ?IsWork@KGatewayDataProcess@@QAEHXZ 0040a160 f   S3PDBSocketPool.obj
 0001:00009190       ?IsWorkAgain@KGatewayDataProcess@@QAEHXZ 0040a190 f   S3PDBSocketPool.obj
 0001:000091c0       ?IsWantData@KGatewayDataProcess@@QAEHXZ 0040a1c0 f   S3PDBSocketPool.obj
 0001:00009200       ?IsError@KGatewayDataProcess@@QAEHXZ 0040a200 f   S3PDBSocketPool.obj
 0001:00009230       ?GetStatus@KGatewayDataProcess@@QAEHXZ 0040a230 f   S3PDBSocketPool.obj
 0001:00009250       ?SetStatus@KGatewayDataProcess@@IAE_NH@Z 0040a250 f   S3PDBSocketPool.obj
 0001:00009300       ?IsVerifyTimeout@KGatewayDataProcess@@IAE_NXZ 0040a300 f   S3PDBSocketPool.obj
 0001:00009340       ??8const_iterator@?$_Tree@V?$_Tmap_traits@UUserName@@KUUserNameCmp@@V?$allocator@U?$pair@$$CBUUserName@@K@std@@@std@@$0A@@std@@@std@@QBE_NABV012@@Z 0040a340 f i S3PDBSocketPool.obj
 0001:00009370       ??9const_iterator@?$_Tree@V?$_Tmap_traits@UUserName@@KUUserNameCmp@@V?$allocator@U?$pair@$$CBUUserName@@K@std@@@std@@$0A@@std@@@std@@QBE_NABV012@@Z 0040a370 f i S3PDBSocketPool.obj
 0001:000093a0       ?_Color@?$_Tree@V?$_Tmap_traits@UUserName@@KUUserNameCmp@@V?$allocator@U?$pair@$$CBUUserName@@K@std@@@std@@$0A@@std@@@std@@KAAADPAU_Node@?$_Tree_nod@V?$_Tmap_traits@UUserName@@KUUserNameCmp@@V?$allocator@U?$pair@$$CBUUserName@@K@std@@@std@@$0A@@std@@@2@@Z 0040a3a0 f i S3PDBSocketPool.obj
 0001:000093b0       ?_Isnil@?$_Tree@V?$_Tmap_traits@UUserName@@KUUserNameCmp@@V?$allocator@U?$pair@$$CBUUserName@@K@std@@@std@@$0A@@std@@@std@@KAAADPAU_Node@?$_Tree_nod@V?$_Tmap_traits@UUserName@@KUUserNameCmp@@V?$allocator@U?$pair@$$CBUUserName@@K@std@@@std@@$0A@@std@@@2@@Z 0040a3b0 f i S3PDBSocketPool.obj
 0001:000093c0       ?_Left@?$_Tree@V?$_Tmap_traits@UUserName@@KUUserNameCmp@@V?$allocator@U?$pair@$$CBUUserName@@K@std@@@std@@$0A@@std@@@std@@KAAAPAU_Node@?$_Tree_nod@V?$_Tmap_traits@UUserName@@KUUserNameCmp@@V?$allocator@U?$pair@$$CBUUserName@@K@std@@@std@@$0A@@std@@@2@PAU342@@Z 0040a3c0 f i S3PDBSocketPool.obj
 0001:000093d0       ?_Parent@?$_Tree@V?$_Tmap_traits@UUserName@@KUUserNameCmp@@V?$allocator@U?$pair@$$CBUUserName@@K@std@@@std@@$0A@@std@@@std@@KAAAPAU_Node@?$_Tree_nod@V?$_Tmap_traits@UUserName@@KUUserNameCmp@@V?$allocator@U?$pair@$$CBUUserName@@K@std@@@std@@$0A@@std@@@2@PAU342@@Z 0040a3d0 f i S3PDBSocketPool.obj
 0001:000093e0       ?_Right@?$_Tree@V?$_Tmap_traits@UUserName@@KUUserNameCmp@@V?$allocator@U?$pair@$$CBUUserName@@K@std@@@std@@$0A@@std@@@std@@KAAAPAU_Node@?$_Tree_nod@V?$_Tmap_traits@UUserName@@KUUserNameCmp@@V?$allocator@U?$pair@$$CBUUserName@@K@std@@@std@@$0A@@std@@@2@PAU342@@Z 0040a3e0 f i S3PDBSocketPool.obj
 0001:000093f0       ?_Lmost@?$_Tree@V?$_Tmap_traits@UUserName@@KUUserNameCmp@@V?$allocator@U?$pair@$$CBUUserName@@K@std@@@std@@$0A@@std@@@std@@IBEAAPAU_Node@?$_Tree_nod@V?$_Tmap_traits@UUserName@@KUUserNameCmp@@V?$allocator@U?$pair@$$CBUUserName@@K@std@@@std@@$0A@@std@@@2@XZ 0040a3f0 f i S3PDBSocketPool.obj
 0001:00009400       ?_Max@?$_Tree@V?$_Tmap_traits@UUserName@@KUUserNameCmp@@V?$allocator@U?$pair@$$CBUUserName@@K@std@@@std@@$0A@@std@@@std@@KAPAU_Node@?$_Tree_nod@V?$_Tmap_traits@UUserName@@KUUserNameCmp@@V?$allocator@U?$pair@$$CBUUserName@@K@std@@@std@@$0A@@std@@@2@PAU342@@Z 0040a400 f i S3PDBSocketPool.obj
 0001:00009420       ?_Min@?$_Tree@V?$_Tmap_traits@UUserName@@KUUserNameCmp@@V?$allocator@U?$pair@$$CBUUserName@@K@std@@@std@@$0A@@std@@@std@@KAPAU_Node@?$_Tree_nod@V?$_Tmap_traits@UUserName@@KUUserNameCmp@@V?$allocator@U?$pair@$$CBUUserName@@K@std@@@std@@$0A@@std@@@2@PAU342@@Z 0040a420 f i S3PDBSocketPool.obj
 0001:00009440       ?_Rmost@?$_Tree@V?$_Tmap_traits@UUserName@@KUUserNameCmp@@V?$allocator@U?$pair@$$CBUUserName@@K@std@@@std@@$0A@@std@@@std@@IBEAAPAU_Node@?$_Tree_nod@V?$_Tmap_traits@UUserName@@KUUserNameCmp@@V?$allocator@U?$pair@$$CBUUserName@@K@std@@@std@@$0A@@std@@@2@XZ 0040a440 f i S3PDBSocketPool.obj
 0001:00009450       ?_Root@?$_Tree@V?$_Tmap_traits@UUserName@@KUUserNameCmp@@V?$allocator@U?$pair@$$CBUUserName@@K@std@@@std@@$0A@@std@@@std@@IBEAAPAU_Node@?$_Tree_nod@V?$_Tmap_traits@UUserName@@KUUserNameCmp@@V?$allocator@U?$pair@$$CBUUserName@@K@std@@@std@@$0A@@std@@@2@XZ 0040a450 f i S3PDBSocketPool.obj
 0001:00009460       ?_Rrotate@?$_Tree@V?$_Tmap_traits@UUserName@@KUUserNameCmp@@V?$allocator@U?$pair@$$CBUUserName@@K@std@@@std@@$0A@@std@@@std@@IAEXPAU_Node@?$_Tree_nod@V?$_Tmap_traits@UUserName@@KUUserNameCmp@@V?$allocator@U?$pair@$$CBUUserName@@K@std@@@std@@$0A@@std@@@2@@Z 0040a460 f i S3PDBSocketPool.obj
 0001:000094c0       ??0?$allocator@U?$pair@$$CBUUserName@@K@std@@@std@@QAE@XZ 0040a4c0 f i S3PDBSocketPool.obj
 0001:000094d0       ?deallocate@?$allocator@U_Node@?$_Tree_nod@V?$_Tmap_traits@UUserName@@KUUserNameCmp@@V?$allocator@U?$pair@$$CBUUserName@@K@std@@@std@@$0A@@std@@@std@@@std@@QAEXPAU_Node@?$_Tree_nod@V?$_Tmap_traits@UUserName@@KUUserNameCmp@@V?$allocator@U?$pair@$$CBUUserName@@K@std@@@std@@$0A@@std@@@2@I@Z 0040a4d0 f i S3PDBSocketPool.obj
 0001:000094e0       ?_Nextnode@?$list@PAVKGatewayDataProcess@@V?$allocator@PAVKGatewayDataProcess@@@std@@@std@@KAAAPAU_Node@?$_List_nod@PAVKGatewayDataProcess@@V?$allocator@PAVKGatewayDataProcess@@@std@@@2@PAU342@@Z 0040a4e0 f i S3PDBSocketPool.obj
 0001:000094f0       ?_Prevnode@?$list@PAVKGatewayDataProcess@@V?$allocator@PAVKGatewayDataProcess@@@std@@@std@@KAAAPAU_Node@?$_List_nod@PAVKGatewayDataProcess@@V?$allocator@PAVKGatewayDataProcess@@@std@@@2@PAU342@@Z 0040a4f0 f i S3PDBSocketPool.obj
 0001:00009500       ??0?$allocator@PAVKGatewayDataProcess@@@std@@QAE@XZ 0040a500 f i S3PDBSocketPool.obj
 0001:00009510       ?deallocate@?$allocator@U_Node@?$_List_nod@PAVKGatewayDataProcess@@V?$allocator@PAVKGatewayDataProcess@@@std@@@std@@@std@@QAEXPAU_Node@?$_List_nod@PAVKGatewayDataProcess@@V?$allocator@PAVKGatewayDataProcess@@@std@@@2@I@Z 0040a510 f i S3PDBSocketPool.obj
 0001:00009520       ??8?$_Const_iterator@$00@?$list@PAVKGatewayDataProcess@@V?$allocator@PAVKGatewayDataProcess@@@std@@@std@@QBE_NABV012@@Z 0040a520 f i S3PDBSocketPool.obj
 0001:00009550       ?_Mynode@const_iterator@?$_Tree@V?$_Tmap_traits@UUserName@@KUUserNameCmp@@V?$allocator@U?$pair@$$CBUUserName@@K@std@@@std@@$0A@@std@@@std@@QBEPAU_Node@?$_Tree_nod@V?$_Tmap_traits@UUserName@@KUUserNameCmp@@V?$allocator@U?$pair@$$CBUUserName@@K@std@@@std@@$0A@@std@@@3@XZ 0040a550 f i S3PDBSocketPool.obj
 0001:00009560       ??0?$pair@$$CBUUserName@@K@std@@QAE@ABUUserName@@ABK@Z 0040a560 f i S3PDBSocketPool.obj
 0001:00009580       ?_Myval@?$_Tree@V?$_Tmap_traits@UUserName@@KUUserNameCmp@@V?$allocator@U?$pair@$$CBUUserName@@K@std@@@std@@$0A@@std@@@std@@KAAAU?$pair@$$CBUUserName@@K@2@PAU_Node@?$_Tree_nod@V?$_Tmap_traits@UUserName@@KUUserNameCmp@@V?$allocator@U?$pair@$$CBUUserName@@K@std@@@std@@$0A@@std@@@2@@Z 0040a580 f i S3PDBSocketPool.obj
 0001:00009590       ?size@?$_Tree@V?$_Tmap_traits@UUserName@@KUUserNameCmp@@V?$allocator@U?$pair@$$CBUUserName@@K@std@@@std@@$0A@@std@@@std@@QBEIXZ 0040a590 f i S3PDBSocketPool.obj
 0001:000095a0       ?_Kfn@?$_Tmap_traits@UUserName@@KUUserNameCmp@@V?$allocator@U?$pair@$$CBUUserName@@K@std@@@std@@$0A@@std@@SAABUUserName@@ABU?$pair@$$CBUUserName@@K@2@@Z 0040a5a0 f i S3PDBSocketPool.obj
 0001:000095b0       ??0?$allocator@U?$pair@$$CBUUserName@@K@std@@@std@@QAE@ABV01@@Z 0040a5b0 f i S3PDBSocketPool.obj
 0001:000095c0       ?_Myval@?$list@PAVKGatewayDataProcess@@V?$allocator@PAVKGatewayDataProcess@@@std@@@std@@KAAAPAVKGatewayDataProcess@@PAU_Node@?$_List_nod@PAVKGatewayDataProcess@@V?$allocator@PAVKGatewayDataProcess@@@std@@@2@@Z 0040a5c0 f i S3PDBSocketPool.obj
 0001:000095d0       ??0?$allocator@PAVKGatewayDataProcess@@@std@@QAE@ABV01@@Z 0040a5d0 f i S3PDBSocketPool.obj
 0001:000095e0       ??E?$_Const_iterator@$00@?$list@PAVKGatewayDataProcess@@V?$allocator@PAVKGatewayDataProcess@@@std@@@std@@QAEAAV012@XZ 0040a5e0 f i S3PDBSocketPool.obj
 0001:00009610       ?_Mynode@?$_Const_iterator@$00@?$list@PAVKGatewayDataProcess@@V?$allocator@PAVKGatewayDataProcess@@@std@@@std@@QBEPAU_Node@?$_List_nod@PAVKGatewayDataProcess@@V?$allocator@PAVKGatewayDataProcess@@@std@@@3@XZ 0040a610 f i S3PDBSocketPool.obj
 0001:00009620       ??Dconst_iterator@?$_Tree@V?$_Tmap_traits@UUserName@@KUUserNameCmp@@V?$allocator@U?$pair@$$CBUUserName@@K@std@@@std@@$0A@@std@@@std@@QBEABU?$pair@$$CBUUserName@@K@2@XZ 0040a620 f i S3PDBSocketPool.obj
 0001:00009650       ??0?$pair@Viterator@?$_Tree@V?$_Tmap_traits@UUserName@@KUUserNameCmp@@V?$allocator@U?$pair@$$CBUUserName@@K@std@@@std@@$0A@@std@@@std@@V123@@std@@QAE@ABViterator@?$_Tree@V?$_Tmap_traits@UUserName@@KUUserNameCmp@@V?$allocator@U?$pair@$$CBUUserName@@K@std@@@std@@$0A@@std@@@1@0@Z 0040a650 f i S3PDBSocketPool.obj
 0001:00009680       ??0?$_Bidit@PAVKGatewayDataProcess@@HPBQAV1@ABQAV1@@std@@QAE@XZ 0040a680 f i S3PDBSocketPool.obj
 0001:00009690       ??0?$_Bidit@U?$pair@$$CBUUserName@@K@std@@HPBU12@ABU12@@std@@QAE@XZ 0040a690 f i S3PDBSocketPool.obj
 0001:000096a0       ??0const_iterator@?$_Tree@V?$_Tmap_traits@UUserName@@KUUserNameCmp@@V?$allocator@U?$pair@$$CBUUserName@@K@std@@@std@@$0A@@std@@@std@@QAE@XZ 0040a6a0 f i S3PDBSocketPool.obj
 0001:000096b0       ?_Inc@const_iterator@?$_Tree@V?$_Tmap_traits@UUserName@@KUUserNameCmp@@V?$allocator@U?$pair@$$CBUUserName@@K@std@@@std@@$0A@@std@@@std@@QAEXXZ 0040a6b0 f i S3PDBSocketPool.obj
 0001:00009720       ??0?$pair@Viterator@?$_Tree@V?$_Tmap_traits@UUserName@@KUUserNameCmp@@V?$allocator@U?$pair@$$CBUUserName@@K@std@@@std@@$0A@@std@@@std@@_N@std@@QAE@ABViterator@?$_Tree@V?$_Tmap_traits@UUserName@@KUUserNameCmp@@V?$allocator@U?$pair@$$CBUUserName@@K@std@@@std@@$0A@@std@@@1@AB_N@Z 0040a720 f i S3PDBSocketPool.obj
 0001:00009740       ?max_size@?$allocator@U?$pair@$$CBUUserName@@K@std@@@std@@QBEIXZ 0040a740 f i S3PDBSocketPool.obj
 0001:00009750       ?max_size@?$allocator@PAVKGatewayDataProcess@@@std@@QBEIXZ 0040a750 f i S3PDBSocketPool.obj
 0001:00009760       ?_Dec@const_iterator@?$_Tree@V?$_Tmap_traits@UUserName@@KUUserNameCmp@@V?$allocator@U?$pair@$$CBUUserName@@K@std@@@std@@$0A@@std@@@std@@QAEXXZ 0040a760 f i S3PDBSocketPool.obj
 0001:000097f0       ??0_Node@?$_Tree_nod@V?$_Tmap_traits@UUserName@@KUUserNameCmp@@V?$allocator@U?$pair@$$CBUUserName@@K@std@@@std@@$0A@@std@@@std@@QAE@PAU012@00ABU?$pair@$$CBUUserName@@K@2@D@Z 0040a7f0 f i S3PDBSocketPool.obj
 0001:00009830       ??0?$_Tmap_traits@UUserName@@KUUserNameCmp@@V?$allocator@U?$pair@$$CBUUserName@@K@std@@@std@@$0A@@std@@QAE@UUserNameCmp@@@Z 0040a830 f i S3PDBSocketPool.obj
 0001:00009840       ??$swap@D@std@@YAXAAD0@Z   0040a840 f i S3PDBSocketPool.obj
 0001:00009860       ??$_Destroy@U_Node@?$_Tree_nod@V?$_Tmap_traits@UUserName@@KUUserNameCmp@@V?$allocator@U?$pair@$$CBUUserName@@K@std@@@std@@$0A@@std@@@std@@@std@@YAXPAU_Node@?$_Tree_nod@V?$_Tmap_traits@UUserName@@KUUserNameCmp@@V?$allocator@U?$pair@$$CBUUserName@@K@std@@@std@@$0A@@std@@@0@@Z 0040a860 f i S3PDBSocketPool.obj
 0001:00009870       ??$_Destroy@U_Node@?$_List_nod@PAVKGatewayDataProcess@@V?$allocator@PAVKGatewayDataProcess@@@std@@@std@@@std@@YAXPAU_Node@?$_List_nod@PAVKGatewayDataProcess@@V?$allocator@PAVKGatewayDataProcess@@@std@@@0@@Z 0040a870 f i S3PDBSocketPool.obj
 0001:00009880       ??$_Destroy@PAU_Node@?$_Tree_nod@V?$_Tmap_traits@UUserName@@KUUserNameCmp@@V?$allocator@U?$pair@$$CBUUserName@@K@std@@@std@@$0A@@std@@@std@@@std@@YAXPAPAU_Node@?$_Tree_nod@V?$_Tmap_traits@UUserName@@KUUserNameCmp@@V?$allocator@U?$pair@$$CBUUserName@@K@std@@@std@@$0A@@std@@@0@@Z 0040a880 f i S3PDBSocketPool.obj
 0001:00009890       ??$?0PAVKGatewayDataProcess@@@?$allocator@PAU_Node@?$_List_nod@PAVKGatewayDataProcess@@V?$allocator@PAVKGatewayDataProcess@@@std@@@std@@@std@@QAE@ABV?$allocator@PAVKGatewayDataProcess@@@1@@Z 0040a890 f i S3PDBSocketPool.obj
 0001:000098a0       ??$_Allocate@U_Node@?$_List_nod@PAVKGatewayDataProcess@@V?$allocator@PAVKGatewayDataProcess@@@std@@@std@@@std@@YAPAU_Node@?$_List_nod@PAVKGatewayDataProcess@@V?$allocator@PAVKGatewayDataProcess@@@std@@@0@IPAU120@@Z 0040a8a0 f i S3PDBSocketPool.obj
 0001:00009900       ??$_Construct@PAU_Node@?$_List_nod@PAVKGatewayDataProcess@@V?$allocator@PAVKGatewayDataProcess@@@std@@@std@@PAU123@@std@@YAXPAPAU_Node@?$_List_nod@PAVKGatewayDataProcess@@V?$allocator@PAVKGatewayDataProcess@@@std@@@0@ABQAU120@@Z 0040a900 f i S3PDBSocketPool.obj
 0001:00009920       ??$_Destroy@PAU_Node@?$_List_nod@PAVKGatewayDataProcess@@V?$allocator@PAVKGatewayDataProcess@@@std@@@std@@@std@@YAXPAPAU_Node@?$_List_nod@PAVKGatewayDataProcess@@V?$allocator@PAVKGatewayDataProcess@@@std@@@0@@Z 0040a920 f i S3PDBSocketPool.obj
 0001:00009930       ??$?0U?$pair@$$CBUUserName@@K@std@@@?$allocator@PAU_Node@?$_Tree_nod@V?$_Tmap_traits@UUserName@@KUUserNameCmp@@V?$allocator@U?$pair@$$CBUUserName@@K@std@@@std@@$0A@@std@@@std@@@std@@QAE@ABV?$allocator@U?$pair@$$CBUUserName@@K@std@@@1@@Z 0040a930 f i S3PDBSocketPool.obj
 0001:00009940       ??$?0PAVKGatewayDataProcess@@@?$allocator@U_Node@?$_List_nod@PAVKGatewayDataProcess@@V?$allocator@PAVKGatewayDataProcess@@@std@@@std@@@std@@QAE@ABV?$allocator@PAVKGatewayDataProcess@@@1@@Z 0040a940 f i S3PDBSocketPool.obj
 0001:00009950       ??$_Construct@PAVKGatewayDataProcess@@PAV1@@std@@YAXPAPAVKGatewayDataProcess@@ABQAV1@@Z 0040a950 f i S3PDBSocketPool.obj
 0001:00009970       ??$?0U?$pair@$$CBUUserName@@K@std@@@?$allocator@U_Node@?$_Tree_nod@V?$_Tmap_traits@UUserName@@KUUserNameCmp@@V?$allocator@U?$pair@$$CBUUserName@@K@std@@@std@@$0A@@std@@@std@@@std@@QAE@ABV?$allocator@U?$pair@$$CBUUserName@@K@std@@@1@@Z 0040a970 f i S3PDBSocketPool.obj
 0001:00009980       ??$_Allocate@U_Node@?$_Tree_nod@V?$_Tmap_traits@UUserName@@KUUserNameCmp@@V?$allocator@U?$pair@$$CBUUserName@@K@std@@@std@@$0A@@std@@@std@@@std@@YAPAU_Node@?$_Tree_nod@V?$_Tmap_traits@UUserName@@KUUserNameCmp@@V?$allocator@U?$pair@$$CBUUserName@@K@std@@@std@@$0A@@std@@@0@IPAU120@@Z 0040a980 f i S3PDBSocketPool.obj
 0001:000099e0       ??$_Construct@PAU_Node@?$_Tree_nod@V?$_Tmap_traits@UUserName@@KUUserNameCmp@@V?$allocator@U?$pair@$$CBUUserName@@K@std@@@std@@$0A@@std@@@std@@PAU123@@std@@YAXPAPAU_Node@?$_Tree_nod@V?$_Tmap_traits@UUserName@@KUUserNameCmp@@V?$allocator@U?$pair@$$CBUUserName@@K@std@@@std@@$0A@@std@@@0@ABQAU120@@Z 0040a9e0 f i S3PDBSocketPool.obj
 0001:00009a00       ??$_Iter_cat@Viterator@?$_Tree@V?$_Tmap_traits@UUserName@@KUUserNameCmp@@V?$allocator@U?$pair@$$CBUUserName@@K@std@@@std@@$0A@@std@@@std@@@std@@YA?AUbidirectional_iterator_tag@0@ABViterator@?$_Tree@V?$_Tmap_traits@UUserName@@KUUserNameCmp@@V?$allocator@U?$pair@$$CBUUserName@@K@std@@@std@@$0A@@std@@@0@@Z 0040aa00 f i S3PDBSocketPool.obj
 0001:00009a10       ??_EKThread_CS@@WM@AEPAXI@Z 0040aa10 f i S3PDBSocketPool.obj
 0001:00009a20       ?CheckConnectAddress@KGatewayDataProcess@@IAEHK@Z 0040aa20 f   S3PDBSocketPool.obj
 0001:00009a60       ?ConnectFreeWork@KGatewayDataProcess@@QAEHKKF@Z 0040aa60 f   S3PDBSocketPool.obj
 0001:00009ac0       ?ConnectAgainWork@KGatewayDataProcess@@QAEHKKF@Z 0040aac0 f   S3PDBSocketPool.obj
 0001:00009b20       ??9?$_Const_iterator@$00@?$list@PAVKGatewayDataProcess@@V?$allocator@PAVKGatewayDataProcess@@@std@@@std@@QBE_NABV012@@Z 0040ab20 f i S3PDBSocketPool.obj
 0001:00009b50       ?_Key@?$_Tree@V?$_Tmap_traits@UUserName@@KUUserNameCmp@@V?$allocator@U?$pair@$$CBUUserName@@K@std@@@std@@$0A@@std@@@std@@KAABUUserName@@PAU_Node@?$_Tree_nod@V?$_Tmap_traits@UUserName@@KUUserNameCmp@@V?$allocator@U?$pair@$$CBUUserName@@K@std@@@std@@$0A@@std@@@2@@Z 0040ab50 f i S3PDBSocketPool.obj
 0001:00009b60       ?_Lrotate@?$_Tree@V?$_Tmap_traits@UUserName@@KUUserNameCmp@@V?$allocator@U?$pair@$$CBUUserName@@K@std@@@std@@$0A@@std@@@std@@IAEXPAU_Node@?$_Tree_nod@V?$_Tmap_traits@UUserName@@KUUserNameCmp@@V?$allocator@U?$pair@$$CBUUserName@@K@std@@@std@@$0A@@std@@@2@@Z 0040ab60 f i S3PDBSocketPool.obj
 0001:00009bb0       ?destroy@?$allocator@U_Node@?$_Tree_nod@V?$_Tmap_traits@UUserName@@KUUserNameCmp@@V?$allocator@U?$pair@$$CBUUserName@@K@std@@@std@@$0A@@std@@@std@@@std@@QAEXPAU_Node@?$_Tree_nod@V?$_Tmap_traits@UUserName@@KUUserNameCmp@@V?$allocator@U?$pair@$$CBUUserName@@K@std@@@std@@$0A@@std@@@2@@Z 0040abb0 f i S3PDBSocketPool.obj
 0001:00009bc0       ?destroy@?$allocator@U_Node@?$_List_nod@PAVKGatewayDataProcess@@V?$allocator@PAVKGatewayDataProcess@@@std@@@std@@@std@@QAEXPAU_Node@?$_List_nod@PAVKGatewayDataProcess@@V?$allocator@PAVKGatewayDataProcess@@@std@@@2@@Z 0040abc0 f i S3PDBSocketPool.obj
 0001:00009bd0       ??E?$_Iterator@$00@?$list@PAVKGatewayDataProcess@@V?$allocator@PAVKGatewayDataProcess@@@std@@@std@@QAEAAV012@XZ 0040abd0 f i S3PDBSocketPool.obj
 0001:00009c00       ??D?$_Const_iterator@$00@?$list@PAVKGatewayDataProcess@@V?$allocator@PAVKGatewayDataProcess@@@std@@@std@@QBEABQAVKGatewayDataProcess@@XZ 0040ac00 f i S3PDBSocketPool.obj
 0001:00009c30       ??Diterator@?$_Tree@V?$_Tmap_traits@UUserName@@KUUserNameCmp@@V?$allocator@U?$pair@$$CBUUserName@@K@std@@@std@@$0A@@std@@@std@@QBEAAU?$pair@$$CBUUserName@@K@2@XZ 0040ac30 f i S3PDBSocketPool.obj
 0001:00009c60       ?_Lbound@?$_Tree@V?$_Tmap_traits@UUserName@@KUUserNameCmp@@V?$allocator@U?$pair@$$CBUUserName@@K@std@@@std@@$0A@@std@@@std@@IBEPAU_Node@?$_Tree_nod@V?$_Tmap_traits@UUserName@@KUUserNameCmp@@V?$allocator@U?$pair@$$CBUUserName@@K@std@@@std@@$0A@@std@@@2@ABUUserName@@@Z 0040ac60 f i S3PDBSocketPool.obj
 0001:00009ca0       ?destroy@?$allocator@PAU_Node@?$_Tree_nod@V?$_Tmap_traits@UUserName@@KUUserNameCmp@@V?$allocator@U?$pair@$$CBUUserName@@K@std@@@std@@$0A@@std@@@std@@@std@@QAEXPAPAU_Node@?$_Tree_nod@V?$_Tmap_traits@UUserName@@KUUserNameCmp@@V?$allocator@U?$pair@$$CBUUserName@@K@std@@@std@@$0A@@std@@@2@@Z 0040aca0 f i S3PDBSocketPool.obj
 0001:00009cb0       ?allocate@?$allocator@U_Node@?$_List_nod@PAVKGatewayDataProcess@@V?$allocator@PAVKGatewayDataProcess@@@std@@@std@@@std@@QAEPAU_Node@?$_List_nod@PAVKGatewayDataProcess@@V?$allocator@PAVKGatewayDataProcess@@@std@@@2@I@Z 0040acb0 f i S3PDBSocketPool.obj
 0001:00009cd0       ?construct@?$allocator@PAU_Node@?$_List_nod@PAVKGatewayDataProcess@@V?$allocator@PAVKGatewayDataProcess@@@std@@@std@@@std@@QAEXPAPAU_Node@?$_List_nod@PAVKGatewayDataProcess@@V?$allocator@PAVKGatewayDataProcess@@@std@@@2@ABQAU342@@Z 0040acd0 f i S3PDBSocketPool.obj
 0001:00009cf0       ?destroy@?$allocator@PAU_Node@?$_List_nod@PAVKGatewayDataProcess@@V?$allocator@PAVKGatewayDataProcess@@@std@@@std@@@std@@QAEXPAPAU_Node@?$_List_nod@PAVKGatewayDataProcess@@V?$allocator@PAVKGatewayDataProcess@@@std@@@2@@Z 0040acf0 f i S3PDBSocketPool.obj
 0001:00009d00       ??0?$_Const_iterator@$00@?$list@PAVKGatewayDataProcess@@V?$allocator@PAVKGatewayDataProcess@@@std@@@std@@QAE@PAU_Node@?$_List_nod@PAVKGatewayDataProcess@@V?$allocator@PAVKGatewayDataProcess@@@std@@@2@PBV12@@Z 0040ad00 f i S3PDBSocketPool.obj
 0001:00009d30       ??0iterator@?$_Tree@V?$_Tmap_traits@UUserName@@KUUserNameCmp@@V?$allocator@U?$pair@$$CBUUserName@@K@std@@@std@@$0A@@std@@@std@@QAE@XZ 0040ad30 f i S3PDBSocketPool.obj
 0001:00009d40       ??0const_iterator@?$_Tree@V?$_Tmap_traits@UUserName@@KUUserNameCmp@@V?$allocator@U?$pair@$$CBUUserName@@K@std@@@std@@$0A@@std@@@std@@QAE@PAU_Node@?$_Tree_nod@V?$_Tmap_traits@UUserName@@KUUserNameCmp@@V?$allocator@U?$pair@$$CBUUserName@@K@std@@@std@@$0A@@std@@@2@PBV12@@Z 0040ad40 f i S3PDBSocketPool.obj
 0001:00009d70       ??Econst_iterator@?$_Tree@V?$_Tmap_traits@UUserName@@KUUserNameCmp@@V?$allocator@U?$pair@$$CBUUserName@@K@std@@@std@@$0A@@std@@@std@@QAEAAV012@XZ 0040ad70 f i S3PDBSocketPool.obj
 0001:00009d80       ?max_size@?$_Tree@V?$_Tmap_traits@UUserName@@KUUserNameCmp@@V?$allocator@U?$pair@$$CBUUserName@@K@std@@@std@@$0A@@std@@@std@@QBEIXZ 0040ad80 f i S3PDBSocketPool.obj
 0001:00009d90       ?_Erase@?$_Tree@V?$_Tmap_traits@UUserName@@KUUserNameCmp@@V?$allocator@U?$pair@$$CBUUserName@@K@std@@@std@@$0A@@std@@@std@@IAEXPAU_Node@?$_Tree_nod@V?$_Tmap_traits@UUserName@@KUUserNameCmp@@V?$allocator@U?$pair@$$CBUUserName@@K@std@@@std@@$0A@@std@@@2@@Z 0040ad90 f i S3PDBSocketPool.obj
 0001:00009dd0       ?_Ubound@?$_Tree@V?$_Tmap_traits@UUserName@@KUUserNameCmp@@V?$allocator@U?$pair@$$CBUUserName@@K@std@@@std@@$0A@@std@@@std@@IBEPAU_Node@?$_Tree_nod@V?$_Tmap_traits@UUserName@@KUUserNameCmp@@V?$allocator@U?$pair@$$CBUUserName@@K@std@@@std@@$0A@@std@@@2@ABUUserName@@@Z 0040add0 f i S3PDBSocketPool.obj
 0001:00009e10       ?max_size@?$list@PAVKGatewayDataProcess@@V?$allocator@PAVKGatewayDataProcess@@@std@@@std@@QBEIXZ 0040ae10 f i S3PDBSocketPool.obj
 0001:00009e20       ??0?$_List_nod@PAVKGatewayDataProcess@@V?$allocator@PAVKGatewayDataProcess@@@std@@@std@@IAE@V?$allocator@PAVKGatewayDataProcess@@@1@@Z 0040ae20 f i S3PDBSocketPool.obj
 0001:00009e30       ?construct@?$allocator@PAVKGatewayDataProcess@@@std@@QAEXPAPAVKGatewayDataProcess@@ABQAV3@@Z 0040ae30 f i S3PDBSocketPool.obj
 0001:00009e50       ??Fconst_iterator@?$_Tree@V?$_Tmap_traits@UUserName@@KUUserNameCmp@@V?$allocator@U?$pair@$$CBUUserName@@K@std@@@std@@$0A@@std@@@std@@QAEAAV012@XZ 0040ae50 f i S3PDBSocketPool.obj
 0001:00009e60       ??0?$_Tree_nod@V?$_Tmap_traits@UUserName@@KUUserNameCmp@@V?$allocator@U?$pair@$$CBUUserName@@K@std@@@std@@$0A@@std@@@std@@IAE@ABUUserNameCmp@@V?$allocator@U?$pair@$$CBUUserName@@K@std@@@1@@Z 0040ae60 f i S3PDBSocketPool.obj
 0001:00009e70       ?allocate@?$allocator@U_Node@?$_Tree_nod@V?$_Tmap_traits@UUserName@@KUUserNameCmp@@V?$allocator@U?$pair@$$CBUUserName@@K@std@@@std@@$0A@@std@@@std@@@std@@QAEPAU_Node@?$_Tree_nod@V?$_Tmap_traits@UUserName@@KUUserNameCmp@@V?$allocator@U?$pair@$$CBUUserName@@K@std@@@std@@$0A@@std@@@2@I@Z 0040ae70 f i S3PDBSocketPool.obj
 0001:00009e90       ?construct@?$allocator@PAU_Node@?$_Tree_nod@V?$_Tmap_traits@UUserName@@KUUserNameCmp@@V?$allocator@U?$pair@$$CBUUserName@@K@std@@@std@@$0A@@std@@@std@@@std@@QAEXPAPAU_Node@?$_Tree_nod@V?$_Tmap_traits@UUserName@@KUUserNameCmp@@V?$allocator@U?$pair@$$CBUUserName@@K@std@@@std@@$0A@@std@@@2@ABQAU342@@Z 0040ae90 f i S3PDBSocketPool.obj
 0001:00009eb0       ?clear@?$list@PAVKGatewayDataProcess@@V?$allocator@PAVKGatewayDataProcess@@@std@@@std@@QAEXXZ 0040aeb0 f i S3PDBSocketPool.obj
 0001:00009ef0       ??D?$_Iterator@$00@?$list@PAVKGatewayDataProcess@@V?$allocator@PAVKGatewayDataProcess@@@std@@@std@@QBEAAPAVKGatewayDataProcess@@XZ 0040aef0 f i S3PDBSocketPool.obj
 0001:00009f20       ??E?$_Iterator@$00@?$list@PAVKGatewayDataProcess@@V?$allocator@PAVKGatewayDataProcess@@@std@@@std@@QAE?AV012@H@Z 0040af20 f i S3PDBSocketPool.obj
 0001:00009f60       ??Citerator@?$_Tree@V?$_Tmap_traits@UUserName@@KUUserNameCmp@@V?$allocator@U?$pair@$$CBUUserName@@K@std@@@std@@$0A@@std@@@std@@QBEPAU?$pair@$$CBUUserName@@K@2@XZ 0040af60 f i S3PDBSocketPool.obj
 0001:00009f90       ?_Buynode@?$list@PAVKGatewayDataProcess@@V?$allocator@PAVKGatewayDataProcess@@@std@@@std@@IAEPAU_Node@?$_List_nod@PAVKGatewayDataProcess@@V?$allocator@PAVKGatewayDataProcess@@@std@@@2@XZ 0040af90 f i S3PDBSocketPool.obj
 0001:00009fb0       ?_Tidy@?$list@PAVKGatewayDataProcess@@V?$allocator@PAVKGatewayDataProcess@@@std@@@std@@IAEXXZ 0040afb0 f i S3PDBSocketPool.obj
 0001:0000a000       ??0?$_Iterator@$00@?$list@PAVKGatewayDataProcess@@V?$allocator@PAVKGatewayDataProcess@@@std@@@std@@QAE@PAU_Node@?$_List_nod@PAVKGatewayDataProcess@@V?$allocator@PAVKGatewayDataProcess@@@std@@@2@PBV12@@Z 0040b000 f i S3PDBSocketPool.obj
 0001:0000a030       ??0iterator@?$_Tree@V?$_Tmap_traits@UUserName@@KUUserNameCmp@@V?$allocator@U?$pair@$$CBUUserName@@K@std@@@std@@$0A@@std@@@std@@QAE@PAU_Node@?$_Tree_nod@V?$_Tmap_traits@UUserName@@KUUserNameCmp@@V?$allocator@U?$pair@$$CBUUserName@@K@std@@@std@@$0A@@std@@@2@PBV12@@Z 0040b030 f i S3PDBSocketPool.obj
 0001:0000a060       ??Eiterator@?$_Tree@V?$_Tmap_traits@UUserName@@KUUserNameCmp@@V?$allocator@U?$pair@$$CBUUserName@@K@std@@@std@@$0A@@std@@@std@@QAEAAV012@XZ 0040b060 f i S3PDBSocketPool.obj
 0001:0000a070       ?clear@?$_Tree@V?$_Tmap_traits@UUserName@@KUUserNameCmp@@V?$allocator@U?$pair@$$CBUUserName@@K@std@@@std@@$0A@@std@@@std@@QAEXXZ 0040b070 f i S3PDBSocketPool.obj
 0001:0000a0a0       ?upper_bound@?$_Tree@V?$_Tmap_traits@UUserName@@KUUserNameCmp@@V?$allocator@U?$pair@$$CBUUserName@@K@std@@@std@@$0A@@std@@@std@@QAE?AViterator@12@ABUUserName@@@Z 0040b0a0 f i S3PDBSocketPool.obj
 0001:0000a0d0       ?_Buynode@?$list@PAVKGatewayDataProcess@@V?$allocator@PAVKGatewayDataProcess@@@std@@@std@@IAEPAU_Node@?$_List_nod@PAVKGatewayDataProcess@@V?$allocator@PAVKGatewayDataProcess@@@std@@@2@PAU342@0ABQAVKGatewayDataProcess@@@Z 0040b0d0 f i S3PDBSocketPool.obj
 0001:0000a110       ??0?$_List_ptr@PAVKGatewayDataProcess@@V?$allocator@PAVKGatewayDataProcess@@@std@@@std@@IAE@V?$allocator@PAVKGatewayDataProcess@@@1@@Z 0040b110 f i S3PDBSocketPool.obj
 0001:0000a120       ??Fiterator@?$_Tree@V?$_Tmap_traits@UUserName@@KUUserNameCmp@@V?$allocator@U?$pair@$$CBUUserName@@K@std@@@std@@$0A@@std@@@std@@QAEAAV012@XZ 0040b120 f i S3PDBSocketPool.obj
 0001:0000a130       ?_Buynode@?$_Tree@V?$_Tmap_traits@UUserName@@KUUserNameCmp@@V?$allocator@U?$pair@$$CBUUserName@@K@std@@@std@@$0A@@std@@@std@@IAEPAU_Node@?$_Tree_nod@V?$_Tmap_traits@UUserName@@KUUserNameCmp@@V?$allocator@U?$pair@$$CBUUserName@@K@std@@@std@@$0A@@std@@@2@XZ 0040b130 f i S3PDBSocketPool.obj
 0001:0000a170       ?_Buynode@?$_Tree@V?$_Tmap_traits@UUserName@@KUUserNameCmp@@V?$allocator@U?$pair@$$CBUUserName@@K@std@@@std@@$0A@@std@@@std@@IAEPAU_Node@?$_Tree_nod@V?$_Tmap_traits@UUserName@@KUUserNameCmp@@V?$allocator@U?$pair@$$CBUUserName@@K@std@@@std@@$0A@@std@@@2@PAU342@00ABU?$pair@$$CBUUserName@@K@2@D@Z 0040b170 f i S3PDBSocketPool.obj
 0001:0000a1c0       ??0?$_Tree_ptr@V?$_Tmap_traits@UUserName@@KUUserNameCmp@@V?$allocator@U?$pair@$$CBUUserName@@K@std@@@std@@$0A@@std@@@std@@IAE@ABUUserNameCmp@@V?$allocator@U?$pair@$$CBUUserName@@K@std@@@1@@Z 0040b1c0 f i S3PDBSocketPool.obj
 0001:0000a1d0       ??$_Distance2@Viterator@?$_Tree@V?$_Tmap_traits@UUserName@@KUUserNameCmp@@V?$allocator@U?$pair@$$CBUUserName@@K@std@@@std@@$0A@@std@@@std@@I@std@@YAXViterator@?$_Tree@V?$_Tmap_traits@UUserName@@KUUserNameCmp@@V?$allocator@U?$pair@$$CBUUserName@@K@std@@@std@@$0A@@std@@@0@0AAIUbidirectional_iterator_tag@0@@Z 0040b1d0 f i S3PDBSocketPool.obj
 0001:0000a210       ?begin@?$_Tree@V?$_Tmap_traits@UUserName@@KUUserNameCmp@@V?$allocator@U?$pair@$$CBUUserName@@K@std@@@std@@$0A@@std@@@std@@QAE?AViterator@12@XZ 0040b210 f i S3PDBSocketPool.obj
 0001:0000a230       ?end@?$_Tree@V?$_Tmap_traits@UUserName@@KUUserNameCmp@@V?$allocator@U?$pair@$$CBUUserName@@K@std@@@std@@$0A@@std@@@std@@QAE?AViterator@12@XZ 0040b230 f i S3PDBSocketPool.obj
 0001:0000a240       ??1?$list@PAVKGatewayDataProcess@@V?$allocator@PAVKGatewayDataProcess@@@std@@@std@@QAE@XZ 0040b240 f i S3PDBSocketPool.obj
 0001:0000a250       ?begin@?$list@PAVKGatewayDataProcess@@V?$allocator@PAVKGatewayDataProcess@@@std@@@std@@QAE?AV?$_Iterator@$00@12@XZ 0040b250 f i S3PDBSocketPool.obj
 0001:0000a270       ?end@?$list@PAVKGatewayDataProcess@@V?$allocator@PAVKGatewayDataProcess@@@std@@@std@@QAE?AV?$_Iterator@$00@12@XZ 0040b270 f i S3PDBSocketPool.obj
 0001:0000a280       ??Eiterator@?$_Tree@V?$_Tmap_traits@UUserName@@KUUserNameCmp@@V?$allocator@U?$pair@$$CBUUserName@@K@std@@@std@@$0A@@std@@@std@@QAE?AV012@H@Z 0040b280 f i S3PDBSocketPool.obj
 0001:0000a2a0       ?lower_bound@?$_Tree@V?$_Tmap_traits@UUserName@@KUUserNameCmp@@V?$allocator@U?$pair@$$CBUUserName@@K@std@@@std@@$0A@@std@@@std@@QAE?AViterator@12@ABUUserName@@@Z 0040b2a0 f i S3PDBSocketPool.obj
 0001:0000a2d0       ?equal_range@?$_Tree@V?$_Tmap_traits@UUserName@@KUUserNameCmp@@V?$allocator@U?$pair@$$CBUUserName@@K@std@@@std@@$0A@@std@@@std@@QAE?AU?$pair@Viterator@?$_Tree@V?$_Tmap_traits@UUserName@@KUUserNameCmp@@V?$allocator@U?$pair@$$CBUUserName@@K@std@@@std@@$0A@@std@@@std@@V123@@2@ABUUserName@@@Z 0040b2d0 f i S3PDBSocketPool.obj
 0001:0000a320       ??0?$_List_val@PAVKGatewayDataProcess@@V?$allocator@PAVKGatewayDataProcess@@@std@@@std@@QAE@V?$allocator@PAVKGatewayDataProcess@@@1@@Z 0040b320 f i S3PDBSocketPool.obj
 0001:0000a330       ?_Init@?$_Tree@V?$_Tmap_traits@UUserName@@KUUserNameCmp@@V?$allocator@U?$pair@$$CBUUserName@@K@std@@@std@@$0A@@std@@@std@@IAEXXZ 0040b330 f i S3PDBSocketPool.obj
 0001:0000a360       ??0?$_Tree_val@V?$_Tmap_traits@UUserName@@KUUserNameCmp@@V?$allocator@U?$pair@$$CBUUserName@@K@std@@@std@@$0A@@std@@@std@@IAE@ABUUserNameCmp@@V?$allocator@U?$pair@$$CBUUserName@@K@std@@@1@@Z 0040b360 f i S3PDBSocketPool.obj
[...]
 0001:0002d6e2       __shift                    0042e6e2 f   LIBCMT:cvt.obj
 0001:0002d71b       __cftoe2_l                 0042e71b f   LIBCMT:cvt.obj
 0001:0002dd03       __cftof2_l                 0042ed03 f   LIBCMT:cvt.obj
 0001:000310c1       __abstract_cw              004320c1 f   LIBCMT:ieee87.obj
 0001:00031155       __hw_cw                    00432155 f   LIBCMT:ieee87.obj
 0001:000311e3       __abstract_sw              004321e3 f   LIBCMT:ieee87.obj
 0001:00031221       ___abstract_cw_sse2        00432221 f   LIBCMT:ieee87.obj
 0001:000312be       ___hw_cw_sse2              004322be f   LIBCMT:ieee87.obj
 0001:0003135e       ___abstract_sw_sse2        0043235e f   LIBCMT:ieee87.obj
 0001:0003139c       ___fpreset_sse2            0043239c f   LIBCMT:ieee87.obj
 0001:0003146e       ___statusfp_sse2           0043246e f   LIBCMT:ieee87.obj
 0001:000314a9       ___clearfp_sse2            004324a9 f   LIBCMT:ieee87.obj
 0001:000314f4       ___control87_sse2          004324f4 f   LIBCMT:ieee87.obj
 0001:00032430       __ehhandler$?KPIWritePrivateProfileString@@YAHPBD000@Z 00433430 f   GlobalFun.obj
 0001:00032450       __ehhandler$?KPIGetPrivateProfileString@@YAKPBD00PADK0@Z 00433450 f   GlobalFun.obj
 0001:00032470       __ehhandler$?_Copy@?$basic_string@DU?$char_traits@D@std@@V?$allocator@D@2@@std@@IAEXII@Z 00433470 f   LogFile.obj
 0001:00032490       __unwindfunclet$??$?HDU?$char_traits@D@std@@V?$allocator@D@1@@std@@YA?AV?$basic_string@DU?$char_traits@D@std@@V?$allocator@D@2@@0@ABV10@PBD@Z$0 00433490 f   LogFile.obj
 0001:00032498       __ehhandler$??$?HDU?$char_traits@D@std@@V?$allocator@D@1@@std@@YA?AV?$basic_string@DU?$char_traits@D@std@@V?$allocator@D@2@@0@ABV10@PBD@Z 00433498 f   LogFile.obj
 0001:000324c0       __unwindfunclet$?Initialize@CLogFile@@QAEHABV?$basic_string@DU?$char_traits@D@std@@V?$allocator@D@2@@std@@I@Z$0 004334c0 f   LogFile.obj
 0001:000324c8       __ehhandler$?Initialize@CLogFile@@QAEHABV?$basic_string@DU?$char_traits@D@std@@V?$allocator@D@2@@std@@I@Z 004334c8 f   LogFile.obj
 0001:000324f0       __unwindfunclet$?OpenUniDirectory@CLogFile@@CAHABV?$basic_string@DU?$char_traits@D@std@@V?$allocator@D@2@@std@@PAV23@@Z$2 004334f0 f   LogFile.obj
 0001:000324f8       __unwindfunclet$?OpenUniDirectory@CLogFile@@CAHABV?$basic_string@DU?$char_traits@D@std@@V?$allocator@D@2@@std@@PAV23@@Z$3 004334f8 f   LogFile.obj
 0001:00032500       __ehhandler$?OpenUniDirectory@CLogFile@@CAHABV?$basic_string@DU?$char_traits@D@std@@V?$allocator@D@2@@std@@PAV23@@Z 00433500 f   LogFile.obj
 0001:00032530       __unwindfunclet$?CreateUniFile@CLogFile@@CAPAXABV?$basic_string@DU?$char_traits@D@std@@V?$allocator@D@2@@std@@PAV23@@Z$0 00433530 f   LogFile.obj
 0001:00032538       __unwindfunclet$?CreateUniFile@CLogFile@@CAPAXABV?$basic_string@DU?$char_traits@D@std@@V?$allocator@D@2@@std@@PAV23@@Z$1 00433538 f   LogFile.obj
 0001:00032540       __ehhandler$?CreateUniFile@CLogFile@@CAPAXABV?$basic_string@DU?$char_traits@D@std@@V?$allocator@D@2@@std@@PAV23@@Z 00433540 f   LogFile.obj
 0001:00032570       __unwindfunclet$?PrepareFile@CLogFile@@AAEHXZ$0 00433570 f   LogFile.obj
 0001:0003257b       __unwindfunclet$?PrepareFile@CLogFile@@AAEHXZ$1 0043357b f   LogFile.obj
 0001:00032586       __unwindfunclet$?PrepareFile@CLogFile@@AAEHXZ$2 00433586 f   LogFile.obj
 0001:00032591       __unwindfunclet$?PrepareFile@CLogFile@@AAEHXZ$3 00433591 f   LogFile.obj
 0001:0003259c       __ehhandler$?PrepareFile@CLogFile@@AAEHXZ 0043359c f   LogFile.obj
 0001:000325d0       __ehhandler$?num_rows@S3P_MSSQLServer_Result@@UBEHXZ 004335d0 f   S3P_MSSQLServer_Result.obj
 0001:000325f0       __ehhandler$?data_seek@S3P_MSSQLServer_Result@@UBEXIH@Z 004335f0 f   S3P_MSSQLServer_Result.obj
 0001:00032610       __unwindfunclet$?num_fields@S3P_MSSQLServer_Result@@UBEHXZ$2 00433610 f   S3P_MSSQLServer_Result.obj
 0001:00032618       __ehhandler$?num_fields@S3P_MSSQLServer_Result@@UBEHXZ 00433618 f   S3P_MSSQLServer_Result.obj
 0001:00032640       __unwindfunclet$?get_field_data@S3P_MSSQLServer_Result@@UAE_NIPAXK@Z$2 00433640 f   S3P_MSSQLServer_Result.obj
 0001:00032648       __unwindfunclet$?get_field_data@S3P_MSSQLServer_Result@@UAE_NIPAXK@Z$3 00433648 f   S3P_MSSQLServer_Result.obj
 0001:00032650       __unwindfunclet$?get_field_data@S3P_MSSQLServer_Result@@UAE_NIPAXK@Z$4 00433650 f   S3P_MSSQLServer_Result.obj
 0001:00032658       __ehhandler$?get_field_data@S3P_MSSQLServer_Result@@UAE_NIPAXK@Z 00433658 f   S3P_MSSQLServer_Result.obj
 0001:00032680       __ehhandler$?unuse@S3P_MSSQLServer_Result@@UAEHXZ 00433680 f   S3P_MSSQLServer_Result.obj
 0001:000326a0       __unwindfunclet$?GetServerID@S3PAccount@@SAHPAVS3PDBConVBC@@PBDAAK@Z$0 004336a0 f   S3PAccount.obj
 0001:000326ab       __ehhandler$?GetServerID@S3PAccount@@SAHPAVS3PDBConVBC@@PBDAAK@Z 004336ab f   S3PAccount.obj
 0001:000326e0       __unwindfunclet$?GetAccountGameID@S3PAccount@@SAHPAVS3PDBConVBC@@PBDAAK@Z$0 004336e0 f   S3PAccount.obj
 0001:000326eb       __ehhandler$?GetAccountGameID@S3PAccount@@SAHPAVS3PDBConVBC@@PBDAAK@Z 004336eb f   S3PAccount.obj
 0001:00032720       __unwindfunclet$?GetLeftSecondsOfDeposit@S3PAccount@@KAHPAVS3PDBConVBC@@PBDAAJ2@Z$0 00433720 f   S3PAccount.obj
 0001:0003272b       __unwindfunclet$?GetLeftSecondsOfDeposit@S3PAccount@@KAHPAVS3PDBConVBC@@PBDAAJ2@Z$1 0043372b f   S3PAccount.obj
 0001:00032736       __unwindfunclet$?GetLeftSecondsOfDeposit@S3PAccount@@KAHPAVS3PDBConVBC@@PBDAAJ2@Z$2 00433736 f   S3PAccount.obj
 0001:00032741       __ehhandler$?GetLeftSecondsOfDeposit@S3PAccount@@KAHPAVS3PDBConVBC@@PBDAAJ2@Z 00433741 f   S3PAccount.obj
 0001:00032770       __unwindfunclet$?Login@S3PAccount@@SAHPAVS3PDBConVBC@@PBD1KAAGAAK@Z$0 00433770 f   S3PAccount.obj
 0001:0003277b       __ehhandler$?Login@S3PAccount@@SAHPAVS3PDBConVBC@@PBD1KAAGAAK@Z 0043377b f   S3PAccount.obj
 0001:000327b0       __unwindfunclet$??4_bstr_t@@QAEAAV0@PB_W@Z$0 004337b0 f   S3PAccount.obj
 0001:000327bb       __ehhandler$??4_bstr_t@@QAEAAV0@PB_W@Z 004337bb f   S3PAccount.obj
 0001:000327e0       __unwindfunclet$??0_bstr_t@@QAE@ABV_variant_t@@@Z$0 004337e0 f   S3PAccount.obj
 0001:000327e8       __ehhandler$??0_bstr_t@@QAE@ABV_variant_t@@@Z 004337e8 f   S3PAccount.obj
 0001:00032810       __unwindfunclet$?ServerLogin@S3PAccount@@SAHPAVS3PDBConVBC@@PBD1KFQBEAAK@Z$0 00433810 f   S3PAccount.obj
 0001:0003281b       __unwindfunclet$?ServerLogin@S3PAccount@@SAHPAVS3PDBConVBC@@PBD1KFQBEAAK@Z$1 0043381b f   S3PAccount.obj
 0001:00032826       __unwindfunclet$?ServerLogin@S3PAccount@@SAHPAVS3PDBConVBC@@PBD1KFQBEAAK@Z$2 00433826 f   S3PAccount.obj
 0001:00032831       __unwindfunclet$?ServerLogin@S3PAccount@@SAHPAVS3PDBConVBC@@PBD1KFQBEAAK@Z$3 00433831 f   S3PAccount.obj
 0001:0003283c       __unwindfunclet$?ServerLogin@S3PAccount@@SAHPAVS3PDBConVBC@@PBD1KFQBEAAK@Z$4 0043383c f   S3PAccount.obj
 0001:0003285e       __unwindfunclet$?ServerLogin@S3PAccount@@SAHPAVS3PDBConVBC@@PBD1KFQBEAAK@Z$5 0043385e f   S3PAccount.obj
 0001:00032869       __ehhandler$?ServerLogin@S3PAccount@@SAHPAVS3PDBConVBC@@PBD1KFQBEAAK@Z 00433869 f   S3PAccount.obj
 0001:000328a0       __unwindfunclet$??0_bstr_t@@QAE@PBD@Z$0 004338a0 f   S3PDB_MSSQLServer_Connection.obj
 0001:000328ab       __ehhandler$??0_bstr_t@@QAE@PBD@Z 004338ab f   S3PDB_MSSQLServer_Connection.obj
 0001:000328d0       __unwindfunclet$??0S3P_MSSQLServer_Result@@QAE@XZ$0 004338d0 f   S3PDB_MSSQLServer_Connection.obj
 0001:000328d8       __unwindfunclet$??0S3P_MSSQLServer_Result@@QAE@XZ$1 004338d8 f   S3PDB_MSSQLServer_Connection.obj
 0001:000328e3       __ehhandler$??0S3P_MSSQLServer_Result@@QAE@XZ 004338e3 f   S3PDB_MSSQLServer_Connection.obj
 0001:00032900       __unwindfunclet$??1S3P_MSSQLServer_Result@@UAE@XZ$0 00433900 f   S3PDB_MSSQLServer_Connection.obj
 0001:00032908       __unwindfunclet$??1S3P_MSSQLServer_Result@@UAE@XZ$1 00433908 f   S3PDB_MSSQLServer_Connection.obj
 0001:00032913       __ehhandler$??1S3P_MSSQLServer_Result@@UAE@XZ 00433913 f   S3PDB_MSSQLServer_Connection.obj
 0001:00032930       __unwindfunclet$??0S3PDB_MSSQLServer_Connection@@QAE@XZ$0 00433930 f   S3PDB_MSSQLServer_Connection.obj
 0001:00032938       __unwindfunclet$??0S3PDB_MSSQLServer_Connection@@QAE@XZ$1 00433938 f   S3PDB_MSSQLServer_Connection.obj
 0001:00032943       __unwindfunclet$??0S3PDB_MSSQLServer_Connection@@QAE@XZ$2 00433943 f   S3PDB_MSSQLServer_Connection.obj
 0001:0003294e       __unwindfunclet$??0S3PDB_MSSQLServer_Connection@@QAE@XZ$3 0043394e f   S3PDB_MSSQLServer_Connection.obj
 0001:00032959       __ehhandler$??0S3PDB_MSSQLServer_Connection@@QAE@XZ 00433959 f   S3PDB_MSSQLServer_Connection.obj
 0001:00032980       __unwindfunclet$??1S3PDB_MSSQLServer_Connection@@UAE@XZ$0 00433980 f   S3PDB_MSSQLServer_Connection.obj
 0001:00032988       __unwindfunclet$??1S3PDB_MSSQLServer_Connection@@UAE@XZ$1 00433988 f   S3PDB_MSSQLServer_Connection.obj
 0001:00032993       __unwindfunclet$??1S3PDB_MSSQLServer_Connection@@UAE@XZ$2 00433993 f   S3PDB_MSSQLServer_Connection.obj
 0001:0003299e       __unwindfunclet$??1S3PDB_MSSQLServer_Connection@@UAE@XZ$3 0043399e f   S3PDB_MSSQLServer_Connection.obj
 0001:000329a9       __ehhandler$??1S3PDB_MSSQLServer_Connection@@UAE@XZ 004339a9 f   S3PDB_MSSQLServer_Connection.obj
 0001:000329d0       __unwindfunclet$?PutCommandText@Command15@@QAEXV_bstr_t@@@Z$0 004339d0 f   S3PDB_MSSQLServer_Connection.obj
 0001:000329d8       __ehhandler$?PutCommandText@Command15@@QAEXV_bstr_t@@@Z 004339d8 f   S3PDB_MSSQLServer_Connection.obj
 0001:00032a00       __unwindfunclet$?Open@Connection15@@QAEJV_bstr_t@@00J@Z$0 00433a00 f   S3PDB_MSSQLServer_Connection.obj
 0001:00032a08       __unwindfunclet$?Open@Connection15@@QAEJV_bstr_t@@00J@Z$1 00433a08 f   S3PDB_MSSQLServer_Connection.obj
 0001:00032a10       __unwindfunclet$?Open@Connection15@@QAEJV_bstr_t@@00J@Z$2 00433a10 f   S3PDB_MSSQLServer_Connection.obj
 0001:00032a18       __ehhandler$?Open@Connection15@@QAEJV_bstr_t@@00J@Z 00433a18 f   S3PDB_MSSQLServer_Connection.obj
 0001:00032a40       __unwindfunclet$?DoCmd@S3PDB_MSSQLServer_Connection@@IAE_NPBD@Z$2 00433a40 f   S3PDB_MSSQLServer_Connection.obj
 0001:00032a48       __ehhandler$?DoCmd@S3PDB_MSSQLServer_Connection@@IAE_NPBD@Z 00433a48 f   S3PDB_MSSQLServer_Connection.obj
 0001:00032a70       __unwindfunclet$?DoResult@S3PDB_MSSQLServer_Connection@@IAE_NPBD@Z$4 00433a70 f   S3PDB_MSSQLServer_Connection.obj
 0001:00032a78       __unwindfunclet$?DoResult@S3PDB_MSSQLServer_Connection@@IAE_NPBD@Z$5 00433a78 f   S3PDB_MSSQLServer_Connection.obj
 0001:00032a80       __unwindfunclet$?DoResult@S3PDB_MSSQLServer_Connection@@IAE_NPBD@Z$6 00433a80 f   S3PDB_MSSQLServer_Connection.obj
 0001:00032a88       __ehhandler$?DoResult@S3PDB_MSSQLServer_Connection@@IAE_NPBD@Z 00433a88 f   S3PDB_MSSQLServer_Connection.obj
 0001:00032ab0       __unwindfunclet$?QueryResult@S3PDB_MSSQLServer_Connection@@IAE_NPBDPAVS3P_MSSQLServer_Result@@@Z$2 00433ab0 f   S3PDB_MSSQLServer_Connection.obj
 0001:00032ab8       __unwindfunclet$?QueryResult@S3PDB_MSSQLServer_Connection@@IAE_NPBDPAVS3P_MSSQLServer_Result@@@Z$3 00433ab8 f   S3PDB_MSSQLServer_Connection.obj
 0001:00032ac0       __unwindfunclet$?QueryResult@S3PDB_MSSQLServer_Connection@@IAE_NPBDPAVS3P_MSSQLServer_Result@@@Z$4 00433ac0 f   S3PDB_MSSQLServer_Connection.obj
 0001:00032ac8       __ehhandler$?QueryResult@S3PDB_MSSQLServer_Connection@@IAE_NPBDPAVS3P_MSSQLServer_Result@@@Z 00433ac8 f   S3PDB_MSSQLServer_Connection.obj
 0001:00032af0       __unwindfunclet$?QueryCmd@S3PDB_MSSQLServer_Connection@@IAE_NPBDPAVS3P_MSSQLServer_Result@@@Z$2 00433af0 f   S3PDB_MSSQLServer_Connection.obj
 0001:00032af8       __unwindfunclet$?QueryCmd@S3PDB_MSSQLServer_Connection@@IAE_NPBDPAVS3P_MSSQLServer_Result@@@Z$3 00433af8 f   S3PDB_MSSQLServer_Connection.obj
 0001:00032b00       __ehhandler$?QueryCmd@S3PDB_MSSQLServer_Connection@@IAE_NPBDPAVS3P_MSSQLServer_Result@@@Z 00433b00 f   S3PDB_MSSQLServer_Connection.obj
 0001:00032b20       __unwindfunclet$?OpenConnect@S3PDB_MSSQLServer_Connection@@UAE_NPAUtag_DATABASEINFO@@@Z$2 00433b20 f   S3PDB_MSSQLServer_Connection.obj
 0001:00032b28       __unwindfunclet$?OpenConnect@S3PDB_MSSQLServer_Connection@@UAE_NPAUtag_DATABASEINFO@@@Z$3 00433b28 f   S3PDB_MSSQLServer_Connection.obj
 0001:00032b30       __unwindfunclet$?OpenConnect@S3PDB_MSSQLServer_Connection@@UAE_NPAUtag_DATABASEINFO@@@Z$4 00433b30 f   S3PDB_MSSQLServer_Connection.obj
 0001:00032b38       __unwindfunclet$?OpenConnect@S3PDB_MSSQLServer_Connection@@UAE_NPAUtag_DATABASEINFO@@@Z$5 00433b38 f   S3PDB_MSSQLServer_Connection.obj
 0001:00032b40       __unwindfunclet$?OpenConnect@S3PDB_MSSQLServer_Connection@@UAE_NPAUtag_DATABASEINFO@@@Z$6 00433b40 f   S3PDB_MSSQLServer_Connection.obj
 0001:00032b48       __unwindfunclet$?OpenConnect@S3PDB_MSSQLServer_Connection@@UAE_NPAUtag_DATABASEINFO@@@Z$7 00433b48 f   S3PDB_MSSQLServer_Connection.obj
 0001:00032b50       __ehhandler$?OpenConnect@S3PDB_MSSQLServer_Connection@@UAE_NPAUtag_DATABASEINFO@@@Z 00433b50 f   S3PDB_MSSQLServer_Connection.obj
 0001:00032b80       __unwindfunclet$?CreateConnection@S3PDBConnectionPool@@IAEHPAUtag_DATABASEINFO@@PAPAVS3PDBConVBC@@@Z$0 00433b80 f   S3PDBConnectionPool.obj
 0001:00032b8b       __ehhandler$?CreateConnection@S3PDBConnectionPool@@IAEHPAUtag_DATABASEINFO@@PAPAVS3PDBConVBC@@@Z 00433b8b f   S3PDBConnectionPool.obj
 0001:00032bb0       __unwindfunclet$??1S3PDBConnectionPool@@MAE@XZ$0 00433bb0 f   S3PDBConnectionPool.obj
 0001:00032bb8       __unwindfunclet$??1S3PDBConnectionPool@@MAE@XZ$1 00433bb8 f   S3PDBConnectionPool.obj
 0001:00032bc3       __ehhandler$??1S3PDBConnectionPool@@MAE@XZ 00433bc3 f   S3PDBConnectionPool.obj
 0001:00032be0       __unwindfunclet$??0logic_error@std@@QAE@ABV?$basic_string@DU?$char_traits@D@std@@V?$allocator@D@2@@1@@Z$0 00433be0 f   S3PDBConnectionPool.obj
 0001:00032be8       __ehhandler$??0logic_error@std@@QAE@ABV?$basic_string@DU?$char_traits@D@std@@V?$allocator@D@2@@1@@Z 00433be8 f   S3PDBConnectionPool.obj
 0001:00032c10       __unwindfunclet$?_Xlen@?$vector@PAVS3PDBConVBC@@V?$allocator@PAVS3PDBConVBC@@@std@@@std@@KAXXZ$0 00433c10 f   S3PDBConnectionPool.obj
 0001:00032c18       __ehhandler$?_Xlen@?$vector@PAVS3PDBConVBC@@V?$allocator@PAVS3PDBConVBC@@@std@@@std@@KAXXZ 00433c18 f   S3PDBConnectionPool.obj
 0001:00032c40       __unwindfunclet$??0logic_error@std@@QAE@ABV01@@Z$0 00433c40 f   S3PDBConnectionPool.obj
 0001:00032c48       __ehhandler$??0logic_error@std@@QAE@ABV01@@Z 00433c48 f   S3PDBConnectionPool.obj
 0001:00032c70       __unwindfunclet$??0S3PDBConnectionPool@@IAE@XZ$0 00433c70 f   S3PDBConnectionPool.obj
 0001:00032c78       __ehhandler$??0S3PDBConnectionPool@@IAE@XZ 00433c78 f   S3PDBConnectionPool.obj
 0001:00032ca0       __unwindfunclet$?Instance@S3PDBConnectionPool@@SAPAV1@XZ$0 00433ca0 f   S3PDBConnectionPool.obj
 0001:00032cab       __ehhandler$?Instance@S3PDBConnectionPool@@SAPAV1@XZ 00433cab f   S3PDBConnectionPool.obj
 0001:00032cd0       __unwindfunclet$?Init@S3PDBConnectionPool@@QAEHABV?$basic_string@DU?$char_traits@D@std@@V?$allocator@D@2@@std@@0K@Z$0 00433cd0 f   S3PDBConnectionPool.obj
 0001:00032cdb       __ehhandler$?Init@S3PDBConnectionPool@@QAEHABV?$basic_string@DU?$char_traits@D@std@@V?$allocator@D@2@@std@@0K@Z 00433cdb f   S3PDBConnectionPool.obj
 0001:00032d10       __unwindfunclet$??0KThread_CS@@QAE@XZ$0 00433d10 f   S3PDBSocketPool.obj
 0001:00032d18       __ehhandler$??0KThread_CS@@QAE@XZ 00433d18 f   S3PDBSocketPool.obj
 0001:00032d40       __unwindfunclet$??1KThread_CS@@UAE@XZ$0 00433d40 f   S3PDBSocketPool.obj
 0001:00032d48       __ehhandler$??1KThread_CS@@UAE@XZ 00433d48 f   S3PDBSocketPool.obj
 0001:00032d70       __ehhandler$?SendData@S3PDBSocketPool@@QAEHKQBXABI@Z 00433d70 f   S3PDBSocketPool.obj
 0001:00032d90       __ehhandler$?CustomSend@S3PDBSocketPool@@QAEHKDPAUKAccountHead@@@Z 00433d90 f   S3PDBSocketPool.obj
 0001:00032dc0       __unwindfunclet$??0S3PDBSocketPool@@IAE@XZ$0 00433dc0 f   S3PDBSocketPool.obj
 0001:00032dc8       __ehhandler$??0S3PDBSocketPool@@IAE@XZ 00433dc8 f   S3PDBSocketPool.obj
 0001:00032df0       __unwindfunclet$?Instance@S3PDBSocketPool@@SAPAV1@XZ$0 00433df0 f   S3PDBSocketPool.obj
 0001:00032dfb       __ehhandler$?Instance@S3PDBSocketPool@@SAPAV1@XZ 00433dfb f   S3PDBSocketPool.obj
 0001:00032e20       __unwindfunclet$?erase@?$_Tree@V?$_Tmap_traits@UUserName@@KUUserNameCmp@@V?$allocator@U?$pair@$$CBUUserName@@K@std@@@std@@$0A@@std@@@std@@QAE?AViterator@12@V312@@Z$0 00433e20 f   S3PDBSocketPool.obj
 0001:00032e28       __ehhandler$?erase@?$_Tree@V?$_Tmap_traits@UUserName@@KUUserNameCmp@@V?$allocator@U?$pair@$$CBUUserName@@K@std@@@std@@$0A@@std@@@std@@QAE?AViterator@12@V312@@Z 00433e28 f   S3PDBSocketPool.obj
 0001:00032e50       __unwindfunclet$?_Insert@?$_Tree@V?$_Tmap_traits@UUserName@@KUUserNameCmp@@V?$allocator@U?$pair@$$CBUUserName@@K@std@@@std@@$0A@@std@@@std@@IAE?AViterator@12@_NPAU_Node@?$_Tree_nod@V?$_Tmap_traits@UUserName@@KUUserNameCmp@@V?$allocator@U?$pair@$$CBUUserName@@K@std@@@std@@$0A@@std@@@2@ABU?$pair@$$CBUUserName@@K@2@@Z$0 00433e50 f   S3PDBSocketPool.obj
 0001:00032e58       __ehhandler$?_Insert@?$_Tree@V?$_Tmap_traits@UUserName@@KUUserNameCmp@@V?$allocator@U?$pair@$$CBUUserName@@K@std@@@std@@$0A@@std@@@std@@IAE?AViterator@12@_NPAU_Node@?$_Tree_nod@V?$_Tmap_traits@UUserName@@KUUserNameCmp@@V?$allocator@U?$pair@$$CBUUserName@@K@std@@@std@@$0A@@std@@@2@ABU?$pair@$$CBUUserName@@K@2@@Z 00433e58 f   S3PDBSocketPool.obj
 0001:00032e80       __unwindfunclet$?_Incsize@?$list@PAVKGatewayDataProcess@@V?$allocator@PAVKGatewayDataProcess@@@std@@@std@@IAEXI@Z$0 00433e80 f   S3PDBSocketPool.obj
 0001:00032e88       __ehhandler$?_Incsize@?$list@PAVKGatewayDataProcess@@V?$allocator@PAVKGatewayDataProcess@@@std@@@std@@IAEXI@Z 00433e88 f   S3PDBSocketPool.obj
 0001:00032eb0       __unwindfunclet$??1KGatewayDataProcess@@UAE@XZ$0 00433eb0 f   S3PDBSocketPool.obj
 0001:00032eb8       __ehhandler$??1KGatewayDataProcess@@UAE@XZ 00433eb8 f   S3PDBSocketPool.obj
 0001:00032ee0       __unwindfunclet$??0KGatewayDataProcess@@QAE@XZ$0 00433ee0 f   S3PDBSocketPool.obj
 0001:00032ee8       __ehhandler$??0KGatewayDataProcess@@QAE@XZ 00433ee8 f   S3PDBSocketPool.obj
 0001:00032f10       __unwindfunclet$?Start@S3PDBSocketPool@@UAEPAXPAUIServer@@H@Z$0 00433f10 f   S3PDBSocketPool.obj
 0001:00032f1b       __ehhandler$?Start@S3PDBSocketPool@@UAEPAXPAUIServer@@H@Z 00433f1b f   S3PDBSocketPool.obj
 0001:00032f36       __ehhandler$?CallUnexpected@@YAXPBU_s_ESTypeList@@@Z 00433f36 f   LIBCMT:frame.obj
 0001:00032f51       __unwindfunclet$?_Xlen@_String_base@std@@SAXXZ$0 00433f51 f   libcpmt:string.obj
 0001:00032f59       __ehhandler$?_Xlen@_String_base@std@@SAXXZ 00433f59 f   libcpmt:string.obj
 0001:00032f74       __unwindfunclet$?_Xran@_String_base@std@@SAXXZ$0 00433f74 f   libcpmt:string.obj
 0001:00032f7c       __ehhandler$?_Xran@_String_base@std@@SAXXZ 00433f7c f   libcpmt:string.obj
 0001:00032f97       __unwindfunclet$?_Xinvarg@_String_base@std@@SAXXZ$0 00433f97 f   libcpmt:string.obj
 0001:00032f9f       __ehhandler$?_Xinvarg@_String_base@std@@SAXXZ 00433f9f f   libcpmt:string.obj
 0001:00032fc0       __ehhandler$?ConvertBSTRToString@_com_util@@YGPADPA_W@Z 00433fc0 f   comsuppw:comutil.obj
 0001:00032fe0       ??__EuiTabkey@@YAXXZ       00433fe0 f   GlobalFun.obj
 0001:00033000       ??__Egs_LogFile@@YAXXZ     00434000 f   main.obj
 0001:00033020       ??__Eg_TraceBuffer@@YAXXZ  00434020 f   main.obj
 0001:00033040       ??__EvtMissing@@YAXXZ      00434040 f   comsuppw:comutil.obj
 0001:00033050       ??__Fgs_LogFile@@YAXXZ     00434050 f   main.obj
 0001:00033060       ??__Fg_TraceBuffer@@YAXXZ  00434060 f   main.obj
 0001:00033077       ??__Fnomem@?5???2@YAPAXI@Z@YAXXZ 00434077 f   LIBCMT:new.obj
 0001:00033090       ??__FvtMissing@@YAXXZ      00434090 f   comsuppw:comutil.obj
