 Rainbow

 Timestamp is 507eb51a (Wed Oct 17 20:39:38 2012)

 Preferred load address is 10000000

 Start         Length     Name                   Class
 0001:00000000 0002a7beH .text                   CODE
 0001:0002a7c0 000017c0H .text$x                 CODE
 0001:0002bf80 000000b1H .text$yc                CODE
 0001:0002c040 0000018cH .text$yd                CODE
 0002:00000000 00000228H .idata$5                DATA
 0002:00000228 00000004H .CRT$XCA                DATA
 0002:0000022c 0000000cH .CRT$XCC                DATA
 0002:00000238 00000014H .CRT$XCU                DATA
 0002:0000024c 00000004H .CRT$XCZ                DATA
 0002:00000250 00000004H .CRT$XIA                DATA
 0002:00000254 00000014H .CRT$XIC                DATA
 0002:00000268 00000004H .CRT$XIZ                DATA
 0002:0000026c 00000004H .CRT$XPA                DATA
 0002:00000270 00000004H .CRT$XPX                DATA
 0002:00000274 00000004H .CRT$XPXA               DATA
 0002:00000278 00000004H .CRT$XPZ                DATA
 0002:0000027c 00000004H .CRT$XTA                DATA
 0002:00000280 00000004H .CRT$XTZ                DATA
 0002:00000290 000035a0H .rdata                  DATA
 0002:00003830 00000062H .rdata$debug            DATA
 0002:00003894 00000fc4H .rdata$r                DATA
 0002:00004860 000001b0H .rdata$sxdata           DATA
 0002:00004a10 00000004H .rtc$IAA                DATA
 0002:00004a14 00000004H .rtc$IZZ                DATA
 0002:00004a18 00000004H .rtc$TAA                DATA
 0002:00004a1c 00000004H .rtc$TZZ                DATA
 0002:00004a20 00002488H .xdata$x                DATA
 0002:00006ea8 00000004H ATL$__a                 DATA
 0002:00006eac 00000004H ATL$__z                 DATA
 0002:00006eb0 00000064H .idata$2                DATA
 0002:00006f14 00000014H .idata$3                DATA
 0002:00006f28 00000228H .idata$4                DATA
 0002:00007150 00000882H .idata$6                DATA
 0002:000079e0 0000004eH .edata                  DATA
 0003:00000000 00001898H .data                   DATA
 0003:000018a0 00001f44H .bss                    DATA

  Address         Publics by Value              Rva+Base       Lib:Object

 0000:00000000       __except_list              00000000     <absolute>
 0000:0000006c       ___safe_se_handler_count   0000006c     <absolute>
 0000:00000000       ___ImageBase               10000000     <linker-defined>
 0001:00000000       _DllMain@12                10001000 f   Rainbow.obj
 0001:00000010       _IsEqualGUID               10001010 f i ClientStage.obj
 0001:000000b0       _==                        100010b0 f i ClientStage.obj
 0001:000000c0       ??0bad_alloc@std@@QAE@PBD@Z 100010c0 f i ClientStage.obj
 0001:000000e0       ??1bad_alloc@std@@UAE@XZ   100010e0 f i ClientStage.obj
 0001:000000f0       ??_Gbad_alloc@std@@UAEPAXI@Z 100010f0 f i ClientStage.obj
 0001:000000f0       ??_Ebad_alloc@std@@UAEPAXI@Z 100010f0 f i ClientStage.obj
 0001:00000120       ?assign@?$char_traits@D@std@@SAXAADABD@Z 10001120 f i ClientStage.obj
 0001:00000130       ?length@?$char_traits@D@std@@SAIPBD@Z 10001130 f i ClientStage.obj
 0001:00000150       ?_Copy_s@?$char_traits@D@std@@SAPADPADIPBDI@Z 10001150 f i ClientStage.obj
 0001:00000180       ?_Move_s@?$char_traits@D@std@@SAPADPADIPBDI@Z 10001180 f i ClientStage.obj
 0001:000001b0       ??0Thank_you@Define_the_symbol__ATL_MIXED@@QAE@XZ 100011b0 f i ClientStage.obj
 0001:000001c0       ?one@Thank_you@Define_the_symbol__ATL_MIXED@@UAEXXZ 100011c0 f i ClientStage.obj
 0001:000001d0       ??0IUnknown@@QAE@XZ        100011d0 f i ClientStage.obj
 0001:000001e0       ?Enter@CCriticalSection@Win32@OnlineGameLib@@QAEXXZ 100011e0 f i ClientStage.obj
 0001:000001f0       ?Leave@CCriticalSection@Win32@OnlineGameLib@@QAEXXZ 100011f0 f i ClientStage.obj
 0001:00000200       ??0CCriticalSection@Win32@OnlineGameLib@@QAE@XZ 10001200 f i ClientStage.obj
 0001:00000210       ??1CCriticalSection@Win32@OnlineGameLib@@QAE@XZ 10001210 f i ClientStage.obj
 0001:00000220       ??0Owner@CCriticalSection@Win32@OnlineGameLib@@QAE@AAV123@@Z 10001220 f i ClientStage.obj
 0001:00000240       ??1Owner@CCriticalSection@Win32@OnlineGameLib@@QAE@XZ 10001240 f i ClientStage.obj
 0001:00000250       ?GetUsed@CIOBuffer@Win32@OnlineGameLib@@QBEIXZ 10001250 f i ClientStage.obj
 0001:00000260       ?GetSize@CIOBuffer@Win32@OnlineGameLib@@QBEIXZ 10001260 f i ClientStage.obj
 0001:00000270       ?GetBuffer@CIOBuffer@Win32@OnlineGameLib@@QBEPBEXZ 10001270 f i ClientStage.obj
 0001:00000280       ?KSG_DecodeBuf@@YAHIPAEPAI@Z 10001280 f i ClientStage.obj
 0001:000002b0       ?KSG_EncodeBuf@@YAHIPAEPAI@Z 100012b0 f i ClientStage.obj
 0001:000002f0       ??0IClient@@QAE@XZ         100012f0 f i ClientStage.obj
 0001:00000300       ??1CGameClient@@UAE@XZ     10001300 f   ClientStage.obj
 0001:000003a0       ?OnBufferCreated@Allocator@CIOBuffer@Win32@OnlineGameLib@@EAEXXZ 100013a0 f i ClientStage.obj
 0001:000003b0       ?OnBufferAllocated@Allocator@CIOBuffer@Win32@OnlineGameLib@@EAEXXZ 100013b0 f i ClientStage.obj
 0001:000003c0       ?OnBufferReleased@Allocator@CIOBuffer@Win32@OnlineGameLib@@EAEXXZ 100013c0 f i ClientStage.obj
 0001:000003d0       ?OnShutdownInitiated@CSocketClient@Win32@OnlineGameLib@@EAEXXZ 100013d0 f i ClientStage.obj
 0001:000003e0       ?OnShutdownComplete@CSocketClient@Win32@OnlineGameLib@@EAEXXZ 100013e0 f i ClientStage.obj
 0001:000003f0       ?OnConnect@CSocketClient@Win32@OnlineGameLib@@EAEXXZ 100013f0 f i ClientStage.obj
 0001:00000400       ?OnClose@CSocketClient@Win32@OnlineGameLib@@EAEXXZ 10001400 f i ClientStage.obj
 0001:00000410       ?OnWrite@CSocketClient@Win32@OnlineGameLib@@EAEXXZ 10001410 f i ClientStage.obj
 0001:00000420       ?RegisterMsgFilter@CGameClient@@UAGJPAXP6GX0ABK@Z@Z 10001420 f   ClientStage.obj
 0001:00000440       ?SendPackToServer@CGameClient@@UAGJQBXABI@Z 10001440 f   ClientStage.obj
 0001:000004d0       ?Shutdown@CGameClient@@UAGJXZ 100014d0 f   ClientStage.obj
 0001:000004f0       ?QueryInterface@CGameClient@@UAGJABU_GUID@@PAPAX@Z 100014f0 f   ClientStage.obj
 0001:00000550       ?AddRef@CGameClient@@UAGKXZ 10001550 f   ClientStage.obj
 0001:00000570       ?Release@CGameClient@@UAGKXZ 10001570 f   ClientStage.obj
 0001:000005b0       ?ProcessCommand@CGameClient@@IAEXPBVCIOBuffer@Win32@OnlineGameLib@@@Z 100015b0 f   ClientStage.obj
 0001:00000600       ?GetMinimumMessageSize@CGameClient@@IBEIXZ 10001600 f   ClientStage.obj
 0001:00000610       ?GetMessageSize@CGameClient@@IBEIPBVCIOBuffer@Win32@OnlineGameLib@@@Z 10001610 f   ClientStage.obj
 0001:00000620       ?OnStartConnections@CGameClient@@EAEXXZ 10001620 f   ClientStage.obj
 0001:00000650       ?OnStopConnections@CGameClient@@EAEXXZ 10001650 f   ClientStage.obj
 0001:00000680       ??0IClientFactory@@QAE@XZ  10001680 f i ClientStage.obj
 0001:00000690       ??1CClientFactory@@UAE@XZ  10001690 f   ClientStage.obj
 0001:000006a0       ?SetEnvironment@CClientFactory@@UAGJABI@Z 100016a0 f   ClientStage.obj
 0001:000006c0       ?QueryInterface@CClientFactory@@UAGJABU_GUID@@PAPAX@Z 100016c0 f   ClientStage.obj
 0001:00000720       ?AddRef@CClientFactory@@UAGKXZ 10001720 f   ClientStage.obj
 0001:00000740       ?Release@CClientFactory@@UAGKXZ 10001740 f   ClientStage.obj
 0001:00000780       ?size@?$basic_string@DU?$char_traits@D@std@@V?$allocator@D@2@@std@@QBEIXZ 10001780 f i ClientStage.obj
 0001:00000790       ?_Myptr@?$basic_string@DU?$char_traits@D@std@@V?$allocator@D@2@@std@@IBEPBDXZ 10001790 f i ClientStage.obj
 0001:000007a0       ??0?$allocator@D@std@@QAE@XZ 100017a0 f i ClientStage.obj
 0001:000007b0       ?_Myptr@?$basic_string@DU?$char_traits@D@std@@V?$allocator@D@2@@std@@IAEPADXZ 100017b0 f i ClientStage.obj
 0001:000007c0       ??0?$allocator@D@std@@QAE@ABV01@@Z 100017c0 f i ClientStage.obj
 0001:000007d0       ?deallocate@?$allocator@D@std@@QAEXPADI@Z 100017d0 f i ClientStage.obj
 0001:000007e0       ?_Inside@?$basic_string@DU?$char_traits@D@std@@V?$allocator@D@2@@std@@IAE_NPBD@Z 100017e0 f i ClientStage.obj
 0001:00000820       ?max_size@?$allocator@D@std@@QBEIXZ 10001820 f i ClientStage.obj
 0001:00000830       ??$_Allocate@D@std@@YAPADIPAD@Z 10001830 f i ClientStage.obj
 0001:00000890       ??0bad_alloc@std@@QAE@ABV01@@Z 10001890 f i ClientStage.obj
 0001:000008b0       ??$_Char_traits_cat@U?$char_traits@D@std@@@std@@YA?AU_Secure_char_traits_tag@0@XZ 100018b0 f i ClientStage.obj
 0001:000008c0       ??$copy_s@U?$char_traits@D@std@@@_Traits_helper@std@@YAPADPADIPBDIU_Secure_char_traits_tag@1@@Z 100018c0 f i ClientStage.obj
 0001:000008f0       ??$move_s@U?$char_traits@D@std@@@_Traits_helper@std@@YAPADPADIPBDIU_Secure_char_traits_tag@1@@Z 100018f0 f i ClientStage.obj
 0001:00000920       ??_ECGameClient@@WM@AEPAXI@Z 10001920 f i ClientStage.obj
 0001:00000930       ??_ECGameClient@@W3AEPAXI@Z 10001930 f i ClientStage.obj
 0001:00000940       ??0CGameClient@@QAE@IIII@Z 10001940 f   ClientStage.obj
 0001:00000a10       ??_ECGameClient@@UAEPAXI@Z 10001a10 f i ClientStage.obj
 0001:00000a10       ??_GCGameClient@@UAEPAXI@Z 10001a10 f i ClientStage.obj
 0001:00000a30       ??0CClientFactory@@QAE@XZ  10001a30 f   ClientStage.obj
 0001:00000a50       ??_GCClientFactory@@UAEPAXI@Z 10001a50 f i ClientStage.obj
 0001:00000a50       ??_ECClientFactory@@UAEPAXI@Z 10001a50 f i ClientStage.obj
 0001:00000a70       ?CreateClientInterface@CClientFactory@@UAGJABU_GUID@@PAPAX@Z 10001a70 f   ClientStage.obj
 0001:00000b40       ??0?$_String_val@DV?$allocator@D@std@@@std@@IAE@V?$allocator@D@1@@Z 10001b40 f i ClientStage.obj
 0001:00000b50       ??0?$_String_val@DV?$allocator@D@std@@@std@@QAE@ABV01@@Z 10001b50 f i ClientStage.obj
 0001:00000b60       ?_Eos@?$basic_string@DU?$char_traits@D@std@@V?$allocator@D@2@@std@@IAEXI@Z 10001b60 f i ClientStage.obj
 0001:00000b80       ?max_size@?$basic_string@DU?$char_traits@D@std@@V?$allocator@D@2@@std@@QBEIXZ 10001b80 f i ClientStage.obj
 0001:00000b90       ?allocate@?$allocator@D@std@@QAEPADI@Z 10001b90 f i ClientStage.obj
 0001:00000bb0       ??$copy_s@U?$char_traits@D@std@@@_Traits_helper@std@@YAPADPADIPBDI@Z 10001bb0 f i ClientStage.obj
 0001:00000be0       ??$move_s@U?$char_traits@D@std@@@_Traits_helper@std@@YAPADPADIPBDI@Z 10001be0 f i ClientStage.obj
 0001:00000c10       _CreateInterface@8         10001c10 f   ClientStage.obj
 0001:00000c70       ?_Tidy@?$basic_string@DU?$char_traits@D@std@@V?$allocator@D@2@@std@@IAEX_NI@Z 10001c70 f i ClientStage.obj
 0001:00000cc0       ?erase@?$basic_string@DU?$char_traits@D@std@@V?$allocator@D@2@@std@@QAEAAV12@II@Z 10001cc0 f i ClientStage.obj
 0001:00000d50       ?_Copy@?$basic_string@DU?$char_traits@D@std@@V?$allocator@D@2@@std@@IAEXII@Z 10001d50 f i ClientStage.obj
 0001:00000ea0       ??1?$basic_string@DU?$char_traits@D@std@@V?$allocator@D@2@@std@@QAE@XZ 10001ea0 f i ClientStage.obj
 0001:00000ed0       ?_Grow@?$basic_string@DU?$char_traits@D@std@@V?$allocator@D@2@@std@@IAE_NI_N@Z 10001ed0 f i ClientStage.obj
 0001:00000f90       ?append@?$basic_string@DU?$char_traits@D@std@@V?$allocator@D@2@@std@@QAEAAV12@ABV12@II@Z 10001f90 f i ClientStage.obj
 0001:00001090       ?append@?$basic_string@DU?$char_traits@D@std@@V?$allocator@D@2@@std@@QAEAAV12@PBDI@Z 10002090 f i ClientStage.obj
 0001:00001180       ?assign@?$basic_string@DU?$char_traits@D@std@@V?$allocator@D@2@@std@@QAEAAV12@ABV12@II@Z 10002180 f i ClientStage.obj
 0001:00001260       ?assign@?$basic_string@DU?$char_traits@D@std@@V?$allocator@D@2@@std@@QAEAAV12@PBDI@Z 10002260 f i ClientStage.obj
 0001:00001330       ?append@?$basic_string@DU?$char_traits@D@std@@V?$allocator@D@2@@std@@QAEAAV12@ABV12@@Z 10002330 f i ClientStage.obj
 0001:00001350       ?append@?$basic_string@DU?$char_traits@D@std@@V?$allocator@D@2@@std@@QAEAAV12@PBD@Z 10002350 f i ClientStage.obj
 0001:00001380       ??0?$basic_string@DU?$char_traits@D@std@@V?$allocator@D@2@@std@@QAE@ABV01@@Z 10002380 f i ClientStage.obj
 0001:000013b0       ?assign@?$basic_string@DU?$char_traits@D@std@@V?$allocator@D@2@@std@@QAEAAV12@PBD@Z 100023b0 f i ClientStage.obj
 0001:000013e0       ??Y?$basic_string@DU?$char_traits@D@std@@V?$allocator@D@2@@std@@QAEAAV01@ABV01@@Z 100023e0 f i ClientStage.obj
 0001:00001400       ??Y?$basic_string@DU?$char_traits@D@std@@V?$allocator@D@2@@std@@QAEAAV01@PBD@Z 10002400 f i ClientStage.obj
 0001:00001430       ??0?$basic_string@DU?$char_traits@D@std@@V?$allocator@D@2@@std@@QAE@PBD@Z 10002430 f i ClientStage.obj
 0001:00001470       ??$?HDU?$char_traits@D@std@@V?$allocator@D@1@@std@@YA?AV?$basic_string@DU?$char_traits@D@std@@V?$allocator@D@2@@0@PBDABV10@@Z 10002470 f i ClientStage.obj
 0001:00001530       ??$?HDU?$char_traits@D@std@@V?$allocator@D@1@@std@@YA?AV?$basic_string@DU?$char_traits@D@std@@V?$allocator@D@2@@0@ABV10@PBD@Z 10002530 f i ClientStage.obj
 0001:000015f0       ??$?HDU?$char_traits@D@std@@V?$allocator@D@1@@std@@YA?AV?$basic_string@DU?$char_traits@D@std@@V?$allocator@D@2@@0@ABV10@0@Z 100025f0 f i ClientStage.obj
 0001:000016a0       ?Startup@CGameClient@@UAGJXZ 100026a0 f   ClientStage.obj
 0001:000017d0       ?Cleanup@CGameClient@@UAGJXZ 100027d0 f   ClientStage.obj
 0001:00001900       ?ConnectTo@CGameClient@@UAGJABQBDG@Z 10002900 f   ClientStage.obj
 0001:00001a90       ?ProcessDataStream@CGameClient@@IAEPAVCIOBuffer@Win32@OnlineGameLib@@PAV234@@Z 10002a90 f   ClientStage.obj
 0001:00001c40       ?ReadCompleted@CGameClient@@EAEXPAVCIOBuffer@Win32@OnlineGameLib@@@Z 10002c40 f   ClientStage.obj
 0001:00001dc0       ?GetPackFromServer@CGameClient@@UAGPBXAAI@Z 10002dc0 f   ClientStage.obj
 0001:00001e50       _EnterCriticalSection@4    10002e50 f   kernel32:KERNEL32.dll
 0001:00001e56       _LeaveCriticalSection@4    10002e56 f   kernel32:KERNEL32.dll
 0001:00001e5c       _InitializeCriticalSection@4 10002e5c f   kernel32:KERNEL32.dll
 0001:00001e62       _DeleteCriticalSection@4   10002e62 f   kernel32:KERNEL32.dll
 0001:00001e68       _InterlockedIncrement@4    10002e68 f   kernel32:KERNEL32.dll
 0001:00001e6e       _InterlockedDecrement@4    10002e6e f   kernel32:KERNEL32.dll
 0001:00001e80       ?KSG_DecodeEncode@@YAHIPAEPAI@Z 10002e80 f   common:KSG_EncodeDecode.obj
 0001:00001ee0       ?KSG_DecodeEncode_ASM@@YAHIPAEPAI@Z 10002ee0 f   common:KSG_EncodeDecode.obj
 0001:00001f40       ?_trace@@YAXPBDZZ          10002f40 f i common:SocketClient.obj
 0001:00001f50       ?GetWSABUF@CIOBuffer@Win32@OnlineGameLib@@QBEPAU_WSABUF@@XZ 10002f50 f i common:SocketClient.obj
 0001:00001f60       ?Use@CIOBuffer@Win32@OnlineGameLib@@QAEXI@Z 10002f60 f i common:SocketClient.obj
 0001:00001f70       ?SetupRead@CIOBuffer@Win32@OnlineGameLib@@QAEXXZ 10002f70 f i common:SocketClient.obj
 0001:00001fa0       ?SetupWrite@CIOBuffer@Win32@OnlineGameLib@@QAEXXZ 10002fa0 f i common:SocketClient.obj
 0001:00001fc0       ?GetEvent@CEvent@Win32@OnlineGameLib@@QBEPAXXZ 10002fc0 f i common:SocketClient.obj
 0001:00001fd0       ?IsError@CEventSelect@Win32@OnlineGameLib@@QAE_NXZ 10002fd0 f i common:SocketClient.obj
 0001:00001fe0       ?WaitForEnumEvent@CEventSelect@Win32@OnlineGameLib@@QAE_NIK@Z 10002fe0 f i common:SocketClient.obj
 0001:00002040       ?Read@CEventSelect@Win32@OnlineGameLib@@QAEHXZ 10003040 f i common:SocketClient.obj
 0001:00002060       ?Connect@CEventSelect@Win32@OnlineGameLib@@QAEHXZ 10003060 f i common:SocketClient.obj
 0001:00002080       ?Close@CEventSelect@Win32@OnlineGameLib@@QAEHXZ 10003080 f i common:SocketClient.obj
 0001:000020a0       ??1CManualResetEvent@Win32@OnlineGameLib@@UAE@XZ 100030a0 f i common:SocketClient.obj
 0001:000020b0       ?ReleaseBuffers@CSocketClient@Win32@OnlineGameLib@@IAEXXZ 100030b0 f   common:SocketClient.obj
 0001:000020c0       ?OnError@CSocketClient@Win32@OnlineGameLib@@EAEXABV?$basic_string@DU?$char_traits@D@std@@V?$allocator@D@2@@std@@@Z 100030c0 f   common:SocketClient.obj
 0001:000020d0       ??0?$basic_string@DU?$char_traits@D@std@@V?$allocator@D@2@@std@@QAE@XZ 100030d0 f i common:SocketClient.obj
 0001:000020f0       ??0CSocketClient@Win32@OnlineGameLib@@IAE@II@Z 100030f0 f   common:SocketClient.obj
 0001:000021d0       ?OnStartConnections@CSocketClient@Win32@OnlineGameLib@@EAEXXZ 100031d0 f i common:SocketClient.obj
 0001:000021e0       ?OnStopConnections@CSocketClient@Win32@OnlineGameLib@@EAEXXZ 100031e0 f i common:SocketClient.obj
 0001:000021f0       ??_ECSocketClient@Win32@OnlineGameLib@@W7AEPAXI@Z 100031f0 f i common:SocketClient.obj
 0001:00002200       ?assign@?$basic_string@DU?$char_traits@D@std@@V?$allocator@D@2@@std@@QAEAAV12@ABV12@@Z 10003200 f i common:SocketClient.obj
 0001:00002220       ??0CSocketClient@Win32@OnlineGameLib@@IAE@ABV?$basic_string@DU?$char_traits@D@std@@V?$allocator@D@2@@std@@GII@Z 10003220 f   common:SocketClient.obj
 0001:00002320       ??4?$basic_string@DU?$char_traits@D@std@@V?$allocator@D@2@@std@@QAEAAV01@ABV01@@Z 10003320 f i common:SocketClient.obj
 0001:00002340       ?Connect@CSocketClient@Win32@OnlineGameLib@@QAEXABV?$basic_string@DU?$char_traits@D@std@@V?$allocator@D@2@@std@@G@Z 10003340 f   common:SocketClient.obj
 0001:00002370       ?StopConnections@CSocketClient@Win32@OnlineGameLib@@QAEXXZ 10003370 f   common:SocketClient.obj
 0001:00002530       ?CreateConnectionSocket@CSocketClient@Win32@OnlineGameLib@@EAEIABV?$basic_string@DU?$char_traits@D@std@@V?$allocator@D@2@@std@@G@Z 10003530 f   common:SocketClient.obj
 0001:00002650       ??1CException@Win32@OnlineGameLib@@UAE@XZ 10003650 f i common:SocketClient.obj
 0001:000026a0       ??_GCException@Win32@OnlineGameLib@@UAEPAXI@Z 100036a0 f i common:SocketClient.obj
 0001:000026a0       ??_ECException@Win32@OnlineGameLib@@UAEPAXI@Z 100036a0 f i common:SocketClient.obj
 0001:000026c0       ??1CWin32Exception@Win32@OnlineGameLib@@UAE@XZ 100036c0 f i common:SocketClient.obj
 0001:000026d0       ??0CException@Win32@OnlineGameLib@@QAE@ABV012@@Z 100036d0 f i common:SocketClient.obj
 0001:00002760       ??0CWin32Exception@Win32@OnlineGameLib@@QAE@ABV012@@Z 10003760 f i common:SocketClient.obj
 0001:00002790       ??_GCWin32Exception@Win32@OnlineGameLib@@UAEPAXI@Z 10003790 f i common:SocketClient.obj
 0001:00002790       ??_ECWin32Exception@Win32@OnlineGameLib@@UAEPAXI@Z 10003790 f i common:SocketClient.obj
 0001:000027b0       ?InitiateShutdown@CSocketClient@Win32@OnlineGameLib@@QAEXXZ 100037b0 f   common:SocketClient.obj
 0001:000027d0       ?WaitForShutdownToComplete@CSocketClient@Win32@OnlineGameLib@@QAEXXZ 100037d0 f   common:SocketClient.obj
 0001:000027e0       ?OnRead@CSocketClient@Win32@OnlineGameLib@@AAEXPAVCIOBuffer@23@@Z 100037e0 f   common:SocketClient.obj
 0001:00002930       ?Write@CSocketClient@Win32@OnlineGameLib@@QAEXPAVCIOBuffer@23@@Z 10003930 f   common:SocketClient.obj
 0001:00002bf0       ?WaitAndVerifyCipher@CSocketClient@Win32@OnlineGameLib@@IAE_NXZ 10003bf0 f   common:SocketClient.obj
 0001:00002df0       ??1CSocketClient@Win32@OnlineGameLib@@UAE@XZ 10003df0 f   common:SocketClient.obj
 0001:00002f00       ?StartConnections@CSocketClient@Win32@OnlineGameLib@@QAE_NXZ 10003f00 f   common:SocketClient.obj
 0001:00002fd0       ?Run@CSocketClient@Win32@OnlineGameLib@@MAEHXZ 10003fd0 f   common:SocketClient.obj
 0001:00003320       ?Write@CSocketClient@Win32@OnlineGameLib@@QAEXPBDI@Z 10004320 f   common:SocketClient.obj
 0001:00003370       ??_ECSocketClient@Win32@OnlineGameLib@@UAEPAXI@Z 10004370 f i common:SocketClient.obj
 0001:00003370       ??_GCSocketClient@Win32@OnlineGameLib@@UAEPAXI@Z 10004370 f i common:SocketClient.obj
 0001:00003390       ??2@YAPAXIPAX@Z            10004390 f i common:IOBuffer.obj
 0001:000033a0       ??3@YAXPAX0@Z              100043a0 f i common:IOBuffer.obj
 0001:000033b0       ??0_Iterator_base@std@@QAE@XZ 100043b0 f i common:IOBuffer.obj
 0001:000033c0       ?Count@CNodeList@OnlineGameLib@@QBEIXZ 100043c0 f i common:IOBuffer.obj
 0001:000033d0       ?Empty@CNodeList@OnlineGameLib@@QBE_NXZ 100043d0 f i common:IOBuffer.obj
 0001:000033e0       ??0COpaqueUserData@OnlineGameLib@@IAE@XZ 100043e0 f i common:IOBuffer.obj
 0001:000033f0       ??1COpaqueUserData@OnlineGameLib@@IAE@XZ 100043f0 f i common:IOBuffer.obj
 0001:00003400       ?AddRef@CIOBuffer@Win32@OnlineGameLib@@QAEXXZ 10004400 f i common:IOBuffer.obj
 0001:00003410       ?GetSequenceNumber@CIOBuffer@Win32@OnlineGameLib@@QBEIXZ 10004410 f i common:IOBuffer.obj
 0001:00003420       ??1CIOBuffer@Win32@OnlineGameLib@@AAE@XZ 10004420 f   common:IOBuffer.obj
 0001:00003450       ?Empty@CIOBuffer@Win32@OnlineGameLib@@QAEXXZ 10004450 f   common:IOBuffer.obj
 0001:00003470       ??2CIOBuffer@Win32@OnlineGameLib@@CAPAXII@Z 10004470 f   common:IOBuffer.obj
 0001:00003480       ??3CIOBuffer@Win32@OnlineGameLib@@CAXPAXI@Z 10004480 f   common:IOBuffer.obj
 0001:00003490       ?RemoveBuffer@CIOBuffer@Win32@OnlineGameLib@@QAEXI@Z 10004490 f   common:IOBuffer.obj
 0001:000034c0       ??0?$TNodeList@VCIOBuffer@Win32@OnlineGameLib@@@OnlineGameLib@@QAE@XZ 100044c0 f i common:IOBuffer.obj
 0001:000034d0       ??_GCIOBuffer@Win32@OnlineGameLib@@AAEPAXI@Z 100044d0 f i common:IOBuffer.obj
 0001:000034f0       ?ProcessBuffer@InOrderBufferList@CIOBuffer@Win32@OnlineGameLib@@QAEXXZ 100044f0 f   common:IOBuffer.obj
 0001:00003510       ??0?$pair@$$CBIPAVCIOBuffer@Win32@OnlineGameLib@@@std@@QAE@ABIABQAVCIOBuffer@Win32@OnlineGameLib@@@Z 10004510 f i common:IOBuffer.obj
 0001:00003530       ?_Color@?$_Tree@V?$_Tmap_traits@IPAVCIOBuffer@Win32@OnlineGameLib@@U?$less@I@std@@V?$allocator@U?$pair@$$CBIPAVCIOBuffer@Win32@OnlineGameLib@@@std@@@5@$0A@@std@@@std@@KAAADPAU_Node@?$_Tree_nod@V?$_Tmap_traits@IPAVCIOBuffer@Win32@OnlineGameLib@@U?$less@I@std@@V?$allocator@U?$pair@$$CBIPAVCIOBuffer@Win32@OnlineGameLib@@@std@@@5@$0A@@std@@@2@@Z 10004530 f i common:IOBuffer.obj
 0001:00003540       ?_Isnil@?$_Tree@V?$_Tmap_traits@IPAVCIOBuffer@Win32@OnlineGameLib@@U?$less@I@std@@V?$allocator@U?$pair@$$CBIPAVCIOBuffer@Win32@OnlineGameLib@@@std@@@5@$0A@@std@@@std@@KAAADPAU_Node@?$_Tree_nod@V?$_Tmap_traits@IPAVCIOBuffer@Win32@OnlineGameLib@@U?$less@I@std@@V?$allocator@U?$pair@$$CBIPAVCIOBuffer@Win32@OnlineGameLib@@@std@@@5@$0A@@std@@@2@@Z 10004540 f i common:IOBuffer.obj
 0001:00003550       ?_Left@?$_Tree@V?$_Tmap_traits@IPAVCIOBuffer@Win32@OnlineGameLib@@U?$less@I@std@@V?$allocator@U?$pair@$$CBIPAVCIOBuffer@Win32@OnlineGameLib@@@std@@@5@$0A@@std@@@std@@KAAAPAU_Node@?$_Tree_nod@V?$_Tmap_traits@IPAVCIOBuffer@Win32@OnlineGameLib@@U?$less@I@std@@V?$allocator@U?$pair@$$CBIPAVCIOBuffer@Win32@OnlineGameLib@@@std@@@5@$0A@@std@@@2@PAU342@@Z 10004550 f i common:IOBuffer.obj
 0001:00003560       ?_Parent@?$_Tree@V?$_Tmap_traits@IPAVCIOBuffer@Win32@OnlineGameLib@@U?$less@I@std@@V?$allocator@U?$pair@$$CBIPAVCIOBuffer@Win32@OnlineGameLib@@@std@@@5@$0A@@std@@@std@@KAAAPAU_Node@?$_Tree_nod@V?$_Tmap_traits@IPAVCIOBuffer@Win32@OnlineGameLib@@U?$less@I@std@@V?$allocator@U?$pair@$$CBIPAVCIOBuffer@Win32@OnlineGameLib@@@std@@@5@$0A@@std@@@2@PAU342@@Z 10004560 f i common:IOBuffer.obj
 0001:00003570       ?_Right@?$_Tree@V?$_Tmap_traits@IPAVCIOBuffer@Win32@OnlineGameLib@@U?$less@I@std@@V?$allocator@U?$pair@$$CBIPAVCIOBuffer@Win32@OnlineGameLib@@@std@@@5@$0A@@std@@@std@@KAAAPAU_Node@?$_Tree_nod@V?$_Tmap_traits@IPAVCIOBuffer@Win32@OnlineGameLib@@U?$less@I@std@@V?$allocator@U?$pair@$$CBIPAVCIOBuffer@Win32@OnlineGameLib@@@std@@@5@$0A@@std@@@2@PAU342@@Z 10004570 f i common:IOBuffer.obj
 0001:00003580       ?size@?$_Tree@V?$_Tmap_traits@IPAVCIOBuffer@Win32@OnlineGameLib@@U?$less@I@std@@V?$allocator@U?$pair@$$CBIPAVCIOBuffer@Win32@OnlineGameLib@@@std@@@5@$0A@@std@@@std@@QBEIXZ 10004580 f i common:IOBuffer.obj
 0001:00003590       ?_Lmost@?$_Tree@V?$_Tmap_traits@IPAVCIOBuffer@Win32@OnlineGameLib@@U?$less@I@std@@V?$allocator@U?$pair@$$CBIPAVCIOBuffer@Win32@OnlineGameLib@@@std@@@5@$0A@@std@@@std@@IBEAAPAU_Node@?$_Tree_nod@V?$_Tmap_traits@IPAVCIOBuffer@Win32@OnlineGameLib@@U?$less@I@std@@V?$allocator@U?$pair@$$CBIPAVCIOBuffer@Win32@OnlineGameLib@@@std@@@5@$0A@@std@@@2@XZ 10004590 f i common:IOBuffer.obj
 0001:000035a0       ?_Max@?$_Tree@V?$_Tmap_traits@IPAVCIOBuffer@Win32@OnlineGameLib@@U?$less@I@std@@V?$allocator@U?$pair@$$CBIPAVCIOBuffer@Win32@OnlineGameLib@@@std@@@5@$0A@@std@@@std@@KAPAU_Node@?$_Tree_nod@V?$_Tmap_traits@IPAVCIOBuffer@Win32@OnlineGameLib@@U?$less@I@std@@V?$allocator@U?$pair@$$CBIPAVCIOBuffer@Win32@OnlineGameLib@@@std@@@5@$0A@@std@@@2@PAU342@@Z 100045a0 f i common:IOBuffer.obj
 0001:000035c0       ?_Min@?$_Tree@V?$_Tmap_traits@IPAVCIOBuffer@Win32@OnlineGameLib@@U?$less@I@std@@V?$allocator@U?$pair@$$CBIPAVCIOBuffer@Win32@OnlineGameLib@@@std@@@5@$0A@@std@@@std@@KAPAU_Node@?$_Tree_nod@V?$_Tmap_traits@IPAVCIOBuffer@Win32@OnlineGameLib@@U?$less@I@std@@V?$allocator@U?$pair@$$CBIPAVCIOBuffer@Win32@OnlineGameLib@@@std@@@5@$0A@@std@@@2@PAU342@@Z 100045c0 f i common:IOBuffer.obj
 0001:000035e0       ?_Rmost@?$_Tree@V?$_Tmap_traits@IPAVCIOBuffer@Win32@OnlineGameLib@@U?$less@I@std@@V?$allocator@U?$pair@$$CBIPAVCIOBuffer@Win32@OnlineGameLib@@@std@@@5@$0A@@std@@@std@@IBEAAPAU_Node@?$_Tree_nod@V?$_Tmap_traits@IPAVCIOBuffer@Win32@OnlineGameLib@@U?$less@I@std@@V?$allocator@U?$pair@$$CBIPAVCIOBuffer@Win32@OnlineGameLib@@@std@@@5@$0A@@std@@@2@XZ 100045e0 f i common:IOBuffer.obj
 0001:000035f0       ?_Root@?$_Tree@V?$_Tmap_traits@IPAVCIOBuffer@Win32@OnlineGameLib@@U?$less@I@std@@V?$allocator@U?$pair@$$CBIPAVCIOBuffer@Win32@OnlineGameLib@@@std@@@5@$0A@@std@@@std@@IBEAAPAU_Node@?$_Tree_nod@V?$_Tmap_traits@IPAVCIOBuffer@Win32@OnlineGameLib@@U?$less@I@std@@V?$allocator@U?$pair@$$CBIPAVCIOBuffer@Win32@OnlineGameLib@@@std@@@5@$0A@@std@@@2@XZ 100045f0 f i common:IOBuffer.obj
 0001:00003600       ?_Rrotate@?$_Tree@V?$_Tmap_traits@IPAVCIOBuffer@Win32@OnlineGameLib@@U?$less@I@std@@V?$allocator@U?$pair@$$CBIPAVCIOBuffer@Win32@OnlineGameLib@@@std@@@5@$0A@@std@@@std@@IAEXPAU_Node@?$_Tree_nod@V?$_Tmap_traits@IPAVCIOBuffer@Win32@OnlineGameLib@@U?$less@I@std@@V?$allocator@U?$pair@$$CBIPAVCIOBuffer@Win32@OnlineGameLib@@@std@@@5@$0A@@std@@@2@@Z 10004600 f i common:IOBuffer.obj
 0001:00003660       ?_Kfn@?$_Tmap_traits@IPAVCIOBuffer@Win32@OnlineGameLib@@U?$less@I@std@@V?$allocator@U?$pair@$$CBIPAVCIOBuffer@Win32@OnlineGameLib@@@std@@@5@$0A@@std@@SAABIABU?$pair@$$CBIPAVCIOBuffer@Win32@OnlineGameLib@@@2@@Z 10004660 f i common:IOBuffer.obj
 0001:00003670       ??0?$allocator@U?$pair@$$CBIPAVCIOBuffer@Win32@OnlineGameLib@@@std@@@std@@QAE@XZ 10004670 f i common:IOBuffer.obj
 0001:00003680       ??R?$less@I@std@@QBE_NABI0@Z 10004680 f i common:IOBuffer.obj
 0001:000036a0       ?deallocate@?$allocator@U_Node@?$_Tree_nod@V?$_Tmap_traits@IPAVCIOBuffer@Win32@OnlineGameLib@@U?$less@I@std@@V?$allocator@U?$pair@$$CBIPAVCIOBuffer@Win32@OnlineGameLib@@@std@@@5@$0A@@std@@@std@@@std@@QAEXPAU_Node@?$_Tree_nod@V?$_Tmap_traits@IPAVCIOBuffer@Win32@OnlineGameLib@@U?$less@I@std@@V?$allocator@U?$pair@$$CBIPAVCIOBuffer@Win32@OnlineGameLib@@@std@@@5@$0A@@std@@@2@I@Z 100046a0 f i common:IOBuffer.obj
 0001:000036b0       ??0?$pair@Viterator@?$_Tree@V?$_Tmap_traits@IPAVCIOBuffer@Win32@OnlineGameLib@@U?$less@I@std@@V?$allocator@U?$pair@$$CBIPAVCIOBuffer@Win32@OnlineGameLib@@@std@@@5@$0A@@std@@@std@@_N@std@@QAE@ABViterator@?$_Tree@V?$_Tmap_traits@IPAVCIOBuffer@Win32@OnlineGameLib@@U?$less@I@std@@V?$allocator@U?$pair@$$CBIPAVCIOBuffer@Win32@OnlineGameLib@@@std@@@5@$0A@@std@@@1@AB_N@Z 100046b0 f i common:IOBuffer.obj
 0001:000036d0       ??8const_iterator@?$_Tree@V?$_Tmap_traits@IPAVCIOBuffer@Win32@OnlineGameLib@@U?$less@I@std@@V?$allocator@U?$pair@$$CBIPAVCIOBuffer@Win32@OnlineGameLib@@@std@@@5@$0A@@std@@@std@@QBE_NABV012@@Z 100046d0 f i common:IOBuffer.obj
 0001:00003700       ?_Mynode@const_iterator@?$_Tree@V?$_Tmap_traits@IPAVCIOBuffer@Win32@OnlineGameLib@@U?$less@I@std@@V?$allocator@U?$pair@$$CBIPAVCIOBuffer@Win32@OnlineGameLib@@@std@@@5@$0A@@std@@@std@@QBEPAU_Node@?$_Tree_nod@V?$_Tmap_traits@IPAVCIOBuffer@Win32@OnlineGameLib@@U?$less@I@std@@V?$allocator@U?$pair@$$CBIPAVCIOBuffer@Win32@OnlineGameLib@@@std@@@5@$0A@@std@@@3@XZ 10004700 f i common:IOBuffer.obj
 0001:00003710       ??0?$_Bidit@U?$pair@$$CBIPAVCIOBuffer@Win32@OnlineGameLib@@@std@@HPBU12@ABU12@@std@@QAE@XZ 10004710 f i common:IOBuffer.obj
 0001:00003720       ?_Myval@?$_Tree@V?$_Tmap_traits@IPAVCIOBuffer@Win32@OnlineGameLib@@U?$less@I@std@@V?$allocator@U?$pair@$$CBIPAVCIOBuffer@Win32@OnlineGameLib@@@std@@@5@$0A@@std@@@std@@KAAAU?$pair@$$CBIPAVCIOBuffer@Win32@OnlineGameLib@@@2@PAU_Node@?$_Tree_nod@V?$_Tmap_traits@IPAVCIOBuffer@Win32@OnlineGameLib@@U?$less@I@std@@V?$allocator@U?$pair@$$CBIPAVCIOBuffer@Win32@OnlineGameLib@@@std@@@5@$0A@@std@@@2@@Z 10004720 f i common:IOBuffer.obj
 0001:00003730       ??0?$allocator@U?$pair@$$CBIPAVCIOBuffer@Win32@OnlineGameLib@@@std@@@std@@QAE@ABV01@@Z 10004730 f i common:IOBuffer.obj
 0001:00003740       ??0const_iterator@?$_Tree@V?$_Tmap_traits@IPAVCIOBuffer@Win32@OnlineGameLib@@U?$less@I@std@@V?$allocator@U?$pair@$$CBIPAVCIOBuffer@Win32@OnlineGameLib@@@std@@@5@$0A@@std@@@std@@QAE@PAU_Node@?$_Tree_nod@V?$_Tmap_traits@IPAVCIOBuffer@Win32@OnlineGameLib@@U?$less@I@std@@V?$allocator@U?$pair@$$CBIPAVCIOBuffer@Win32@OnlineGameLib@@@std@@@5@$0A@@std@@@2@PBV12@@Z 10004740 f i common:IOBuffer.obj
 0001:00003770       ??Dconst_iterator@?$_Tree@V?$_Tmap_traits@IPAVCIOBuffer@Win32@OnlineGameLib@@U?$less@I@std@@V?$allocator@U?$pair@$$CBIPAVCIOBuffer@Win32@OnlineGameLib@@@std@@@5@$0A@@std@@@std@@QBEABU?$pair@$$CBIPAVCIOBuffer@Win32@OnlineGameLib@@@2@XZ 10004770 f i common:IOBuffer.obj
 0001:000037a0       ?max_size@?$allocator@U?$pair@$$CBIPAVCIOBuffer@Win32@OnlineGameLib@@@std@@@std@@QBEIXZ 100047a0 f i common:IOBuffer.obj
 0001:000037b0       ?_Dec@const_iterator@?$_Tree@V?$_Tmap_traits@IPAVCIOBuffer@Win32@OnlineGameLib@@U?$less@I@std@@V?$allocator@U?$pair@$$CBIPAVCIOBuffer@Win32@OnlineGameLib@@@std@@@5@$0A@@std@@@std@@QAEXXZ 100047b0 f i common:IOBuffer.obj
 0001:00003840       ?_Inc@const_iterator@?$_Tree@V?$_Tmap_traits@IPAVCIOBuffer@Win32@OnlineGameLib@@U?$less@I@std@@V?$allocator@U?$pair@$$CBIPAVCIOBuffer@Win32@OnlineGameLib@@@std@@@5@$0A@@std@@@std@@QAEXXZ 10004840 f i common:IOBuffer.obj
 0001:000038b0       ??0_Node@?$_Tree_nod@V?$_Tmap_traits@IPAVCIOBuffer@Win32@OnlineGameLib@@U?$less@I@std@@V?$allocator@U?$pair@$$CBIPAVCIOBuffer@Win32@OnlineGameLib@@@std@@@5@$0A@@std@@@std@@QAE@PAU012@00ABU?$pair@$$CBIPAVCIOBuffer@Win32@OnlineGameLib@@@2@D@Z 100048b0 f i common:IOBuffer.obj
 0001:000038f0       ??0?$_Tmap_traits@IPAVCIOBuffer@Win32@OnlineGameLib@@U?$less@I@std@@V?$allocator@U?$pair@$$CBIPAVCIOBuffer@Win32@OnlineGameLib@@@std@@@5@$0A@@std@@QAE@U?$less@I@1@@Z 100048f0 f i common:IOBuffer.obj
 0001:00003900       ?PopNode@?$TNodeList@VCIOBuffer@Win32@OnlineGameLib@@@OnlineGameLib@@QAEPAVCIOBuffer@Win32@2@XZ 10004900 f i common:IOBuffer.obj
 0001:00003910       ??$swap@D@std@@YAXAAD0@Z   10004910 f i common:IOBuffer.obj
 0001:00003930       ??$_Destroy@U_Node@?$_Tree_nod@V?$_Tmap_traits@IPAVCIOBuffer@Win32@OnlineGameLib@@U?$less@I@std@@V?$allocator@U?$pair@$$CBIPAVCIOBuffer@Win32@OnlineGameLib@@@std@@@5@$0A@@std@@@std@@@std@@YAXPAU_Node@?$_Tree_nod@V?$_Tmap_traits@IPAVCIOBuffer@Win32@OnlineGameLib@@U?$less@I@std@@V?$allocator@U?$pair@$$CBIPAVCIOBuffer@Win32@OnlineGameLib@@@std@@@5@$0A@@std@@@0@@Z 10004930 f i common:IOBuffer.obj
 0001:00003940       ??$_Destroy@PAU_Node@?$_Tree_nod@V?$_Tmap_traits@IPAVCIOBuffer@Win32@OnlineGameLib@@U?$less@I@std@@V?$allocator@U?$pair@$$CBIPAVCIOBuffer@Win32@OnlineGameLib@@@std@@@5@$0A@@std@@@std@@@std@@YAXPAPAU_Node@?$_Tree_nod@V?$_Tmap_traits@IPAVCIOBuffer@Win32@OnlineGameLib@@U?$less@I@std@@V?$allocator@U?$pair@$$CBIPAVCIOBuffer@Win32@OnlineGameLib@@@std@@@5@$0A@@std@@@0@@Z 10004940 f i common:IOBuffer.obj
 0001:00003950       ??$?0U?$pair@$$CBIPAVCIOBuffer@Win32@OnlineGameLib@@@std@@@?$allocator@PAU_Node@?$_Tree_nod@V?$_Tmap_traits@IPAVCIOBuffer@Win32@OnlineGameLib@@U?$less@I@std@@V?$allocator@U?$pair@$$CBIPAVCIOBuffer@Win32@OnlineGameLib@@@std@@@5@$0A@@std@@@std@@@std@@QAE@ABV?$allocator@U?$pair@$$CBIPAVCIOBuffer@Win32@OnlineGameLib@@@std@@@1@@Z 10004950 f i common:IOBuffer.obj
 0001:00003960       ??$_Allocate@U_Node@?$_Tree_nod@V?$_Tmap_traits@IPAVCIOBuffer@Win32@OnlineGameLib@@U?$less@I@std@@V?$allocator@U?$pair@$$CBIPAVCIOBuffer@Win32@OnlineGameLib@@@std@@@5@$0A@@std@@@std@@@std@@YAPAU_Node@?$_Tree_nod@V?$_Tmap_traits@IPAVCIOBuffer@Win32@OnlineGameLib@@U?$less@I@std@@V?$allocator@U?$pair@$$CBIPAVCIOBuffer@Win32@OnlineGameLib@@@std@@@5@$0A@@std@@@0@IPAU120@@Z 10004960 f i common:IOBuffer.obj
 0001:000039c0       ??$?0U?$pair@$$CBIPAVCIOBuffer@Win32@OnlineGameLib@@@std@@@?$allocator@U_Node@?$_Tree_nod@V?$_Tmap_traits@IPAVCIOBuffer@Win32@OnlineGameLib@@U?$less@I@std@@V?$allocator@U?$pair@$$CBIPAVCIOBuffer@Win32@OnlineGameLib@@@std@@@5@$0A@@std@@@std@@@std@@QAE@ABV?$allocator@U?$pair@$$CBIPAVCIOBuffer@Win32@OnlineGameLib@@@std@@@1@@Z 100049c0 f i common:IOBuffer.obj
 0001:000039d0       ??$_Construct@PAU_Node@?$_Tree_nod@V?$_Tmap_traits@IPAVCIOBuffer@Win32@OnlineGameLib@@U?$less@I@std@@V?$allocator@U?$pair@$$CBIPAVCIOBuffer@Win32@OnlineGameLib@@@std@@@5@$0A@@std@@@std@@PAU123@@std@@YAXPAPAU_Node@?$_Tree_nod@V?$_Tmap_traits@IPAVCIOBuffer@Win32@OnlineGameLib@@U?$less@I@std@@V?$allocator@U?$pair@$$CBIPAVCIOBuffer@Win32@OnlineGameLib@@@std@@@5@$0A@@std@@@0@ABQAU120@@Z 100049d0 f i common:IOBuffer.obj
 0001:000039f0       ??0CIOBuffer@Win32@OnlineGameLib@@AAE@AAVAllocator@012@I@Z 100049f0 f   common:IOBuffer.obj
 0001:00003a90       ??0Allocator@CIOBuffer@Win32@OnlineGameLib@@QAE@II@Z 10004a90 f   common:IOBuffer.obj
 0001:00003ad0       ?DestroyBuffer@Allocator@CIOBuffer@Win32@OnlineGameLib@@AAEXPAV234@@Z 10004ad0 f   common:IOBuffer.obj
 0001:00003b40       ?Flush@Allocator@CIOBuffer@Win32@OnlineGameLib@@IAEXXZ 10004b40 f   common:IOBuffer.obj
 0001:00003be0       ?empty@?$_Tree@V?$_Tmap_traits@IPAVCIOBuffer@Win32@OnlineGameLib@@U?$less@I@std@@V?$allocator@U?$pair@$$CBIPAVCIOBuffer@Win32@OnlineGameLib@@@std@@@5@$0A@@std@@@std@@QBE_NXZ 10004be0 f i common:IOBuffer.obj
 0001:00003bf0       ??9const_iterator@?$_Tree@V?$_Tmap_traits@IPAVCIOBuffer@Win32@OnlineGameLib@@U?$less@I@std@@V?$allocator@U?$pair@$$CBIPAVCIOBuffer@Win32@OnlineGameLib@@@std@@@5@$0A@@std@@@std@@QBE_NABV012@@Z 10004bf0 f i common:IOBuffer.obj
 0001:00003c20       ?_Key@?$_Tree@V?$_Tmap_traits@IPAVCIOBuffer@Win32@OnlineGameLib@@U?$less@I@std@@V?$allocator@U?$pair@$$CBIPAVCIOBuffer@Win32@OnlineGameLib@@@std@@@5@$0A@@std@@@std@@KAABIPAU_Node@?$_Tree_nod@V?$_Tmap_traits@IPAVCIOBuffer@Win32@OnlineGameLib@@U?$less@I@std@@V?$allocator@U?$pair@$$CBIPAVCIOBuffer@Win32@OnlineGameLib@@@std@@@5@$0A@@std@@@2@@Z 10004c20 f i common:IOBuffer.obj
 0001:00003c30       ?_Lrotate@?$_Tree@V?$_Tmap_traits@IPAVCIOBuffer@Win32@OnlineGameLib@@U?$less@I@std@@V?$allocator@U?$pair@$$CBIPAVCIOBuffer@Win32@OnlineGameLib@@@std@@@5@$0A@@std@@@std@@IAEXPAU_Node@?$_Tree_nod@V?$_Tmap_traits@IPAVCIOBuffer@Win32@OnlineGameLib@@U?$less@I@std@@V?$allocator@U?$pair@$$CBIPAVCIOBuffer@Win32@OnlineGameLib@@@std@@@5@$0A@@std@@@2@@Z 10004c30 f i common:IOBuffer.obj
 0001:00003c80       ?destroy@?$allocator@U_Node@?$_Tree_nod@V?$_Tmap_traits@IPAVCIOBuffer@Win32@OnlineGameLib@@U?$less@I@std@@V?$allocator@U?$pair@$$CBIPAVCIOBuffer@Win32@OnlineGameLib@@@std@@@5@$0A@@std@@@std@@@std@@QAEXPAU_Node@?$_Tree_nod@V?$_Tmap_traits@IPAVCIOBuffer@Win32@OnlineGameLib@@U?$less@I@std@@V?$allocator@U?$pair@$$CBIPAVCIOBuffer@Win32@OnlineGameLib@@@std@@@5@$0A@@std@@@2@@Z 10004c80 f i common:IOBuffer.obj
 0001:00003c90       ??0iterator@?$_Tree@V?$_Tmap_traits@IPAVCIOBuffer@Win32@OnlineGameLib@@U?$less@I@std@@V?$allocator@U?$pair@$$CBIPAVCIOBuffer@Win32@OnlineGameLib@@@std@@@5@$0A@@std@@@std@@QAE@PAU_Node@?$_Tree_nod@V?$_Tmap_traits@IPAVCIOBuffer@Win32@OnlineGameLib@@U?$less@I@std@@V?$allocator@U?$pair@$$CBIPAVCIOBuffer@Win32@OnlineGameLib@@@std@@@5@$0A@@std@@@2@PBV12@@Z 10004c90 f i common:IOBuffer.obj
 0001:00003cc0       ??Diterator@?$_Tree@V?$_Tmap_traits@IPAVCIOBuffer@Win32@OnlineGameLib@@U?$less@I@std@@V?$allocator@U?$pair@$$CBIPAVCIOBuffer@Win32@OnlineGameLib@@@std@@@5@$0A@@std@@@std@@QBEAAU?$pair@$$CBIPAVCIOBuffer@Win32@OnlineGameLib@@@2@XZ 10004cc0 f i common:IOBuffer.obj
 0001:00003cf0       ??0const_iterator@?$_Tree@V?$_Tmap_traits@IPAVCIOBuffer@Win32@OnlineGameLib@@U?$less@I@std@@V?$allocator@U?$pair@$$CBIPAVCIOBuffer@Win32@OnlineGameLib@@@std@@@5@$0A@@std@@@std@@QAE@XZ 10004cf0 f i common:IOBuffer.obj
 0001:00003d00       ?max_size@?$_Tree@V?$_Tmap_traits@IPAVCIOBuffer@Win32@OnlineGameLib@@U?$less@I@std@@V?$allocator@U?$pair@$$CBIPAVCIOBuffer@Win32@OnlineGameLib@@@std@@@5@$0A@@std@@@std@@QBEIXZ 10004d00 f i common:IOBuffer.obj
 0001:00003d10       ?destroy@?$allocator@PAU_Node@?$_Tree_nod@V?$_Tmap_traits@IPAVCIOBuffer@Win32@OnlineGameLib@@U?$less@I@std@@V?$allocator@U?$pair@$$CBIPAVCIOBuffer@Win32@OnlineGameLib@@@std@@@5@$0A@@std@@@std@@@std@@QAEXPAPAU_Node@?$_Tree_nod@V?$_Tmap_traits@IPAVCIOBuffer@Win32@OnlineGameLib@@U?$less@I@std@@V?$allocator@U?$pair@$$CBIPAVCIOBuffer@Win32@OnlineGameLib@@@std@@@5@$0A@@std@@@2@@Z 10004d10 f i common:IOBuffer.obj
 0001:00003d20       ??Econst_iterator@?$_Tree@V?$_Tmap_traits@IPAVCIOBuffer@Win32@OnlineGameLib@@U?$less@I@std@@V?$allocator@U?$pair@$$CBIPAVCIOBuffer@Win32@OnlineGameLib@@@std@@@5@$0A@@std@@@std@@QAEAAV012@XZ 10004d20 f i common:IOBuffer.obj
 0001:00003d30       ??Fconst_iterator@?$_Tree@V?$_Tmap_traits@IPAVCIOBuffer@Win32@OnlineGameLib@@U?$less@I@std@@V?$allocator@U?$pair@$$CBIPAVCIOBuffer@Win32@OnlineGameLib@@@std@@@5@$0A@@std@@@std@@QAEAAV012@XZ 10004d30 f i common:IOBuffer.obj
 0001:00003d40       ?allocate@?$allocator@U_Node@?$_Tree_nod@V?$_Tmap_traits@IPAVCIOBuffer@Win32@OnlineGameLib@@U?$less@I@std@@V?$allocator@U?$pair@$$CBIPAVCIOBuffer@Win32@OnlineGameLib@@@std@@@5@$0A@@std@@@std@@@std@@QAEPAU_Node@?$_Tree_nod@V?$_Tmap_traits@IPAVCIOBuffer@Win32@OnlineGameLib@@U?$less@I@std@@V?$allocator@U?$pair@$$CBIPAVCIOBuffer@Win32@OnlineGameLib@@@std@@@5@$0A@@std@@@2@I@Z 10004d40 f i common:IOBuffer.obj
 0001:00003d60       ?_Erase@?$_Tree@V?$_Tmap_traits@IPAVCIOBuffer@Win32@OnlineGameLib@@U?$less@I@std@@V?$allocator@U?$pair@$$CBIPAVCIOBuffer@Win32@OnlineGameLib@@@std@@@5@$0A@@std@@@std@@IAEXPAU_Node@?$_Tree_nod@V?$_Tmap_traits@IPAVCIOBuffer@Win32@OnlineGameLib@@U?$less@I@std@@V?$allocator@U?$pair@$$CBIPAVCIOBuffer@Win32@OnlineGameLib@@@std@@@5@$0A@@std@@@2@@Z 10004d60 f i common:IOBuffer.obj
 0001:00003da0       ??0?$_Tree_nod@V?$_Tmap_traits@IPAVCIOBuffer@Win32@OnlineGameLib@@U?$less@I@std@@V?$allocator@U?$pair@$$CBIPAVCIOBuffer@Win32@OnlineGameLib@@@std@@@5@$0A@@std@@@std@@IAE@ABU?$less@I@1@V?$allocator@U?$pair@$$CBIPAVCIOBuffer@Win32@OnlineGameLib@@@std@@@1@@Z 10004da0 f i common:IOBuffer.obj
 0001:00003db0       ?construct@?$allocator@PAU_Node@?$_Tree_nod@V?$_Tmap_traits@IPAVCIOBuffer@Win32@OnlineGameLib@@U?$less@I@std@@V?$allocator@U?$pair@$$CBIPAVCIOBuffer@Win32@OnlineGameLib@@@std@@@5@$0A@@std@@@std@@@std@@QAEXPAPAU_Node@?$_Tree_nod@V?$_Tmap_traits@IPAVCIOBuffer@Win32@OnlineGameLib@@U?$less@I@std@@V?$allocator@U?$pair@$$CBIPAVCIOBuffer@Win32@OnlineGameLib@@@std@@@5@$0A@@std@@@2@ABQAU342@@Z 10004db0 f i common:IOBuffer.obj
 0001:00003dd0       ??1Allocator@CIOBuffer@Win32@OnlineGameLib@@UAE@XZ 10004dd0 f   common:IOBuffer.obj
 0001:00003e40       ?Reset@InOrderBufferList@CIOBuffer@Win32@OnlineGameLib@@QAEXXZ 10004e40 f   common:IOBuffer.obj
 0001:00003e50       ?begin@?$_Tree@V?$_Tmap_traits@IPAVCIOBuffer@Win32@OnlineGameLib@@U?$less@I@std@@V?$allocator@U?$pair@$$CBIPAVCIOBuffer@Win32@OnlineGameLib@@@std@@@5@$0A@@std@@@std@@QAE?AViterator@12@XZ 10004e50 f i common:IOBuffer.obj
 0001:00003e70       ?end@?$_Tree@V?$_Tmap_traits@IPAVCIOBuffer@Win32@OnlineGameLib@@U?$less@I@std@@V?$allocator@U?$pair@$$CBIPAVCIOBuffer@Win32@OnlineGameLib@@@std@@@5@$0A@@std@@@std@@QAE?AViterator@12@XZ 10004e70 f i common:IOBuffer.obj
 0001:00003e80       ??0iterator@?$_Tree@V?$_Tmap_traits@IPAVCIOBuffer@Win32@OnlineGameLib@@U?$less@I@std@@V?$allocator@U?$pair@$$CBIPAVCIOBuffer@Win32@OnlineGameLib@@@std@@@5@$0A@@std@@@std@@QAE@XZ 10004e80 f i common:IOBuffer.obj
 0001:00003e90       ??Citerator@?$_Tree@V?$_Tmap_traits@IPAVCIOBuffer@Win32@OnlineGameLib@@U?$less@I@std@@V?$allocator@U?$pair@$$CBIPAVCIOBuffer@Win32@OnlineGameLib@@@std@@@5@$0A@@std@@@std@@QBEPAU?$pair@$$CBIPAVCIOBuffer@Win32@OnlineGameLib@@@2@XZ 10004e90 f i common:IOBuffer.obj
 0001:00003ec0       ??Eiterator@?$_Tree@V?$_Tmap_traits@IPAVCIOBuffer@Win32@OnlineGameLib@@U?$less@I@std@@V?$allocator@U?$pair@$$CBIPAVCIOBuffer@Win32@OnlineGameLib@@@std@@@5@$0A@@std@@@std@@QAEAAV012@XZ 10004ec0 f i common:IOBuffer.obj
 0001:00003ed0       ??Fiterator@?$_Tree@V?$_Tmap_traits@IPAVCIOBuffer@Win32@OnlineGameLib@@U?$less@I@std@@V?$allocator@U?$pair@$$CBIPAVCIOBuffer@Win32@OnlineGameLib@@@std@@@5@$0A@@std@@@std@@QAEAAV012@XZ 10004ed0 f i common:IOBuffer.obj
 0001:00003ee0       ?_Buynode@?$_Tree@V?$_Tmap_traits@IPAVCIOBuffer@Win32@OnlineGameLib@@U?$less@I@std@@V?$allocator@U?$pair@$$CBIPAVCIOBuffer@Win32@OnlineGameLib@@@std@@@5@$0A@@std@@@std@@IAEPAU_Node@?$_Tree_nod@V?$_Tmap_traits@IPAVCIOBuffer@Win32@OnlineGameLib@@U?$less@I@std@@V?$allocator@U?$pair@$$CBIPAVCIOBuffer@Win32@OnlineGameLib@@@std@@@5@$0A@@std@@@2@PAU342@00ABU?$pair@$$CBIPAVCIOBuffer@Win32@OnlineGameLib@@@2@D@Z 10004ee0 f i common:IOBuffer.obj
 0001:00003f20       ?clear@?$_Tree@V?$_Tmap_traits@IPAVCIOBuffer@Win32@OnlineGameLib@@U?$less@I@std@@V?$allocator@U?$pair@$$CBIPAVCIOBuffer@Win32@OnlineGameLib@@@std@@@5@$0A@@std@@@std@@QAEXXZ 10004f20 f i common:IOBuffer.obj
 0001:00003f50       ?_Buynode@?$_Tree@V?$_Tmap_traits@IPAVCIOBuffer@Win32@OnlineGameLib@@U?$less@I@std@@V?$allocator@U?$pair@$$CBIPAVCIOBuffer@Win32@OnlineGameLib@@@std@@@5@$0A@@std@@@std@@IAEPAU_Node@?$_Tree_nod@V?$_Tmap_traits@IPAVCIOBuffer@Win32@OnlineGameLib@@U?$less@I@std@@V?$allocator@U?$pair@$$CBIPAVCIOBuffer@Win32@OnlineGameLib@@@std@@@5@$0A@@std@@@2@XZ 10004f50 f i common:IOBuffer.obj
 0001:00003f90       ??0?$_Tree_ptr@V?$_Tmap_traits@IPAVCIOBuffer@Win32@OnlineGameLib@@U?$less@I@std@@V?$allocator@U?$pair@$$CBIPAVCIOBuffer@Win32@OnlineGameLib@@@std@@@5@$0A@@std@@@std@@IAE@ABU?$less@I@1@V?$allocator@U?$pair@$$CBIPAVCIOBuffer@Win32@OnlineGameLib@@@std@@@1@@Z 10004f90 f i common:IOBuffer.obj
 0001:00003fa0       ??Eiterator@?$_Tree@V?$_Tmap_traits@IPAVCIOBuffer@Win32@OnlineGameLib@@U?$less@I@std@@V?$allocator@U?$pair@$$CBIPAVCIOBuffer@Win32@OnlineGameLib@@@std@@@5@$0A@@std@@@std@@QAE?AV012@H@Z 10004fa0 f i common:IOBuffer.obj
 0001:00003fc0       ??_EAllocator@CIOBuffer@Win32@OnlineGameLib@@UAEPAXI@Z 10004fc0 f i common:IOBuffer.obj
 0001:00003fc0       ??_GAllocator@CIOBuffer@Win32@OnlineGameLib@@UAEPAXI@Z 10004fc0 f i common:IOBuffer.obj
 0001:00003fe0       ?_Init@?$_Tree@V?$_Tmap_traits@IPAVCIOBuffer@Win32@OnlineGameLib@@U?$less@I@std@@V?$allocator@U?$pair@$$CBIPAVCIOBuffer@Win32@OnlineGameLib@@@std@@@5@$0A@@std@@@std@@IAEXXZ 10004fe0 f i common:IOBuffer.obj
 0001:00004010       ??0?$_Tree_val@V?$_Tmap_traits@IPAVCIOBuffer@Win32@OnlineGameLib@@U?$less@I@std@@V?$allocator@U?$pair@$$CBIPAVCIOBuffer@Win32@OnlineGameLib@@@std@@@5@$0A@@std@@@std@@IAE@ABU?$less@I@1@V?$allocator@U?$pair@$$CBIPAVCIOBuffer@Win32@OnlineGameLib@@@std@@@1@@Z 10005010 f i common:IOBuffer.obj
 0001:00004020       ??1logic_error@std@@UAE@XZ 10005020 f i common:IOBuffer.obj
 0001:00004060       ?c_str@?$basic_string@DU?$char_traits@D@std@@V?$allocator@D@2@@std@@QBEPBDXZ 10005060 f i common:IOBuffer.obj
 0001:00004070       ?what@logic_error@std@@UBEPBDXZ 10005070 f i common:IOBuffer.obj
 0001:00004080       ??_Glogic_error@std@@UAEPAXI@Z 10005080 f i common:IOBuffer.obj
 0001:00004080       ??_Elogic_error@std@@UAEPAXI@Z 10005080 f i common:IOBuffer.obj
 0001:000040d0       ??0?$_Tree@V?$_Tmap_traits@IPAVCIOBuffer@Win32@OnlineGameLib@@U?$less@I@std@@V?$allocator@U?$pair@$$CBIPAVCIOBuffer@Win32@OnlineGameLib@@@std@@@5@$0A@@std@@@std@@QAE@ABU?$less@I@1@ABV?$allocator@U?$pair@$$CBIPAVCIOBuffer@Win32@OnlineGameLib@@@std@@@1@@Z 100050d0 f i common:IOBuffer.obj
 0001:00004100       ??0logic_error@std@@QAE@ABV?$basic_string@DU?$char_traits@D@std@@V?$allocator@D@2@@1@@Z 10005100 f i common:IOBuffer.obj
 0001:00004170       ??0length_error@std@@QAE@ABV?$basic_string@DU?$char_traits@D@std@@V?$allocator@D@2@@1@@Z 10005170 f i common:IOBuffer.obj
 0001:00004190       ??1length_error@std@@UAE@XZ 10005190 f i common:IOBuffer.obj
 0001:000041d0       ??_Elength_error@std@@UAEPAXI@Z 100051d0 f i common:IOBuffer.obj
 0001:000041d0       ??_Glength_error@std@@UAEPAXI@Z 100051d0 f i common:IOBuffer.obj
 0001:00004220       ??0out_of_range@std@@QAE@ABV?$basic_string@DU?$char_traits@D@std@@V?$allocator@D@2@@1@@Z 10005220 f i common:IOBuffer.obj
 0001:00004240       ??1out_of_range@std@@UAE@XZ 10005240 f i common:IOBuffer.obj
 0001:00004280       ??_Gout_of_range@std@@UAEPAXI@Z 10005280 f i common:IOBuffer.obj
 0001:00004280       ??_Eout_of_range@std@@UAEPAXI@Z 10005280 f i common:IOBuffer.obj
 0001:000042d0       ?erase@?$_Tree@V?$_Tmap_traits@IPAVCIOBuffer@Win32@OnlineGameLib@@U?$less@I@std@@V?$allocator@U?$pair@$$CBIPAVCIOBuffer@Win32@OnlineGameLib@@@std@@@5@$0A@@std@@@std@@QAE?AViterator@12@V312@@Z 100052d0 f i common:IOBuffer.obj
 0001:00004590       ??0logic_error@std@@QAE@ABV01@@Z 10005590 f i common:IOBuffer.obj
 0001:00004610       ?_Insert@?$_Tree@V?$_Tmap_traits@IPAVCIOBuffer@Win32@OnlineGameLib@@U?$less@I@std@@V?$allocator@U?$pair@$$CBIPAVCIOBuffer@Win32@OnlineGameLib@@@std@@@5@$0A@@std@@@std@@IAE?AViterator@12@_NPAU_Node@?$_Tree_nod@V?$_Tmap_traits@IPAVCIOBuffer@Win32@OnlineGameLib@@U?$less@I@std@@V?$allocator@U?$pair@$$CBIPAVCIOBuffer@Win32@OnlineGameLib@@@std@@@5@$0A@@std@@@2@ABU?$pair@$$CBIPAVCIOBuffer@Win32@OnlineGameLib@@@2@@Z 10005610 f i common:IOBuffer.obj
 0001:00004810       ??0length_error@std@@QAE@ABV01@@Z 10005810 f i common:IOBuffer.obj
 0001:00004830       ?erase@?$_Tree@V?$_Tmap_traits@IPAVCIOBuffer@Win32@OnlineGameLib@@U?$less@I@std@@V?$allocator@U?$pair@$$CBIPAVCIOBuffer@Win32@OnlineGameLib@@@std@@@5@$0A@@std@@@std@@QAE?AViterator@12@V312@0@Z 10005830 f i common:IOBuffer.obj
 0001:00004900       ??0out_of_range@std@@QAE@ABV01@@Z 10005900 f i common:IOBuffer.obj
 0001:00004920       ?AddData@CIOBuffer@Win32@OnlineGameLib@@QAEXQBDI@Z 10005920 f   common:IOBuffer.obj
 0001:00004a10       ?AddData@CIOBuffer@Win32@OnlineGameLib@@QAEXQBEI@Z 10005a10 f   common:IOBuffer.obj
 0001:00004a20       ?AddData@CIOBuffer@Win32@OnlineGameLib@@QAEXE@Z 10005a20 f   common:IOBuffer.obj
 0001:00004a30       ?Allocate@Allocator@CIOBuffer@Win32@OnlineGameLib@@QAEPAV234@XZ 10005a30 f   common:IOBuffer.obj
 0001:00004b90       ?Release@Allocator@CIOBuffer@Win32@OnlineGameLib@@AAEXPAV234@@Z 10005b90 f   common:IOBuffer.obj
 0001:00004cb0       ?ProcessAndGetNext@InOrderBufferList@CIOBuffer@Win32@OnlineGameLib@@QAEPAV234@XZ 10005cb0 f   common:IOBuffer.obj
 0001:00004d60       ?GetNext@InOrderBufferList@CIOBuffer@Win32@OnlineGameLib@@QAEPAV234@XZ 10005d60 f   common:IOBuffer.obj
 0001:00004e10       ?insert@?$_Tree@V?$_Tmap_traits@IPAVCIOBuffer@Win32@OnlineGameLib@@U?$less@I@std@@V?$allocator@U?$pair@$$CBIPAVCIOBuffer@Win32@OnlineGameLib@@@std@@@5@$0A@@std@@@std@@QAE?AU?$pair@Viterator@?$_Tree@V?$_Tmap_traits@IPAVCIOBuffer@Win32@OnlineGameLib@@U?$less@I@std@@V?$allocator@U?$pair@$$CBIPAVCIOBuffer@Win32@OnlineGameLib@@@std@@@5@$0A@@std@@@std@@_N@2@ABU?$pair@$$CBIPAVCIOBuffer@Win32@OnlineGameLib@@@2@@Z 10005e10 f i common:IOBuffer.obj
 0001:00004ed0       ?_Tidy@?$_Tree@V?$_Tmap_traits@IPAVCIOBuffer@Win32@OnlineGameLib@@U?$less@I@std@@V?$allocator@U?$pair@$$CBIPAVCIOBuffer@Win32@OnlineGameLib@@@std@@@5@$0A@@std@@@std@@IAEXXZ 10005ed0 f i common:IOBuffer.obj
 0001:00004f10       ?SplitBuffer@CIOBuffer@Win32@OnlineGameLib@@QAEPAV123@I@Z 10005f10 f   common:IOBuffer.obj
 0001:00004f50       ?AllocateNewBuffer@CIOBuffer@Win32@OnlineGameLib@@QBEPAV123@XZ 10005f50 f   common:IOBuffer.obj
 0001:00004f60       ?Release@CIOBuffer@Win32@OnlineGameLib@@QAEXXZ 10005f60 f   common:IOBuffer.obj
 0001:00005040       ?AddBuffer@InOrderBufferList@CIOBuffer@Win32@OnlineGameLib@@QAEXPAV234@@Z 10006040 f   common:IOBuffer.obj
 0001:000050c0       ?GetNext@InOrderBufferList@CIOBuffer@Win32@OnlineGameLib@@QAEPAV234@PAV234@@Z 100060c0 f   common:IOBuffer.obj
 0001:000051a0       ??1?$_Tree@V?$_Tmap_traits@IPAVCIOBuffer@Win32@OnlineGameLib@@U?$less@I@std@@V?$allocator@U?$pair@$$CBIPAVCIOBuffer@Win32@OnlineGameLib@@@std@@@5@$0A@@std@@@std@@QAE@XZ 100061a0 f i common:IOBuffer.obj
 0001:000051e0       ??1?$map@IPAVCIOBuffer@Win32@OnlineGameLib@@U?$less@I@std@@V?$allocator@U?$pair@$$CBIPAVCIOBuffer@Win32@OnlineGameLib@@@std@@@5@@std@@QAE@XZ 100061e0 f i common:IOBuffer.obj
 0001:00005220       ??0?$map@IPAVCIOBuffer@Win32@OnlineGameLib@@U?$less@I@std@@V?$allocator@U?$pair@$$CBIPAVCIOBuffer@Win32@OnlineGameLib@@@std@@@5@@std@@QAE@XZ 10006220 f i common:IOBuffer.obj
 0001:00005250       ??0InOrderBufferList@CIOBuffer@Win32@OnlineGameLib@@QAE@AAVCCriticalSection@23@@Z 10006250 f   common:IOBuffer.obj
 0001:000052a0       ?assign@?$char_traits@D@std@@SAPADPADID@Z 100062a0 f i common:Utils.obj
 0001:000052c0       ?eq_int_type@?$char_traits@D@std@@SA_NABH0@Z 100062c0 f i common:Utils.obj
 0001:000052e0       ?eof@?$char_traits@D@std@@SAHXZ 100062e0 f i common:Utils.obj
 0001:000052f0       ?_Getctype@_Locinfo@std@@QBE?AU_Ctypevec@@XZ 100062f0 f i common:Utils.obj
 0001:00005320       ??0id@locale@std@@QAE@I@Z  10006320 f i common:Utils.obj
 0001:00005330       ??Bid@locale@std@@QAEIXZ   10006330 f i common:Utils.obj
 0001:00005370       ?_Incref@facet@locale@std@@QAEXXZ 10006370 f i common:Utils.obj
 0001:000053a0       ?_Decref@facet@locale@std@@QAEPAV123@XZ 100063a0 f i common:Utils.obj
 0001:000053e0       ?_Register@facet@locale@std@@QAEXXZ 100063e0 f i common:Utils.obj
 0001:000053f0       ??1facet@locale@std@@UAE@XZ 100063f0 f i common:Utils.obj
 0001:00005400       ??0facet@locale@std@@IAE@I@Z 10006400 f i common:Utils.obj
 0001:00005420       ??0locale@std@@QAE@XZ      10006420 f i common:Utils.obj
 0001:00005460       ??0locale@std@@QAE@ABV01@@Z 10006460 f i common:Utils.obj
 0001:000054a0       ??1locale@std@@QAE@XZ      100064a0 f i common:Utils.obj
 0001:000054f0       ?_Getfacet@locale@std@@QBEPBVfacet@12@I@Z 100064f0 f i common:Utils.obj
 0001:00005530       ??_Efacet@locale@std@@UAEPAXI@Z 10006530 f i common:Utils.obj
 0001:00005530       ??_Gfacet@locale@std@@UAEPAXI@Z 10006530 f i common:Utils.obj
 0001:00005550       ??0ctype_base@std@@QAE@I@Z 10006550 f i common:Utils.obj
 0001:00005570       ??1ctype_base@std@@UAE@XZ  10006570 f i common:Utils.obj
 0001:00005580       ??_Gctype_base@std@@UAEPAXI@Z 10006580 f i common:Utils.obj
 0001:00005580       ??_Ectype_base@std@@UAEPAXI@Z 10006580 f i common:Utils.obj
 0001:000055a0       ?widen@?$ctype@D@std@@QBEDD@Z 100065a0 f i common:Utils.obj
 0001:000055b0       ?_Init@?$ctype@D@std@@IAEXABV_Locinfo@2@@Z 100065b0 f i common:Utils.obj
 0001:000055f0       ?_Tidy@?$ctype@D@std@@IAEXXZ 100065f0 f i common:Utils.obj
 0001:00005620       ?rdstate@ios_base@std@@QBEHXZ 10006620 f i common:Utils.obj
 0001:00005630       ?getloc@ios_base@std@@QBE?AVlocale@2@XZ 10006630 f i common:Utils.obj
 0001:00005670       ??1ios_base@std@@UAE@XZ    10006670 f i common:Utils.obj
 0001:00005680       ??0ios_base@std@@IAE@XZ    10006680 f i common:Utils.obj
 0001:00005690       ??_Gios_base@std@@UAEPAXI@Z 10006690 f i common:Utils.obj
 0001:00005690       ??_Eios_base@std@@UAEPAXI@Z 10006690 f i common:Utils.obj
 0001:000056c0       ?_AtlGetConversionACP@ATL@@YGIXZ 100066c0 f i common:Utils.obj
 0001:000056d0       ?T2A@@YAPADPAD@Z           100066d0 f i common:Utils.obj
 0001:000056e0       ?Message@Win32@OnlineGameLib@@YAXQBD@Z 100066e0 f   common:Utils.obj
 0001:00005710       ?Output@Win32@OnlineGameLib@@YAXABV?$basic_string@DU?$char_traits@D@std@@V?$allocator@D@2@@std@@@Z 10006710 f   common:Utils.obj
 0001:00005720       ?Trace@Win32@OnlineGameLib@@YAXABV?$basic_string@DU?$char_traits@D@std@@V?$allocator@D@2@@std@@0@Z 10006720 f   common:Utils.obj
 0001:00005730       ?HexStringToDWORD@Win32@OnlineGameLib@@YAKPBD@Z 10006730 f   common:Utils.obj
 0001:000057a0       ?HashStr2ID@Win32@OnlineGameLib@@YAKQBD@Z 100067a0 f   common:Utils.obj
 0001:00005800       ?net_aton@Win32@OnlineGameLib@@YAKPBD@Z 10006800 f   common:Utils.obj
 0001:00005890       ?net_ntoa@Win32@OnlineGameLib@@YAPBDK@Z 10006890 f   common:Utils.obj
 0001:000058d0       ?GetLocalName@Win32@OnlineGameLib@@YA_NPADI@Z 100068d0 f   common:Utils.obj
 0001:000059d0       ?GetLocalAddress@Win32@OnlineGameLib@@YA_NPADIH@Z 100069d0 f   common:Utils.obj
 0001:00005b10       ?length@?$basic_string@DU?$char_traits@D@std@@V?$allocator@D@2@@std@@QBEIXZ 10006b10 f i common:Utils.obj
 0001:00005b20       ??1?$basic_ostream@DU?$char_traits@D@std@@@std@@UAE@XZ 10006b20 f i common:Utils.obj
 0001:00005b30       ??1?$basic_ios@DU?$char_traits@D@std@@@std@@UAE@XZ 10006b30 f i common:Utils.obj
 0001:00005b40       ??0?$basic_ios@DU?$char_traits@D@std@@@std@@IAE@XZ 10006b40 f i common:Utils.obj
 0001:00005b50       ??1?$basic_istream@DU?$char_traits@D@std@@@std@@UAE@XZ 10006b50 f i common:Utils.obj
 0001:00005b60       ?setg@?$basic_streambuf@DU?$char_traits@D@std@@@std@@IAEXPAD00@Z 10006b60 f i common:Utils.obj
 0001:00005b80       ?setp@?$basic_streambuf@DU?$char_traits@D@std@@@std@@IAEXPAD0@Z 10006b80 f i common:Utils.obj
 0001:00005ba0       ?_Init@?$basic_streambuf@DU?$char_traits@D@std@@@std@@IAEXXZ 10006ba0 f i common:Utils.obj
 0001:00005c00       ??1?$basic_iostream@DU?$char_traits@D@std@@@std@@UAE@XZ 10006c00 f i common:Utils.obj
 0001:00005c40       ??0?$auto_ptr@D@std@@QAE@PAD@Z 10006c40 f i common:Utils.obj
 0001:00005c50       ??1?$auto_ptr@D@std@@QAE@XZ 10006c50 f i common:Utils.obj
 0001:00005c60       ?get@?$auto_ptr@D@std@@QBEPADXZ 10006c60 f i common:Utils.obj
 0001:00005c70       ??0?$auto_ptr@E@std@@QAE@PAE@Z 10006c70 f i common:Utils.obj
 0001:00005c80       ??1?$auto_ptr@E@std@@QAE@XZ 10006c80 f i common:Utils.obj
 0001:00005c90       ?get@?$auto_ptr@E@std@@QBEPAEXZ 10006c90 f i common:Utils.obj
 0001:00005ca0       ??_G?$basic_ios@DU?$char_traits@D@std@@@std@@UAEPAXI@Z 10006ca0 f i common:Utils.obj
 0001:00005ca0       ??_E?$basic_ios@DU?$char_traits@D@std@@@std@@UAEPAXI@Z 10006ca0 f i common:Utils.obj
 0001:00005cd0       ??_Glocale@std@@QAEPAXI@Z  10006cd0 f i common:Utils.obj
 0001:00005d40       ??_D?$basic_ostream@DU?$char_traits@D@std@@@std@@QAEXXZ 10006d40 f i common:Utils.obj
 0001:00005d60       ??_D?$basic_istream@DU?$char_traits@D@std@@@std@@QAEXXZ 10006d60 f i common:Utils.obj
 0001:00005d80       ??_D?$basic_iostream@DU?$char_traits@D@std@@@std@@QAEXXZ 10006d80 f i common:Utils.obj
 0001:00005dd0       ??0?$basic_ostream@DU?$char_traits@D@std@@@std@@QAE@W4_Uninitialized@1@_N@Z 10006dd0 f i common:Utils.obj
 0001:00005e60       ?is_open@?$basic_filebuf@DU?$char_traits@D@std@@@std@@QBE_NXZ 10006e60 f i common:Utils.obj
 0001:00005e70       ?_Init@?$basic_streambuf@DU?$char_traits@D@std@@@std@@IAEXPAPAD0PAH001@Z 10006e70 f i common:Utils.obj
 0001:00005ea0       ??D?$_String_const_iterator@DU?$char_traits@D@std@@V?$allocator@D@2@@std@@QBEABDXZ 10006ea0 f i common:Utils.obj
 0001:00005ee0       ?unshift@?$codecvt@DDH@std@@QBEHAAHPAD1AAPAD@Z 10006ee0 f i common:Utils.obj
 0001:00005ef0       ??0?$_Ranit_base@DHPBDABDU_Iterator_base@std@@@std@@QAE@XZ 10006ef0 f i common:Utils.obj
 0001:00005f00       ??A?$basic_string@DU?$char_traits@D@std@@V?$allocator@D@2@@std@@QBEABDI@Z 10006f00 f i common:Utils.obj
 0001:00005f30       ??0?$basic_streambuf@DU?$char_traits@D@std@@@std@@IAE@XZ 10006f30 f i common:Utils.obj
 0001:00005fe0       ?to_char_type@?$char_traits@D@std@@SADABH@Z 10006fe0 f i common:Utils.obj
 0001:00005ff0       ?to_int_type@?$char_traits@D@std@@SAHABD@Z 10006ff0 f i common:Utils.obj
 0001:00006000       ?gptr@?$basic_streambuf@DU?$char_traits@D@std@@@std@@IBEPADXZ 10007000 f i common:Utils.obj
 0001:00006010       ?pptr@?$basic_streambuf@DU?$char_traits@D@std@@@std@@IBEPADXZ 10007010 f i common:Utils.obj
 0001:00006020       ?gbump@?$basic_streambuf@DU?$char_traits@D@std@@@std@@IAEXH@Z 10007020 f i common:Utils.obj
 0001:00006040       ?pbump@?$basic_streambuf@DU?$char_traits@D@std@@@std@@IAEXH@Z 10007040 f i common:Utils.obj
 0001:00006060       ?overflow@?$basic_streambuf@DU?$char_traits@D@std@@@std@@MAEHH@Z 10007060 f i common:Utils.obj
 0001:00006070       ?pbackfail@?$basic_streambuf@DU?$char_traits@D@std@@@std@@MAEHH@Z 10007070 f i common:Utils.obj
 0001:00006080       ?showmanyc@?$basic_streambuf@DU?$char_traits@D@std@@@std@@MAEHXZ 10007080 f i common:Utils.obj
 0001:00006090       ?underflow@?$basic_streambuf@DU?$char_traits@D@std@@@std@@MAEHXZ 10007090 f i common:Utils.obj
 0001:000060a0       ?xsgetn@?$basic_streambuf@DU?$char_traits@D@std@@@std@@MAEHPADH@Z 100070a0 f i common:Utils.obj
 0001:000060c0       ?setbuf@?$basic_streambuf@DU?$char_traits@D@std@@@std@@MAEPAV12@PADH@Z 100070c0 f i common:Utils.obj
 0001:000060d0       ?sync@?$basic_streambuf@DU?$char_traits@D@std@@@std@@MAEHXZ 100070d0 f i common:Utils.obj
 0001:000060e0       ?imbue@?$basic_streambuf@DU?$char_traits@D@std@@@std@@MAEXABVlocale@2@@Z 100070e0 f i common:Utils.obj
 0001:000060f0       ??0?$fpos@H@std@@QAE@J@Z   100070f0 f i common:Utils.obj
 0001:00006110       ?_Gninc@?$basic_streambuf@DU?$char_traits@D@std@@@std@@IAEPADXZ 10007110 f i common:Utils.obj
 0001:00006130       ?_Gnavail@?$basic_streambuf@DU?$char_traits@D@std@@@std@@IBEHXZ 10007130 f i common:Utils.obj
 0001:00006150       ?_Pnavail@?$basic_streambuf@DU?$char_traits@D@std@@@std@@IBEHXZ 10007150 f i common:Utils.obj
 0001:00006170       ??1?$basic_streambuf@DU?$char_traits@D@std@@@std@@UAE@XZ 10007170 f i common:Utils.obj
 0001:000061f0       ?uflow@?$basic_streambuf@DU?$char_traits@D@std@@@std@@MAEHXZ 100071f0 f i common:Utils.obj
 0001:00006220       ?seekoff@?$basic_streambuf@DU?$char_traits@D@std@@@std@@MAE?AV?$fpos@H@2@JHH@Z 10007220 f i common:Utils.obj
 0001:00006240       ?seekpos@?$basic_streambuf@DU?$char_traits@D@std@@@std@@MAE?AV?$fpos@H@2@V32@H@Z 10007240 f i common:Utils.obj
 0001:00006260       ?is_open@?$basic_fstream@DU?$char_traits@D@std@@@std@@QBE_NXZ 10007260 f i common:Utils.obj
 0001:00006270       ??_E?$basic_ostream@DU?$char_traits@D@std@@@std@@UAEPAXI@Z 10007270 f i common:Utils.obj
 0001:00006270       ??_G?$basic_ostream@DU?$char_traits@D@std@@@std@@UAEPAXI@Z 10007270 f i common:Utils.obj
 0001:000062b0       ??_E?$basic_istream@DU?$char_traits@D@std@@@std@@UAEPAXI@Z 100072b0 f i common:Utils.obj
 0001:000062b0       ??_G?$basic_istream@DU?$char_traits@D@std@@@std@@UAEPAXI@Z 100072b0 f i common:Utils.obj
 0001:000062f0       ??_E?$basic_streambuf@DU?$char_traits@D@std@@@std@@UAEPAXI@Z 100072f0 f i common:Utils.obj
 0001:000062f0       ??_G?$basic_streambuf@DU?$char_traits@D@std@@@std@@UAEPAXI@Z 100072f0 f i common:Utils.obj
 0001:00006310       ??_E?$basic_iostream@DU?$char_traits@D@std@@@std@@UAEPAXI@Z 10007310 f i common:Utils.obj
 0001:00006310       ??_G?$basic_iostream@DU?$char_traits@D@std@@@std@@UAEPAXI@Z 10007310 f i common:Utils.obj
 0001:00006380       ?_Init@?$basic_filebuf@DU?$char_traits@D@std@@@std@@IAEXPAU_iobuf@@W4_Initfl@12@@Z 10007380 f i common:Utils.obj
 0001:000063d0       ??D?$_String_iterator@DU?$char_traits@D@std@@V?$allocator@D@2@@std@@QBEAADXZ 100073d0 f i common:Utils.obj
 0001:00006410       ?_Chassign@?$basic_string@DU?$char_traits@D@std@@V?$allocator@D@2@@std@@IAEXIID@Z 10007410 f i common:Utils.obj
 0001:00006470       ??0?$_String_const_iterator@DU?$char_traits@D@std@@V?$allocator@D@2@@std@@QAE@PBDPBU_Container_base@1@@Z 10007470 f i common:Utils.obj
 0001:000064d0       ?_Xsgetn_s@?$basic_streambuf@DU?$char_traits@D@std@@@std@@MAEHPADIH@Z 100074d0 f i common:Utils.obj
 0001:00006570       ?xsputn@?$basic_streambuf@DU?$char_traits@D@std@@@std@@MAEHPBDH@Z 10007570 f i common:Utils.obj
 0001:00006610       ??0?$basic_filebuf@DU?$char_traits@D@std@@@std@@QAE@PAU_iobuf@@@Z 10007610 f i common:Utils.obj
 0001:00006670       ?not_eof@?$char_traits@D@std@@SAHABH@Z 10007670 f i common:Utils.obj
 0001:00006690       ??0codecvt_base@std@@QAE@I@Z 10007690 f i common:Utils.obj
 0001:000066b0       ?always_noconv@codecvt_base@std@@QBE_NXZ 100076b0 f i common:Utils.obj
 0001:000066c0       ??1codecvt_base@std@@UAE@XZ 100076c0 f i common:Utils.obj
 0001:000066d0       ?do_always_noconv@codecvt_base@std@@MBE_NXZ 100076d0 f i common:Utils.obj
 0001:000066e0       ?do_max_length@codecvt_base@std@@MBEHXZ 100076e0 f i common:Utils.obj
 0001:000066f0       ?do_encoding@codecvt_base@std@@MBEHXZ 100076f0 f i common:Utils.obj
 0001:00006700       ??_Ecodecvt_base@std@@UAEPAXI@Z 10007700 f i common:Utils.obj
 0001:00006700       ??_Gcodecvt_base@std@@UAEPAXI@Z 10007700 f i common:Utils.obj
 0001:00006720       ??$_Fgetc@D@std@@YA_NAADPAU_iobuf@@@Z 10007720 f i common:Utils.obj
 0001:00006740       ??$_Fputc@D@std@@YA_NDPAU_iobuf@@@Z 10007740 f i common:Utils.obj
 0001:00006760       ??$_Ungetc@D@std@@YA_NABDPAU_iobuf@@@Z 10007760 f i common:Utils.obj
 0001:00006780       ?eback@?$basic_streambuf@DU?$char_traits@D@std@@@std@@IBEPADXZ 10007780 f i common:Utils.obj
 0001:00006790       ?egptr@?$basic_streambuf@DU?$char_traits@D@std@@@std@@IBEPADXZ 10007790 f i common:Utils.obj
 0001:000067a0       ?epptr@?$basic_streambuf@DU?$char_traits@D@std@@@std@@IBEPADXZ 100077a0 f i common:Utils.obj
 0001:000067b0       ?_Pninc@?$basic_streambuf@DU?$char_traits@D@std@@@std@@IAEPADXZ 100077b0 f i common:Utils.obj
 0001:000067d0       ??B?$fpos@H@std@@QBEJXZ    100077d0 f i common:Utils.obj
 0001:000067e0       ?underflow@?$basic_filebuf@DU?$char_traits@D@std@@@std@@MAEHXZ 100077e0 f i common:Utils.obj
 0001:00006830       ?sync@?$basic_filebuf@DU?$char_traits@D@std@@@std@@MAEHXZ 10007830 f i common:Utils.obj
 0001:00006860       ?_Gndec@?$basic_streambuf@DU?$char_traits@D@std@@@std@@IAEPADXZ 10007860 f i common:Utils.obj
 0001:00006880       ??0?$fpos@H@std@@QAE@H_J@Z 10007880 f i common:Utils.obj
 0001:000068a0       ?state@?$fpos@H@std@@QBEHXZ 100078a0 f i common:Utils.obj
 0001:000068b0       ?seekpos@?$fpos@H@std@@QBE_JXZ 100078b0 f i common:Utils.obj
 0001:000068c0       ?_Initcvt@?$basic_filebuf@DU?$char_traits@D@std@@@std@@IAEXPAV?$codecvt@DDH@2@@Z 100078c0 f i common:Utils.obj
 0001:000068f0       ?in@?$codecvt@DDH@std@@QBEHAAHPBD1AAPBDPAD3AAPAD@Z 100078f0 f i common:Utils.obj
 0001:00006900       ?out@?$codecvt@DDH@std@@QBEHAAHPBD1AAPBDPAD3AAPAD@Z 10007900 f i common:Utils.obj
 0001:00006910       ?_Init@?$codecvt@DDH@std@@IAEXABV_Locinfo@2@@Z 10007910 f i common:Utils.obj
 0001:00006920       ?pbackfail@?$basic_filebuf@DU?$char_traits@D@std@@@std@@MAEHH@Z 10007920 f i common:Utils.obj
 0001:00006990       ?setbuf@?$basic_filebuf@DU?$char_traits@D@std@@@std@@MAEPAV?$basic_streambuf@DU?$char_traits@D@std@@@2@PADH@Z 10007990 f i common:Utils.obj
 0001:00006a10       ??0?$_String_iterator@DU?$char_traits@D@std@@V?$allocator@D@2@@std@@QAE@PADPBU_Container_base@1@@Z 10007a10 f i common:Utils.obj
 0001:00006a30       ?begin@?$basic_string@DU?$char_traits@D@std@@V?$allocator@D@2@@std@@QAE?AV?$_String_iterator@DU?$char_traits@D@std@@V?$allocator@D@2@@2@XZ 10007a30 f i common:Utils.obj
 0001:00006a70       ??1runtime_error@std@@UAE@XZ 10007a70 f i common:Utils.obj
 0001:00006ab0       ?what@runtime_error@std@@UBEPBDXZ 10007ab0 f i common:Utils.obj
 0001:00006ac0       ??_Gruntime_error@std@@UAEPAXI@Z 10007ac0 f i common:Utils.obj
 0001:00006ac0       ??_Eruntime_error@std@@UAEPAXI@Z 10007ac0 f i common:Utils.obj
 0001:00006b10       ??1_Locinfo@std@@QAE@XZ    10007b10 f i common:Utils.obj
 0001:00006bf0       ?append@?$basic_string@DU?$char_traits@D@std@@V?$allocator@D@2@@std@@QAEAAV12@ID@Z 10007bf0 f i common:Utils.obj
 0001:00006ca0       ?assign@?$basic_string@DU?$char_traits@D@std@@V?$allocator@D@2@@std@@QAEAAV12@ID@Z 10007ca0 f i common:Utils.obj
 0001:00006d30       ??Y?$basic_string@DU?$char_traits@D@std@@V?$allocator@D@2@@std@@QAEAAV01@D@Z 10007d30 f i common:Utils.obj
 0001:00006d40       ?uflow@?$basic_filebuf@DU?$char_traits@D@std@@@std@@MAEHXZ 10007d40 f i common:Utils.obj
 0001:000070a0       ??0?$basic_string@DU?$char_traits@D@std@@V?$allocator@D@2@@std@@QAE@ABV01@II@Z 100080a0 f i common:Utils.obj
 0001:000070d0       ??0?$basic_string@DU?$char_traits@D@std@@V?$allocator@D@2@@std@@QAE@ID@Z 100080d0 f i common:Utils.obj
 0001:00007100       ?_Endwrite@?$basic_filebuf@DU?$char_traits@D@std@@@std@@IAE_NXZ 10008100 f i common:Utils.obj
 0001:00007420       ??0runtime_error@std@@QAE@ABV?$basic_string@DU?$char_traits@D@std@@V?$allocator@D@2@@1@@Z 10008420 f i common:Utils.obj
 0001:00007490       ??0failure@ios_base@std@@QAE@ABV?$basic_string@DU?$char_traits@D@std@@V?$allocator@D@2@@2@@Z 10008490 f i common:Utils.obj
 0001:000074b0       ??1failure@ios_base@std@@UAE@XZ 100084b0 f i common:Utils.obj
 0001:000074f0       ??_Gfailure@ios_base@std@@UAEPAXI@Z 100084f0 f i common:Utils.obj
 0001:000074f0       ??_Efailure@ios_base@std@@UAEPAXI@Z 100084f0 f i common:Utils.obj
 0001:00007540       ?HexToString@Win32@OnlineGameLib@@YA?AV?$basic_string@DU?$char_traits@D@std@@V?$allocator@D@2@@std@@PBEI@Z 10008540 f   common:Utils.obj
 0001:00007600       ??4?$basic_string@DU?$char_traits@D@std@@V?$allocator@D@2@@std@@QAEAAV01@PBD@Z 10008600 f i common:Utils.obj
 0001:00007630       ?substr@?$basic_string@DU?$char_traits@D@std@@V?$allocator@D@2@@std@@QBE?AV12@II@Z 10008630 f i common:Utils.obj
 0001:00007670       ?overflow@?$basic_filebuf@DU?$char_traits@D@std@@@std@@MAEHH@Z 10008670 f i common:Utils.obj
 0001:00007a40       ?seekoff@?$basic_filebuf@DU?$char_traits@D@std@@@std@@MAE?AV?$fpos@H@2@JHH@Z 10008a40 f i common:Utils.obj
 0001:00007b20       ?seekpos@?$basic_filebuf@DU?$char_traits@D@std@@@std@@MAE?AV?$fpos@H@2@V32@H@Z 10008b20 f i common:Utils.obj
 0001:00007c10       ?close@?$basic_filebuf@DU?$char_traits@D@std@@@std@@QAEPAV12@XZ 10008c10 f i common:Utils.obj
 0001:00007c60       ??0_Locinfo@std@@QAE@PBD@Z 10008c60 f i common:Utils.obj
 0001:00007d30       ??0runtime_error@std@@QAE@ABV01@@Z 10008d30 f i common:Utils.obj
 0001:00007db0       ??0?$ctype@D@std@@QAE@PBF_NI@Z 10008db0 f i common:Utils.obj
 0001:00007eb0       ?do_tolower@?$ctype@D@std@@MBEDD@Z 10008eb0 f i common:Utils.obj
 0001:00007ed0       ?do_tolower@?$ctype@D@std@@MBEPBDPADPBD@Z 10008ed0 f i common:Utils.obj
 0001:00007f00       ?do_toupper@?$ctype@D@std@@MBEDD@Z 10008f00 f i common:Utils.obj
 0001:00007f20       ?do_toupper@?$ctype@D@std@@MBEPBDPADPBD@Z 10008f20 f i common:Utils.obj
 0001:00007f50       ?do_widen@?$ctype@D@std@@MBEDD@Z 10008f50 f i common:Utils.obj
 0001:00007f60       ?do_widen@?$ctype@D@std@@MBEPBDPBD0PAD@Z 10008f60 f i common:Utils.obj
 0001:00007f90       ?_Do_widen_s@?$ctype@D@std@@MBEPBDPBD0PADI@Z 10008f90 f i common:Utils.obj
 0001:00007fd0       ?do_narrow@?$ctype@D@std@@MBEDDD@Z 10008fd0 f i common:Utils.obj
 0001:00007fe0       ?do_narrow@?$ctype@D@std@@MBEPBDPBD0DPAD@Z 10008fe0 f i common:Utils.obj
 0001:00008010       ?_Do_narrow_s@?$ctype@D@std@@MBEPBDPBD0DPADI@Z 10009010 f i common:Utils.obj
 0001:00008050       ??1?$ctype@D@std@@MAE@XZ   10009050 f i common:Utils.obj
 0001:00008090       ??_G?$ctype@D@std@@MAEPAXI@Z 10009090 f i common:Utils.obj
 0001:00008090       ??_E?$ctype@D@std@@MAEPAXI@Z 10009090 f i common:Utils.obj
 0001:000080e0       ?_Getcat@?$ctype@D@std@@SAIPAPBVfacet@locale@2@@Z 100090e0 f i common:Utils.obj
 0001:00008160       ?clear@ios_base@std@@QAEXH_N@Z 10009160 f i common:Utils.obj
 0001:00008290       ??0failure@ios_base@std@@QAE@ABV012@@Z 10009290 f i common:Utils.obj
 0001:000082b0       ?clear@ios_base@std@@QAEXH@Z 100092b0 f i common:Utils.obj
 0001:000082c0       ?_Init@ios_base@std@@IAEXXZ 100092c0 f i common:Utils.obj
 0001:00008340       ?GetLastErrorMessage@Win32@OnlineGameLib@@YA?AV?$basic_string@DU?$char_traits@D@std@@V?$allocator@D@2@@std@@K@Z 10009340 f   common:Utils.obj
 0001:00008400       ?StringToHex@Win32@OnlineGameLib@@YAXABV?$basic_string@DU?$char_traits@D@std@@V?$allocator@D@2@@std@@PAEI@Z 10009400 f   common:Utils.obj
 0001:00008540       ?GetCurrentDirectoryA@Win32@OnlineGameLib@@YA?AV?$basic_string@DU?$char_traits@D@std@@V?$allocator@D@2@@std@@XZ 10009540 f   common:Utils.obj
 0001:00008660       ?GetAppFullPath@Win32@OnlineGameLib@@YA?AV?$basic_string@DU?$char_traits@D@std@@V?$allocator@D@2@@std@@PAUHINSTANCE__@@@Z 10009660 f   common:Utils.obj
 0001:00008770       ?GetDateStamp@Win32@OnlineGameLib@@YA?AV?$basic_string@DU?$char_traits@D@std@@V?$allocator@D@2@@std@@XZ 10009770 f   common:Utils.obj
 0001:00008800       ?GetTimeStamp@Win32@OnlineGameLib@@YA?AV?$basic_string@DU?$char_traits@D@std@@V?$allocator@D@2@@std@@XZ 10009800 f   common:Utils.obj
 0001:00008880       ?ToHex@Win32@OnlineGameLib@@YA?AV?$basic_string@DU?$char_traits@D@std@@V?$allocator@D@2@@std@@E@Z 10009880 f   common:Utils.obj
 0001:000088e0       ?DumpData@Win32@OnlineGameLib@@YA?AV?$basic_string@DU?$char_traits@D@std@@V?$allocator@D@2@@std@@QBEII@Z 100098e0 f   common:Utils.obj
 0001:00008c40       ?GetComputerNameA@Win32@OnlineGameLib@@YA?AV?$basic_string@DU?$char_traits@D@std@@V?$allocator@D@2@@std@@XZ 10009c40 f   common:Utils.obj
 0001:00008d60       ?GetModuleFileNameA@Win32@OnlineGameLib@@YA?AV?$basic_string@DU?$char_traits@D@std@@V?$allocator@D@2@@std@@PAUHINSTANCE__@@@Z 10009d60 f   common:Utils.obj
 0001:00008e90       ?GetUserNameA@Win32@OnlineGameLib@@YA?AV?$basic_string@DU?$char_traits@D@std@@V?$allocator@D@2@@std@@XZ 10009e90 f   common:Utils.obj
 0001:00008fc0       ?StripLeading@Win32@OnlineGameLib@@YA?AV?$basic_string@DU?$char_traits@D@std@@V?$allocator@D@2@@std@@ABV34@D@Z 10009fc0 f   common:Utils.obj
 0001:00009030       ?StripTrailing@Win32@OnlineGameLib@@YA?AV?$basic_string@DU?$char_traits@D@std@@V?$allocator@D@2@@std@@ABV34@D@Z 1000a030 f   common:Utils.obj
 0001:00009090       ?GetFileVersion@Win32@OnlineGameLib@@YA?AV?$basic_string@DU?$char_traits@D@std@@V?$allocator@D@2@@std@@XZ 1000a090 f   common:Utils.obj
 0001:000092c0       ??1?$basic_filebuf@DU?$char_traits@D@std@@@std@@UAE@XZ 1000a2c0 f i common:Utils.obj
 0001:00009330       ??_G?$basic_filebuf@DU?$char_traits@D@std@@@std@@UAEPAXI@Z 1000a330 f i common:Utils.obj
 0001:00009330       ??_E?$basic_filebuf@DU?$char_traits@D@std@@@std@@UAEPAXI@Z 1000a330 f i common:Utils.obj
 0001:00009350       ?clear@?$basic_ios@DU?$char_traits@D@std@@@std@@QAEXH_N@Z 1000a350 f i common:Utils.obj
 0001:00009370       ??$use_facet@V?$ctype@D@std@@@std@@YAABV?$ctype@D@0@ABVlocale@0@@Z 1000a370 f i common:Utils.obj
 0001:000094a0       ??0?$codecvt@DDH@std@@QAE@I@Z 1000a4a0 f i common:Utils.obj
 0001:00009530       ??1?$codecvt@DDH@std@@MAE@XZ 1000a530 f i common:Utils.obj
 0001:00009540       ?do_in@?$codecvt@DDH@std@@MBEHAAHPBD1AAPBDPAD3AAPAD@Z 1000a540 f i common:Utils.obj
 0001:00009560       ?do_out@?$codecvt@DDH@std@@MBEHAAHPBD1AAPBDPAD3AAPAD@Z 1000a560 f i common:Utils.obj
 0001:00009580       ?do_unshift@?$codecvt@DDH@std@@MBEHAAHPAD1AAPAD@Z 1000a580 f i common:Utils.obj
 0001:000095a0       ?do_length@?$codecvt@DDH@std@@MBEHABHPBD1I@Z 1000a5a0 f i common:Utils.obj
 0001:000095c0       ??_G?$codecvt@DDH@std@@MAEPAXI@Z 1000a5c0 f i common:Utils.obj
 0001:000095c0       ??_E?$codecvt@DDH@std@@MAEPAXI@Z 1000a5c0 f i common:Utils.obj
 0001:000095e0       ?setstate@?$basic_ios@DU?$char_traits@D@std@@@std@@QAEXH_N@Z 1000a5e0 f i common:Utils.obj
 0001:00009610       ??1?$basic_fstream@DU?$char_traits@D@std@@@std@@UAE@XZ 1000a610 f i common:Utils.obj
 0001:000096a0       ?close@?$basic_fstream@DU?$char_traits@D@std@@@std@@QAEXXZ 1000a6a0 f i common:Utils.obj
 0001:000096d0       ?widen@?$basic_ios@DU?$char_traits@D@std@@@std@@QBEDD@Z 1000a6d0 f i common:Utils.obj
 0001:00009790       ?_Getcat@?$codecvt@DDH@std@@SAIPAPBVfacet@locale@2@@Z 1000a790 f i common:Utils.obj
 0001:00009800       ??_D?$basic_fstream@DU?$char_traits@D@std@@@std@@QAEXXZ 1000a800 f i common:Utils.obj
 0001:00009820       ?SetLogFileName@Win32@OnlineGameLib@@YAXABV?$basic_string@DU?$char_traits@D@std@@V?$allocator@D@2@@std@@@Z 1000a820 f   common:Utils.obj
 0001:000098a0       ??_G?$basic_fstream@DU?$char_traits@D@std@@@std@@UAEPAXI@Z 1000a8a0 f i common:Utils.obj
 0001:000098a0       ??_E?$basic_fstream@DU?$char_traits@D@std@@@std@@UAEPAXI@Z 1000a8a0 f i common:Utils.obj
 0001:000098e0       ?init@?$basic_ios@DU?$char_traits@D@std@@@std@@IAEXPAV?$basic_streambuf@DU?$char_traits@D@std@@@2@_N@Z 1000a8e0 f i common:Utils.obj
 0001:00009940       ??$use_facet@V?$codecvt@DDH@std@@@std@@YAABV?$codecvt@DDH@0@ABVlocale@0@@Z 1000a940 f i common:Utils.obj
 0001:00009a70       ??0?$basic_istream@DU?$char_traits@D@std@@@std@@QAE@PAV?$basic_streambuf@DU?$char_traits@D@std@@@1@_N@Z 1000aa70 f i common:Utils.obj
 0001:00009b00       ??0?$basic_iostream@DU?$char_traits@D@std@@@std@@QAE@PAV?$basic_streambuf@DU?$char_traits@D@std@@@1@@Z 1000ab00 f i common:Utils.obj
 0001:00009be0       ??0?$basic_fstream@DU?$char_traits@D@std@@@std@@QAE@XZ 1000abe0 f i common:Utils.obj
 0001:00009ca0       ?imbue@?$basic_filebuf@DU?$char_traits@D@std@@@std@@MAEXABVlocale@2@@Z 1000aca0 f i common:Utils.obj
 0001:00009ce0       ??0CThread@Win32@OnlineGameLib@@QAE@XZ 1000ace0 f   common:Thread.obj
 0001:00009cf0       ??1CThread@Win32@OnlineGameLib@@UAE@XZ 1000acf0 f   common:Thread.obj
 0001:00009d10       ?GetHandle@CThread@Win32@OnlineGameLib@@QBEPAXXZ 1000ad10 f   common:Thread.obj
 0001:00009d20       ?ThreadFunction@CThread@Win32@OnlineGameLib@@CGIPAX@Z 1000ad20 f   common:Thread.obj
 0001:00009da0       ?Terminate@CThread@Win32@OnlineGameLib@@QAEXK@Z 1000ada0 f   common:Thread.obj
 0001:00009dd0       ??_GCThread@Win32@OnlineGameLib@@UAEPAXI@Z 1000add0 f i common:Thread.obj
 0001:00009dd0       ??_ECThread@Win32@OnlineGameLib@@UAEPAXI@Z 1000add0 f i common:Thread.obj
 0001:00009df0       ?Start@CThread@Win32@OnlineGameLib@@QAEXXZ 1000adf0 f   common:Thread.obj
 0001:00009f30       ?Wait@CThread@Win32@OnlineGameLib@@QBE_NK@Z 1000af30 f   common:Thread.obj
 0001:00009fe0       ?Wait@CThread@Win32@OnlineGameLib@@QBEXXZ 1000afe0 f   common:Thread.obj
 0001:0000a0a0       ??1CEvent@Win32@OnlineGameLib@@UAE@XZ 1000b0a0 f   common:Event.obj
 0001:0000a0c0       ??_GCEvent@Win32@OnlineGameLib@@UAEPAXI@Z 1000b0c0 f i common:Event.obj
 0001:0000a0c0       ??_ECEvent@Win32@OnlineGameLib@@UAEPAXI@Z 1000b0c0 f i common:Event.obj
 0001:0000a180       ??0CEvent@Win32@OnlineGameLib@@QAE@PAU_SECURITY_ATTRIBUTES@@_N1@Z 1000b180 f   common:Event.obj
 0001:0000a1b0       ??0CEvent@Win32@OnlineGameLib@@QAE@PAU_SECURITY_ATTRIBUTES@@_N1PBD@Z 1000b1b0 f   common:Event.obj
 0001:0000a1e0       ?Wait@CEvent@Win32@OnlineGameLib@@QBE_NK@Z 1000b1e0 f   common:Event.obj
 0001:0000a2a0       ?Reset@CEvent@Win32@OnlineGameLib@@QAEXXZ 1000b2a0 f   common:Event.obj
 0001:0000a330       ?Set@CEvent@Win32@OnlineGameLib@@QAEXXZ 1000b330 f   common:Event.obj
 0001:0000a3c0       ?Pulse@CEvent@Win32@OnlineGameLib@@QAEXXZ 1000b3c0 f   common:Event.obj
 0001:0000a450       ?Wait@CEvent@Win32@OnlineGameLib@@QBEXXZ 1000b450 f   common:Event.obj
 0001:0000a510       ??0CEventSelect@Win32@OnlineGameLib@@QAE@XZ 1000b510 f   common:EventSelect.obj
 0001:0000a540       ??1CEventSelect@Win32@OnlineGameLib@@QAE@XZ 1000b540 f   common:EventSelect.obj
 0001:0000a560       ?DissociateEvent@CEventSelect@Win32@OnlineGameLib@@QAEXXZ 1000b560 f   common:EventSelect.obj
 0001:0000a580       ?AssociateEvent@CEventSelect@Win32@OnlineGameLib@@QAEXIJ@Z 1000b580 f   common:EventSelect.obj
 0001:0000a6a0       ??1CUsesWinsock@Win32@OnlineGameLib@@QAE@XZ 1000b6a0 f   common:UsesWinsock.obj
 0001:0000a6b0       ??0CUsesWinsock@Win32@OnlineGameLib@@QAE@XZ 1000b6b0 f   common:UsesWinsock.obj
 0001:0000a750       ??0CManualResetEvent@Win32@OnlineGameLib@@QAE@_N@Z 1000b750 f   common:ManualResetEvent.obj
 0001:0000a770       ??0CManualResetEvent@Win32@OnlineGameLib@@QAE@PBD_N@Z 1000b770 f   common:ManualResetEvent.obj
 0001:0000a7a0       ??_GCManualResetEvent@Win32@OnlineGameLib@@UAEPAXI@Z 1000b7a0 f i common:ManualResetEvent.obj
 0001:0000a7a0       ??_ECManualResetEvent@Win32@OnlineGameLib@@UAEPAXI@Z 1000b7a0 f i common:ManualResetEvent.obj
 0001:0000a7c0       ??0CSocket@Win32@OnlineGameLib@@QAE@XZ 1000b7c0 f   common:Socket.obj
 0001:0000a7d0       ?Detatch@CSocket@Win32@OnlineGameLib@@QAEIXZ 1000b7d0 f   common:Socket.obj
 0001:0000a7e0       ??0InternetAddress@CSocket@Win32@OnlineGameLib@@QAE@KG@Z 1000b7e0 f   common:Socket.obj
 0001:0000a810       ??0InternetAddress@CSocket@Win32@OnlineGameLib@@QAE@ABV?$basic_string@DU?$char_traits@D@std@@V?$allocator@D@2@@std@@G@Z 1000b810 f   common:Socket.obj
 0001:0000a860       ??0Exception@CSocket@Win32@OnlineGameLib@@AAE@ABV?$basic_string@DU?$char_traits@D@std@@V?$allocator@D@2@@std@@K@Z 1000b860 f   common:Socket.obj
 0001:0000a880       ??1Exception@CSocket@Win32@OnlineGameLib@@UAE@XZ 1000b880 f i common:Socket.obj
 0001:0000a890       ??_EException@CSocket@Win32@OnlineGameLib@@UAEPAXI@Z 1000b890 f i common:Socket.obj
 0001:0000a890       ??_GException@CSocket@Win32@OnlineGameLib@@UAEPAXI@Z 1000b890 f i common:Socket.obj
 0001:0000a8b0       ??0CSocket@Win32@OnlineGameLib@@QAE@I@Z 1000b8b0 f   common:Socket.obj
 0001:0000a950       ?Close@CSocket@Win32@OnlineGameLib@@QAEXXZ 1000b950 f   common:Socket.obj
 0001:0000a9f0       ?AbortiveClose@CSocket@Win32@OnlineGameLib@@QAEXXZ 1000b9f0 f   common:Socket.obj
 0001:0000aab0       ?Shutdown@CSocket@Win32@OnlineGameLib@@QAEXH@Z 1000bab0 f   common:Socket.obj
 0001:0000ab50       ?Listen@CSocket@Win32@OnlineGameLib@@QAEXH@Z 1000bb50 f   common:Socket.obj
 0001:0000abf0       ?Bind@CSocket@Win32@OnlineGameLib@@QAEXABUsockaddr_in@@@Z 1000bbf0 f   common:Socket.obj
 0001:0000ac90       ?Bind@CSocket@Win32@OnlineGameLib@@QAEXABUsockaddr@@I@Z 1000bc90 f   common:Socket.obj
 0001:0000ad30       ?Connect@CSocket@Win32@OnlineGameLib@@QAEXABUsockaddr_in@@@Z 1000bd30 f   common:Socket.obj
 0001:0000add0       ?Connect@CSocket@Win32@OnlineGameLib@@QAEXABUsockaddr@@I@Z 1000bdd0 f   common:Socket.obj
 0001:0000ae70       ??0Exception@CSocket@Win32@OnlineGameLib@@QAE@ABV0123@@Z 1000be70 f i common:Socket.obj
 0001:0000aea0       ??1CSocket@Win32@OnlineGameLib@@QAE@XZ 1000bea0 f   common:Socket.obj
 0001:0000af00       ?Attach@CSocket@Win32@OnlineGameLib@@QAEXI@Z 1000bf00 f   common:Socket.obj
 0001:0000af20       ??0CWin32Exception@Win32@OnlineGameLib@@QAE@ABV?$basic_string@DU?$char_traits@D@std@@V?$allocator@D@2@@std@@K@Z 1000bf20 f   common:Win32Exception.obj
 0001:0000afb0       ?MessageBoxA@CException@Win32@OnlineGameLib@@QBEXPAUHWND__@@@Z 1000bfb0 f   common:Exception.obj
 0001:0000b080       ??0CException@Win32@OnlineGameLib@@QAE@ABV?$basic_string@DU?$char_traits@D@std@@V?$allocator@D@2@@std@@0@Z 1000c080 f   common:Exception.obj
 0001:0000b110       ?GetWhere@CException@Win32@OnlineGameLib@@UBE?AV?$basic_string@DU?$char_traits@D@std@@V?$allocator@D@2@@std@@XZ 1000c110 f   common:Exception.obj
 0001:0000b140       ?GetMessageA@CException@Win32@OnlineGameLib@@UBE?AV?$basic_string@DU?$char_traits@D@std@@V?$allocator@D@2@@std@@XZ 1000c140 f   common:Exception.obj
 0001:0000b170       ?Next@Node@CNodeList@OnlineGameLib@@QBEPAV123@XZ 1000c170 f i common:NodeList.obj
 0001:0000b180       ?Next@Node@CNodeList@OnlineGameLib@@QAEXPAV123@@Z 1000c180 f i common:NodeList.obj
 0001:0000b190       ??0CNodeList@OnlineGameLib@@QAE@XZ 1000c190 f   common:NodeList.obj
 0001:0000b1a0       ??0Node@CNodeList@OnlineGameLib@@IAE@XZ 1000c1a0 f   common:NodeList.obj
[...]
 0001:0002b3c9       __ehhandler$?HexToString@Win32@OnlineGameLib@@YA?AV?$basic_string@DU?$char_traits@D@std@@V?$allocator@D@2@@std@@PBEI@Z 1002c3c9 f   common:Utils.obj
 0001:0002b3f0       __unwindfunclet$?overflow@?$basic_filebuf@DU?$char_traits@D@std@@@std@@MAEHH@Z$0 1002c3f0 f   common:Utils.obj
 0001:0002b3f8       __ehhandler$?overflow@?$basic_filebuf@DU?$char_traits@D@std@@@std@@MAEHH@Z 1002c3f8 f   common:Utils.obj
 0001:0002b420       __unwindfunclet$??0_Locinfo@std@@QAE@PBD@Z$0 1002c420 f   common:Utils.obj
 0001:0002b428       __unwindfunclet$??0_Locinfo@std@@QAE@PBD@Z$1 1002c428 f   common:Utils.obj
 0001:0002b433       __unwindfunclet$??0_Locinfo@std@@QAE@PBD@Z$2 1002c433 f   common:Utils.obj
 0001:0002b43e       __unwindfunclet$??0_Locinfo@std@@QAE@PBD@Z$3 1002c43e f   common:Utils.obj
 0001:0002b449       __unwindfunclet$??0_Locinfo@std@@QAE@PBD@Z$4 1002c449 f   common:Utils.obj
 0001:0002b454       __unwindfunclet$??0_Locinfo@std@@QAE@PBD@Z$5 1002c454 f   common:Utils.obj
 0001:0002b45c       __ehhandler$??0_Locinfo@std@@QAE@PBD@Z 1002c45c f   common:Utils.obj
 0001:0002b480       __unwindfunclet$??0runtime_error@std@@QAE@ABV01@@Z$0 1002c480 f   common:Utils.obj
 0001:0002b488       __ehhandler$??0runtime_error@std@@QAE@ABV01@@Z 1002c488 f   common:Utils.obj
 0001:0002b4b0       __unwindfunclet$??0?$ctype@D@std@@QAE@PBF_NI@Z$0 1002c4b0 f   common:Utils.obj
 0001:0002b4bb       __ehhandler$??0?$ctype@D@std@@QAE@PBF_NI@Z 1002c4bb f   common:Utils.obj
 0001:0002b4f0       __unwindfunclet$?_Getcat@?$ctype@D@std@@SAIPAPBVfacet@locale@2@@Z$0 1002c4f0 f   common:Utils.obj
 0001:0002b4fb       __ehhandler$?_Getcat@?$ctype@D@std@@SAIPAPBVfacet@locale@2@@Z 1002c4fb f   common:Utils.obj
 0001:0002b520       __unwindfunclet$?clear@ios_base@std@@QAEXH_N@Z$0 1002c520 f   common:Utils.obj
 0001:0002b528       __unwindfunclet$?clear@ios_base@std@@QAEXH_N@Z$1 1002c528 f   common:Utils.obj
 0001:0002b530       __unwindfunclet$?clear@ios_base@std@@QAEXH_N@Z$2 1002c530 f   common:Utils.obj
 0001:0002b538       __ehhandler$?clear@ios_base@std@@QAEXH_N@Z 1002c538 f   common:Utils.obj
 0001:0002b560       __unwindfunclet$?GetCurrentDirectoryA@Win32@OnlineGameLib@@YA?AV?$basic_string@DU?$char_traits@D@std@@V?$allocator@D@2@@std@@XZ$0 1002c560 f   common:Utils.obj
 0001:0002b56b       __unwindfunclet$?GetCurrentDirectoryA@Win32@OnlineGameLib@@YA?AV?$basic_string@DU?$char_traits@D@std@@V?$allocator@D@2@@std@@XZ$1 1002c56b f   common:Utils.obj
 0001:0002b573       __unwindfunclet$?GetCurrentDirectoryA@Win32@OnlineGameLib@@YA?AV?$basic_string@DU?$char_traits@D@std@@V?$allocator@D@2@@std@@XZ$2 1002c573 f   common:Utils.obj
 0001:0002b57b       __ehhandler$?GetCurrentDirectoryA@Win32@OnlineGameLib@@YA?AV?$basic_string@DU?$char_traits@D@std@@V?$allocator@D@2@@std@@XZ 1002c57b f   common:Utils.obj
 0001:0002b5a0       __unwindfunclet$?DumpData@Win32@OnlineGameLib@@YA?AV?$basic_string@DU?$char_traits@D@std@@V?$allocator@D@2@@std@@QBEII@Z$0 1002c5a0 f   common:Utils.obj
 0001:0002b5c2       __unwindfunclet$?DumpData@Win32@OnlineGameLib@@YA?AV?$basic_string@DU?$char_traits@D@std@@V?$allocator@D@2@@std@@QBEII@Z$1 1002c5c2 f   common:Utils.obj
 0001:0002b5ca       __unwindfunclet$?DumpData@Win32@OnlineGameLib@@YA?AV?$basic_string@DU?$char_traits@D@std@@V?$allocator@D@2@@std@@QBEII@Z$2 1002c5ca f   common:Utils.obj
 0001:0002b5d2       __unwindfunclet$?DumpData@Win32@OnlineGameLib@@YA?AV?$basic_string@DU?$char_traits@D@std@@V?$allocator@D@2@@std@@QBEII@Z$3 1002c5d2 f   common:Utils.obj
 0001:0002b5da       __unwindfunclet$?DumpData@Win32@OnlineGameLib@@YA?AV?$basic_string@DU?$char_traits@D@std@@V?$allocator@D@2@@std@@QBEII@Z$4 1002c5da f   common:Utils.obj
 0001:0002b5e5       __unwindfunclet$?DumpData@Win32@OnlineGameLib@@YA?AV?$basic_string@DU?$char_traits@D@std@@V?$allocator@D@2@@std@@QBEII@Z$5 1002c5e5 f   common:Utils.obj
 0001:0002b5ed       __unwindfunclet$?DumpData@Win32@OnlineGameLib@@YA?AV?$basic_string@DU?$char_traits@D@std@@V?$allocator@D@2@@std@@QBEII@Z$6 1002c5ed f   common:Utils.obj
 0001:0002b5f5       __unwindfunclet$?DumpData@Win32@OnlineGameLib@@YA?AV?$basic_string@DU?$char_traits@D@std@@V?$allocator@D@2@@std@@QBEII@Z$7 1002c5f5 f   common:Utils.obj
 0001:0002b600       __ehhandler$?DumpData@Win32@OnlineGameLib@@YA?AV?$basic_string@DU?$char_traits@D@std@@V?$allocator@D@2@@std@@QBEII@Z 1002c600 f   common:Utils.obj
 0001:0002b630       __unwindfunclet$?GetComputerNameA@Win32@OnlineGameLib@@YA?AV?$basic_string@DU?$char_traits@D@std@@V?$allocator@D@2@@std@@XZ$0 1002c630 f   common:Utils.obj
 0001:0002b63e       __ehhandler$?GetComputerNameA@Win32@OnlineGameLib@@YA?AV?$basic_string@DU?$char_traits@D@std@@V?$allocator@D@2@@std@@XZ 1002c63e f   common:Utils.obj
 0001:0002b670       __unwindfunclet$?GetModuleFileNameA@Win32@OnlineGameLib@@YA?AV?$basic_string@DU?$char_traits@D@std@@V?$allocator@D@2@@std@@PAUHINSTANCE__@@@Z$0 1002c670 f   common:Utils.obj
 0001:0002b67e       __ehhandler$?GetModuleFileNameA@Win32@OnlineGameLib@@YA?AV?$basic_string@DU?$char_traits@D@std@@V?$allocator@D@2@@std@@PAUHINSTANCE__@@@Z 1002c67e f   common:Utils.obj
 0001:0002b6b0       __unwindfunclet$?GetUserNameA@Win32@OnlineGameLib@@YA?AV?$basic_string@DU?$char_traits@D@std@@V?$allocator@D@2@@std@@XZ$0 1002c6b0 f   common:Utils.obj
 0001:0002b6be       __ehhandler$?GetUserNameA@Win32@OnlineGameLib@@YA?AV?$basic_string@DU?$char_traits@D@std@@V?$allocator@D@2@@std@@XZ 1002c6be f   common:Utils.obj
 0001:0002b6f0       __unwindfunclet$?GetFileVersion@Win32@OnlineGameLib@@YA?AV?$basic_string@DU?$char_traits@D@std@@V?$allocator@D@2@@std@@XZ$2 1002c6f0 f   common:Utils.obj
 0001:0002b6f8       __unwindfunclet$?GetFileVersion@Win32@OnlineGameLib@@YA?AV?$basic_string@DU?$char_traits@D@std@@V?$allocator@D@2@@std@@XZ$3 1002c6f8 f   common:Utils.obj
 0001:0002b703       __unwindfunclet$?GetFileVersion@Win32@OnlineGameLib@@YA?AV?$basic_string@DU?$char_traits@D@std@@V?$allocator@D@2@@std@@XZ$4 1002c703 f   common:Utils.obj
 0001:0002b70b       __ehhandler$?GetFileVersion@Win32@OnlineGameLib@@YA?AV?$basic_string@DU?$char_traits@D@std@@V?$allocator@D@2@@std@@XZ 1002c70b f   common:Utils.obj
 0001:0002b740       __unwindfunclet$??1?$basic_filebuf@DU?$char_traits@D@std@@@std@@UAE@XZ$0 1002c740 f   common:Utils.obj
 0001:0002b748       __ehhandler$??1?$basic_filebuf@DU?$char_traits@D@std@@@std@@UAE@XZ 1002c748 f   common:Utils.obj
 0001:0002b770       __unwindfunclet$??$use_facet@V?$ctype@D@std@@@std@@YAABV?$ctype@D@0@ABVlocale@0@@Z$0 1002c770 f   common:Utils.obj
 0001:0002b778       __ehhandler$??$use_facet@V?$ctype@D@std@@@std@@YAABV?$ctype@D@0@ABVlocale@0@@Z 1002c778 f   common:Utils.obj
 0001:0002b7a0       __unwindfunclet$??0?$codecvt@DDH@std@@QAE@I@Z$0 1002c7a0 f   common:Utils.obj
 0001:0002b7ab       __ehhandler$??0?$codecvt@DDH@std@@QAE@I@Z 1002c7ab f   common:Utils.obj
 0001:0002b7e0       __unwindfunclet$??1?$basic_fstream@DU?$char_traits@D@std@@@std@@UAE@XZ$0 1002c7e0 f   common:Utils.obj
 0001:0002b7eb       __ehhandler$??1?$basic_fstream@DU?$char_traits@D@std@@@std@@UAE@XZ 1002c7eb f   common:Utils.obj
 0001:0002b810       __unwindfunclet$?widen@?$basic_ios@DU?$char_traits@D@std@@@std@@QBEDD@Z$0 1002c810 f   common:Utils.obj
 0001:0002b818       __ehhandler$?widen@?$basic_ios@DU?$char_traits@D@std@@@std@@QBEDD@Z 1002c818 f   common:Utils.obj
 0001:0002b840       __unwindfunclet$?_Getcat@?$codecvt@DDH@std@@SAIPAPBVfacet@locale@2@@Z$0 1002c840 f   common:Utils.obj
 0001:0002b84b       __ehhandler$?_Getcat@?$codecvt@DDH@std@@SAIPAPBVfacet@locale@2@@Z 1002c84b f   common:Utils.obj
 0001:0002b870       __unwindfunclet$??$use_facet@V?$codecvt@DDH@std@@@std@@YAABV?$codecvt@DDH@0@ABVlocale@0@@Z$0 1002c870 f   common:Utils.obj
 0001:0002b878       __ehhandler$??$use_facet@V?$codecvt@DDH@std@@@std@@YAABV?$codecvt@DDH@0@ABVlocale@0@@Z 1002c878 f   common:Utils.obj
 0001:0002b8a0       __unwindfunclet$??0?$basic_istream@DU?$char_traits@D@std@@@std@@QAE@PAV?$basic_streambuf@DU?$char_traits@D@std@@@1@_N@Z$0 1002c8a0 f   common:Utils.obj
 0001:0002b8bc       __ehhandler$??0?$basic_istream@DU?$char_traits@D@std@@@std@@QAE@PAV?$basic_streambuf@DU?$char_traits@D@std@@@1@_N@Z 1002c8bc f   common:Utils.obj
 0001:0002b8e0       __unwindfunclet$??0?$basic_iostream@DU?$char_traits@D@std@@@std@@QAE@PAV?$basic_streambuf@DU?$char_traits@D@std@@@1@@Z$0 1002c8e0 f   common:Utils.obj
 0001:0002b8fc       __unwindfunclet$??0?$basic_iostream@DU?$char_traits@D@std@@@std@@QAE@PAV?$basic_streambuf@DU?$char_traits@D@std@@@1@@Z$1 1002c8fc f   common:Utils.obj
 0001:0002b907       __ehhandler$??0?$basic_iostream@DU?$char_traits@D@std@@@std@@QAE@PAV?$basic_streambuf@DU?$char_traits@D@std@@@1@@Z 1002c907 f   common:Utils.obj
 0001:0002b930       __unwindfunclet$??0?$basic_fstream@DU?$char_traits@D@std@@@std@@QAE@XZ$0 1002c930 f   common:Utils.obj
 0001:0002b94c       __unwindfunclet$??0?$basic_fstream@DU?$char_traits@D@std@@@std@@QAE@XZ$1 1002c94c f   common:Utils.obj
 0001:0002b957       __ehhandler$??0?$basic_fstream@DU?$char_traits@D@std@@@std@@QAE@XZ 1002c957 f   common:Utils.obj
 0001:0002b980       __ehhandler$?ThreadFunction@CThread@Win32@OnlineGameLib@@CGIPAX@Z 1002c980 f   common:Thread.obj
 0001:0002b9a0       __unwindfunclet$?Start@CThread@Win32@OnlineGameLib@@QAEXXZ$0 1002c9a0 f   common:Thread.obj
 0001:0002b9ab       __unwindfunclet$?Start@CThread@Win32@OnlineGameLib@@QAEXXZ$1 1002c9ab f   common:Thread.obj
 0001:0002b9b6       __unwindfunclet$?Start@CThread@Win32@OnlineGameLib@@QAEXXZ$2 1002c9b6 f   common:Thread.obj
 0001:0002b9c1       __ehhandler$?Start@CThread@Win32@OnlineGameLib@@QAEXXZ 1002c9c1 f   common:Thread.obj
 0001:0002b9f0       __unwindfunclet$?Wait@CThread@Win32@OnlineGameLib@@QBE_NK@Z$0 1002c9f0 f   common:Thread.obj
 0001:0002b9f8       __ehhandler$?Wait@CThread@Win32@OnlineGameLib@@QBE_NK@Z 1002c9f8 f   common:Thread.obj
 0001:0002ba20       __unwindfunclet$?Wait@CThread@Win32@OnlineGameLib@@QBEXXZ$0 1002ca20 f   common:Thread.obj
 0001:0002ba28       __unwindfunclet$?Wait@CThread@Win32@OnlineGameLib@@QBEXXZ$1 1002ca28 f   common:Thread.obj
 0001:0002ba30       __ehhandler$?Wait@CThread@Win32@OnlineGameLib@@QBEXXZ 1002ca30 f   common:Thread.obj
 0001:0002ba50       __unwindfunclet$?Create@Win32@OnlineGameLib@@YAPAXPAU_SECURITY_ATTRIBUTES@@_N1PBD@Z$0 1002ca50 f   common:Event.obj
 0001:0002ba58       __ehhandler$?Create@Win32@OnlineGameLib@@YAPAXPAU_SECURITY_ATTRIBUTES@@_N1PBD@Z 1002ca58 f   common:Event.obj
 0001:0002ba80       __unwindfunclet$?Wait@CEvent@Win32@OnlineGameLib@@QBE_NK@Z$0 1002ca80 f   common:Event.obj
 0001:0002ba88       __ehhandler$?Wait@CEvent@Win32@OnlineGameLib@@QBE_NK@Z 1002ca88 f   common:Event.obj
 0001:0002bab0       __unwindfunclet$?Reset@CEvent@Win32@OnlineGameLib@@QAEXXZ$0 1002cab0 f   common:Event.obj
 0001:0002bab8       __ehhandler$?Reset@CEvent@Win32@OnlineGameLib@@QAEXXZ 1002cab8 f   common:Event.obj
 0001:0002bae0       __unwindfunclet$?Set@CEvent@Win32@OnlineGameLib@@QAEXXZ$0 1002cae0 f   common:Event.obj
 0001:0002bae8       __ehhandler$?Set@CEvent@Win32@OnlineGameLib@@QAEXXZ 1002cae8 f   common:Event.obj
 0001:0002bb10       __unwindfunclet$?Pulse@CEvent@Win32@OnlineGameLib@@QAEXXZ$0 1002cb10 f   common:Event.obj
 0001:0002bb18       __ehhandler$?Pulse@CEvent@Win32@OnlineGameLib@@QAEXXZ 1002cb18 f   common:Event.obj
 0001:0002bb40       __unwindfunclet$?Wait@CEvent@Win32@OnlineGameLib@@QBEXXZ$0 1002cb40 f   common:Event.obj
 0001:0002bb48       __unwindfunclet$?Wait@CEvent@Win32@OnlineGameLib@@QBEXXZ$1 1002cb48 f   common:Event.obj
 0001:0002bb50       __ehhandler$?Wait@CEvent@Win32@OnlineGameLib@@QBEXXZ 1002cb50 f   common:Event.obj
 0001:0002bb70       __unwindfunclet$?AssociateEvent@CEventSelect@Win32@OnlineGameLib@@QAEXIJ@Z$0 1002cb70 f   common:EventSelect.obj
 0001:0002bb7b       __unwindfunclet$?AssociateEvent@CEventSelect@Win32@OnlineGameLib@@QAEXIJ@Z$1 1002cb7b f   common:EventSelect.obj
 0001:0002bb86       __ehhandler$?AssociateEvent@CEventSelect@Win32@OnlineGameLib@@QAEXIJ@Z 1002cb86 f   common:EventSelect.obj
 0001:0002bbb0       __unwindfunclet$??0CUsesWinsock@Win32@OnlineGameLib@@QAE@XZ$0 1002cbb0 f   common:UsesWinsock.obj
 0001:0002bbb8       __ehhandler$??0CUsesWinsock@Win32@OnlineGameLib@@QAE@XZ 1002cbb8 f   common:UsesWinsock.obj
 0001:0002bbe0       __unwindfunclet$??0CSocket@Win32@OnlineGameLib@@QAE@I@Z$0 1002cbe0 f   common:Socket.obj
 0001:0002bbe8       __ehhandler$??0CSocket@Win32@OnlineGameLib@@QAE@I@Z 1002cbe8 f   common:Socket.obj
 0001:0002bc10       __unwindfunclet$?Close@CSocket@Win32@OnlineGameLib@@QAEXXZ$0 1002cc10 f   common:Socket.obj
 0001:0002bc18       __ehhandler$?Close@CSocket@Win32@OnlineGameLib@@QAEXXZ 1002cc18 f   common:Socket.obj
 0001:0002bc40       __unwindfunclet$?AbortiveClose@CSocket@Win32@OnlineGameLib@@QAEXXZ$0 1002cc40 f   common:Socket.obj
 0001:0002bc48       __ehhandler$?AbortiveClose@CSocket@Win32@OnlineGameLib@@QAEXXZ 1002cc48 f   common:Socket.obj
 0001:0002bc70       __unwindfunclet$?Shutdown@CSocket@Win32@OnlineGameLib@@QAEXH@Z$0 1002cc70 f   common:Socket.obj
 0001:0002bc78       __ehhandler$?Shutdown@CSocket@Win32@OnlineGameLib@@QAEXH@Z 1002cc78 f   common:Socket.obj
 0001:0002bca0       __unwindfunclet$?Listen@CSocket@Win32@OnlineGameLib@@QAEXH@Z$0 1002cca0 f   common:Socket.obj
 0001:0002bca8       __ehhandler$?Listen@CSocket@Win32@OnlineGameLib@@QAEXH@Z 1002cca8 f   common:Socket.obj
 0001:0002bcd0       __unwindfunclet$?Bind@CSocket@Win32@OnlineGameLib@@QAEXABUsockaddr_in@@@Z$0 1002ccd0 f   common:Socket.obj
 0001:0002bcd8       __ehhandler$?Bind@CSocket@Win32@OnlineGameLib@@QAEXABUsockaddr_in@@@Z 1002ccd8 f   common:Socket.obj
 0001:0002bd00       __unwindfunclet$?Bind@CSocket@Win32@OnlineGameLib@@QAEXABUsockaddr@@I@Z$0 1002cd00 f   common:Socket.obj
 0001:0002bd08       __ehhandler$?Bind@CSocket@Win32@OnlineGameLib@@QAEXABUsockaddr@@I@Z 1002cd08 f   common:Socket.obj
 0001:0002bd30       __unwindfunclet$?Connect@CSocket@Win32@OnlineGameLib@@QAEXABUsockaddr_in@@@Z$0 1002cd30 f   common:Socket.obj
 0001:0002bd38       __ehhandler$?Connect@CSocket@Win32@OnlineGameLib@@QAEXABUsockaddr_in@@@Z 1002cd38 f   common:Socket.obj
 0001:0002bd60       __unwindfunclet$?Connect@CSocket@Win32@OnlineGameLib@@QAEXABUsockaddr@@I@Z$0 1002cd60 f   common:Socket.obj
 0001:0002bd68       __ehhandler$?Connect@CSocket@Win32@OnlineGameLib@@QAEXABUsockaddr@@I@Z 1002cd68 f   common:Socket.obj
 0001:0002bd90       __ehhandler$??1CSocket@Win32@OnlineGameLib@@QAE@XZ 1002cd90 f   common:Socket.obj
 0001:0002bdb0       __unwindfunclet$??0CWin32Exception@Win32@OnlineGameLib@@QAE@ABV?$basic_string@DU?$char_traits@D@std@@V?$allocator@D@2@@std@@K@Z$0 1002cdb0 f   common:Win32Exception.obj
 0001:0002bdb8       __ehhandler$??0CWin32Exception@Win32@OnlineGameLib@@QAE@ABV?$basic_string@DU?$char_traits@D@std@@V?$allocator@D@2@@std@@K@Z 1002cdb8 f   common:Win32Exception.obj
 0001:0002bde0       __unwindfunclet$?MessageBoxA@CException@Win32@OnlineGameLib@@QBEXPAUHWND__@@@Z$0 1002cde0 f   common:Exception.obj
 0001:0002bde8       __ehhandler$?MessageBoxA@CException@Win32@OnlineGameLib@@QBEXPAUHWND__@@@Z 1002cde8 f   common:Exception.obj
 0001:0002be10       __unwindfunclet$??0CException@Win32@OnlineGameLib@@QAE@ABV?$basic_string@DU?$char_traits@D@std@@V?$allocator@D@2@@std@@0@Z$0 1002ce10 f   common:Exception.obj
 0001:0002be1b       __ehhandler$??0CException@Win32@OnlineGameLib@@QAE@ABV?$basic_string@DU?$char_traits@D@std@@V?$allocator@D@2@@std@@0@Z 1002ce1b f   common:Exception.obj
 0001:0002be36       __ehhandler$?CallUnexpected@@YAXPBU_s_ESTypeList@@@Z 1002ce36 f   LIBCMT:frame.obj
 0001:0002be51       __unwindfunclet$?_Xlen@_String_base@std@@SAXXZ$0 1002ce51 f   libcpmt:string.obj
 0001:0002be59       __ehhandler$?_Xlen@_String_base@std@@SAXXZ 1002ce59 f   libcpmt:string.obj
 0001:0002be74       __unwindfunclet$?_Xran@_String_base@std@@SAXXZ$0 1002ce74 f   libcpmt:string.obj
 0001:0002be7c       __ehhandler$?_Xran@_String_base@std@@SAXXZ 1002ce7c f   libcpmt:string.obj
 0001:0002be97       __unwindfunclet$?_Xinvarg@_String_base@std@@SAXXZ$0 1002ce97 f   libcpmt:string.obj
 0001:0002be9f       __ehhandler$?_Xinvarg@_String_base@std@@SAXXZ 1002ce9f f   libcpmt:string.obj
 0001:0002beba       __unwindfunclet$?_Locimp_dtor@_Locimp@locale@std@@CAXPAV123@@Z$0 1002ceba f   libcpmt:locale0.obj
 0001:0002bec2       __ehhandler$?_Locimp_dtor@_Locimp@locale@std@@CAXPAV123@@Z 1002cec2 f   libcpmt:locale0.obj
 0001:0002bedd       __unwindfunclet$??0_Locimp@locale@std@@AAE@_N@Z$0 1002cedd f   libcpmt:locale0.obj
 0001:0002bee5       __ehhandler$??0_Locimp@locale@std@@AAE@_N@Z 1002cee5 f   libcpmt:locale0.obj
 0001:0002bf00       __unwindfunclet$??1_Locimp@locale@std@@MAE@XZ$0 1002cf00 f   libcpmt:locale0.obj
 0001:0002bf08       __unwindfunclet$??1_Locimp@locale@std@@MAE@XZ$1 1002cf08 f   libcpmt:locale0.obj
 0001:0002bf13       __ehhandler$??1_Locimp@locale@std@@MAE@XZ 1002cf13 f   libcpmt:locale0.obj
 0001:0002bf2e       __unwindfunclet$?_Init@locale@std@@CAPAV_Locimp@12@XZ$0 1002cf2e f   libcpmt:locale0.obj
 0001:0002bf36       __unwindfunclet$?_Init@locale@std@@CAPAV_Locimp@12@XZ$1 1002cf36 f   libcpmt:locale0.obj
 0001:0002bf40       __ehhandler$?_Init@locale@std@@CAPAV_Locimp@12@XZ 1002cf40 f   libcpmt:locale0.obj
 0001:0002bf5b       __unwindfunclet$?empty@locale@std@@SA?AV12@XZ$0 1002cf5b f   libcpmt:locale0.obj
 0001:0002bf65       __ehhandler$?empty@locale@std@@SA?AV12@XZ 1002cf65 f   libcpmt:locale0.obj
 0001:0002bf80       ??__Egs_holdrand@@YAXXZ    1002cf80 f   ClientStage.obj
 0001:0002bf90       ??__Es_criticalSection@Win32@OnlineGameLib@@YAXXZ 1002cf90 f   common:Utils.obj
 0001:0002bfb0       ??__Es_debugOut@Win32@OnlineGameLib@@YAXXZ 1002cfb0 f   common:Utils.obj
 0001:0002bfd0       ??__Es_logFileName@Win32@OnlineGameLib@@YAXXZ 1002cfd0 f   common:Utils.obj
 0001:0002bfed       ??__Einitlocks@std@@YAXXZ  1002cfed f   libcpmt:xlock.obj
 0001:0002c003       ??__Eclassic_locale@std@@YAXXZ 1002d003 f   libcpmt:locale0.obj
 0001:0002c00f       ??__Einitlocks@std@@YAXXZ  1002d00f f   libcpmt:iosptrs.obj
 0001:0002c025       ??__Einit_atexit@@YAXXZ    1002d025 f   libcpmt:iosptrs.obj
 0001:0002c040       ??__Fs_criticalSection@Win32@OnlineGameLib@@YAXXZ 1002d040 f   common:Utils.obj
 0001:0002c050       ??__Fs_logFileName@Win32@OnlineGameLib@@YAXXZ 1002d050 f   common:Utils.obj
 0001:0002c080       ??__Fname@?1??GetAppFullPath@Win32@OnlineGameLib@@YA?AV?$basic_string@DU?$char_traits@D@std@@V?$allocator@D@2@@std@@PAUHINSTANCE__@@@Z@YAXXZ 1002d080 f   common:Utils.obj
 0001:0002c0b0       ??__Fname@?1??GetComputerNameA@Win32@OnlineGameLib@@YA?AV?$basic_string@DU?$char_traits@D@std@@V?$allocator@D@2@@std@@XZ@YAXXZ 1002d0b0 f   common:Utils.obj
 0001:0002c0e0       ??__Fname@?1??GetModuleFileNameA@Win32@OnlineGameLib@@YA?AV?$basic_string@DU?$char_traits@D@std@@V?$allocator@D@2@@std@@PAUHINSTANCE__@@@Z@YAXXZ 1002d0e0 f   common:Utils.obj
 0001:0002c110       ??__Fname@?1??GetUserNameA@Win32@OnlineGameLib@@YA?AV?$basic_string@DU?$char_traits@D@std@@V?$allocator@D@2@@std@@XZ@YAXXZ 1002d110 f   common:Utils.obj
 0001:0002c140       ??__Fversion@?1??GetFileVersion@Win32@OnlineGameLib@@YA?AV?$basic_string@DU?$char_traits@D@std@@V?$allocator@D@2@@std@@XZ@YAXXZ 1002d140 f   common:Utils.obj
 0001:0002c170       ??__Fs_debugOut@Win32@OnlineGameLib@@YAXXZ 1002d170 f   common:Utils.obj
 0001:0002c190       ??__Fnomem@?5???2@YAPAXI@Z@YAXXZ 1002d190 f   LIBCMT:new.obj
 0001:0002c1a4       ??__Finitlocks@std@@YAXXZ  1002d1a4 f   libcpmt:xlock.obj
 0001:0002c1ae       ??__Fclassic_locale@std@@YAXXZ 1002d1ae f   libcpmt:locale0.obj
 0001:0002c1b8       ??__Finitlocks@std@@YAXXZ  1002d1b8 f   libcpmt:iosptrs.obj
 0001:0002c1c2       ??__Finit_atexit@@YAXXZ    1002d1c2 f   libcpmt:iosptrs.obj
