 Bishop

 Timestamp is 507eb55e (Wed Oct 17 20:40:46 2012)

 Preferred load address is 00400000

 Start         Length     Name                   Class
 0001:00000000 00045e12H .text                   CODE
 0001:00045e20 000028adH .text$x                 CODE
 0001:000486d0 00000341H .text$yc                CODE
 0001:00048a20 0000033cH .text$yd                CODE
 0002:00000000 00000288H .idata$5                DATA
 0002:00000288 00000004H .CRT$XCA                DATA
 0002:0000028c 0000000cH .CRT$XCC                DATA
 0002:00000298 00000058H .CRT$XCU                DATA
 0002:000002f0 00000004H .CRT$XCZ                DATA
 0002:000002f4 00000004H .CRT$XIA                DATA
 0002:000002f8 00000014H .CRT$XIC                DATA
 0002:0000030c 00000004H .CRT$XID                DATA
 0002:00000310 00000004H .CRT$XIY                DATA
 0002:00000314 00000004H .CRT$XIZ                DATA
 0002:00000318 00000004H .CRT$XPA                DATA
 0002:0000031c 00000004H .CRT$XPX                DATA
 0002:00000320 00000004H .CRT$XPXA               DATA
 0002:00000324 00000004H .CRT$XPZ                DATA
 0002:00000328 00000004H .CRT$XTA                DATA
 0002:0000032c 00000004H .CRT$XTZ                DATA
 0002:00000330 00003a18H .rdata                  DATA
 0002:00003d48 00000060H .rdata$debug            DATA
 0002:00003da8 00001108H .rdata$r                DATA
 0002:00004eb0 0000030cH .rdata$sxdata           DATA
 0002:000051bc 00000004H .rtc$IAA                DATA
 0002:000051c0 00000004H .rtc$IZZ                DATA
 0002:000051c4 00000004H .rtc$TAA                DATA
 0002:000051c8 00000004H .rtc$TZZ                DATA
 0002:000051d0 00003f9cH .xdata$x                DATA
 0002:0000916c 00000004H ATL$__a                 DATA
 0002:00009170 00000004H ATL$__z                 DATA
 0002:00009174 000000a0H .idata$2                DATA
 0002:00009214 00000014H .idata$3                DATA
 0002:00009228 00000288H .idata$4                DATA
 0002:000094b0 00000afcH .idata$6                DATA
 0002:00009fac 00000000H .edata                  DATA
 0003:00000000 00001cb0H .data                   DATA
 0003:00001cc0 000023ecH .bss                    DATA
 0004:00000000 000001a8H .rsrc$01                DATA
 0004:000001b0 00001f90H .rsrc$02                DATA

  Address         Publics by Value              Rva+Base       Lib:Object

 0000:00000000       __except_list              00000000     <absolute>
 0000:000000c3       ___safe_se_handler_count   000000c3     <absolute>
 0000:00000000       ___ImageBase               00400000     <linker-defined>
 0001:00000000       ??0bad_alloc@std@@QAE@PBD@Z 00401000 f i Application.obj
 0001:00000020       ??1bad_alloc@std@@UAE@XZ   00401020 f i Application.obj
 0001:00000030       ??_Gbad_alloc@std@@UAEPAXI@Z 00401030 f i Application.obj
 0001:00000030       ??_Ebad_alloc@std@@UAEPAXI@Z 00401030 f i Application.obj
 0001:00000060       ?assign@?$char_traits@D@std@@SAXAADABD@Z 00401060 f i Application.obj
 0001:00000070       ?length@?$char_traits@D@std@@SAIPBD@Z 00401070 f i Application.obj
 0001:00000090       ?_Copy_s@?$char_traits@D@std@@SAPADPADIPBDI@Z 00401090 f i Application.obj
 0001:000000c0       ?_Move_s@?$char_traits@D@std@@SAPADPADIPBDI@Z 004010c0 f i Application.obj
 0001:000000f0       ??0Thank_you@Define_the_symbol__ATL_MIXED@@QAE@XZ 004010f0 f i Application.obj
 0001:00000100       ?one@Thank_you@Define_the_symbol__ATL_MIXED@@UAEXXZ 00401100 f i Application.obj
 0001:00000110       ?GetAccSvrPort@CNetwork@@QAEGXZ 00401110 f i Application.obj
 0001:00000120       ?GetRoleSvrPort@CNetwork@@QAEGXZ 00401120 f i Application.obj
 0001:00000130       ?SetRoleSvrPort@CNetwork@@QAEXG@Z 00401130 f i Application.obj
 0001:00000140       ?GetClientOpenPort@CNetwork@@QAEGXZ 00401140 f i Application.obj
 0001:00000150       ?SetClientOpenPort@CNetwork@@QAEXG@Z 00401150 f i Application.obj
 0001:00000160       ?GetGameSvrOpenPort@CNetwork@@QAEGXZ 00401160 f i Application.obj
 0001:00000170       ?SetGameSvrOpenPort@CNetwork@@QAEXG@Z 00401170 f i Application.obj
 0001:00000180       ?GetCapability@CGamePlayer@@SAJXZ 00401180 f i Application.obj
 0001:000001a0       ?GetWorking@CGamePlayer@@SAJXZ 004011a0 f i Application.obj
 0001:000001d0       ?Valid@CSmartClient@@QAE_NXZ 004011d0 f i Application.obj
 0001:000001e0       ??0CBishopApp@@QAE@XZ      004011e0 f   Application.obj
 0001:00000200       ??0CBishopApp@@QAE@PAUHINSTANCE__@@@Z 00401200 f   Application.obj
 0001:00000230       ??1CBishopApp@@UAE@XZ      00401230 f   Application.obj
 0001:00000240       ?LeaveToAffirm@CBishopApp@@KAXPAUHWND__@@@Z 00401240 f   Application.obj
 0001:000002a0       ?CheckUserInfo@CBishopApp@@KA_NPAUHWND__@@@Z 004012a0 f   Application.obj
 0001:000003f0       ?ServerLoginRoutine@CBishopApp@@KGKPAUHWND__@@@Z 004013f0 f   Application.obj
 0001:000004b0       ?AddGameServerInfo@CBishopApp@@CAXPAUHWND__@@IPBD@Z 004014b0 f   Application.obj
 0001:00000510       ?DelGameServerInfo@CBishopApp@@CAXPAUHWND__@@I@Z 00401510 f   Application.obj
 0001:00000590       ?EnableCtrl@CBishopApp@@KAXPAUHWND__@@IH@Z 00401590 f   Application.obj
 0001:000005c0       ?SendAnnounceText@CBishopApp@@KAXPAUHWND__@@PBDIIH@Z 004015c0 f   Application.obj
 0001:00000690       ?size@?$basic_string@DU?$char_traits@D@std@@V?$allocator@D@2@@std@@QBEIXZ 00401690 f i Application.obj
 0001:000006a0       ?_Myptr@?$basic_string@DU?$char_traits@D@std@@V?$allocator@D@2@@std@@IBEPBDXZ 004016a0 f i Application.obj
 0001:000006b0       ?_Myptr@?$basic_string@DU?$char_traits@D@std@@V?$allocator@D@2@@std@@IAEPADXZ 004016b0 f i Application.obj
 0001:000006c0       ?deallocate@?$allocator@D@std@@QAEXPADI@Z 004016c0 f i Application.obj
 0001:000006d0       ?_Inside@?$basic_string@DU?$char_traits@D@std@@V?$allocator@D@2@@std@@IAE_NPBD@Z 004016d0 f i Application.obj
 0001:00000710       ?max_size@?$allocator@D@std@@QBEIXZ 00401710 f i Application.obj
 0001:00000720       ??$_Allocate@D@std@@YAPADIPAD@Z 00401720 f i Application.obj
 0001:00000780       ??0bad_alloc@std@@QAE@ABV01@@Z 00401780 f i Application.obj
 0001:000007a0       ??$_Char_traits_cat@U?$char_traits@D@std@@@std@@YA?AU_Secure_char_traits_tag@0@XZ 004017a0 f i Application.obj
 0001:000007b0       ??$copy_s@U?$char_traits@D@std@@@_Traits_helper@std@@YAPADPADIPBDIU_Secure_char_traits_tag@1@@Z 004017b0 f i Application.obj
 0001:000007e0       ??$move_s@U?$char_traits@D@std@@@_Traits_helper@std@@YAPADPADIPBDIU_Secure_char_traits_tag@1@@Z 004017e0 f i Application.obj
 0001:00000810       ??_ECBishopApp@@UAEPAXI@Z  00401810 f i Application.obj
 0001:00000810       ??_GCBishopApp@@UAEPAXI@Z  00401810 f i Application.obj
 0001:00000830       ?EnterToAffirm@CBishopApp@@KAXPAUHWND__@@@Z 00401830 f   Application.obj
 0001:000008a0       ?EnableGameSvrCtrl@CBishopApp@@KAXPAUHWND__@@H@Z 004018a0 f   Application.obj
 0001:00000920       ?c_str@?$basic_string@DU?$char_traits@D@std@@V?$allocator@D@2@@std@@QBEPBDXZ 00401920 f i Application.obj
 0001:00000930       ?_Eos@?$basic_string@DU?$char_traits@D@std@@V?$allocator@D@2@@std@@IAEXI@Z 00401930 f i Application.obj
 0001:00000950       ?max_size@?$basic_string@DU?$char_traits@D@std@@V?$allocator@D@2@@std@@QBEIXZ 00401950 f i Application.obj
 0001:00000960       ?allocate@?$allocator@D@std@@QAEPADI@Z 00401960 f i Application.obj
 0001:00000980       ??$copy_s@U?$char_traits@D@std@@@_Traits_helper@std@@YAPADPADIPBDI@Z 00401980 f i Application.obj
 0001:000009b0       ??$move_s@U?$char_traits@D@std@@@_Traits_helper@std@@YAPADPADIPBDI@Z 004019b0 f i Application.obj
 0001:000009e0       ?GetAccSvrIP@CNetwork@@QAEPBDXZ 004019e0 f i Application.obj
 0001:000009f0       ?GetRoleSvrIP@CNetwork@@QAEPBDXZ 004019f0 f i Application.obj
 0001:00000a00       ?LoginDlgProc@CBishopApp@@KGHPAUHWND__@@IIJ@Z 00401a00 f   Application.obj
 0001:00000c00       ?InitMainDlg@CBishopApp@@KAXPAUHWND__@@@Z 00401c00 f   Application.obj
 0001:00000cc0       ?_Tidy@?$basic_string@DU?$char_traits@D@std@@V?$allocator@D@2@@std@@IAEX_NI@Z 00401cc0 f i Application.obj
 0001:00000d10       ?erase@?$basic_string@DU?$char_traits@D@std@@V?$allocator@D@2@@std@@QAEAAV12@II@Z 00401d10 f i Application.obj
 0001:00000da0       ?_Copy@?$basic_string@DU?$char_traits@D@std@@V?$allocator@D@2@@std@@IAEXII@Z 00401da0 f i Application.obj
 0001:00000ef0       ?LoginSystem@CBishopApp@@IAE_NXZ 00401ef0 f   Application.obj
 0001:00000f20       ?_Grow@?$basic_string@DU?$char_traits@D@std@@V?$allocator@D@2@@std@@IAE_NI_N@Z 00401f20 f i Application.obj
 0001:00000fe0       ?assign@?$basic_string@DU?$char_traits@D@std@@V?$allocator@D@2@@std@@QAEAAV12@ABV12@II@Z 00401fe0 f i Application.obj
 0001:000010c0       ?assign@?$basic_string@DU?$char_traits@D@std@@V?$allocator@D@2@@std@@QAEAAV12@PBDI@Z 004020c0 f i Application.obj
 0001:00001190       ?assign@?$basic_string@DU?$char_traits@D@std@@V?$allocator@D@2@@std@@QAEAAV12@PBD@Z 00402190 f i Application.obj
 0001:000011c0       ??4?$basic_string@DU?$char_traits@D@std@@V?$allocator@D@2@@std@@QAEAAV01@PBD@Z 004021c0 f i Application.obj
 0001:000011f0       ?SetRoleSvrIP@CNetwork@@QAEXPBD@Z 004021f0 f i Application.obj
 0001:00001220       ?UpdateVariable@CBishopApp@@KAXPAUHWND__@@@Z 00402220 f   Application.obj
 0001:000012e0       ?CloseMainDlg@CBishopApp@@KAXPAUHWND__@@@Z 004022e0 f   Application.obj
 0001:00001300       ?MainWndProc@CBishopApp@@KGHPAUHWND__@@IIJ@Z 00402300 f   Application.obj
 0001:00001790       ?RegisterMainWndClass@CBishopApp@@IAEHXZ 00402790 f   Application.obj
 0001:00001840       ?MainDialog@CBishopApp@@IAEIXZ 00402840 f   Application.obj
 0001:000018e0       ?Run@CBishopApp@@QAEHXZ    004028e0 f   Application.obj
 0001:00001990       _WinMain@16                00402990 f   Bishop.obj
 0001:000019e0       ??1CEvent@Win32@OnlineGameLib@@UAE@XZ 004029e0 f   Event.obj
 0001:00001a00       ??0?$allocator@D@std@@QAE@XZ 00402a00 f i Event.obj
 0001:00001a10       ??0?$allocator@D@std@@QAE@ABV01@@Z 00402a10 f i Event.obj
 0001:00001a20       ??_ECEvent@Win32@OnlineGameLib@@UAEPAXI@Z 00402a20 f i Event.obj
 0001:00001a20       ??_GCEvent@Win32@OnlineGameLib@@UAEPAXI@Z 00402a20 f i Event.obj
 0001:00001a40       ??0?$_String_val@DV?$allocator@D@std@@@std@@IAE@V?$allocator@D@1@@Z 00402a40 f i Event.obj
 0001:00001a50       ??1?$basic_string@DU?$char_traits@D@std@@V?$allocator@D@2@@std@@QAE@XZ 00402a50 f i Event.obj
 0001:00001a80       ??0?$basic_string@DU?$char_traits@D@std@@V?$allocator@D@2@@std@@QAE@PBD@Z 00402a80 f i Event.obj
 0001:00001b60       ??0?$_String_val@DV?$allocator@D@std@@@std@@QAE@ABV01@@Z 00402b60 f i Event.obj
 0001:00001b70       ??1CException@Win32@OnlineGameLib@@UAE@XZ 00402b70 f i Event.obj
 0001:00001bc0       ??_GCException@Win32@OnlineGameLib@@UAEPAXI@Z 00402bc0 f i Event.obj
 0001:00001bc0       ??_ECException@Win32@OnlineGameLib@@UAEPAXI@Z 00402bc0 f i Event.obj
 0001:00001be0       ??1CWin32Exception@Win32@OnlineGameLib@@UAE@XZ 00402be0 f i Event.obj
 0001:00001bf0       ??0?$basic_string@DU?$char_traits@D@std@@V?$allocator@D@2@@std@@QAE@ABV01@@Z 00402bf0 f i Event.obj
 0001:00001c20       ??0CException@Win32@OnlineGameLib@@QAE@ABV012@@Z 00402c20 f i Event.obj
 0001:00001cb0       ??0CWin32Exception@Win32@OnlineGameLib@@QAE@ABV012@@Z 00402cb0 f i Event.obj
 0001:00001ce0       ??_GCWin32Exception@Win32@OnlineGameLib@@UAEPAXI@Z 00402ce0 f i Event.obj
 0001:00001ce0       ??_ECWin32Exception@Win32@OnlineGameLib@@UAEPAXI@Z 00402ce0 f i Event.obj
 0001:00001d00       ??0CEvent@Win32@OnlineGameLib@@QAE@PAU_SECURITY_ATTRIBUTES@@_N1@Z 00402d00 f   Event.obj
 0001:00001d30       ??0CEvent@Win32@OnlineGameLib@@QAE@PAU_SECURITY_ATTRIBUTES@@_N1PBD@Z 00402d30 f   Event.obj
 0001:00001d60       ?Wait@CEvent@Win32@OnlineGameLib@@QBE_NK@Z 00402d60 f   Event.obj
 0001:00001e20       ?Reset@CEvent@Win32@OnlineGameLib@@QAEXXZ 00402e20 f   Event.obj
 0001:00001eb0       ?Set@CEvent@Win32@OnlineGameLib@@QAEXXZ 00402eb0 f   Event.obj
 0001:00001f40       ?Pulse@CEvent@Win32@OnlineGameLib@@QAEXXZ 00402f40 f   Event.obj
 0001:00001fd0       ?Wait@CEvent@Win32@OnlineGameLib@@QBEXXZ 00402fd0 f   Event.obj
 0001:00002090       ??1IPlayer@@UAE@XZ         00403090 f i GamePlayer.obj
 0001:000020a0       ??_EIPlayer@@UAEPAXI@Z     004030a0 f i GamePlayer.obj
 0001:000020a0       ??_GIPlayer@@UAEPAXI@Z     004030a0 f i GamePlayer.obj
 0001:000020c0       ?_trace@@YAXPBDZZ          004030c0 f i GamePlayer.obj
 0001:000020d0       ??1ICommand@@UAE@XZ        004030d0 f i GamePlayer.obj
 0001:000020e0       ??_EICommand@@UAEPAXI@Z    004030e0 f i GamePlayer.obj
 0001:000020e0       ??_GICommand@@UAEPAXI@Z    004030e0 f i GamePlayer.obj
 0001:00002100       ??2@YAPAXIPAX@Z            00403100 f i GamePlayer.obj
 0001:00002110       ??3@YAXPAX0@Z              00403110 f i GamePlayer.obj
 0001:00002120       ?compare@?$char_traits@D@std@@SAHPBD0I@Z 00403120 f i GamePlayer.obj
 0001:000021b0       ?to_int_type@?$char_traits@D@std@@SAHABD@Z 004031b0 f i GamePlayer.obj
 0001:000021c0       ?eq_int_type@?$char_traits@D@std@@SA_NABH0@Z 004031c0 f i GamePlayer.obj
 0001:000021e0       ?eof@?$char_traits@D@std@@SAHXZ 004031e0 f i GamePlayer.obj
 0001:000021f0       ??0_Iterator_base@std@@QAE@XZ 004031f0 f i GamePlayer.obj
 0001:00002200       ?_Getctype@_Locinfo@std@@QBE?AU_Ctypevec@@XZ 00403200 f i GamePlayer.obj
 0001:00002230       ?_Getcvt@_Locinfo@std@@QBE?AU_Cvtvec@@XZ 00403230 f i GamePlayer.obj
 0001:00002250       ??0id@locale@std@@QAE@I@Z  00403250 f i GamePlayer.obj
 0001:00002260       ??Bid@locale@std@@QAEIXZ   00403260 f i GamePlayer.obj
 0001:000022a0       ?_Incref@facet@locale@std@@QAEXXZ 004032a0 f i GamePlayer.obj
 0001:000022d0       ?_Decref@facet@locale@std@@QAEPAV123@XZ 004032d0 f i GamePlayer.obj
 0001:00002310       ?_Register@facet@locale@std@@QAEXXZ 00403310 f i GamePlayer.obj
 0001:00002320       ??1facet@locale@std@@UAE@XZ 00403320 f i GamePlayer.obj
 0001:00002330       ??0facet@locale@std@@IAE@I@Z 00403330 f i GamePlayer.obj
 0001:00002350       ??0locale@std@@QAE@XZ      00403350 f i GamePlayer.obj
 0001:00002390       ??0locale@std@@QAE@ABV01@@Z 00403390 f i GamePlayer.obj
 0001:000023d0       ??1locale@std@@QAE@XZ      004033d0 f i GamePlayer.obj
 0001:00002420       ?_Getfacet@locale@std@@QBEPBVfacet@12@I@Z 00403420 f i GamePlayer.obj
 0001:00002460       ??_Gfacet@locale@std@@UAEPAXI@Z 00403460 f i GamePlayer.obj
 0001:00002460       ??_Efacet@locale@std@@UAEPAXI@Z 00403460 f i GamePlayer.obj
 0001:00002480       ??0ctype_base@std@@QAE@I@Z 00403480 f i GamePlayer.obj
 0001:000024a0       ??1ctype_base@std@@UAE@XZ  004034a0 f i GamePlayer.obj
 0001:000024b0       ??_Ectype_base@std@@UAEPAXI@Z 004034b0 f i GamePlayer.obj
 0001:000024b0       ??_Gctype_base@std@@UAEPAXI@Z 004034b0 f i GamePlayer.obj
 0001:000024d0       ?widen@?$ctype@D@std@@QBEDD@Z 004034d0 f i GamePlayer.obj
 0001:000024e0       ?_Init@?$ctype@D@std@@IAEXABV_Locinfo@2@@Z 004034e0 f i GamePlayer.obj
 0001:00002520       ?_Tidy@?$ctype@D@std@@IAEXXZ 00403520 f i GamePlayer.obj
 0001:00002550       ?rdstate@ios_base@std@@QBEHXZ 00403550 f i GamePlayer.obj
 0001:00002560       ?good@ios_base@std@@QBE_NXZ 00403560 f i GamePlayer.obj
 0001:00002570       ?fail@ios_base@std@@QBE_NXZ 00403570 f i GamePlayer.obj
 0001:00002580       ?flags@ios_base@std@@QBEHXZ 00403580 f i GamePlayer.obj
 0001:00002590       ?getloc@ios_base@std@@QBE?AVlocale@2@XZ 00403590 f i GamePlayer.obj
 0001:000025d0       ??1ios_base@std@@UAE@XZ    004035d0 f i GamePlayer.obj
 0001:000025e0       ??0ios_base@std@@IAE@XZ    004035e0 f i GamePlayer.obj
 0001:000025f0       ??_Gios_base@std@@UAEPAXI@Z 004035f0 f i GamePlayer.obj
 0001:000025f0       ??_Eios_base@std@@UAEPAXI@Z 004035f0 f i GamePlayer.obj
 0001:00002620       ?Enter@CCriticalSection@Win32@OnlineGameLib@@QAEXXZ 00403620 f i GamePlayer.obj
 0001:00002630       ?Leave@CCriticalSection@Win32@OnlineGameLib@@QAEXXZ 00403630 f i GamePlayer.obj
 0001:00002640       ??0CCriticalSection@Win32@OnlineGameLib@@QAE@XZ 00403640 f i GamePlayer.obj
 0001:00002650       ??1CCriticalSection@Win32@OnlineGameLib@@QAE@XZ 00403650 f i GamePlayer.obj
 0001:00002660       ??0Owner@CCriticalSection@Win32@OnlineGameLib@@QAE@AAV123@@Z 00403660 f i GamePlayer.obj
 0001:00002680       ??1Owner@CCriticalSection@Win32@OnlineGameLib@@QAE@XZ 00403680 f i GamePlayer.obj
 0001:00002690       ?GetUsed@CBuffer@Win32@OnlineGameLib@@QBEIXZ 00403690 f i GamePlayer.obj
 0001:000026a0       ?GetBuffer@CBuffer@Win32@OnlineGameLib@@QBEPBEXZ 004036a0 f i GamePlayer.obj
 0001:000026b0       ?AddRef@CBuffer@Win32@OnlineGameLib@@QAEXXZ 004036b0 f i GamePlayer.obj
 0001:000026c0       ?Peek@CPackager@Win32@OnlineGameLib@@SAEPBXI@Z 004036c0 f i GamePlayer.obj
 0001:000026e0       ?ReSet@Allocator@CBuffer@Win32@OnlineGameLib@@QAE_NII@Z 004036e0 f i GamePlayer.obj
 0001:00002700       ?Reset@CTask@CGamePlayer@@QAEXXZ 00403700 f i GamePlayer.obj
 0001:00002710       ?SetCurrentTask@CGamePlayer@@AAEXJ@Z 00403710 f i GamePlayer.obj
 0001:00002730       ?GetCurrentTask@CGamePlayer@@AAEIXZ 00403730 f i GamePlayer.obj
 0001:00002750       ?SetupGlobalAllocator@CGamePlayer@@SA_NII@Z 00403750 f   GamePlayer.obj
 0001:00002770       ?Detach@CDataQueue@CGamePlayer@@QAEXJ@Z 00403770 f   GamePlayer.obj
 0001:00002780       ??0IPlayer@@QAE@XZ         00403780 f i GamePlayer.obj
 0001:00002790       ?Active@CGamePlayer@@UAE_NXZ 00403790 f   GamePlayer.obj
 0001:000027e0       ?SafeClose@CGamePlayer@@IAEIXZ 004037e0 f   GamePlayer.obj
 0001:000027f0       ?ATTACH_NETWORK@CGamePlayer@@SAXPAUIClient@@PAUIServer@@0@Z 004037f0 f   GamePlayer.obj
 0001:00002810       ?DETACH_NETWORK@CGamePlayer@@SAXXZ 00403810 f   GamePlayer.obj
 0001:000028a0       ?DispatchTask@CGamePlayer@@UAE_NI@Z 004038a0 f   GamePlayer.obj
 0001:000028d0       ?IsWorking@CGamePlayer@@UAE_NXZ 004038d0 f   GamePlayer.obj
 0001:000028f0       ?_QueryRoleInfo_ToDBRole@CGamePlayer@@IAE_NPBD@Z 004038f0 f   GamePlayer.obj
 0001:000029d0       ?length@?$basic_string@DU?$char_traits@D@std@@V?$allocator@D@2@@std@@QBEIXZ 004039d0 f i GamePlayer.obj
 0001:000029e0       ??1?$basic_ostream@DU?$char_traits@D@std@@@std@@UAE@XZ 004039e0 f i GamePlayer.obj
 0001:000029f0       ??1?$basic_ios@DU?$char_traits@D@std@@@std@@UAE@XZ 004039f0 f i GamePlayer.obj
 0001:00002a00       ?rdbuf@?$basic_ios@DU?$char_traits@D@std@@@std@@QBEPAV?$basic_streambuf@DU?$char_traits@D@std@@@2@XZ 00403a00 f i GamePlayer.obj
 0001:00002a10       ??0?$basic_ios@DU?$char_traits@D@std@@@std@@IAE@XZ 00403a10 f i GamePlayer.obj
 0001:00002a20       ??1?$basic_istream@DU?$char_traits@D@std@@@std@@UAE@XZ 00403a20 f i GamePlayer.obj
 0001:00002a30       ?eback@?$basic_streambuf@DU?$char_traits@D@std@@@std@@IBEPADXZ 00403a30 f i GamePlayer.obj
 0001:00002a40       ?gptr@?$basic_streambuf@DU?$char_traits@D@std@@@std@@IBEPADXZ 00403a40 f i GamePlayer.obj
 0001:00002a50       ?pbase@?$basic_streambuf@DU?$char_traits@D@std@@@std@@IBEPADXZ 00403a50 f i GamePlayer.obj
 0001:00002a60       ?pptr@?$basic_streambuf@DU?$char_traits@D@std@@@std@@IBEPADXZ 00403a60 f i GamePlayer.obj
 0001:00002a70       ?setg@?$basic_streambuf@DU?$char_traits@D@std@@@std@@IAEXPAD00@Z 00403a70 f i GamePlayer.obj
 0001:00002a90       ?epptr@?$basic_streambuf@DU?$char_traits@D@std@@@std@@IBEPADXZ 00403a90 f i GamePlayer.obj
 0001:00002aa0       ?setp@?$basic_streambuf@DU?$char_traits@D@std@@@std@@IAEXPAD0@Z 00403aa0 f i GamePlayer.obj
 0001:00002ac0       ?setp@?$basic_streambuf@DU?$char_traits@D@std@@@std@@IAEXPAD00@Z 00403ac0 f i GamePlayer.obj
 0001:00002ae0       ?_Pninc@?$basic_streambuf@DU?$char_traits@D@std@@@std@@IAEPADXZ 00403ae0 f i GamePlayer.obj
 0001:00002b00       ?_Init@?$basic_streambuf@DU?$char_traits@D@std@@@std@@IAEXXZ 00403b00 f i GamePlayer.obj
 0001:00002b60       ??1?$basic_iostream@DU?$char_traits@D@std@@@std@@UAE@XZ 00403b60 f i GamePlayer.obj
 0001:00002ba0       ?size@?$vector@PAVICommand@@V?$allocator@PAVICommand@@@std@@@std@@QBEIXZ 00403ba0 f i GamePlayer.obj
 0001:00002bc0       ??A?$vector@PAVICommand@@V?$allocator@PAVICommand@@@std@@@std@@QAEAAPAVICommand@@I@Z 00403bc0 f i GamePlayer.obj
 0001:00002bf0       ??0?$pair@$$CBJPAVCBuffer@Win32@OnlineGameLib@@@std@@QAE@ABJABQAVCBuffer@Win32@OnlineGameLib@@@Z 00403bf0 f i GamePlayer.obj
 0001:00002c10       ??_E?$basic_ios@DU?$char_traits@D@std@@@std@@UAEPAXI@Z 00403c10 f i GamePlayer.obj
 0001:00002c10       ??_G?$basic_ios@DU?$char_traits@D@std@@@std@@UAEPAXI@Z 00403c10 f i GamePlayer.obj
 0001:00002c40       ??_Glocale@std@@QAEPAXI@Z  00403c40 f i GamePlayer.obj
 0001:00002cb0       ??_D?$basic_ostream@DU?$char_traits@D@std@@@std@@QAEXXZ 00403cb0 f i GamePlayer.obj
 0001:00002cd0       ??_D?$basic_istream@DU?$char_traits@D@std@@@std@@QAEXXZ 00403cd0 f i GamePlayer.obj
 0001:00002cf0       ??_D?$basic_iostream@DU?$char_traits@D@std@@@std@@QAEXXZ 00403cf0 f i GamePlayer.obj
 0001:00002d40       ??0?$basic_ostream@DU?$char_traits@D@std@@@std@@QAE@W4_Uninitialized@1@_N@Z 00403d40 f i GamePlayer.obj
 0001:00002dd0       ?pubsync@?$basic_streambuf@DU?$char_traits@D@std@@@std@@QAEHXZ 00403dd0 f i GamePlayer.obj
 0001:00002de0       ?_Unlock@?$basic_streambuf@DU?$char_traits@D@std@@@std@@QAEXXZ 00403de0 f i GamePlayer.obj
 0001:00002df0       ?_Pnavail@?$basic_streambuf@DU?$char_traits@D@std@@@std@@IBEHXZ 00403df0 f i GamePlayer.obj
 0001:00002e10       ?capacity@?$vector@PAVICommand@@V?$allocator@PAVICommand@@@std@@@std@@QBEIXZ 00403e10 f i GamePlayer.obj
 0001:00002e30       ??0?$allocator@PAVICommand@@@std@@QAE@XZ 00403e30 f i GamePlayer.obj
 0001:00002e40       ?_Color@?$_Tree@V?$_Tmap_traits@V?$basic_string@DU?$char_traits@D@std@@V?$allocator@D@2@@std@@PAVIPlayer@@U?$less@V?$basic_string@DU?$char_traits@D@std@@V?$allocator@D@2@@std@@@2@V?$allocator@U?$pair@$$CBV?$basic_string@DU?$char_traits@D@std@@V?$allocator@D@2@@std@@PAVIPlayer@@@std@@@2@$0A@@std@@@std@@KAAADPAU_Node@?$_Tree_nod@V?$_Tmap_traits@V?$basic_string@DU?$char_traits@D@std@@V?$allocator@D@2@@std@@PAVIPlayer@@U?$less@V?$basic_string@DU?$char_traits@D@std@@V?$allocator@D@2@@std@@@2@V?$allocator@U?$pair@$$CBV?$basic_string@DU?$char_traits@D@std@@V?$allocator@D@2@@std@@PAVIPlayer@@@std@@@2@$0A@@std@@@2@@Z 00403e40 f i GamePlayer.obj
 0001:00002e50       ?_Isnil@?$_Tree@V?$_Tmap_traits@V?$basic_string@DU?$char_traits@D@std@@V?$allocator@D@2@@std@@PAVIPlayer@@U?$less@V?$basic_string@DU?$char_traits@D@std@@V?$allocator@D@2@@std@@@2@V?$allocator@U?$pair@$$CBV?$basic_string@DU?$char_traits@D@std@@V?$allocator@D@2@@std@@PAVIPlayer@@@std@@@2@$0A@@std@@@std@@KAAADPAU_Node@?$_Tree_nod@V?$_Tmap_traits@V?$basic_string@DU?$char_traits@D@std@@V?$allocator@D@2@@std@@PAVIPlayer@@U?$less@V?$basic_string@DU?$char_traits@D@std@@V?$allocator@D@2@@std@@@2@V?$allocator@U?$pair@$$CBV?$basic_string@DU?$char_traits@D@std@@V?$allocator@D@2@@std@@PAVIPlayer@@@std@@@2@$0A@@std@@@2@@Z 00403e50 f i GamePlayer.obj
 0001:00002e60       ?_Left@?$_Tree@V?$_Tmap_traits@V?$basic_string@DU?$char_traits@D@std@@V?$allocator@D@2@@std@@PAVIPlayer@@U?$less@V?$basic_string@DU?$char_traits@D@std@@V?$allocator@D@2@@std@@@2@V?$allocator@U?$pair@$$CBV?$basic_string@DU?$char_traits@D@std@@V?$allocator@D@2@@std@@PAVIPlayer@@@std@@@2@$0A@@std@@@std@@KAAAPAU_Node@?$_Tree_nod@V?$_Tmap_traits@V?$basic_string@DU?$char_traits@D@std@@V?$allocator@D@2@@std@@PAVIPlayer@@U?$less@V?$basic_string@DU?$char_traits@D@std@@V?$allocator@D@2@@std@@@2@V?$allocator@U?$pair@$$CBV?$basic_string@DU?$char_traits@D@std@@V?$allocator@D@2@@std@@PAVIPlayer@@@std@@@2@$0A@@std@@@2@PAU342@@Z 00403e60 f i GamePlayer.obj
 0001:00002e70       ?_Parent@?$_Tree@V?$_Tmap_traits@V?$basic_string@DU?$char_traits@D@std@@V?$allocator@D@2@@std@@PAVIPlayer@@U?$less@V?$basic_string@DU?$char_traits@D@std@@V?$allocator@D@2@@std@@@2@V?$allocator@U?$pair@$$CBV?$basic_string@DU?$char_traits@D@std@@V?$allocator@D@2@@std@@PAVIPlayer@@@std@@@2@$0A@@std@@@std@@KAAAPAU_Node@?$_Tree_nod@V?$_Tmap_traits@V?$basic_string@DU?$char_traits@D@std@@V?$allocator@D@2@@std@@PAVIPlayer@@U?$less@V?$basic_string@DU?$char_traits@D@std@@V?$allocator@D@2@@std@@@2@V?$allocator@U?$pair@$$CBV?$basic_string@DU?$char_traits@D@std@@V?$allocator@D@2@@std@@PAVIPlayer@@@std@@@2@$0A@@std@@@2@PAU342@@Z 00403e70 f i GamePlayer.obj
 0001:00002e80       ?_Right@?$_Tree@V?$_Tmap_traits@V?$basic_string@DU?$char_traits@D@std@@V?$allocator@D@2@@std@@PAVIPlayer@@U?$less@V?$basic_string@DU?$char_traits@D@std@@V?$allocator@D@2@@std@@@2@V?$allocator@U?$pair@$$CBV?$basic_string@DU?$char_traits@D@std@@V?$allocator@D@2@@std@@PAVIPlayer@@@std@@@2@$0A@@std@@@std@@KAAAPAU_Node@?$_Tree_nod@V?$_Tmap_traits@V?$basic_string@DU?$char_traits@D@std@@V?$allocator@D@2@@std@@PAVIPlayer@@U?$less@V?$basic_string@DU?$char_traits@D@std@@V?$allocator@D@2@@std@@@2@V?$allocator@U?$pair@$$CBV?$basic_string@DU?$char_traits@D@std@@V?$allocator@D@2@@std@@PAVIPlayer@@@std@@@2@$0A@@std@@@2@PAU342@@Z 00403e80 f i GamePlayer.obj
 0001:00002e90       ?_Lmost@?$_Tree@V?$_Tmap_traits@V?$basic_string@DU?$char_traits@D@std@@V?$allocator@D@2@@std@@PAVIPlayer@@U?$less@V?$basic_string@DU?$char_traits@D@std@@V?$allocator@D@2@@std@@@2@V?$allocator@U?$pair@$$CBV?$basic_string@DU?$char_traits@D@std@@V?$allocator@D@2@@std@@PAVIPlayer@@@std@@@2@$0A@@std@@@std@@IBEAAPAU_Node@?$_Tree_nod@V?$_Tmap_traits@V?$basic_string@DU?$char_traits@D@std@@V?$allocator@D@2@@std@@PAVIPlayer@@U?$less@V?$basic_string@DU?$char_traits@D@std@@V?$allocator@D@2@@std@@@2@V?$allocator@U?$pair@$$CBV?$basic_string@DU?$char_traits@D@std@@V?$allocator@D@2@@std@@PAVIPlayer@@@std@@@2@$0A@@std@@@2@XZ 00403e90 f i GamePlayer.obj
 0001:00002ea0       ?_Max@?$_Tree@V?$_Tmap_traits@V?$basic_string@DU?$char_traits@D@std@@V?$allocator@D@2@@std@@PAVIPlayer@@U?$less@V?$basic_string@DU?$char_traits@D@std@@V?$allocator@D@2@@std@@@2@V?$allocator@U?$pair@$$CBV?$basic_string@DU?$char_traits@D@std@@V?$allocator@D@2@@std@@PAVIPlayer@@@std@@@2@$0A@@std@@@std@@KAPAU_Node@?$_Tree_nod@V?$_Tmap_traits@V?$basic_string@DU?$char_traits@D@std@@V?$allocator@D@2@@std@@PAVIPlayer@@U?$less@V?$basic_string@DU?$char_traits@D@std@@V?$allocator@D@2@@std@@@2@V?$allocator@U?$pair@$$CBV?$basic_string@DU?$char_traits@D@std@@V?$allocator@D@2@@std@@PAVIPlayer@@@std@@@2@$0A@@std@@@2@PAU342@@Z 00403ea0 f i GamePlayer.obj
 0001:00002ec0       ?_Min@?$_Tree@V?$_Tmap_traits@V?$basic_string@DU?$char_traits@D@std@@V?$allocator@D@2@@std@@PAVIPlayer@@U?$less@V?$basic_string@DU?$char_traits@D@std@@V?$allocator@D@2@@std@@@2@V?$allocator@U?$pair@$$CBV?$basic_string@DU?$char_traits@D@std@@V?$allocator@D@2@@std@@PAVIPlayer@@@std@@@2@$0A@@std@@@std@@KAPAU_Node@?$_Tree_nod@V?$_Tmap_traits@V?$basic_string@DU?$char_traits@D@std@@V?$allocator@D@2@@std@@PAVIPlayer@@U?$less@V?$basic_string@DU?$char_traits@D@std@@V?$allocator@D@2@@std@@@2@V?$allocator@U?$pair@$$CBV?$basic_string@DU?$char_traits@D@std@@V?$allocator@D@2@@std@@PAVIPlayer@@@std@@@2@$0A@@std@@@2@PAU342@@Z 00403ec0 f i GamePlayer.obj
 0001:00002ee0       ?_Rmost@?$_Tree@V?$_Tmap_traits@V?$basic_string@DU?$char_traits@D@std@@V?$allocator@D@2@@std@@PAVIPlayer@@U?$less@V?$basic_string@DU?$char_traits@D@std@@V?$allocator@D@2@@std@@@2@V?$allocator@U?$pair@$$CBV?$basic_string@DU?$char_traits@D@std@@V?$allocator@D@2@@std@@PAVIPlayer@@@std@@@2@$0A@@std@@@std@@IBEAAPAU_Node@?$_Tree_nod@V?$_Tmap_traits@V?$basic_string@DU?$char_traits@D@std@@V?$allocator@D@2@@std@@PAVIPlayer@@U?$less@V?$basic_string@DU?$char_traits@D@std@@V?$allocator@D@2@@std@@@2@V?$allocator@U?$pair@$$CBV?$basic_string@DU?$char_traits@D@std@@V?$allocator@D@2@@std@@PAVIPlayer@@@std@@@2@$0A@@std@@@2@XZ 00403ee0 f i GamePlayer.obj
 0001:00002ef0       ?_Root@?$_Tree@V?$_Tmap_traits@V?$basic_string@DU?$char_traits@D@std@@V?$allocator@D@2@@std@@PAVIPlayer@@U?$less@V?$basic_string@DU?$char_traits@D@std@@V?$allocator@D@2@@std@@@2@V?$allocator@U?$pair@$$CBV?$basic_string@DU?$char_traits@D@std@@V?$allocator@D@2@@std@@PAVIPlayer@@@std@@@2@$0A@@std@@@std@@IBEAAPAU_Node@?$_Tree_nod@V?$_Tmap_traits@V?$basic_string@DU?$char_traits@D@std@@V?$allocator@D@2@@std@@PAVIPlayer@@U?$less@V?$basic_string@DU?$char_traits@D@std@@V?$allocator@D@2@@std@@@2@V?$allocator@U?$pair@$$CBV?$basic_string@DU?$char_traits@D@std@@V?$allocator@D@2@@std@@PAVIPlayer@@@std@@@2@$0A@@std@@@2@XZ 00403ef0 f i GamePlayer.obj
 0001:00002f00       ?_Rrotate@?$_Tree@V?$_Tmap_traits@V?$basic_string@DU?$char_traits@D@std@@V?$allocator@D@2@@std@@PAVIPlayer@@U?$less@V?$basic_string@DU?$char_traits@D@std@@V?$allocator@D@2@@std@@@2@V?$allocator@U?$pair@$$CBV?$basic_string@DU?$char_traits@D@std@@V?$allocator@D@2@@std@@PAVIPlayer@@@std@@@2@$0A@@std@@@std@@IAEXPAU_Node@?$_Tree_nod@V?$_Tmap_traits@V?$basic_string@DU?$char_traits@D@std@@V?$allocator@D@2@@std@@PAVIPlayer@@U?$less@V?$basic_string@DU?$char_traits@D@std@@V?$allocator@D@2@@std@@@2@V?$allocator@U?$pair@$$CBV?$basic_string@DU?$char_traits@D@std@@V?$allocator@D@2@@std@@PAVIPlayer@@@std@@@2@$0A@@std@@@2@@Z 00403f00 f i GamePlayer.obj
 0001:00002f60       ?_Kfn@?$_Tmap_traits@V?$basic_string@DU?$char_traits@D@std@@V?$allocator@D@2@@std@@PAVIPlayer@@U?$less@V?$basic_string@DU?$char_traits@D@std@@V?$allocator@D@2@@std@@@2@V?$allocator@U?$pair@$$CBV?$basic_string@DU?$char_traits@D@std@@V?$allocator@D@2@@std@@PAVIPlayer@@@std@@@2@$0A@@std@@SAABV?$basic_string@DU?$char_traits@D@std@@V?$allocator@D@2@@2@ABU?$pair@$$CBV?$basic_string@DU?$char_traits@D@std@@V?$allocator@D@2@@std@@PAVIPlayer@@@2@@Z 00403f60 f i GamePlayer.obj
 0001:00002f70       ??0?$allocator@U?$pair@$$CBV?$basic_string@DU?$char_traits@D@std@@V?$allocator@D@2@@std@@PAVIPlayer@@@std@@@std@@QAE@XZ 00403f70 f i GamePlayer.obj
 0001:00002f80       ?deallocate@?$allocator@U_Node@?$_Tree_nod@V?$_Tmap_traits@V?$basic_string@DU?$char_traits@D@std@@V?$allocator@D@2@@std@@PAVIPlayer@@U?$less@V?$basic_string@DU?$char_traits@D@std@@V?$allocator@D@2@@std@@@2@V?$allocator@U?$pair@$$CBV?$basic_string@DU?$char_traits@D@std@@V?$allocator@D@2@@std@@PAVIPlayer@@@std@@@2@$0A@@std@@@std@@@std@@QAEXPAU_Node@?$_Tree_nod@V?$_Tmap_traits@V?$basic_string@DU?$char_traits@D@std@@V?$allocator@D@2@@std@@PAVIPlayer@@U?$less@V?$basic_string@DU?$char_traits@D@std@@V?$allocator@D@2@@std@@@2@V?$allocator@U?$pair@$$CBV?$basic_string@DU?$char_traits@D@std@@V?$allocator@D@2@@std@@PAVIPlayer@@@std@@@2@$0A@@std@@@2@I@Z 00403f80 f i GamePlayer.obj
 0001:00002f90       ?_Color@?$_Tree@V?$_Tmap_traits@JPAVCBuffer@Win32@OnlineGameLib@@U?$less@J@std@@V?$allocator@U?$pair@$$CBJPAVCBuffer@Win32@OnlineGameLib@@@std@@@5@$0A@@std@@@std@@KAAADPAU_Node@?$_Tree_nod@V?$_Tmap_traits@JPAVCBuffer@Win32@OnlineGameLib@@U?$less@J@std@@V?$allocator@U?$pair@$$CBJPAVCBuffer@Win32@OnlineGameLib@@@std@@@5@$0A@@std@@@2@@Z 00403f90 f i GamePlayer.obj
 0001:00002fa0       ?_Isnil@?$_Tree@V?$_Tmap_traits@JPAVCBuffer@Win32@OnlineGameLib@@U?$less@J@std@@V?$allocator@U?$pair@$$CBJPAVCBuffer@Win32@OnlineGameLib@@@std@@@5@$0A@@std@@@std@@KAAADPAU_Node@?$_Tree_nod@V?$_Tmap_traits@JPAVCBuffer@Win32@OnlineGameLib@@U?$less@J@std@@V?$allocator@U?$pair@$$CBJPAVCBuffer@Win32@OnlineGameLib@@@std@@@5@$0A@@std@@@2@@Z 00403fa0 f i GamePlayer.obj
 0001:00002fb0       ?_Left@?$_Tree@V?$_Tmap_traits@JPAVCBuffer@Win32@OnlineGameLib@@U?$less@J@std@@V?$allocator@U?$pair@$$CBJPAVCBuffer@Win32@OnlineGameLib@@@std@@@5@$0A@@std@@@std@@KAAAPAU_Node@?$_Tree_nod@V?$_Tmap_traits@JPAVCBuffer@Win32@OnlineGameLib@@U?$less@J@std@@V?$allocator@U?$pair@$$CBJPAVCBuffer@Win32@OnlineGameLib@@@std@@@5@$0A@@std@@@2@PAU342@@Z 00403fb0 f i GamePlayer.obj
 0001:00002fc0       ?_Parent@?$_Tree@V?$_Tmap_traits@JPAVCBuffer@Win32@OnlineGameLib@@U?$less@J@std@@V?$allocator@U?$pair@$$CBJPAVCBuffer@Win32@OnlineGameLib@@@std@@@5@$0A@@std@@@std@@KAAAPAU_Node@?$_Tree_nod@V?$_Tmap_traits@JPAVCBuffer@Win32@OnlineGameLib@@U?$less@J@std@@V?$allocator@U?$pair@$$CBJPAVCBuffer@Win32@OnlineGameLib@@@std@@@5@$0A@@std@@@2@PAU342@@Z 00403fc0 f i GamePlayer.obj
 0001:00002fd0       ?_Right@?$_Tree@V?$_Tmap_traits@JPAVCBuffer@Win32@OnlineGameLib@@U?$less@J@std@@V?$allocator@U?$pair@$$CBJPAVCBuffer@Win32@OnlineGameLib@@@std@@@5@$0A@@std@@@std@@KAAAPAU_Node@?$_Tree_nod@V?$_Tmap_traits@JPAVCBuffer@Win32@OnlineGameLib@@U?$less@J@std@@V?$allocator@U?$pair@$$CBJPAVCBuffer@Win32@OnlineGameLib@@@std@@@5@$0A@@std@@@2@PAU342@@Z 00403fd0 f i GamePlayer.obj
 0001:00002fe0       ?_Lmost@?$_Tree@V?$_Tmap_traits@JPAVCBuffer@Win32@OnlineGameLib@@U?$less@J@std@@V?$allocator@U?$pair@$$CBJPAVCBuffer@Win32@OnlineGameLib@@@std@@@5@$0A@@std@@@std@@IBEAAPAU_Node@?$_Tree_nod@V?$_Tmap_traits@JPAVCBuffer@Win32@OnlineGameLib@@U?$less@J@std@@V?$allocator@U?$pair@$$CBJPAVCBuffer@Win32@OnlineGameLib@@@std@@@5@$0A@@std@@@2@XZ 00403fe0 f i GamePlayer.obj
 0001:00002ff0       ?_Max@?$_Tree@V?$_Tmap_traits@JPAVCBuffer@Win32@OnlineGameLib@@U?$less@J@std@@V?$allocator@U?$pair@$$CBJPAVCBuffer@Win32@OnlineGameLib@@@std@@@5@$0A@@std@@@std@@KAPAU_Node@?$_Tree_nod@V?$_Tmap_traits@JPAVCBuffer@Win32@OnlineGameLib@@U?$less@J@std@@V?$allocator@U?$pair@$$CBJPAVCBuffer@Win32@OnlineGameLib@@@std@@@5@$0A@@std@@@2@PAU342@@Z 00403ff0 f i GamePlayer.obj
 0001:00003010       ?_Min@?$_Tree@V?$_Tmap_traits@JPAVCBuffer@Win32@OnlineGameLib@@U?$less@J@std@@V?$allocator@U?$pair@$$CBJPAVCBuffer@Win32@OnlineGameLib@@@std@@@5@$0A@@std@@@std@@KAPAU_Node@?$_Tree_nod@V?$_Tmap_traits@JPAVCBuffer@Win32@OnlineGameLib@@U?$less@J@std@@V?$allocator@U?$pair@$$CBJPAVCBuffer@Win32@OnlineGameLib@@@std@@@5@$0A@@std@@@2@PAU342@@Z 00404010 f i GamePlayer.obj
 0001:00003030       ?_Rmost@?$_Tree@V?$_Tmap_traits@JPAVCBuffer@Win32@OnlineGameLib@@U?$less@J@std@@V?$allocator@U?$pair@$$CBJPAVCBuffer@Win32@OnlineGameLib@@@std@@@5@$0A@@std@@@std@@IBEAAPAU_Node@?$_Tree_nod@V?$_Tmap_traits@JPAVCBuffer@Win32@OnlineGameLib@@U?$less@J@std@@V?$allocator@U?$pair@$$CBJPAVCBuffer@Win32@OnlineGameLib@@@std@@@5@$0A@@std@@@2@XZ 00404030 f i GamePlayer.obj
 0001:00003040       ?_Root@?$_Tree@V?$_Tmap_traits@JPAVCBuffer@Win32@OnlineGameLib@@U?$less@J@std@@V?$allocator@U?$pair@$$CBJPAVCBuffer@Win32@OnlineGameLib@@@std@@@5@$0A@@std@@@std@@IBEAAPAU_Node@?$_Tree_nod@V?$_Tmap_traits@JPAVCBuffer@Win32@OnlineGameLib@@U?$less@J@std@@V?$allocator@U?$pair@$$CBJPAVCBuffer@Win32@OnlineGameLib@@@std@@@5@$0A@@std@@@2@XZ 00404040 f i GamePlayer.obj
 0001:00003050       ?_Rrotate@?$_Tree@V?$_Tmap_traits@JPAVCBuffer@Win32@OnlineGameLib@@U?$less@J@std@@V?$allocator@U?$pair@$$CBJPAVCBuffer@Win32@OnlineGameLib@@@std@@@5@$0A@@std@@@std@@IAEXPAU_Node@?$_Tree_nod@V?$_Tmap_traits@JPAVCBuffer@Win32@OnlineGameLib@@U?$less@J@std@@V?$allocator@U?$pair@$$CBJPAVCBuffer@Win32@OnlineGameLib@@@std@@@5@$0A@@std@@@2@@Z 00404050 f i GamePlayer.obj
 0001:000030b0       ?_Kfn@?$_Tmap_traits@JPAVCBuffer@Win32@OnlineGameLib@@U?$less@J@std@@V?$allocator@U?$pair@$$CBJPAVCBuffer@Win32@OnlineGameLib@@@std@@@5@$0A@@std@@SAABJABU?$pair@$$CBJPAVCBuffer@Win32@OnlineGameLib@@@2@@Z 004040b0 f i GamePlayer.obj
 0001:000030c0       ??0?$allocator@U?$pair@$$CBJPAVCBuffer@Win32@OnlineGameLib@@@std@@@std@@QAE@XZ 004040c0 f i GamePlayer.obj
 0001:000030d0       ??R?$less@J@std@@QBE_NABJ0@Z 004040d0 f i GamePlayer.obj
 0001:000030f0       ?deallocate@?$allocator@U_Node@?$_Tree_nod@V?$_Tmap_traits@JPAVCBuffer@Win32@OnlineGameLib@@U?$less@J@std@@V?$allocator@U?$pair@$$CBJPAVCBuffer@Win32@OnlineGameLib@@@std@@@5@$0A@@std@@@std@@@std@@QAEXPAU_Node@?$_Tree_nod@V?$_Tmap_traits@JPAVCBuffer@Win32@OnlineGameLib@@U?$less@J@std@@V?$allocator@U?$pair@$$CBJPAVCBuffer@Win32@OnlineGameLib@@@std@@@5@$0A@@std@@@2@I@Z 004040f0 f i GamePlayer.obj
 0001:00003100       ??D?$_Vector_const_iterator@PAVICommand@@V?$allocator@PAVICommand@@@std@@@std@@QBEABQAVICommand@@XZ 00404100 f i GamePlayer.obj
 0001:00003130       ??8?$_Vector_const_iterator@PAVICommand@@V?$allocator@PAVICommand@@@std@@@std@@QBE_NABV01@@Z 00404130 f i GamePlayer.obj
 0001:00003160       ??8const_iterator@?$_Tree@V?$_Tmap_traits@JPAVCBuffer@Win32@OnlineGameLib@@U?$less@J@std@@V?$allocator@U?$pair@$$CBJPAVCBuffer@Win32@OnlineGameLib@@@std@@@5@$0A@@std@@@std@@QBE_NABV012@@Z 00404160 f i GamePlayer.obj
 0001:00003190       ?_Mynode@const_iterator@?$_Tree@V?$_Tmap_traits@JPAVCBuffer@Win32@OnlineGameLib@@U?$less@J@std@@V?$allocator@U?$pair@$$CBJPAVCBuffer@Win32@OnlineGameLib@@@std@@@5@$0A@@std@@@std@@QBEPAU_Node@?$_Tree_nod@V?$_Tmap_traits@JPAVCBuffer@Win32@OnlineGameLib@@U?$less@J@std@@V?$allocator@U?$pair@$$CBJPAVCBuffer@Win32@OnlineGameLib@@@std@@@5@$0A@@std@@@3@XZ 00404190 f i GamePlayer.obj
 0001:000031a0       ??0?$pair@Viterator@?$_Tree@V?$_Tmap_traits@JPAVCBuffer@Win32@OnlineGameLib@@U?$less@J@std@@V?$allocator@U?$pair@$$CBJPAVCBuffer@Win32@OnlineGameLib@@@std@@@5@$0A@@std@@@std@@_N@std@@QAE@ABViterator@?$_Tree@V?$_Tmap_traits@JPAVCBuffer@Win32@OnlineGameLib@@U?$less@J@std@@V?$allocator@U?$pair@$$CBJPAVCBuffer@Win32@OnlineGameLib@@@std@@@5@$0A@@std@@@1@AB_N@Z 004041a0 f i GamePlayer.obj
 0001:000031c0       ??8const_iterator@?$_Tree@V?$_Tmap_traits@V?$basic_string@DU?$char_traits@D@std@@V?$allocator@D@2@@std@@PAVIPlayer@@U?$less@V?$basic_string@DU?$char_traits@D@std@@V?$allocator@D@2@@std@@@2@V?$allocator@U?$pair@$$CBV?$basic_string@DU?$char_traits@D@std@@V?$allocator@D@2@@std@@PAVIPlayer@@@std@@@2@$0A@@std@@@std@@QBE_NABV012@@Z 004041c0 f i GamePlayer.obj
 0001:000031f0       ?_Mynode@const_iterator@?$_Tree@V?$_Tmap_traits@V?$basic_string@DU?$char_traits@D@std@@V?$allocator@D@2@@std@@PAVIPlayer@@U?$less@V?$basic_string@DU?$char_traits@D@std@@V?$allocator@D@2@@std@@@2@V?$allocator@U?$pair@$$CBV?$basic_string@DU?$char_traits@D@std@@V?$allocator@D@2@@std@@PAVIPlayer@@@std@@@2@$0A@@std@@@std@@QBEPAU_Node@?$_Tree_nod@V?$_Tmap_traits@V?$basic_string@DU?$char_traits@D@std@@V?$allocator@D@2@@std@@PAVIPlayer@@U?$less@V?$basic_string@DU?$char_traits@D@std@@V?$allocator@D@2@@std@@@2@V?$allocator@U?$pair@$$CBV?$basic_string@DU?$char_traits@D@std@@V?$allocator@D@2@@std@@PAVIPlayer@@@std@@@2@$0A@@std@@@3@XZ 004041f0 f i GamePlayer.obj
 0001:00003200       ??0?$pair@Viterator@?$_Tree@V?$_Tmap_traits@V?$basic_string@DU?$char_traits@D@std@@V?$allocator@D@2@@std@@PAVIPlayer@@U?$less@V?$basic_string@DU?$char_traits@D@std@@V?$allocator@D@2@@std@@@2@V?$allocator@U?$pair@$$CBV?$basic_string@DU?$char_traits@D@std@@V?$allocator@D@2@@std@@PAVIPlayer@@@std@@@2@$0A@@std@@@std@@_N@std@@QAE@ABViterator@?$_Tree@V?$_Tmap_traits@V?$basic_string@DU?$char_traits@D@std@@V?$allocator@D@2@@std@@PAVIPlayer@@U?$less@V?$basic_string@DU?$char_traits@D@std@@V?$allocator@D@2@@std@@@2@V?$allocator@U?$pair@$$CBV?$basic_string@DU?$char_traits@D@std@@V?$allocator@D@2@@std@@PAVIPlayer@@@std@@@2@$0A@@std@@@1@AB_N@Z 00404200 f i GamePlayer.obj
 0001:00003220       ??Bsentry@?$basic_ostream@DU?$char_traits@D@std@@@std@@QBE_NXZ 00404220 f i GamePlayer.obj
 0001:00003230       ??0?$_Ranit@PAVICommand@@HPBQAV1@ABQAV1@@std@@QAE@XZ 00404230 f i GamePlayer.obj
 0001:00003240       ??0?$_Bidit@U?$pair@$$CBJPAVCBuffer@Win32@OnlineGameLib@@@std@@HPBU12@ABU12@@std@@QAE@XZ 00404240 f i GamePlayer.obj
 0001:00003250       ??0?$_Bidit@U?$pair@$$CBV?$basic_string@DU?$char_traits@D@std@@V?$allocator@D@2@@std@@PAVIPlayer@@@std@@HPBU12@ABU12@@std@@QAE@XZ 00404250 f i GamePlayer.obj
 0001:00003260       ?tie@?$basic_ios@DU?$char_traits@D@std@@@std@@QBEPAV?$basic_ostream@DU?$char_traits@D@std@@@2@XZ 00404260 f i GamePlayer.obj
 0001:00003270       ?_Lock@?$basic_streambuf@DU?$char_traits@D@std@@@std@@QAEXXZ 00404270 f i GamePlayer.obj
 0001:00003280       ??0?$allocator@PAVICommand@@@std@@QAE@ABV01@@Z 00404280 f i GamePlayer.obj
 0001:00003290       ?deallocate@?$allocator@PAVICommand@@@std@@QAEXPAPAVICommand@@I@Z 00404290 f i GamePlayer.obj
 0001:000032a0       ?_Myval@?$_Tree@V?$_Tmap_traits@V?$basic_string@DU?$char_traits@D@std@@V?$allocator@D@2@@std@@PAVIPlayer@@U?$less@V?$basic_string@DU?$char_traits@D@std@@V?$allocator@D@2@@std@@@2@V?$allocator@U?$pair@$$CBV?$basic_string@DU?$char_traits@D@std@@V?$allocator@D@2@@std@@PAVIPlayer@@@std@@@2@$0A@@std@@@std@@KAAAU?$pair@$$CBV?$basic_string@DU?$char_traits@D@std@@V?$allocator@D@2@@std@@PAVIPlayer@@@2@PAU_Node@?$_Tree_nod@V?$_Tmap_traits@V?$basic_string@DU?$char_traits@D@std@@V?$allocator@D@2@@std@@PAVIPlayer@@U?$less@V?$basic_string@DU?$char_traits@D@std@@V?$allocator@D@2@@std@@@2@V?$allocator@U?$pair@$$CBV?$basic_string@DU?$char_traits@D@std@@V?$allocator@D@2@@std@@PAVIPlayer@@@std@@@2@$0A@@std@@@2@@Z 004042a0 f i GamePlayer.obj
 0001:000032b0       ??0?$allocator@U?$pair@$$CBV?$basic_string@DU?$char_traits@D@std@@V?$allocator@D@2@@std@@PAVIPlayer@@@std@@@std@@QAE@ABV01@@Z 004042b0 f i GamePlayer.obj
 0001:000032c0       ?_Myval@?$_Tree@V?$_Tmap_traits@JPAVCBuffer@Win32@OnlineGameLib@@U?$less@J@std@@V?$allocator@U?$pair@$$CBJPAVCBuffer@Win32@OnlineGameLib@@@std@@@5@$0A@@std@@@std@@KAAAU?$pair@$$CBJPAVCBuffer@Win32@OnlineGameLib@@@2@PAU_Node@?$_Tree_nod@V?$_Tmap_traits@JPAVCBuffer@Win32@OnlineGameLib@@U?$less@J@std@@V?$allocator@U?$pair@$$CBJPAVCBuffer@Win32@OnlineGameLib@@@std@@@5@$0A@@std@@@2@@Z 004042c0 f i GamePlayer.obj
 0001:000032d0       ??0?$allocator@U?$pair@$$CBJPAVCBuffer@Win32@OnlineGameLib@@@std@@@std@@QAE@ABV01@@Z 004042d0 f i GamePlayer.obj
 0001:000032e0       ??0?$_Vector_const_iterator@PAVICommand@@V?$allocator@PAVICommand@@@std@@@std@@QAE@PAPAVICommand@@PBU_Container_base@1@@Z 004042e0 f i GamePlayer.obj
 0001:00003320       ??E?$_Vector_const_iterator@PAVICommand@@V?$allocator@PAVICommand@@@std@@@std@@QAEAAV01@XZ 00404320 f i GamePlayer.obj
 0001:00003350       ??0const_iterator@?$_Tree@V?$_Tmap_traits@JPAVCBuffer@Win32@OnlineGameLib@@U?$less@J@std@@V?$allocator@U?$pair@$$CBJPAVCBuffer@Win32@OnlineGameLib@@@std@@@5@$0A@@std@@@std@@QAE@PAU_Node@?$_Tree_nod@V?$_Tmap_traits@JPAVCBuffer@Win32@OnlineGameLib@@U?$less@J@std@@V?$allocator@U?$pair@$$CBJPAVCBuffer@Win32@OnlineGameLib@@@std@@@5@$0A@@std@@@2@PBV12@@Z 00404350 f i GamePlayer.obj
 0001:00003380       ??0const_iterator@?$_Tree@V?$_Tmap_traits@V?$basic_string@DU?$char_traits@D@std@@V?$allocator@D@2@@std@@PAVIPlayer@@U?$less@V?$basic_string@DU?$char_traits@D@std@@V?$allocator@D@2@@std@@@2@V?$allocator@U?$pair@$$CBV?$basic_string@DU?$char_traits@D@std@@V?$allocator@D@2@@std@@PAVIPlayer@@@std@@@2@$0A@@std@@@std@@QAE@PAU_Node@?$_Tree_nod@V?$_Tmap_traits@V?$basic_string@DU?$char_traits@D@std@@V?$allocator@D@2@@std@@PAVIPlayer@@U?$less@V?$basic_string@DU?$char_traits@D@std@@V?$allocator@D@2@@std@@@2@V?$allocator@U?$pair@$$CBV?$basic_string@DU?$char_traits@D@std@@V?$allocator@D@2@@std@@PAVIPlayer@@@std@@@2@$0A@@std@@@2@PBV12@@Z 00404380 f i GamePlayer.obj
 0001:000033b0       ??0_Sentry_base@?$basic_ostream@DU?$char_traits@D@std@@@std@@QAE@AAV12@@Z 004043b0 f i GamePlayer.obj
 0001:000033e0       ??1_Sentry_base@?$basic_ostream@DU?$char_traits@D@std@@@std@@QAE@XZ 004043e0 f i GamePlayer.obj
 0001:00003400       ?max_size@?$allocator@PAVICommand@@@std@@QBEIXZ 00404400 f i GamePlayer.obj
 0001:00003410       ?max_size@?$allocator@U?$pair@$$CBV?$basic_string@DU?$char_traits@D@std@@V?$allocator@D@2@@std@@PAVIPlayer@@@std@@@std@@QBEIXZ 00404410 f i GamePlayer.obj
 0001:00003420       ?max_size@?$allocator@U?$pair@$$CBJPAVCBuffer@Win32@OnlineGameLib@@@std@@@std@@QBEIXZ 00404420 f i GamePlayer.obj
 0001:00003430       ??G?$_Vector_const_iterator@PAVICommand@@V?$allocator@PAVICommand@@@std@@@std@@QBEHABV01@@Z 00404430 f i GamePlayer.obj
 0001:00003460       ?_Dec@const_iterator@?$_Tree@V?$_Tmap_traits@JPAVCBuffer@Win32@OnlineGameLib@@U?$less@J@std@@V?$allocator@U?$pair@$$CBJPAVCBuffer@Win32@OnlineGameLib@@@std@@@5@$0A@@std@@@std@@QAEXXZ 00404460 f i GamePlayer.obj
 0001:000034f0       ?_Inc@const_iterator@?$_Tree@V?$_Tmap_traits@JPAVCBuffer@Win32@OnlineGameLib@@U?$less@J@std@@V?$allocator@U?$pair@$$CBJPAVCBuffer@Win32@OnlineGameLib@@@std@@@5@$0A@@std@@@std@@QAEXXZ 004044f0 f i GamePlayer.obj
 0001:00003560       ?_Dec@const_iterator@?$_Tree@V?$_Tmap_traits@V?$basic_string@DU?$char_traits@D@std@@V?$allocator@D@2@@std@@PAVIPlayer@@U?$less@V?$basic_string@DU?$char_traits@D@std@@V?$allocator@D@2@@std@@@2@V?$allocator@U?$pair@$$CBV?$basic_string@DU?$char_traits@D@std@@V?$allocator@D@2@@std@@PAVIPlayer@@@std@@@2@$0A@@std@@@std@@QAEXXZ 00404560 f i GamePlayer.obj
 0001:000035f0       ?_Inc@const_iterator@?$_Tree@V?$_Tmap_traits@V?$basic_string@DU?$char_traits@D@std@@V?$allocator@D@2@@std@@PAVIPlayer@@U?$less@V?$basic_string@DU?$char_traits@D@std@@V?$allocator@D@2@@std@@@2@V?$allocator@U?$pair@$$CBV?$basic_string@DU?$char_traits@D@std@@V?$allocator@D@2@@std@@PAVIPlayer@@@std@@@2@$0A@@std@@@std@@QAEXXZ 004045f0 f i GamePlayer.obj
 0001:00003660       ??0_Node@?$_Tree_nod@V?$_Tmap_traits@JPAVCBuffer@Win32@OnlineGameLib@@U?$less@J@std@@V?$allocator@U?$pair@$$CBJPAVCBuffer@Win32@OnlineGameLib@@@std@@@5@$0A@@std@@@std@@QAE@PAU012@00ABU?$pair@$$CBJPAVCBuffer@Win32@OnlineGameLib@@@2@D@Z 00404660 f i GamePlayer.obj
 0001:000036a0       ??Y?$_Vector_const_iterator@PAVICommand@@V?$allocator@PAVICommand@@@std@@@std@@QAEAAV01@H@Z 004046a0 f i GamePlayer.obj
 0001:000036e0       ??0?$_Tmap_traits@V?$basic_string@DU?$char_traits@D@std@@V?$allocator@D@2@@std@@PAVIPlayer@@U?$less@V?$basic_string@DU?$char_traits@D@std@@V?$allocator@D@2@@std@@@2@V?$allocator@U?$pair@$$CBV?$basic_string@DU?$char_traits@D@std@@V?$allocator@D@2@@std@@PAVIPlayer@@@std@@@2@$0A@@std@@QAE@U?$less@V?$basic_string@DU?$char_traits@D@std@@V?$allocator@D@2@@std@@@1@@Z 004046e0 f i GamePlayer.obj
 0001:000036f0       ??0?$_Tmap_traits@JPAVCBuffer@Win32@OnlineGameLib@@U?$less@J@std@@V?$allocator@U?$pair@$$CBJPAVCBuffer@Win32@OnlineGameLib@@@std@@@5@$0A@@std@@QAE@U?$less@J@1@@Z 004046f0 f i GamePlayer.obj
 0001:00003700       ??$swap@D@std@@YAXAAD0@Z   00404700 f i GamePlayer.obj
 0001:00003720       ??$_Destroy@U_Node@?$_Tree_nod@V?$_Tmap_traits@JPAVCBuffer@Win32@OnlineGameLib@@U?$less@J@std@@V?$allocator@U?$pair@$$CBJPAVCBuffer@Win32@OnlineGameLib@@@std@@@5@$0A@@std@@@std@@@std@@YAXPAU_Node@?$_Tree_nod@V?$_Tmap_traits@JPAVCBuffer@Win32@OnlineGameLib@@U?$less@J@std@@V?$allocator@U?$pair@$$CBJPAVCBuffer@Win32@OnlineGameLib@@@std@@@5@$0A@@std@@@0@@Z 00404720 f i GamePlayer.obj
 0001:00003730       ??$_Allocate@PAVICommand@@@std@@YAPAPAVICommand@@IPAPAV1@@Z 00404730 f i GamePlayer.obj
 0001:00003790       ??$_Destroy@PAU_Node@?$_Tree_nod@V?$_Tmap_traits@V?$basic_string@DU?$char_traits@D@std@@V?$allocator@D@2@@std@@PAVIPlayer@@U?$less@V?$basic_string@DU?$char_traits@D@std@@V?$allocator@D@2@@std@@@2@V?$allocator@U?$pair@$$CBV?$basic_string@DU?$char_traits@D@std@@V?$allocator@D@2@@std@@PAVIPlayer@@@std@@@2@$0A@@std@@@std@@@std@@YAXPAPAU_Node@?$_Tree_nod@V?$_Tmap_traits@V?$basic_string@DU?$char_traits@D@std@@V?$allocator@D@2@@std@@PAVIPlayer@@U?$less@V?$basic_string@DU?$char_traits@D@std@@V?$allocator@D@2@@std@@@2@V?$allocator@U?$pair@$$CBV?$basic_string@DU?$char_traits@D@std@@V?$allocator@D@2@@std@@PAVIPlayer@@@std@@@2@$0A@@std@@@0@@Z 00404790 f i GamePlayer.obj
 0001:000037a0       ??$_Destroy@PAU_Node@?$_Tree_nod@V?$_Tmap_traits@JPAVCBuffer@Win32@OnlineGameLib@@U?$less@J@std@@V?$allocator@U?$pair@$$CBJPAVCBuffer@Win32@OnlineGameLib@@@std@@@5@$0A@@std@@@std@@@std@@YAXPAPAU_Node@?$_Tree_nod@V?$_Tmap_traits@JPAVCBuffer@Win32@OnlineGameLib@@U?$less@J@std@@V?$allocator@U?$pair@$$CBJPAVCBuffer@Win32@OnlineGameLib@@@std@@@5@$0A@@std@@@0@@Z 004047a0 f i GamePlayer.obj
 0001:000037b0       ??$?0U?$pair@$$CBV?$basic_string@DU?$char_traits@D@std@@V?$allocator@D@2@@std@@PAVIPlayer@@@std@@@?$allocator@PAU_Node@?$_Tree_nod@V?$_Tmap_traits@V?$basic_string@DU?$char_traits@D@std@@V?$allocator@D@2@@std@@PAVIPlayer@@U?$less@V?$basic_string@DU?$char_traits@D@std@@V?$allocator@D@2@@std@@@2@V?$allocator@U?$pair@$$CBV?$basic_string@DU?$char_traits@D@std@@V?$allocator@D@2@@std@@PAVIPlayer@@@std@@@2@$0A@@std@@@std@@@std@@QAE@ABV?$allocator@U?$pair@$$CBV?$basic_string@DU?$char_traits@D@std@@V?$allocator@D@2@@std@@PAVIPlayer@@@std@@@1@@Z 004047b0 f i GamePlayer.obj
 0001:000037c0       ??$_Allocate@U_Node@?$_Tree_nod@V?$_Tmap_traits@V?$basic_string@DU?$char_traits@D@std@@V?$allocator@D@2@@std@@PAVIPlayer@@U?$less@V?$basic_string@DU?$char_traits@D@std@@V?$allocator@D@2@@std@@@2@V?$allocator@U?$pair@$$CBV?$basic_string@DU?$char_traits@D@std@@V?$allocator@D@2@@std@@PAVIPlayer@@@std@@@2@$0A@@std@@@std@@@std@@YAPAU_Node@?$_Tree_nod@V?$_Tmap_traits@V?$basic_string@DU?$char_traits@D@std@@V?$allocator@D@2@@std@@PAVIPlayer@@U?$less@V?$basic_string@DU?$char_traits@D@std@@V?$allocator@D@2@@std@@@2@V?$allocator@U?$pair@$$CBV?$basic_string@DU?$char_traits@D@std@@V?$allocator@D@2@@std@@PAVIPlayer@@@std@@@2@$0A@@std@@@0@IPAU120@@Z 004047c0 f i GamePlayer.obj
 0001:00003820       ??$?0U?$pair@$$CBJPAVCBuffer@Win32@OnlineGameLib@@@std@@@?$allocator@PAU_Node@?$_Tree_nod@V?$_Tmap_traits@JPAVCBuffer@Win32@OnlineGameLib@@U?$less@J@std@@V?$allocator@U?$pair@$$CBJPAVCBuffer@Win32@OnlineGameLib@@@std@@@5@$0A@@std@@@std@@@std@@QAE@ABV?$allocator@U?$pair@$$CBJPAVCBuffer@Win32@OnlineGameLib@@@std@@@1@@Z 00404820 f i GamePlayer.obj
 0001:00003830       ??$_Allocate@U_Node@?$_Tree_nod@V?$_Tmap_traits@JPAVCBuffer@Win32@OnlineGameLib@@U?$less@J@std@@V?$allocator@U?$pair@$$CBJPAVCBuffer@Win32@OnlineGameLib@@@std@@@5@$0A@@std@@@std@@@std@@YAPAU_Node@?$_Tree_nod@V?$_Tmap_traits@JPAVCBuffer@Win32@OnlineGameLib@@U?$less@J@std@@V?$allocator@U?$pair@$$CBJPAVCBuffer@Win32@OnlineGameLib@@@std@@@5@$0A@@std@@@0@IPAU120@@Z 00404830 f i GamePlayer.obj
 0001:00003890       ??$?0U?$pair@$$CBV?$basic_string@DU?$char_traits@D@std@@V?$allocator@D@2@@std@@PAVIPlayer@@@std@@@?$allocator@U_Node@?$_Tree_nod@V?$_Tmap_traits@V?$basic_string@DU?$char_traits@D@std@@V?$allocator@D@2@@std@@PAVIPlayer@@U?$less@V?$basic_string@DU?$char_traits@D@std@@V?$allocator@D@2@@std@@@2@V?$allocator@U?$pair@$$CBV?$basic_string@DU?$char_traits@D@std@@V?$allocator@D@2@@std@@PAVIPlayer@@@std@@@2@$0A@@std@@@std@@@std@@QAE@ABV?$allocator@U?$pair@$$CBV?$basic_string@DU?$char_traits@D@std@@V?$allocator@D@2@@std@@PAVIPlayer@@@std@@@1@@Z 00404890 f i GamePlayer.obj
 0001:000038a0       ??$_Construct@PAU_Node@?$_Tree_nod@V?$_Tmap_traits@V?$basic_string@DU?$char_traits@D@std@@V?$allocator@D@2@@std@@PAVIPlayer@@U?$less@V?$basic_string@DU?$char_traits@D@std@@V?$allocator@D@2@@std@@@2@V?$allocator@U?$pair@$$CBV?$basic_string@DU?$char_traits@D@std@@V?$allocator@D@2@@std@@PAVIPlayer@@@std@@@2@$0A@@std@@@std@@PAU123@@std@@YAXPAPAU_Node@?$_Tree_nod@V?$_Tmap_traits@V?$basic_string@DU?$char_traits@D@std@@V?$allocator@D@2@@std@@PAVIPlayer@@U?$less@V?$basic_string@DU?$char_traits@D@std@@V?$allocator@D@2@@std@@@2@V?$allocator@U?$pair@$$CBV?$basic_string@DU?$char_traits@D@std@@V?$allocator@D@2@@std@@PAVIPlayer@@@std@@@2@$0A@@std@@@0@ABQAU120@@Z 004048a0 f i GamePlayer.obj
 0001:000038c0       ??$?0U?$pair@$$CBJPAVCBuffer@Win32@OnlineGameLib@@@std@@@?$allocator@U_Node@?$_Tree_nod@V?$_Tmap_traits@JPAVCBuffer@Win32@OnlineGameLib@@U?$less@J@std@@V?$allocator@U?$pair@$$CBJPAVCBuffer@Win32@OnlineGameLib@@@std@@@5@$0A@@std@@@std@@@std@@QAE@ABV?$allocator@U?$pair@$$CBJPAVCBuffer@Win32@OnlineGameLib@@@std@@@1@@Z 004048c0 f i GamePlayer.obj
 0001:000038d0       ??$_Construct@PAU_Node@?$_Tree_nod@V?$_Tmap_traits@JPAVCBuffer@Win32@OnlineGameLib@@U?$less@J@std@@V?$allocator@U?$pair@$$CBJPAVCBuffer@Win32@OnlineGameLib@@@std@@@5@$0A@@std@@@std@@PAU123@@std@@YAXPAPAU_Node@?$_Tree_nod@V?$_Tmap_traits@JPAVCBuffer@Win32@OnlineGameLib@@U?$less@J@std@@V?$allocator@U?$pair@$$CBJPAVCBuffer@Win32@OnlineGameLib@@@std@@@5@$0A@@std@@@0@ABQAU120@@Z 004048d0 f i GamePlayer.obj
 0001:000038f0       ??0ICommand@@QAE@XZ        004048f0 f i GamePlayer.obj
 0001:00003900       ??6?$basic_ostream@DU?$char_traits@D@std@@@std@@QAEAAV01@P6AAAV01@AAV01@@Z@Z 00404900 f i GamePlayer.obj
 0001:00003910       ?fill@?$basic_ios@DU?$char_traits@D@std@@@std@@QBEDXZ 00404910 f i GamePlayer.obj
 0001:00003920       ?put@?$num_put@DV?$ostreambuf_iterator@DU?$char_traits@D@std@@@std@@@std@@QBE?AV?$ostreambuf_iterator@DU?$char_traits@D@std@@@2@V32@AAVios_base@2@DJ@Z 00404920 f i GamePlayer.obj
 0001:00003960       ?failed@?$ostreambuf_iterator@DU?$char_traits@D@std@@@std@@QBE_NXZ 00404960 f i GamePlayer.obj
 0001:00003970       ??0?$_Iterator_with_base@Uoutput_iterator_tag@std@@XXXXU_Iterator_base@2@@std@@QAE@XZ 00404970 f i GamePlayer.obj
 0001:00003980       ??$_Iter_random@PAPAVICommand@@PAPAV1@@std@@YA?AUrandom_access_iterator_tag@0@ABQAPAVICommand@@0@Z 00404980 f i GamePlayer.obj
 0001:00003990       ??$_Ptr_cat@PAPAVICommand@@PAPAV1@@std@@YA?AU_Scalar_ptr_iterator_tag@0@AAPAPAVICommand@@0@Z 00404990 f i GamePlayer.obj
 0001:000039a0       ??$_Copy_opt@PAPAVICommand@@PAPAV1@Urandom_access_iterator_tag@std@@@std@@YAPAPAVICommand@@PAPAV1@00Urandom_access_iterator_tag@0@U_Scalar_ptr_iterator_tag@0@U_Range_checked_iterator_tag@0@@Z 004049a0 f i GamePlayer.obj
 0001:000039e0       ??$_Destroy_range@PAVICommand@@V?$allocator@PAVICommand@@@std@@@std@@YAXPAPAVICommand@@0AAV?$allocator@PAVICommand@@@0@U_Scalar_ptr_iterator_tag@0@@Z 004049e0 f i GamePlayer.obj
 0001:000039f0       ??$_Fill@PAPAVICommand@@PAV1@@std@@YAXPAPAVICommand@@0ABQAV1@@Z 004049f0 f i GamePlayer.obj
 0001:00003a10       ??$_Move_cat@PAPAVICommand@@@std@@YA?AU_Undefined_move_tag@0@ABQAPAVICommand@@@Z 00404a10 f i GamePlayer.obj
 0001:00003a20       ?_Init@?$num_put@DV?$ostreambuf_iterator@DU?$char_traits@D@std@@@std@@@std@@IAEXABV_Locinfo@2@@Z 00404a20 f i GamePlayer.obj
 0001:00003a40       ??$_Checked_base@PAPAVICommand@@@std@@YAPAPAVICommand@@AAPAPAV1@U_Unchanged_checked_iterator_base_type_tag@0@@Z 00404a40 f i GamePlayer.obj
 0001:00003a50       ??$_Copy_backward_opt@PAPAVICommand@@PAPAV1@Urandom_access_iterator_tag@std@@@std@@YAPAPAVICommand@@PAPAV1@00Urandom_access_iterator_tag@0@U_Scalar_ptr_iterator_tag@0@U_Range_checked_iterator_tag@0@@Z 00404a50 f i GamePlayer.obj
 0001:00003a80       ??$_Iter_cat@PAPAVICommand@@@std@@YA?AUrandom_access_iterator_tag@0@ABQAPAVICommand@@@Z 00404a80 f i GamePlayer.obj
 0001:00003a90       ??$_Fill_n@PAPAVICommand@@IPAV1@@std@@YAXPAPAVICommand@@IABQAV1@U_Range_checked_iterator_tag@0@@Z 00404a90 f i GamePlayer.obj
 0001:00003ac0       ??$_Uninit_copy@PAPAVICommand@@PAPAV1@V?$allocator@PAVICommand@@@std@@@std@@YAPAPAVICommand@@PAPAV1@00AAV?$allocator@PAVICommand@@@0@U_Scalar_ptr_iterator_tag@0@U_Range_checked_iterator_tag@0@@Z 00404ac0 f i GamePlayer.obj
 0001:00003af0       ?freeze@strstreambuf@std@@QAEX_N@Z 00404af0 f i GamePlayer.obj
 0001:00003b50       ?str@strstreambuf@std@@QAEPADXZ 00404b50 f i GamePlayer.obj
 0001:00003b90       ?_Init@strstreambuf@std@@IAEXHPAD0H@Z 00404b90 f i GamePlayer.obj
 0001:00003c60       ?_Tidy@strstreambuf@std@@IAEXXZ 00404c60 f i GamePlayer.obj
 0001:00003cb0       ?freeze@strstream@std@@QAEX_N@Z 00404cb0 f i GamePlayer.obj
 0001:00003cc0       ?str@strstream@std@@QAEPADXZ 00404cc0 f i GamePlayer.obj
 0001:00003d00       ?Execute@CTask@CGamePlayer@@QAEIXZ 00404d00 f   GamePlayer.obj
 0001:00003d90       ??0?$basic_streambuf@DU?$char_traits@D@std@@@std@@IAE@XZ 00404d90 f i GamePlayer.obj
 0001:00003e40       ?to_char_type@?$char_traits@D@std@@SADABH@Z 00404e40 f i GamePlayer.obj
 0001:00003e50       ?gbump@?$basic_streambuf@DU?$char_traits@D@std@@@std@@IAEXH@Z 00404e50 f i GamePlayer.obj
 0001:00003e70       ?pbump@?$basic_streambuf@DU?$char_traits@D@std@@@std@@IAEXH@Z 00404e70 f i GamePlayer.obj
 0001:00003e90       ?overflow@?$basic_streambuf@DU?$char_traits@D@std@@@std@@MAEHH@Z 00404e90 f i GamePlayer.obj
 0001:00003ea0       ?pbackfail@?$basic_streambuf@DU?$char_traits@D@std@@@std@@MAEHH@Z 00404ea0 f i GamePlayer.obj
 0001:00003eb0       ?showmanyc@?$basic_streambuf@DU?$char_traits@D@std@@@std@@MAEHXZ 00404eb0 f i GamePlayer.obj
 0001:00003ec0       ?underflow@?$basic_streambuf@DU?$char_traits@D@std@@@std@@MAEHXZ 00404ec0 f i GamePlayer.obj
 0001:00003ed0       ?xsgetn@?$basic_streambuf@DU?$char_traits@D@std@@@std@@MAEHPADH@Z 00404ed0 f i GamePlayer.obj
 0001:00003ef0       ?setbuf@?$basic_streambuf@DU?$char_traits@D@std@@@std@@MAEPAV12@PADH@Z 00404ef0 f i GamePlayer.obj
 0001:00003f00       ?sync@?$basic_streambuf@DU?$char_traits@D@std@@@std@@MAEHXZ 00404f00 f i GamePlayer.obj
 0001:00003f10       ?imbue@?$basic_streambuf@DU?$char_traits@D@std@@@std@@MAEXABVlocale@2@@Z 00404f10 f i GamePlayer.obj
 0001:00003f20       ??0?$fpos@H@std@@QAE@J@Z   00404f20 f i GamePlayer.obj
 0001:00003f40       ?_Gninc@?$basic_streambuf@DU?$char_traits@D@std@@@std@@IAEPADXZ 00404f40 f i GamePlayer.obj
 0001:00003f60       ?_Gnavail@?$basic_streambuf@DU?$char_traits@D@std@@@std@@IBEHXZ 00404f60 f i GamePlayer.obj
 0001:00003f80       ??1?$basic_streambuf@DU?$char_traits@D@std@@@std@@UAE@XZ 00404f80 f i GamePlayer.obj
 0001:00004000       ?uflow@?$basic_streambuf@DU?$char_traits@D@std@@@std@@MAEHXZ 00405000 f i GamePlayer.obj
 0001:00004030       ?seekoff@?$basic_streambuf@DU?$char_traits@D@std@@@std@@MAE?AV?$fpos@H@2@JHH@Z 00405030 f i GamePlayer.obj
 0001:00004050       ?seekpos@?$basic_streambuf@DU?$char_traits@D@std@@@std@@MAE?AV?$fpos@H@2@V32@H@Z 00405050 f i GamePlayer.obj
 0001:00004070       ??D?$_Vector_iterator@PAVICommand@@V?$allocator@PAVICommand@@@std@@@std@@QBEAAPAVICommand@@XZ 00405070 f i GamePlayer.obj
 0001:000040a0       ??9?$_Vector_const_iterator@PAVICommand@@V?$allocator@PAVICommand@@@std@@@std@@QBE_NABV01@@Z 004050a0 f i GamePlayer.obj
 0001:000040d0       ??9const_iterator@?$_Tree@V?$_Tmap_traits@JPAVCBuffer@Win32@OnlineGameLib@@U?$less@J@std@@V?$allocator@U?$pair@$$CBJPAVCBuffer@Win32@OnlineGameLib@@@std@@@5@$0A@@std@@@std@@QBE_NABV012@@Z 004050d0 f i GamePlayer.obj
 0001:00004100       ??9const_iterator@?$_Tree@V?$_Tmap_traits@V?$basic_string@DU?$char_traits@D@std@@V?$allocator@D@2@@std@@PAVIPlayer@@U?$less@V?$basic_string@DU?$char_traits@D@std@@V?$allocator@D@2@@std@@@2@V?$allocator@U?$pair@$$CBV?$basic_string@DU?$char_traits@D@std@@V?$allocator@D@2@@std@@PAVIPlayer@@@std@@@2@$0A@@std@@@std@@QBE_NABV012@@Z 00405100 f i GamePlayer.obj
 0001:00004130       ??_E?$basic_ostream@DU?$char_traits@D@std@@@std@@UAEPAXI@Z 00405130 f i GamePlayer.obj
 0001:00004130       ??_G?$basic_ostream@DU?$char_traits@D@std@@@std@@UAEPAXI@Z 00405130 f i GamePlayer.obj
 0001:00004170       ??_E?$basic_istream@DU?$char_traits@D@std@@@std@@UAEPAXI@Z 00405170 f i GamePlayer.obj
 0001:00004170       ??_G?$basic_istream@DU?$char_traits@D@std@@@std@@UAEPAXI@Z 00405170 f i GamePlayer.obj
 0001:000041b0       ??_E?$basic_streambuf@DU?$char_traits@D@std@@@std@@UAEPAXI@Z 004051b0 f i GamePlayer.obj
 0001:000041b0       ??_G?$basic_streambuf@DU?$char_traits@D@std@@@std@@UAEPAXI@Z 004051b0 f i GamePlayer.obj
 0001:000041d0       ??_G?$basic_iostream@DU?$char_traits@D@std@@@std@@UAEPAXI@Z 004051d0 f i GamePlayer.obj
 0001:000041d0       ??_E?$basic_iostream@DU?$char_traits@D@std@@@std@@UAEPAXI@Z 004051d0 f i GamePlayer.obj
 0001:00004240       ?compare@?$basic_string@DU?$char_traits@D@std@@V?$allocator@D@2@@std@@QBEHIIPBDI@Z 00405240 f i GamePlayer.obj
 0001:000042b0       ?sputc@?$basic_streambuf@DU?$char_traits@D@std@@@std@@QAEHD@Z 004052b0 f i GamePlayer.obj
 0001:000042f0       ??0?$_Vector_val@PAVICommand@@V?$allocator@PAVICommand@@@std@@@std@@IAE@V?$allocator@PAVICommand@@@1@@Z 004052f0 f i GamePlayer.obj
 0001:00004300       ?_Key@?$_Tree@V?$_Tmap_traits@V?$basic_string@DU?$char_traits@D@std@@V?$allocator@D@2@@std@@PAVIPlayer@@U?$less@V?$basic_string@DU?$char_traits@D@std@@V?$allocator@D@2@@std@@@2@V?$allocator@U?$pair@$$CBV?$basic_string@DU?$char_traits@D@std@@V?$allocator@D@2@@std@@PAVIPlayer@@@std@@@2@$0A@@std@@@std@@KAABV?$basic_string@DU?$char_traits@D@std@@V?$allocator@D@2@@2@PAU_Node@?$_Tree_nod@V?$_Tmap_traits@V?$basic_string@DU?$char_traits@D@std@@V?$allocator@D@2@@std@@PAVIPlayer@@U?$less@V?$basic_string@DU?$char_traits@D@std@@V?$allocator@D@2@@std@@@2@V?$allocator@U?$pair@$$CBV?$basic_string@DU?$char_traits@D@std@@V?$allocator@D@2@@std@@PAVIPlayer@@@std@@@2@$0A@@std@@@2@@Z 00405300 f i GamePlayer.obj
 0001:00004310       ?_Lrotate@?$_Tree@V?$_Tmap_traits@V?$basic_string@DU?$char_traits@D@std@@V?$allocator@D@2@@std@@PAVIPlayer@@U?$less@V?$basic_string@DU?$char_traits@D@std@@V?$allocator@D@2@@std@@@2@V?$allocator@U?$pair@$$CBV?$basic_string@DU?$char_traits@D@std@@V?$allocator@D@2@@std@@PAVIPlayer@@@std@@@2@$0A@@std@@@std@@IAEXPAU_Node@?$_Tree_nod@V?$_Tmap_traits@V?$basic_string@DU?$char_traits@D@std@@V?$allocator@D@2@@std@@PAVIPlayer@@U?$less@V?$basic_string@DU?$char_traits@D@std@@V?$allocator@D@2@@std@@@2@V?$allocator@U?$pair@$$CBV?$basic_string@DU?$char_traits@D@std@@V?$allocator@D@2@@std@@PAVIPlayer@@@std@@@2@$0A@@std@@@2@@Z 00405310 f i GamePlayer.obj
 0001:00004360       ?_Key@?$_Tree@V?$_Tmap_traits@JPAVCBuffer@Win32@OnlineGameLib@@U?$less@J@std@@V?$allocator@U?$pair@$$CBJPAVCBuffer@Win32@OnlineGameLib@@@std@@@5@$0A@@std@@@std@@KAABJPAU_Node@?$_Tree_nod@V?$_Tmap_traits@JPAVCBuffer@Win32@OnlineGameLib@@U?$less@J@std@@V?$allocator@U?$pair@$$CBJPAVCBuffer@Win32@OnlineGameLib@@@std@@@5@$0A@@std@@@2@@Z 00405360 f i GamePlayer.obj
 0001:00004370       ?_Lrotate@?$_Tree@V?$_Tmap_traits@JPAVCBuffer@Win32@OnlineGameLib@@U?$less@J@std@@V?$allocator@U?$pair@$$CBJPAVCBuffer@Win32@OnlineGameLib@@@std@@@5@$0A@@std@@@std@@IAEXPAU_Node@?$_Tree_nod@V?$_Tmap_traits@JPAVCBuffer@Win32@OnlineGameLib@@U?$less@J@std@@V?$allocator@U?$pair@$$CBJPAVCBuffer@Win32@OnlineGameLib@@@std@@@5@$0A@@std@@@2@@Z 00405370 f i GamePlayer.obj
 0001:000043c0       ?destroy@?$allocator@U_Node@?$_Tree_nod@V?$_Tmap_traits@JPAVCBuffer@Win32@OnlineGameLib@@U?$less@J@std@@V?$allocator@U?$pair@$$CBJPAVCBuffer@Win32@OnlineGameLib@@@std@@@5@$0A@@std@@@std@@@std@@QAEXPAU_Node@?$_Tree_nod@V?$_Tmap_traits@JPAVCBuffer@Win32@OnlineGameLib@@U?$less@J@std@@V?$allocator@U?$pair@$$CBJPAVCBuffer@Win32@OnlineGameLib@@@std@@@5@$0A@@std@@@2@@Z 004053c0 f i GamePlayer.obj
 0001:000043d0       ??0?$_Vector_iterator@PAVICommand@@V?$allocator@PAVICommand@@@std@@@std@@QAE@PAPAVICommand@@PBU_Container_base@1@@Z 004053d0 f i GamePlayer.obj
 0001:00004410       ??E?$_Vector_iterator@PAVICommand@@V?$allocator@PAVICommand@@@std@@@std@@QAEAAV01@XZ 00405410 f i GamePlayer.obj
 0001:00004440       ??0?$_Vector_const_iterator@PAVICommand@@V?$allocator@PAVICommand@@@std@@@std@@QAE@XZ 00405440 f i GamePlayer.obj
 0001:00004450       ??0iterator@?$_Tree@V?$_Tmap_traits@JPAVCBuffer@Win32@OnlineGameLib@@U?$less@J@std@@V?$allocator@U?$pair@$$CBJPAVCBuffer@Win32@OnlineGameLib@@@std@@@5@$0A@@std@@@std@@QAE@PAU_Node@?$_Tree_nod@V?$_Tmap_traits@JPAVCBuffer@Win32@OnlineGameLib@@U?$less@J@std@@V?$allocator@U?$pair@$$CBJPAVCBuffer@Win32@OnlineGameLib@@@std@@@5@$0A@@std@@@2@PBV12@@Z 00405450 f i GamePlayer.obj
 0001:00004480       ??0const_iterator@?$_Tree@V?$_Tmap_traits@JPAVCBuffer@Win32@OnlineGameLib@@U?$less@J@std@@V?$allocator@U?$pair@$$CBJPAVCBuffer@Win32@OnlineGameLib@@@std@@@5@$0A@@std@@@std@@QAE@XZ 00405480 f i GamePlayer.obj
 0001:00004490       ??Dconst_iterator@?$_Tree@V?$_Tmap_traits@JPAVCBuffer@Win32@OnlineGameLib@@U?$less@J@std@@V?$allocator@U?$pair@$$CBJPAVCBuffer@Win32@OnlineGameLib@@@std@@@5@$0A@@std@@@std@@QBEABU?$pair@$$CBJPAVCBuffer@Win32@OnlineGameLib@@@2@XZ 00405490 f i GamePlayer.obj
 0001:000044c0       ??0iterator@?$_Tree@V?$_Tmap_traits@V?$basic_string@DU?$char_traits@D@std@@V?$allocator@D@2@@std@@PAVIPlayer@@U?$less@V?$basic_string@DU?$char_traits@D@std@@V?$allocator@D@2@@std@@@2@V?$allocator@U?$pair@$$CBV?$basic_string@DU?$char_traits@D@std@@V?$allocator@D@2@@std@@PAVIPlayer@@@std@@@2@$0A@@std@@@std@@QAE@PAU_Node@?$_Tree_nod@V?$_Tmap_traits@V?$basic_string@DU?$char_traits@D@std@@V?$allocator@D@2@@std@@PAVIPlayer@@U?$less@V?$basic_string@DU?$char_traits@D@std@@V?$allocator@D@2@@std@@@2@V?$allocator@U?$pair@$$CBV?$basic_string@DU?$char_traits@D@std@@V?$allocator@D@2@@std@@PAVIPlayer@@@std@@@2@$0A@@std@@@2@PBV12@@Z 004054c0 f i GamePlayer.obj
 0001:000044f0       ??0const_iterator@?$_Tree@V?$_Tmap_traits@V?$basic_string@DU?$char_traits@D@std@@V?$allocator@D@2@@std@@PAVIPlayer@@U?$less@V?$basic_string@DU?$char_traits@D@std@@V?$allocator@D@2@@std@@@2@V?$allocator@U?$pair@$$CBV?$basic_string@DU?$char_traits@D@std@@V?$allocator@D@2@@std@@PAVIPlayer@@@std@@@2@$0A@@std@@@std@@QAE@XZ 004054f0 f i GamePlayer.obj
 0001:00004500       ??Dconst_iterator@?$_Tree@V?$_Tmap_traits@V?$basic_string@DU?$char_traits@D@std@@V?$allocator@D@2@@std@@PAVIPlayer@@U?$less@V?$basic_string@DU?$char_traits@D@std@@V?$allocator@D@2@@std@@@2@V?$allocator@U?$pair@$$CBV?$basic_string@DU?$char_traits@D@std@@V?$allocator@D@2@@std@@PAVIPlayer@@@std@@@2@$0A@@std@@@std@@QBEABU?$pair@$$CBV?$basic_string@DU?$char_traits@D@std@@V?$allocator@D@2@@std@@PAVIPlayer@@@2@XZ 00405500 f i GamePlayer.obj
 0001:00004530       ?max_size@?$vector@PAVICommand@@V?$allocator@PAVICommand@@@std@@@std@@QBEIXZ 00405530 f i GamePlayer.obj
 0001:00004540       ?allocate@?$allocator@PAVICommand@@@std@@QAEPAPAVICommand@@I@Z 00405540 f i GamePlayer.obj
 0001:00004560       ?max_size@?$_Tree@V?$_Tmap_traits@V?$basic_string@DU?$char_traits@D@std@@V?$allocator@D@2@@std@@PAVIPlayer@@U?$less@V?$basic_string@DU?$char_traits@D@std@@V?$allocator@D@2@@std@@@2@V?$allocator@U?$pair@$$CBV?$basic_string@DU?$char_traits@D@std@@V?$allocator@D@2@@std@@PAVIPlayer@@@std@@@2@$0A@@std@@@std@@QBEIXZ 00405560 f i GamePlayer.obj
 0001:00004570       ?destroy@?$allocator@PAU_Node@?$_Tree_nod@V?$_Tmap_traits@V?$basic_string@DU?$char_traits@D@std@@V?$allocator@D@2@@std@@PAVIPlayer@@U?$less@V?$basic_string@DU?$char_traits@D@std@@V?$allocator@D@2@@std@@@2@V?$allocator@U?$pair@$$CBV?$basic_string@DU?$char_traits@D@std@@V?$allocator@D@2@@std@@PAVIPlayer@@@std@@@2@$0A@@std@@@std@@@std@@QAEXPAPAU_Node@?$_Tree_nod@V?$_Tmap_traits@V?$basic_string@DU?$char_traits@D@std@@V?$allocator@D@2@@std@@PAVIPlayer@@U?$less@V?$basic_string@DU?$char_traits@D@std@@V?$allocator@D@2@@std@@@2@V?$allocator@U?$pair@$$CBV?$basic_string@DU?$char_traits@D@std@@V?$allocator@D@2@@std@@PAVIPlayer@@@std@@@2@$0A@@std@@@2@@Z 00405570 f i GamePlayer.obj
 0001:00004580       ?max_size@?$_Tree@V?$_Tmap_traits@JPAVCBuffer@Win32@OnlineGameLib@@U?$less@J@std@@V?$allocator@U?$pair@$$CBJPAVCBuffer@Win32@OnlineGameLib@@@std@@@5@$0A@@std@@@std@@QBEIXZ 00405580 f i GamePlayer.obj
 0001:00004590       ?_Erase@?$_Tree@V?$_Tmap_traits@JPAVCBuffer@Win32@OnlineGameLib@@U?$less@J@std@@V?$allocator@U?$pair@$$CBJPAVCBuffer@Win32@OnlineGameLib@@@std@@@5@$0A@@std@@@std@@IAEXPAU_Node@?$_Tree_nod@V?$_Tmap_traits@JPAVCBuffer@Win32@OnlineGameLib@@U?$less@J@std@@V?$allocator@U?$pair@$$CBJPAVCBuffer@Win32@OnlineGameLib@@@std@@@5@$0A@@std@@@2@@Z 00405590 f i GamePlayer.obj
 0001:000045d0       ?_Lbound@?$_Tree@V?$_Tmap_traits@JPAVCBuffer@Win32@OnlineGameLib@@U?$less@J@std@@V?$allocator@U?$pair@$$CBJPAVCBuffer@Win32@OnlineGameLib@@@std@@@5@$0A@@std@@@std@@IBEPAU_Node@?$_Tree_nod@V?$_Tmap_traits@JPAVCBuffer@Win32@OnlineGameLib@@U?$less@J@std@@V?$allocator@U?$pair@$$CBJPAVCBuffer@Win32@OnlineGameLib@@@std@@@5@$0A@@std@@@2@ABJ@Z 004055d0 f i GamePlayer.obj
 0001:00004600       ?destroy@?$allocator@PAU_Node@?$_Tree_nod@V?$_Tmap_traits@JPAVCBuffer@Win32@OnlineGameLib@@U?$less@J@std@@V?$allocator@U?$pair@$$CBJPAVCBuffer@Win32@OnlineGameLib@@@std@@@5@$0A@@std@@@std@@@std@@QAEXPAPAU_Node@?$_Tree_nod@V?$_Tmap_traits@JPAVCBuffer@Win32@OnlineGameLib@@U?$less@J@std@@V?$allocator@U?$pair@$$CBJPAVCBuffer@Win32@OnlineGameLib@@@std@@@5@$0A@@std@@@2@@Z 00405600 f i GamePlayer.obj
 0001:00004610       ??G?$_Vector_iterator@PAVICommand@@V?$allocator@PAVICommand@@@std@@@std@@QBEHABV?$_Vector_const_iterator@PAVICommand@@V?$allocator@PAVICommand@@@std@@@1@@Z 00405610 f i GamePlayer.obj
 0001:00004640       ??Econst_iterator@?$_Tree@V?$_Tmap_traits@JPAVCBuffer@Win32@OnlineGameLib@@U?$less@J@std@@V?$allocator@U?$pair@$$CBJPAVCBuffer@Win32@OnlineGameLib@@@std@@@5@$0A@@std@@@std@@QAEAAV012@XZ 00405640 f i GamePlayer.obj
 0001:00004650       ??Fconst_iterator@?$_Tree@V?$_Tmap_traits@JPAVCBuffer@Win32@OnlineGameLib@@U?$less@J@std@@V?$allocator@U?$pair@$$CBJPAVCBuffer@Win32@OnlineGameLib@@@std@@@5@$0A@@std@@@std@@QAEAAV012@XZ 00405650 f i GamePlayer.obj
 0001:00004660       ??Econst_iterator@?$_Tree@V?$_Tmap_traits@V?$basic_string@DU?$char_traits@D@std@@V?$allocator@D@2@@std@@PAVIPlayer@@U?$less@V?$basic_string@DU?$char_traits@D@std@@V?$allocator@D@2@@std@@@2@V?$allocator@U?$pair@$$CBV?$basic_string@DU?$char_traits@D@std@@V?$allocator@D@2@@std@@PAVIPlayer@@@std@@@2@$0A@@std@@@std@@QAEAAV012@XZ 00405660 f i GamePlayer.obj
 0001:00004670       ??Fconst_iterator@?$_Tree@V?$_Tmap_traits@V?$basic_string@DU?$char_traits@D@std@@V?$allocator@D@2@@std@@PAVIPlayer@@U?$less@V?$basic_string@DU?$char_traits@D@std@@V?$allocator@D@2@@std@@@2@V?$allocator@U?$pair@$$CBV?$basic_string@DU?$char_traits@D@std@@V?$allocator@D@2@@std@@PAVIPlayer@@@std@@@2@$0A@@std@@@std@@QAEAAV012@XZ 00405670 f i GamePlayer.obj
 0001:00004680       ?allocate@?$allocator@U_Node@?$_Tree_nod@V?$_Tmap_traits@V?$basic_string@DU?$char_traits@D@std@@V?$allocator@D@2@@std@@PAVIPlayer@@U?$less@V?$basic_string@DU?$char_traits@D@std@@V?$allocator@D@2@@std@@@2@V?$allocator@U?$pair@$$CBV?$basic_string@DU?$char_traits@D@std@@V?$allocator@D@2@@std@@PAVIPlayer@@@std@@@2@$0A@@std@@@std@@@std@@QAEPAU_Node@?$_Tree_nod@V?$_Tmap_traits@V?$basic_string@DU?$char_traits@D@std@@V?$allocator@D@2@@std@@PAVIPlayer@@U?$less@V?$basic_string@DU?$char_traits@D@std@@V?$allocator@D@2@@std@@@2@V?$allocator@U?$pair@$$CBV?$basic_string@DU?$char_traits@D@std@@V?$allocator@D@2@@std@@PAVIPlayer@@@std@@@2@$0A@@std@@@2@I@Z 00405680 f i GamePlayer.obj
 0001:000046a0       ?allocate@?$allocator@U_Node@?$_Tree_nod@V?$_Tmap_traits@JPAVCBuffer@Win32@OnlineGameLib@@U?$less@J@std@@V?$allocator@U?$pair@$$CBJPAVCBuffer@Win32@OnlineGameLib@@@std@@@5@$0A@@std@@@std@@@std@@QAEPAU_Node@?$_Tree_nod@V?$_Tmap_traits@JPAVCBuffer@Win32@OnlineGameLib@@U?$less@J@std@@V?$allocator@U?$pair@$$CBJPAVCBuffer@Win32@OnlineGameLib@@@std@@@5@$0A@@std@@@2@I@Z 004056a0 f i GamePlayer.obj
 0001:000046c0       ??Y?$_Vector_iterator@PAVICommand@@V?$allocator@PAVICommand@@@std@@@std@@QAEAAV01@H@Z 004056c0 f i GamePlayer.obj
 0001:00004700       ??0?$_Tree_nod@V?$_Tmap_traits@V?$basic_string@DU?$char_traits@D@std@@V?$allocator@D@2@@std@@PAVIPlayer@@U?$less@V?$basic_string@DU?$char_traits@D@std@@V?$allocator@D@2@@std@@@2@V?$allocator@U?$pair@$$CBV?$basic_string@DU?$char_traits@D@std@@V?$allocator@D@2@@std@@PAVIPlayer@@@std@@@2@$0A@@std@@@std@@IAE@ABU?$less@V?$basic_string@DU?$char_traits@D@std@@V?$allocator@D@2@@std@@@1@V?$allocator@U?$pair@$$CBV?$basic_string@DU?$char_traits@D@std@@V?$allocator@D@2@@std@@PAVIPlayer@@@std@@@1@@Z 00405700 f i GamePlayer.obj
 0001:00004710       ?construct@?$allocator@PAU_Node@?$_Tree_nod@V?$_Tmap_traits@V?$basic_string@DU?$char_traits@D@std@@V?$allocator@D@2@@std@@PAVIPlayer@@U?$less@V?$basic_string@DU?$char_traits@D@std@@V?$allocator@D@2@@std@@@2@V?$allocator@U?$pair@$$CBV?$basic_string@DU?$char_traits@D@std@@V?$allocator@D@2@@std@@PAVIPlayer@@@std@@@2@$0A@@std@@@std@@@std@@QAEXPAPAU_Node@?$_Tree_nod@V?$_Tmap_traits@V?$basic_string@DU?$char_traits@D@std@@V?$allocator@D@2@@std@@PAVIPlayer@@U?$less@V?$basic_string@DU?$char_traits@D@std@@V?$allocator@D@2@@std@@@2@V?$allocator@U?$pair@$$CBV?$basic_string@DU?$char_traits@D@std@@V?$allocator@D@2@@std@@PAVIPlayer@@@std@@@2@$0A@@std@@@2@ABQAU342@@Z 00405710 f i GamePlayer.obj
 0001:00004730       ??0?$_Tree_nod@V?$_Tmap_traits@JPAVCBuffer@Win32@OnlineGameLib@@U?$less@J@std@@V?$allocator@U?$pair@$$CBJPAVCBuffer@Win32@OnlineGameLib@@@std@@@5@$0A@@std@@@std@@IAE@ABU?$less@J@1@V?$allocator@U?$pair@$$CBJPAVCBuffer@Win32@OnlineGameLib@@@std@@@1@@Z 00405730 f i GamePlayer.obj
 0001:00004740       ?construct@?$allocator@PAU_Node@?$_Tree_nod@V?$_Tmap_traits@JPAVCBuffer@Win32@OnlineGameLib@@U?$less@J@std@@V?$allocator@U?$pair@$$CBJPAVCBuffer@Win32@OnlineGameLib@@@std@@@5@$0A@@std@@@std@@@std@@QAEXPAPAU_Node@?$_Tree_nod@V?$_Tmap_traits@JPAVCBuffer@Win32@OnlineGameLib@@U?$less@J@std@@V?$allocator@U?$pair@$$CBJPAVCBuffer@Win32@OnlineGameLib@@@std@@@5@$0A@@std@@@2@ABQAU342@@Z 00405740 f i GamePlayer.obj
 0001:00004760       ??0?$CTaskCommand@VCGamePlayer@@@@QAE@PAVCGamePlayer@@P81@AEIXZ@Z 00405760 f i GamePlayer.obj
 0001:00004780       ??1?$CTaskCommand@VCGamePlayer@@@@UAE@XZ 00405780 f i GamePlayer.obj
 0001:00004790       ?Execute@?$CTaskCommand@VCGamePlayer@@@@UAEIXZ 00405790 f i GamePlayer.obj
 0001:000047a0       ??_E?$CTaskCommand@VCGamePlayer@@@@UAEPAXI@Z 004057a0 f i GamePlayer.obj
 0001:000047a0       ??_G?$CTaskCommand@VCGamePlayer@@@@UAEPAXI@Z 004057a0 f i GamePlayer.obj
 0001:000047c0       ??$_Destroy_range@PAVICommand@@V?$allocator@PAVICommand@@@std@@@std@@YAXPAPAVICommand@@0AAV?$allocator@PAVICommand@@@0@@Z 004057c0 f i GamePlayer.obj
 0001:000047d0       ??0?$_Outit_with_base@U_Iterator_base@std@@@std@@QAE@XZ 004057d0 f i GamePlayer.obj
 0001:000047e0       ??$_Checked_base@PAPAVICommand@@@std@@YAPAPAVICommand@@AAPAPAV1@@Z 004057e0 f i GamePlayer.obj
 0001:000047f0       ??$_Move_backward_opt@PAPAVICommand@@PAPAV1@Urandom_access_iterator_tag@std@@U_Undefined_move_tag@3@@std@@YAPAPAVICommand@@PAPAV1@00Urandom_access_iterator_tag@0@U_Undefined_move_tag@0@U_Range_checked_iterator_tag@0@@Z 004057f0 f i GamePlayer.obj
 0001:00004820       ??$_Fill_n@PAPAVICommand@@IPAV1@@std@@YAXPAPAVICommand@@IABQAV1@Urandom_access_iterator_tag@0@U_Range_checked_iterator_tag@0@@Z 00405820 f i GamePlayer.obj
 0001:00004850       ??$unchecked_uninitialized_copy@PAPAVICommand@@PAPAV1@V?$allocator@PAVICommand@@@std@@@stdext@@YAPAPAVICommand@@PAPAV1@00AAV?$allocator@PAVICommand@@@std@@@Z 00405850 f i GamePlayer.obj
 0001:00004880       ??0strstreambuf@std@@QAE@H@Z 00405880 f i GamePlayer.obj
 0001:000048d0       ?egptr@?$basic_streambuf@DU?$char_traits@D@std@@@std@@IBEPADXZ 004058d0 f i GamePlayer.obj
 0001:000048e0       ??B?$fpos@H@std@@QBEJXZ    004058e0 f i GamePlayer.obj
 0001:000048f0       ?overflow@strstreambuf@std@@MAEHH@Z 004058f0 f i GamePlayer.obj
 0001:00004ab0       ?pbackfail@strstreambuf@std@@MAEHH@Z 00405ab0 f i GamePlayer.obj
 0001:00004b00       ?underflow@strstreambuf@std@@MAEHXZ 00405b00 f i GamePlayer.obj
 0001:00004b60       ?seekoff@strstreambuf@std@@MAE?AV?$fpos@H@2@JHH@Z 00405b60 f i GamePlayer.obj
 0001:00004cc0       ?seekpos@strstreambuf@std@@MAE?AV?$fpos@H@2@V32@H@Z 00405cc0 f i GamePlayer.obj
 0001:00004d90       ??1strstreambuf@std@@UAE@XZ 00405d90 f i GamePlayer.obj
 0001:00004e20       ??_Gstrstreambuf@std@@UAEPAXI@Z 00405e20 f i GamePlayer.obj
 0001:00004e20       ??_Estrstreambuf@std@@UAEPAXI@Z 00405e20 f i GamePlayer.obj
 0001:00004e40       ??1strstream@std@@UAE@XZ   00405e40 f i GamePlayer.obj
 0001:00004ed0       ??_Dstrstream@std@@QAEXXZ  00405ed0 f i GamePlayer.obj
 0001:00004ef0       ?_UnlockAccount@CGamePlayer@@IAE_NXZ 00405ef0 f   GamePlayer.obj
 0001:00005020       ?_VerifyAccount_ToPlayer@CGamePlayer@@IAE_NIK@Z 00406020 f   GamePlayer.obj
 0001:00005150       ?compare@?$basic_string@DU?$char_traits@D@std@@V?$allocator@D@2@@std@@QBEHABV12@@Z 00406150 f i GamePlayer.obj
 0001:00005190       ?compare@?$basic_string@DU?$char_traits@D@std@@V?$allocator@D@2@@std@@QBEHPBD@Z 00406190 f i GamePlayer.obj
 0001:000051c0       ?_Xsgetn_s@?$basic_streambuf@DU?$char_traits@D@std@@@std@@MAEHPADIH@Z 004061c0 f i GamePlayer.obj
 0001:00005260       ?xsputn@?$basic_streambuf@DU?$char_traits@D@std@@@std@@MAEHPBDH@Z 00406260 f i GamePlayer.obj
 0001:00005300       ?begin@?$vector@PAVICommand@@V?$allocator@PAVICommand@@@std@@@std@@QAE?AV?$_Vector_iterator@PAVICommand@@V?$allocator@PAVICommand@@@std@@@2@XZ 00406300 f i GamePlayer.obj
 0001:00005330       ?end@?$vector@PAVICommand@@V?$allocator@PAVICommand@@@std@@@std@@QAE?AV?$_Vector_iterator@PAVICommand@@V?$allocator@PAVICommand@@@std@@@2@XZ 00406330 f i GamePlayer.obj
 0001:00005360       ?begin@?$_Tree@V?$_Tmap_traits@V?$basic_string@DU?$char_traits@D@std@@V?$allocator@D@2@@std@@PAVIPlayer@@U?$less@V?$basic_string@DU?$char_traits@D@std@@V?$allocator@D@2@@std@@@2@V?$allocator@U?$pair@$$CBV?$basic_string@DU?$char_traits@D@std@@V?$allocator@D@2@@std@@PAVIPlayer@@@std@@@2@$0A@@std@@@std@@QAE?AViterator@12@XZ 00406360 f i GamePlayer.obj
 0001:00005380       ?end@?$_Tree@V?$_Tmap_traits@V?$basic_string@DU?$char_traits@D@std@@V?$allocator@D@2@@std@@PAVIPlayer@@U?$less@V?$basic_string@DU?$char_traits@D@std@@V?$allocator@D@2@@std@@@2@V?$allocator@U?$pair@$$CBV?$basic_string@DU?$char_traits@D@std@@V?$allocator@D@2@@std@@PAVIPlayer@@@std@@@2@$0A@@std@@@std@@QAE?AViterator@12@XZ 00406380 f i GamePlayer.obj
 0001:00005390       ?begin@?$_Tree@V?$_Tmap_traits@JPAVCBuffer@Win32@OnlineGameLib@@U?$less@J@std@@V?$allocator@U?$pair@$$CBJPAVCBuffer@Win32@OnlineGameLib@@@std@@@5@$0A@@std@@@std@@QAE?AViterator@12@XZ 00406390 f i GamePlayer.obj
 0001:000053b0       ?end@?$_Tree@V?$_Tmap_traits@JPAVCBuffer@Win32@OnlineGameLib@@U?$less@J@std@@V?$allocator@U?$pair@$$CBJPAVCBuffer@Win32@OnlineGameLib@@@std@@@5@$0A@@std@@@std@@QAE?AViterator@12@XZ 004063b0 f i GamePlayer.obj
 0001:000053c0       ??0?$_Vector_iterator@PAVICommand@@V?$allocator@PAVICommand@@@std@@@std@@QAE@XZ 004063c0 f i GamePlayer.obj
 0001:000053d0       ??E?$_Vector_iterator@PAVICommand@@V?$allocator@PAVICommand@@@std@@@std@@QAE?AV01@H@Z 004063d0 f i GamePlayer.obj
 0001:00005410       ??0iterator@?$_Tree@V?$_Tmap_traits@JPAVCBuffer@Win32@OnlineGameLib@@U?$less@J@std@@V?$allocator@U?$pair@$$CBJPAVCBuffer@Win32@OnlineGameLib@@@std@@@5@$0A@@std@@@std@@QAE@XZ 00406410 f i GamePlayer.obj
 0001:00005420       ??Diterator@?$_Tree@V?$_Tmap_traits@JPAVCBuffer@Win32@OnlineGameLib@@U?$less@J@std@@V?$allocator@U?$pair@$$CBJPAVCBuffer@Win32@OnlineGameLib@@@std@@@5@$0A@@std@@@std@@QBEAAU?$pair@$$CBJPAVCBuffer@Win32@OnlineGameLib@@@2@XZ 00406420 f i GamePlayer.obj
 0001:00005450       ??0iterator@?$_Tree@V?$_Tmap_traits@V?$basic_string@DU?$char_traits@D@std@@V?$allocator@D@2@@std@@PAVIPlayer@@U?$less@V?$basic_string@DU?$char_traits@D@std@@V?$allocator@D@2@@std@@@2@V?$allocator@U?$pair@$$CBV?$basic_string@DU?$char_traits@D@std@@V?$allocator@D@2@@std@@PAVIPlayer@@@std@@@2@$0A@@std@@@std@@QAE@XZ 00406450 f i GamePlayer.obj
 0001:00005460       ??Diterator@?$_Tree@V?$_Tmap_traits@V?$basic_string@DU?$char_traits@D@std@@V?$allocator@D@2@@std@@PAVIPlayer@@U?$less@V?$basic_string@DU?$char_traits@D@std@@V?$allocator@D@2@@std@@@2@V?$allocator@U?$pair@$$CBV?$basic_string@DU?$char_traits@D@std@@V?$allocator@D@2@@std@@PAVIPlayer@@@std@@@2@$0A@@std@@@std@@QBEAAU?$pair@$$CBV?$basic_string@DU?$char_traits@D@std@@V?$allocator@D@2@@std@@PAVIPlayer@@@2@XZ 00406460 f i GamePlayer.obj
 0001:00005490       ?clear@?$_Tree@V?$_Tmap_traits@JPAVCBuffer@Win32@OnlineGameLib@@U?$less@J@std@@V?$allocator@U?$pair@$$CBJPAVCBuffer@Win32@OnlineGameLib@@@std@@@5@$0A@@std@@@std@@QAEXXZ 00406490 f i GamePlayer.obj
 0001:000054c0       ?lower_bound@?$_Tree@V?$_Tmap_traits@JPAVCBuffer@Win32@OnlineGameLib@@U?$less@J@std@@V?$allocator@U?$pair@$$CBJPAVCBuffer@Win32@OnlineGameLib@@@std@@@5@$0A@@std@@@std@@QAE?AViterator@12@ABJ@Z 004064c0 f i GamePlayer.obj
 0001:00005500       ??Eiterator@?$_Tree@V?$_Tmap_traits@JPAVCBuffer@Win32@OnlineGameLib@@U?$less@J@std@@V?$allocator@U?$pair@$$CBJPAVCBuffer@Win32@OnlineGameLib@@@std@@@5@$0A@@std@@@std@@QAEAAV012@XZ 00406500 f i GamePlayer.obj
 0001:00005510       ??Fiterator@?$_Tree@V?$_Tmap_traits@JPAVCBuffer@Win32@OnlineGameLib@@U?$less@J@std@@V?$allocator@U?$pair@$$CBJPAVCBuffer@Win32@OnlineGameLib@@@std@@@5@$0A@@std@@@std@@QAEAAV012@XZ 00406510 f i GamePlayer.obj
 0001:00005520       ??Eiterator@?$_Tree@V?$_Tmap_traits@V?$basic_string@DU?$char_traits@D@std@@V?$allocator@D@2@@std@@PAVIPlayer@@U?$less@V?$basic_string@DU?$char_traits@D@std@@V?$allocator@D@2@@std@@@2@V?$allocator@U?$pair@$$CBV?$basic_string@DU?$char_traits@D@std@@V?$allocator@D@2@@std@@PAVIPlayer@@@std@@@2@$0A@@std@@@std@@QAEAAV012@XZ 00406520 f i GamePlayer.obj
[...]
 0001:00048113       __unwindfunclet$?GetCurrentDirectoryA@Win32@OnlineGameLib@@YA?AV?$basic_string@DU?$char_traits@D@std@@V?$allocator@D@2@@std@@XZ$2 00449113 f   common:Utils.obj
 0001:0004811b       __ehhandler$?GetCurrentDirectoryA@Win32@OnlineGameLib@@YA?AV?$basic_string@DU?$char_traits@D@std@@V?$allocator@D@2@@std@@XZ 0044911b f   common:Utils.obj
 0001:00048140       __unwindfunclet$?DumpData@Win32@OnlineGameLib@@YA?AV?$basic_string@DU?$char_traits@D@std@@V?$allocator@D@2@@std@@QBEII@Z$0 00449140 f   common:Utils.obj
 0001:00048162       __unwindfunclet$?DumpData@Win32@OnlineGameLib@@YA?AV?$basic_string@DU?$char_traits@D@std@@V?$allocator@D@2@@std@@QBEII@Z$1 00449162 f   common:Utils.obj
 0001:0004816a       __unwindfunclet$?DumpData@Win32@OnlineGameLib@@YA?AV?$basic_string@DU?$char_traits@D@std@@V?$allocator@D@2@@std@@QBEII@Z$2 0044916a f   common:Utils.obj
 0001:00048172       __unwindfunclet$?DumpData@Win32@OnlineGameLib@@YA?AV?$basic_string@DU?$char_traits@D@std@@V?$allocator@D@2@@std@@QBEII@Z$3 00449172 f   common:Utils.obj
 0001:0004817a       __unwindfunclet$?DumpData@Win32@OnlineGameLib@@YA?AV?$basic_string@DU?$char_traits@D@std@@V?$allocator@D@2@@std@@QBEII@Z$4 0044917a f   common:Utils.obj
 0001:00048185       __unwindfunclet$?DumpData@Win32@OnlineGameLib@@YA?AV?$basic_string@DU?$char_traits@D@std@@V?$allocator@D@2@@std@@QBEII@Z$5 00449185 f   common:Utils.obj
 0001:0004818d       __unwindfunclet$?DumpData@Win32@OnlineGameLib@@YA?AV?$basic_string@DU?$char_traits@D@std@@V?$allocator@D@2@@std@@QBEII@Z$6 0044918d f   common:Utils.obj
 0001:00048195       __unwindfunclet$?DumpData@Win32@OnlineGameLib@@YA?AV?$basic_string@DU?$char_traits@D@std@@V?$allocator@D@2@@std@@QBEII@Z$7 00449195 f   common:Utils.obj
 0001:000481a0       __ehhandler$?DumpData@Win32@OnlineGameLib@@YA?AV?$basic_string@DU?$char_traits@D@std@@V?$allocator@D@2@@std@@QBEII@Z 004491a0 f   common:Utils.obj
 0001:000481d0       __unwindfunclet$?GetComputerNameA@Win32@OnlineGameLib@@YA?AV?$basic_string@DU?$char_traits@D@std@@V?$allocator@D@2@@std@@XZ$0 004491d0 f   common:Utils.obj
 0001:000481de       __ehhandler$?GetComputerNameA@Win32@OnlineGameLib@@YA?AV?$basic_string@DU?$char_traits@D@std@@V?$allocator@D@2@@std@@XZ 004491de f   common:Utils.obj
 0001:00048210       __unwindfunclet$?GetModuleFileNameA@Win32@OnlineGameLib@@YA?AV?$basic_string@DU?$char_traits@D@std@@V?$allocator@D@2@@std@@PAUHINSTANCE__@@@Z$0 00449210 f   common:Utils.obj
 0001:0004821e       __ehhandler$?GetModuleFileNameA@Win32@OnlineGameLib@@YA?AV?$basic_string@DU?$char_traits@D@std@@V?$allocator@D@2@@std@@PAUHINSTANCE__@@@Z 0044921e f   common:Utils.obj
 0001:00048250       __unwindfunclet$?GetUserNameA@Win32@OnlineGameLib@@YA?AV?$basic_string@DU?$char_traits@D@std@@V?$allocator@D@2@@std@@XZ$0 00449250 f   common:Utils.obj
 0001:0004825e       __ehhandler$?GetUserNameA@Win32@OnlineGameLib@@YA?AV?$basic_string@DU?$char_traits@D@std@@V?$allocator@D@2@@std@@XZ 0044925e f   common:Utils.obj
 0001:00048290       __unwindfunclet$?GetFileVersion@Win32@OnlineGameLib@@YA?AV?$basic_string@DU?$char_traits@D@std@@V?$allocator@D@2@@std@@XZ$2 00449290 f   common:Utils.obj
 0001:00048298       __unwindfunclet$?GetFileVersion@Win32@OnlineGameLib@@YA?AV?$basic_string@DU?$char_traits@D@std@@V?$allocator@D@2@@std@@XZ$3 00449298 f   common:Utils.obj
 0001:000482a3       __unwindfunclet$?GetFileVersion@Win32@OnlineGameLib@@YA?AV?$basic_string@DU?$char_traits@D@std@@V?$allocator@D@2@@std@@XZ$4 004492a3 f   common:Utils.obj
 0001:000482ab       __ehhandler$?GetFileVersion@Win32@OnlineGameLib@@YA?AV?$basic_string@DU?$char_traits@D@std@@V?$allocator@D@2@@std@@XZ 004492ab f   common:Utils.obj
 0001:000482e0       __unwindfunclet$??1?$basic_filebuf@DU?$char_traits@D@std@@@std@@UAE@XZ$0 004492e0 f   common:Utils.obj
 0001:000482e8       __ehhandler$??1?$basic_filebuf@DU?$char_traits@D@std@@@std@@UAE@XZ 004492e8 f   common:Utils.obj
 0001:00048310       __unwindfunclet$??0?$codecvt@DDH@std@@QAE@I@Z$0 00449310 f   common:Utils.obj
 0001:0004831b       __ehhandler$??0?$codecvt@DDH@std@@QAE@I@Z 0044931b f   common:Utils.obj
 0001:00048350       __unwindfunclet$??1?$basic_fstream@DU?$char_traits@D@std@@@std@@UAE@XZ$0 00449350 f   common:Utils.obj
 0001:0004835b       __ehhandler$??1?$basic_fstream@DU?$char_traits@D@std@@@std@@UAE@XZ 0044935b f   common:Utils.obj
 0001:00048380       __unwindfunclet$?_Getcat@?$codecvt@DDH@std@@SAIPAPBVfacet@locale@2@@Z$0 00449380 f   common:Utils.obj
 0001:0004838b       __ehhandler$?_Getcat@?$codecvt@DDH@std@@SAIPAPBVfacet@locale@2@@Z 0044938b f   common:Utils.obj
 0001:000483b0       __unwindfunclet$??$use_facet@V?$codecvt@DDH@std@@@std@@YAABV?$codecvt@DDH@0@ABVlocale@0@@Z$0 004493b0 f   common:Utils.obj
 0001:000483b8       __ehhandler$??$use_facet@V?$codecvt@DDH@std@@@std@@YAABV?$codecvt@DDH@0@ABVlocale@0@@Z 004493b8 f   common:Utils.obj
 0001:000483e0       __unwindfunclet$??0?$basic_fstream@DU?$char_traits@D@std@@@std@@QAE@XZ$0 004493e0 f   common:Utils.obj
 0001:000483fc       __unwindfunclet$??0?$basic_fstream@DU?$char_traits@D@std@@@std@@QAE@XZ$1 004493fc f   common:Utils.obj
 0001:00048407       __ehhandler$??0?$basic_fstream@DU?$char_traits@D@std@@@std@@QAE@XZ 00449407 f   common:Utils.obj
 0001:00048430       __unwindfunclet$??0CLibrary@Win32@OnlineGameLib@@QAE@QBD@Z$0 00449430 f   common:Library.obj
 0001:0004843b       __ehhandler$??0CLibrary@Win32@OnlineGameLib@@QAE@QBD@Z 0044943b f   common:Library.obj
 0001:00048460       __unwindfunclet$??$_Construct@V?$basic_string@DU?$char_traits@D@std@@V?$allocator@D@2@@std@@V12@@std@@YAXPAV?$basic_string@DU?$char_traits@D@std@@V?$allocator@D@2@@0@ABV10@@Z$0 00449460 f   common:IniFile.obj
 0001:00048471       __ehhandler$??$_Construct@V?$basic_string@DU?$char_traits@D@std@@V?$allocator@D@2@@std@@V12@@std@@YAXPAV?$basic_string@DU?$char_traits@D@std@@V?$allocator@D@2@@0@ABV10@@Z 00449471 f   common:IniFile.obj
 0001:00048490       __unwindfunclet$??$_Uninit_fill_n@PAV?$basic_string@DU?$char_traits@D@std@@V?$allocator@D@2@@std@@IV12@V?$allocator@V?$basic_string@DU?$char_traits@D@std@@V?$allocator@D@2@@std@@@2@@std@@YAXPAV?$basic_string@DU?$char_traits@D@std@@V?$allocator@D@2@@0@IABV10@AAV?$allocator@V?$basic_string@DU?$char_traits@D@std@@V?$allocator@D@2@@std@@@0@U_Nonscalar_ptr_iterator_tag@0@U_Range_checked_iterator_tag@0@@Z$2 00449490 f   common:IniFile.obj
 0001:000484a1       __ehhandler$??$_Uninit_fill_n@PAV?$basic_string@DU?$char_traits@D@std@@V?$allocator@D@2@@std@@IV12@V?$allocator@V?$basic_string@DU?$char_traits@D@std@@V?$allocator@D@2@@std@@@2@@std@@YAXPAV?$basic_string@DU?$char_traits@D@std@@V?$allocator@D@2@@0@IABV10@AAV?$allocator@V?$basic_string@DU?$char_traits@D@std@@V?$allocator@D@2@@std@@@0@U_Nonscalar_ptr_iterator_tag@0@U_Range_checked_iterator_tag@0@@Z 004494a1 f   common:IniFile.obj
 0001:000484c0       __unwindfunclet$??$_Uninit_move@PAV?$basic_string@DU?$char_traits@D@std@@V?$allocator@D@2@@std@@PAV12@V?$allocator@V?$basic_string@DU?$char_traits@D@std@@V?$allocator@D@2@@std@@@2@@std@@YAPAV?$basic_string@DU?$char_traits@D@std@@V?$allocator@D@2@@0@PAV10@00AAV?$allocator@V?$basic_string@DU?$char_traits@D@std@@V?$allocator@D@2@@std@@@0@U_Swap_move_tag@0@U_Range_checked_iterator_tag@0@@Z$2 004494c0 f   common:IniFile.obj
 0001:000484c8       __unwindfunclet$??$_Uninit_move@PAV?$basic_string@DU?$char_traits@D@std@@V?$allocator@D@2@@std@@PAV12@V?$allocator@V?$basic_string@DU?$char_traits@D@std@@V?$allocator@D@2@@std@@@2@@std@@YAPAV?$basic_string@DU?$char_traits@D@std@@V?$allocator@D@2@@0@PAV10@00AAV?$allocator@V?$basic_string@DU?$char_traits@D@std@@V?$allocator@D@2@@std@@@0@U_Swap_move_tag@0@U_Range_checked_iterator_tag@0@@Z$3 004494c8 f   common:IniFile.obj
 0001:000484d9       __ehhandler$??$_Uninit_move@PAV?$basic_string@DU?$char_traits@D@std@@V?$allocator@D@2@@std@@PAV12@V?$allocator@V?$basic_string@DU?$char_traits@D@std@@V?$allocator@D@2@@std@@@2@@std@@YAPAV?$basic_string@DU?$char_traits@D@std@@V?$allocator@D@2@@0@PAV10@00AAV?$allocator@V?$basic_string@DU?$char_traits@D@std@@V?$allocator@D@2@@std@@@0@U_Swap_move_tag@0@U_Range_checked_iterator_tag@0@@Z 004494d9 f   common:IniFile.obj
 0001:00048500       __unwindfunclet$?_Insert_n@?$vector@V?$basic_string@DU?$char_traits@D@std@@V?$allocator@D@2@@std@@V?$allocator@V?$basic_string@DU?$char_traits@D@std@@V?$allocator@D@2@@std@@@2@@std@@IAEXV?$_Vector_iterator@V?$basic_string@DU?$char_traits@D@std@@V?$allocator@D@2@@std@@V?$allocator@V?$basic_string@DU?$char_traits@D@std@@V?$allocator@D@2@@std@@@2@@2@IABV?$basic_string@DU?$char_traits@D@std@@V?$allocator@D@2@@2@@Z$4 00449500 f   common:IniFile.obj
 0001:00048508       __ehhandler$?_Insert_n@?$vector@V?$basic_string@DU?$char_traits@D@std@@V?$allocator@D@2@@std@@V?$allocator@V?$basic_string@DU?$char_traits@D@std@@V?$allocator@D@2@@std@@@2@@std@@IAEXV?$_Vector_iterator@V?$basic_string@DU?$char_traits@D@std@@V?$allocator@D@2@@std@@V?$allocator@V?$basic_string@DU?$char_traits@D@std@@V?$allocator@D@2@@std@@@2@@2@IABV?$basic_string@DU?$char_traits@D@std@@V?$allocator@D@2@@2@@Z 00449508 f   common:IniFile.obj
 0001:00048530       __unwindfunclet$?ReadSections@CIniFile@Win32@OnlineGameLib@@QAEHAAV?$vector@V?$basic_string@DU?$char_traits@D@std@@V?$allocator@D@2@@std@@V?$allocator@V?$basic_string@DU?$char_traits@D@std@@V?$allocator@D@2@@std@@@2@@std@@@Z$0 00449530 f   common:IniFile.obj
 0001:00048538       __ehhandler$?ReadSections@CIniFile@Win32@OnlineGameLib@@QAEHAAV?$vector@V?$basic_string@DU?$char_traits@D@std@@V?$allocator@D@2@@std@@V?$allocator@V?$basic_string@DU?$char_traits@D@std@@V?$allocator@D@2@@std@@@2@@std@@@Z 00449538 f   common:IniFile.obj
 0001:00048560       __unwindfunclet$?ReadSection@CIniFile@Win32@OnlineGameLib@@QAEHPBDAAV?$vector@V?$basic_string@DU?$char_traits@D@std@@V?$allocator@D@2@@std@@V?$allocator@V?$basic_string@DU?$char_traits@D@std@@V?$allocator@D@2@@std@@@2@@std@@@Z$0 00449560 f   common:IniFile.obj
 0001:00048568       __ehhandler$?ReadSection@CIniFile@Win32@OnlineGameLib@@QAEHPBDAAV?$vector@V?$basic_string@DU?$char_traits@D@std@@V?$allocator@D@2@@std@@V?$allocator@V?$basic_string@DU?$char_traits@D@std@@V?$allocator@D@2@@std@@@2@@std@@@Z 00449568 f   common:IniFile.obj
 0001:00048583       __unwindfunclet$?_Xlen@_String_base@std@@SAXXZ$0 00449583 f   libcpmt:string.obj
 0001:0004858b       __ehhandler$?_Xlen@_String_base@std@@SAXXZ 0044958b f   libcpmt:string.obj
 0001:000485a6       __unwindfunclet$?_Xran@_String_base@std@@SAXXZ$0 004495a6 f   libcpmt:string.obj
 0001:000485ae       __ehhandler$?_Xran@_String_base@std@@SAXXZ 004495ae f   libcpmt:string.obj
 0001:000485c9       __unwindfunclet$?_Xinvarg@_String_base@std@@SAXXZ$0 004495c9 f   libcpmt:string.obj
 0001:000485d1       __ehhandler$?_Xinvarg@_String_base@std@@SAXXZ 004495d1 f   libcpmt:string.obj
 0001:000485ec       __unwindfunclet$?_Locimp_dtor@_Locimp@locale@std@@CAXPAV123@@Z$0 004495ec f   libcpmt:locale0.obj
 0001:000485f4       __ehhandler$?_Locimp_dtor@_Locimp@locale@std@@CAXPAV123@@Z 004495f4 f   libcpmt:locale0.obj
 0001:0004860f       __unwindfunclet$??0_Locimp@locale@std@@AAE@_N@Z$0 0044960f f   libcpmt:locale0.obj
 0001:00048617       __ehhandler$??0_Locimp@locale@std@@AAE@_N@Z 00449617 f   libcpmt:locale0.obj
 0001:00048632       __unwindfunclet$??1_Locimp@locale@std@@MAE@XZ$0 00449632 f   libcpmt:locale0.obj
 0001:0004863a       __unwindfunclet$??1_Locimp@locale@std@@MAE@XZ$1 0044963a f   libcpmt:locale0.obj
 0001:00048645       __ehhandler$??1_Locimp@locale@std@@MAE@XZ 00449645 f   libcpmt:locale0.obj
 0001:00048660       __unwindfunclet$?_Init@locale@std@@CAPAV_Locimp@12@XZ$0 00449660 f   libcpmt:locale0.obj
 0001:00048668       __unwindfunclet$?_Init@locale@std@@CAPAV_Locimp@12@XZ$1 00449668 f   libcpmt:locale0.obj
 0001:00048672       __ehhandler$?_Init@locale@std@@CAPAV_Locimp@12@XZ 00449672 f   libcpmt:locale0.obj
 0001:0004868d       __unwindfunclet$?empty@locale@std@@SA?AV12@XZ$0 0044968d f   libcpmt:locale0.obj
 0001:00048697       __ehhandler$?empty@locale@std@@SA?AV12@XZ 00449697 f   libcpmt:locale0.obj
 0001:000486b2       __ehhandler$?CallUnexpected@@YAXPBU_s_ESTypeList@@@Z 004496b2 f   LIBCMT:frame.obj
 0001:000486d0       ??__E?m_theNetwork@CBishopApp@@0VCNetwork@@A@@YAXXZ 004496d0 f   Application.obj
 0001:000486f0       ??__E?m_theGlobalAllocator@CGamePlayer@@0VAllocator@CBuffer@Win32@OnlineGameLib@@A@@YAXXZ 004496f0 f   GamePlayer.obj
 0001:00048710       ??__E?m_csMapSP@CGamePlayer@@0VCCriticalSection@Win32@OnlineGameLib@@A@@YAXXZ 00449710 f   GamePlayer.obj
 0001:00048730       ??__E?m_sthePlayerTable@CGamePlayer@@0V?$map@V?$basic_string@DU?$char_traits@D@std@@V?$allocator@D@2@@std@@PAVIPlayer@@U?$less@V?$basic_string@DU?$char_traits@D@std@@V?$allocator@D@2@@std@@@2@V?$allocator@U?$pair@$$CBV?$basic_string@DU?$char_traits@D@std@@V?$allocator@D@2@@std@@PAVIPlayer@@@std@@@2@@std@@A@@YAXXZ 00449730 f   GamePlayer.obj
 0001:00048770       ??__E?m_thePlayerCreator@CGamePlayer@@0VCPlayerCreator@@A@@YAXXZ 00449770 f   GamePlayer.obj
 0001:00048790       ??__E?m_theGlobalAllocator@CGameServer@@0VAllocator@CBuffer@Win32@OnlineGameLib@@A@@YAXXZ 00449790 f   GameServer.obj
 0001:000487b0       ??__E?m_csMapIDAction@CGameServer@@0VCCriticalSection@Win32@OnlineGameLib@@A@@YAXXZ 004497b0 f   GameServer.obj
 0001:000487d0       ??__E?m_theMapIDConvert@CGameServer@@0V?$map@IV?$list@PAVIGServer@@V?$allocator@PAVIGServer@@@std@@@std@@U?$less@I@2@V?$allocator@U?$pair@$$CBIV?$list@PAVIGServer@@V?$allocator@PAVIGServer@@@std@@@std@@@std@@@2@@std@@A@@YAXXZ 004497d0 f   GameServer.obj
 0001:00048810       ??__E?m_shQuitEvent@CGameServer@@0VCEvent@Win32@OnlineGameLib@@A@@YAXXZ 00449810 f   GameServer.obj
 0001:00048830       ??__E?m_shStartupManagerThreadEvent@CGameServer@@0VCEvent@Win32@OnlineGameLib@@A@@YAXXZ 00449830 f   GameServer.obj
 0001:00048850       ??__E?m_theGameServers@CGameServer@@0V?$map@IPAVIGServer@@U?$less@I@std@@V?$allocator@U?$pair@$$CBIPAVIGServer@@@std@@@3@@std@@A@@YAXXZ 00449850 f   GameServer.obj
 0001:00048890       ??__E?m_csGameSvrAction@CGameServer@@0VCCriticalSection@Win32@OnlineGameLib@@A@@YAXXZ 00449890 f   GameServer.obj
 0001:000488b0       ??__E?m_theHeavenLib@CIntercessor@@1VCLibrary@Win32@OnlineGameLib@@A@@YAXXZ 004498b0 f   Intercessor.obj
 0001:000488d0       ??__E?m_theRainbowLib@CIntercessor@@1VCLibrary@Win32@OnlineGameLib@@A@@YAXXZ 004498d0 f   Intercessor.obj
 0001:000488f0       ??__E?m_theHeavenLib@CNetwork@@1VCLibrary@Win32@OnlineGameLib@@A@@YAXXZ 004498f0 f   Network.obj
 0001:00048910       ??__E?m_theRainbowLib@CNetwork@@1VCLibrary@Win32@OnlineGameLib@@A@@YAXXZ 00449910 f   Network.obj
 0001:00048930       ??__E?m_theRainbowLib@CSmartClient@@0VCLibrary@Win32@OnlineGameLib@@A@@YAXXZ 00449930 f   SmartClient.obj
 0001:00048950       ??__Eg_theSmartClient@@YAXXZ 00449950 f   SmartClient.obj
 0001:00048970       ??__Es_criticalSection@Win32@OnlineGameLib@@YAXXZ 00449970 f   common:Utils.obj
 0001:00048990       ??__Es_debugOut@Win32@OnlineGameLib@@YAXXZ 00449990 f   common:Utils.obj
 0001:000489b0       ??__Es_logFileName@Win32@OnlineGameLib@@YAXXZ 004499b0 f   common:Utils.obj
 0001:000489cd       ??__Einitlocks@std@@YAXXZ  004499cd f   libcpmt:xlock.obj
 0001:000489e3       ??__Eclassic_locale@std@@YAXXZ 004499e3 f   libcpmt:locale0.obj
 0001:000489ef       ??__Einitlocks@std@@YAXXZ  004499ef f   libcpmt:iosptrs.obj
 0001:00048a05       ??__Einit_atexit@@YAXXZ    00449a05 f   libcpmt:iosptrs.obj
 0001:00048a20       ??__F?m_theNetwork@CBishopApp@@0VCNetwork@@A@@YAXXZ 00449a20 f   Application.obj
 0001:00048a30       ??__F?m_theGlobalAllocator@CGamePlayer@@0VAllocator@CBuffer@Win32@OnlineGameLib@@A@@YAXXZ 00449a30 f   GamePlayer.obj
 0001:00048a40       ??__F?m_csMapSP@CGamePlayer@@0VCCriticalSection@Win32@OnlineGameLib@@A@@YAXXZ 00449a40 f   GamePlayer.obj
 0001:00048a50       ??__F?m_thePlayerCreator@CGamePlayer@@0VCPlayerCreator@@A@@YAXXZ 00449a50 f   GamePlayer.obj
 0001:00048a60       ??__F?m_sthePlayerTable@CGamePlayer@@0V?$map@V?$basic_string@DU?$char_traits@D@std@@V?$allocator@D@2@@std@@PAVIPlayer@@U?$less@V?$basic_string@DU?$char_traits@D@std@@V?$allocator@D@2@@std@@@2@V?$allocator@U?$pair@$$CBV?$basic_string@DU?$char_traits@D@std@@V?$allocator@D@2@@std@@PAVIPlayer@@@std@@@2@@std@@A@@YAXXZ 00449a60 f   GamePlayer.obj
 0001:00048aa0       ??__F?m_theGlobalAllocator@CGameServer@@0VAllocator@CBuffer@Win32@OnlineGameLib@@A@@YAXXZ 00449aa0 f   GameServer.obj
 0001:00048ab0       ??__F?m_csMapIDAction@CGameServer@@0VCCriticalSection@Win32@OnlineGameLib@@A@@YAXXZ 00449ab0 f   GameServer.obj
 0001:00048ac0       ??__F?m_shQuitEvent@CGameServer@@0VCEvent@Win32@OnlineGameLib@@A@@YAXXZ 00449ac0 f   GameServer.obj
 0001:00048ad0       ??__F?m_shStartupManagerThreadEvent@CGameServer@@0VCEvent@Win32@OnlineGameLib@@A@@YAXXZ 00449ad0 f   GameServer.obj
 0001:00048ae0       ??__F?m_csGameSvrAction@CGameServer@@0VCCriticalSection@Win32@OnlineGameLib@@A@@YAXXZ 00449ae0 f   GameServer.obj
 0001:00048af0       ??__F?m_theGameServers@CGameServer@@0V?$map@IPAVIGServer@@U?$less@I@std@@V?$allocator@U?$pair@$$CBIPAVIGServer@@@std@@@3@@std@@A@@YAXXZ 00449af0 f   GameServer.obj
 0001:00048b30       ??__F?m_theMapIDConvert@CGameServer@@0V?$map@IV?$list@PAVIGServer@@V?$allocator@PAVIGServer@@@std@@@std@@U?$less@I@2@V?$allocator@U?$pair@$$CBIV?$list@PAVIGServer@@V?$allocator@PAVIGServer@@@std@@@std@@@std@@@2@@std@@A@@YAXXZ 00449b30 f   GameServer.obj
 0001:00048b70       ??__F?m_theHeavenLib@CIntercessor@@1VCLibrary@Win32@OnlineGameLib@@A@@YAXXZ 00449b70 f   Intercessor.obj
 0001:00048b80       ??__F?m_theRainbowLib@CIntercessor@@1VCLibrary@Win32@OnlineGameLib@@A@@YAXXZ 00449b80 f   Intercessor.obj
 0001:00048b90       ??__F?m_theHeavenLib@CNetwork@@1VCLibrary@Win32@OnlineGameLib@@A@@YAXXZ 00449b90 f   Network.obj
 0001:00048ba0       ??__F?m_theRainbowLib@CNetwork@@1VCLibrary@Win32@OnlineGameLib@@A@@YAXXZ 00449ba0 f   Network.obj
 0001:00048bb0       ??__F?m_theRainbowLib@CSmartClient@@0VCLibrary@Win32@OnlineGameLib@@A@@YAXXZ 00449bb0 f   SmartClient.obj
 0001:00048bc0       ??__Fg_theSmartClient@@YAXXZ 00449bc0 f   SmartClient.obj
 0001:00048bd0       ??__Fs_criticalSection@Win32@OnlineGameLib@@YAXXZ 00449bd0 f   common:Utils.obj
 0001:00048be0       ??__Fs_logFileName@Win32@OnlineGameLib@@YAXXZ 00449be0 f   common:Utils.obj
 0001:00048c10       ??__Fname@?1??GetAppFullPath@Win32@OnlineGameLib@@YA?AV?$basic_string@DU?$char_traits@D@std@@V?$allocator@D@2@@std@@PAUHINSTANCE__@@@Z@YAXXZ 00449c10 f   common:Utils.obj
 0001:00048c40       ??__Fname@?1??GetComputerNameA@Win32@OnlineGameLib@@YA?AV?$basic_string@DU?$char_traits@D@std@@V?$allocator@D@2@@std@@XZ@YAXXZ 00449c40 f   common:Utils.obj
 0001:00048c70       ??__Fname@?1??GetModuleFileNameA@Win32@OnlineGameLib@@YA?AV?$basic_string@DU?$char_traits@D@std@@V?$allocator@D@2@@std@@PAUHINSTANCE__@@@Z@YAXXZ 00449c70 f   common:Utils.obj
 0001:00048ca0       ??__Fname@?1??GetUserNameA@Win32@OnlineGameLib@@YA?AV?$basic_string@DU?$char_traits@D@std@@V?$allocator@D@2@@std@@XZ@YAXXZ 00449ca0 f   common:Utils.obj
 0001:00048cd0       ??__Fversion@?1??GetFileVersion@Win32@OnlineGameLib@@YA?AV?$basic_string@DU?$char_traits@D@std@@V?$allocator@D@2@@std@@XZ@YAXXZ 00449cd0 f   common:Utils.obj
 0001:00048d00       ??__Fs_debugOut@Win32@OnlineGameLib@@YAXXZ 00449d00 f   common:Utils.obj
 0001:00048d20       ??__Finitlocks@std@@YAXXZ  00449d20 f   libcpmt:xlock.obj
 0001:00048d2a       ??__Fclassic_locale@std@@YAXXZ 00449d2a f   libcpmt:locale0.obj
 0001:00048d34       ??__Finitlocks@std@@YAXXZ  00449d34 f   libcpmt:iosptrs.obj
 0001:00048d3e       ??__Finit_atexit@@YAXXZ    00449d3e f   libcpmt:iosptrs.obj
 0001:00048d48       ??__Fnomem@?5???2@YAPAXI@Z@YAXXZ 00449d48 f   LIBCMT:new.obj
