 FilterText

 Timestamp is 507eb4a4 (Wed Oct 17 20:37:40 2012)

 Preferred load address is 10000000

 Start         Length     Name                   Class
 0001:00000000 00004406H .text                   CODE
 0001:00004410 00000442H .text$x                 CODE
 0002:00000000 00000128H .idata$5                DATA
 0002:00000128 00000004H .CRT$XCA                DATA
 0002:0000012c 00000004H .CRT$XCZ                DATA
 0002:00000130 00000004H .CRT$XIA                DATA
 0002:00000134 00000004H .CRT$XIAA               DATA
 0002:00000138 00000004H .CRT$XIZ                DATA
 0002:00000140 00000418H .rdata                  DATA
 0002:00000558 0000005cH .rdata$debug            DATA
 0002:000005b4 000003d0H .rdata$r                DATA
 0002:00000990 00000058H .rdata$sxdata           DATA
 0002:000009e8 00000004H .rtc$IAA                DATA
 0002:000009ec 00000004H .rtc$IZZ                DATA
 0002:000009f0 00000004H .rtc$TAA                DATA
 0002:000009f4 00000004H .rtc$TZZ                DATA
 0002:000009f8 0000068cH .xdata$x                DATA
 0002:00001084 0000003cH .idata$2                DATA
 0002:000010c0 00000014H .idata$3                DATA
 0002:000010d4 00000128H .idata$4                DATA
 0002:000011fc 000007dcH .idata$6                DATA
 0002:000019e0 00000052H .edata                  DATA
 0003:00000000 00000268H .data                   DATA
 0003:00000268 00000350H .bss                    DATA

  Address         Publics by Value              Rva+Base       Lib:Object

 0000:00000016       ___safe_se_handler_count   00000016     <absolute>
 0000:00000000       ___ImageBase               10000000     <linker-defined>
 0001:00000000       ?Char2HashIdx@CTextFilter@@AAEED@Z 10001000 f i FilterText.obj
 0001:00000010       ?NextChar@CTextFilter@@CAPBDPBD@Z 10001010 f i FilterText.obj
 0001:00000030       ??0IUnknown@@QAE@XZ        10001030 f i FilterText.obj
 0001:00000040       ?size@?$vector@VRegexp@@V?$allocator@VRegexp@@@std@@@std@@QBEIXZ 10001040 f i FilterText.obj
 0001:00000060       ??A?$vector@VRegexp@@V?$allocator@VRegexp@@@std@@@std@@QAEAAVRegexp@@I@Z 10001060 f i FilterText.obj
 0001:000000a0       ?capacity@?$vector@VRegexp@@V?$allocator@VRegexp@@@std@@@std@@QBEIXZ 100010a0 f i FilterText.obj
 0001:000000c0       ??0?$allocator@VRegexp@@@std@@QAE@XZ 100010c0 f i FilterText.obj
 0001:000000d0       ??0?$allocator@VRegexp@@@std@@QAE@ABV01@@Z 100010d0 f i FilterText.obj
 0001:000000e0       ?deallocate@?$allocator@VRegexp@@@std@@QAEXPAVRegexp@@I@Z 100010e0 f i FilterText.obj
 0001:000000f0       ?max_size@?$allocator@VRegexp@@@std@@QBEIXZ 100010f0 f i FilterText.obj
 0001:00000100       ??G?$_Vector_const_iterator@VRegexp@@V?$allocator@VRegexp@@@std@@@std@@QBEHABV01@@Z 10001100 f i FilterText.obj
 0001:00000140       ??8?$_Vector_const_iterator@VRegexp@@V?$allocator@VRegexp@@@std@@@std@@QBE_NABV01@@Z 10001140 f i FilterText.obj
 0001:00000170       ??Y?$_Vector_const_iterator@VRegexp@@V?$allocator@VRegexp@@@std@@@std@@QAEAAV01@H@Z 10001170 f i FilterText.obj
 0001:000001b0       ??$_Iter_random@PAVRegexp@@PAV1@@std@@YA?AUrandom_access_iterator_tag@0@ABQAVRegexp@@0@Z 100011b0 f i FilterText.obj
 0001:000001c0       ??$_Ptr_cat@PAVRegexp@@PAV1@@std@@YA?AU_Nonscalar_ptr_iterator_tag@0@AAPAVRegexp@@0@Z 100011c0 f i FilterText.obj
 0001:000001d0       ??$_Fill@PAVRegexp@@V1@@std@@YAXPAVRegexp@@0ABV1@@Z 100011d0 f i FilterText.obj
 0001:00000200       ??$_Move_cat@PAVRegexp@@@std@@YA?AU_Undefined_move_tag@0@ABQAVRegexp@@@Z 10001200 f i FilterText.obj
 0001:00000210       ??$_Checked_base@PAVRegexp@@@std@@YAPAVRegexp@@AAPAV1@U_Unchanged_checked_iterator_base_type_tag@0@@Z 10001210 f i FilterText.obj
 0001:00000220       ??$_Copy_opt@PAVRegexp@@PAV1@Uforward_iterator_tag@std@@@std@@YAPAVRegexp@@PAV1@00Uforward_iterator_tag@0@U_Nonscalar_ptr_iterator_tag@0@U_Range_checked_iterator_tag@0@@Z 10001220 f i FilterText.obj
 0001:00000260       ??_GRegexp@@QAEPAXI@Z      10001260 f i FilterText.obj
 0001:00000280       ??$_Copy_backward_opt@PAVRegexp@@PAV1@Uforward_iterator_tag@std@@@std@@YAPAVRegexp@@PAV1@00Uforward_iterator_tag@0@U_Nonscalar_ptr_iterator_tag@0@U_Range_checked_iterator_tag@0@@Z 10001280 f i FilterText.obj
 0001:000002c0       ??0bad_alloc@std@@QAE@PBD@Z 100012c0 f i FilterText.obj
 0001:000002e0       ??1bad_alloc@std@@UAE@XZ   100012e0 f i FilterText.obj
 0001:000002f0       ??_Gbad_alloc@std@@UAEPAXI@Z 100012f0 f i FilterText.obj
 0001:000002f0       ??_Ebad_alloc@std@@UAEPAXI@Z 100012f0 f i FilterText.obj
 0001:00000320       ??2@YAPAXIPAX@Z            10001320 f i FilterText.obj
 0001:00000330       ??3@YAXPAX0@Z              10001330 f i FilterText.obj
 0001:00000340       ??0_Iterator_base@std@@QAE@XZ 10001340 f i FilterText.obj
 0001:00000350       ??0logic_error@std@@QAE@ABV?$basic_string@DU?$char_traits@D@std@@V?$allocator@D@2@@1@@Z 10001350 f i FilterText.obj
 0001:000003b0       ??1logic_error@std@@UAE@XZ 100013b0 f i FilterText.obj
 0001:000003d0       ?what@logic_error@std@@UBEPBDXZ 100013d0 f i FilterText.obj
 0001:000003e0       ??_Elogic_error@std@@UAEPAXI@Z 100013e0 f i FilterText.obj
 0001:000003e0       ??_Glogic_error@std@@UAEPAXI@Z 100013e0 f i FilterText.obj
 0001:00000410       ??0length_error@std@@QAE@ABV?$basic_string@DU?$char_traits@D@std@@V?$allocator@D@2@@1@@Z 10001410 f i FilterText.obj
 0001:00000430       ??1length_error@std@@UAE@XZ 10001430 f i FilterText.obj
 0001:00000450       ??_Elength_error@std@@UAEPAXI@Z 10001450 f i FilterText.obj
 0001:00000450       ??_Glength_error@std@@UAEPAXI@Z 10001450 f i FilterText.obj
 0001:00000480       ??0ITextFilter@@QAE@XZ     10001480 f i FilterText.obj
 0001:00000490       ?IsTextPass@CTextFilter@@MAEHPBD@Z 10001490 f   FilterText.obj
 0001:000006c0       ??0?$_Vector_val@VRegexp@@V?$allocator@VRegexp@@@std@@@std@@IAE@V?$allocator@VRegexp@@@1@@Z 100016c0 f i FilterText.obj
 0001:000006d0       ?max_size@?$vector@VRegexp@@V?$allocator@VRegexp@@@std@@@std@@QBEIXZ 100016d0 f i FilterText.obj
 0001:000006e0       ?_Xlen@?$vector@VRegexp@@V?$allocator@VRegexp@@@std@@@std@@KAXXZ 100016e0 f i FilterText.obj
 0001:00000740       ??0logic_error@std@@QAE@ABV01@@Z 10001740 f i FilterText.obj
 0001:000007b0       ??G?$_Vector_iterator@VRegexp@@V?$allocator@VRegexp@@@std@@@std@@QBEHABV?$_Vector_const_iterator@VRegexp@@V?$allocator@VRegexp@@@std@@@1@@Z 100017b0 f i FilterText.obj
 0001:000007f0       ??9?$_Vector_const_iterator@VRegexp@@V?$allocator@VRegexp@@@std@@@std@@QBE_NABV01@@Z 100017f0 f i FilterText.obj
 0001:00000820       ??0length_error@std@@QAE@ABV01@@Z 10001820 f i FilterText.obj
 0001:00000840       ??Y?$_Vector_iterator@VRegexp@@V?$allocator@VRegexp@@@std@@@std@@QAEAAV01@H@Z 10001840 f i FilterText.obj
 0001:00000880       ??0?$_Ranit@VRegexp@@HPBV1@ABV1@@std@@QAE@XZ 10001880 f i FilterText.obj
 0001:00000890       ??$_Allocate@VRegexp@@@std@@YAPAVRegexp@@IPAV1@@Z 10001890 f i FilterText.obj
 0001:000008f0       ??0bad_alloc@std@@QAE@ABV01@@Z 100018f0 f i FilterText.obj
 0001:00000910       ??$_Checked_base@PAVRegexp@@@std@@YAPAVRegexp@@AAPAV1@@Z 10001910 f i FilterText.obj
 0001:00000920       ??$_Copy_opt@PAVRegexp@@PAV1@@std@@YAPAVRegexp@@PAV1@00Urandom_access_iterator_tag@0@U_Nonscalar_ptr_iterator_tag@0@U_Range_checked_iterator_tag@0@@Z 10001920 f i FilterText.obj
 0001:00000970       ??$_Copy_backward_opt@PAVRegexp@@PAV1@@std@@YAPAVRegexp@@PAV1@00Urandom_access_iterator_tag@0@U_Nonscalar_ptr_iterator_tag@0@U_Range_checked_iterator_tag@0@@Z 10001970 f i FilterText.obj
 0001:000009c0       ??$_Construct@VRegexp@@V1@@std@@YAXPAVRegexp@@ABV1@@Z 100019c0 f i FilterText.obj
 0001:00000a20       ??$_Destroy@VRegexp@@@std@@YAXPAVRegexp@@@Z 10001a20 f i FilterText.obj
 0001:00000a30       ?allocate@?$allocator@VRegexp@@@std@@QAEPAVRegexp@@I@Z 10001a30 f i FilterText.obj
 0001:00000a50       ??H?$_Vector_iterator@VRegexp@@V?$allocator@VRegexp@@@std@@@std@@QBE?AV01@H@Z 10001a50 f i FilterText.obj
 0001:00000a90       ??0?$_Vector_const_iterator@VRegexp@@V?$allocator@VRegexp@@@std@@@std@@QAE@PAVRegexp@@PBU_Container_base@1@@Z 10001a90 f i FilterText.obj
 0001:00000ad0       ??$unchecked_copy@PAVRegexp@@PAV1@@stdext@@YAPAVRegexp@@PAV1@00@Z 10001ad0 f i FilterText.obj
 0001:00000b00       ??$fill@PAVRegexp@@V1@@std@@YAXPAVRegexp@@0ABV1@@Z 10001b00 f i FilterText.obj
 0001:00000b30       ??$_Move_backward_opt@PAVRegexp@@PAV1@Urandom_access_iterator_tag@std@@U_Undefined_move_tag@3@@std@@YAPAVRegexp@@PAV1@00Urandom_access_iterator_tag@0@U_Undefined_move_tag@0@U_Range_checked_iterator_tag@0@@Z 10001b30 f i FilterText.obj
 0001:00000b50       ?construct@?$allocator@VRegexp@@@std@@QAEXPAVRegexp@@ABV3@@Z 10001b50 f i FilterText.obj
 0001:00000b70       ?destroy@?$allocator@VRegexp@@@std@@QAEXPAVRegexp@@@Z 10001b70 f i FilterText.obj
 0001:00000b80       ??$_Uninit_copy@PAVRegexp@@PAV1@V?$allocator@VRegexp@@@std@@@std@@YAPAVRegexp@@PAV1@00AAV?$allocator@VRegexp@@@0@U_Nonscalar_ptr_iterator_tag@0@U_Range_checked_iterator_tag@0@@Z 10001b80 f i FilterText.obj
 0001:00000c20       ?_Buy@?$vector@VRegexp@@V?$allocator@VRegexp@@@std@@@std@@IAE_NI@Z 10001c20 f i FilterText.obj
 0001:00000c70       ??0?$_Vector_iterator@VRegexp@@V?$allocator@VRegexp@@@std@@@std@@QAE@PAVRegexp@@PBU_Container_base@1@@Z 10001c70 f i FilterText.obj
 0001:00000cb0       ??$_Unchecked_move_backward@PAVRegexp@@PAV1@@stdext@@YAPAVRegexp@@PAV1@00@Z 10001cb0 f i FilterText.obj
 0001:00000ce0       ??$_Uninit_fill_n@PAVRegexp@@IV1@V?$allocator@VRegexp@@@std@@@std@@YAXPAVRegexp@@IABV1@AAV?$allocator@VRegexp@@@0@U_Nonscalar_ptr_iterator_tag@0@U_Range_checked_iterator_tag@0@@Z 10001ce0 f i FilterText.obj
 0001:00000d80       ??$_Destroy_range@VRegexp@@V?$allocator@VRegexp@@@std@@@std@@YAXPAVRegexp@@0AAV?$allocator@VRegexp@@@0@U_Nonscalar_ptr_iterator_tag@0@@Z 10001d80 f i FilterText.obj
 0001:00000db0       ??$unchecked_uninitialized_copy@PAVRegexp@@PAV1@V?$allocator@VRegexp@@@std@@@stdext@@YAPAVRegexp@@PAV1@00AAV?$allocator@VRegexp@@@std@@@Z 10001db0 f i FilterText.obj
 0001:00000de0       ??0?$vector@VRegexp@@V?$allocator@VRegexp@@@std@@@std@@QAE@XZ 10001de0 f i FilterText.obj
 0001:00000df0       ?begin@?$vector@VRegexp@@V?$allocator@VRegexp@@@std@@@std@@QAE?AV?$_Vector_iterator@VRegexp@@V?$allocator@VRegexp@@@std@@@2@XZ 10001df0 f i FilterText.obj
 0001:00000e20       ?end@?$vector@VRegexp@@V?$allocator@VRegexp@@@std@@@std@@QAE?AV?$_Vector_iterator@VRegexp@@V?$allocator@VRegexp@@@std@@@2@XZ 10001e20 f i FilterText.obj
 0001:00000e50       ??$unchecked_uninitialized_fill_n@PAVRegexp@@IV1@V?$allocator@VRegexp@@@std@@@stdext@@YAXPAVRegexp@@IABV1@AAV?$allocator@VRegexp@@@std@@@Z 10001e50 f i FilterText.obj
 0001:00000e80       ??$_Destroy_range@VRegexp@@V?$allocator@VRegexp@@@std@@@std@@YAXPAVRegexp@@0AAV?$allocator@VRegexp@@@0@@Z 10001e80 f i FilterText.obj
 0001:00000eb0       ??$_Uninit_move@PAVRegexp@@PAV1@V?$allocator@VRegexp@@@std@@U_Undefined_move_tag@3@@std@@YAPAVRegexp@@PAV1@00AAV?$allocator@VRegexp@@@0@U_Undefined_move_tag@0@U_Range_checked_iterator_tag@0@@Z 10001eb0 f i FilterText.obj
 0001:00000ed0       ?_Ufill@?$vector@VRegexp@@V?$allocator@VRegexp@@@std@@@std@@IAEPAVRegexp@@PAV3@IABV3@@Z 10001ed0 f i FilterText.obj
 0001:00000f10       ?_Destroy@?$vector@VRegexp@@V?$allocator@VRegexp@@@std@@@std@@IAEXPAVRegexp@@0@Z 10001f10 f i FilterText.obj
 0001:00000f40       ??$_Unchecked_uninitialized_move@PAVRegexp@@PAV1@V?$allocator@VRegexp@@@std@@@stdext@@YAPAVRegexp@@PAV1@00AAV?$allocator@VRegexp@@@std@@@Z 10001f40 f i FilterText.obj
 0001:00000f70       ?erase@?$vector@VRegexp@@V?$allocator@VRegexp@@@std@@@std@@QAE?AV?$_Vector_iterator@VRegexp@@V?$allocator@VRegexp@@@std@@@2@V32@0@Z 10001f70 f i FilterText.obj
 0001:00000ff0       ?_Tidy@?$vector@VRegexp@@V?$allocator@VRegexp@@@std@@@std@@IAEXXZ 10001ff0 f i FilterText.obj
 0001:00001040       ??$_Umove@PAVRegexp@@@?$vector@VRegexp@@V?$allocator@VRegexp@@@std@@@std@@IAEPAVRegexp@@PAV2@00@Z 10002040 f i FilterText.obj
 0001:00001070       ??1?$vector@VRegexp@@V?$allocator@VRegexp@@@std@@@std@@QAE@XZ 10002070 f i FilterText.obj
 0001:00001080       ?clear@?$vector@VRegexp@@V?$allocator@VRegexp@@@std@@@std@@QAEXXZ 10002080 f i FilterText.obj
 0001:000010c0       ?_Insert_n@?$vector@VRegexp@@V?$allocator@VRegexp@@@std@@@std@@IAEXV?$_Vector_iterator@VRegexp@@V?$allocator@VRegexp@@@std@@@2@IABVRegexp@@@Z 100020c0 f i FilterText.obj
 0001:000013c0       ??0CTextFilter@@IAE@XZ     100023c0 f i FilterText.obj
 0001:00001440       ?AddRef@CTextFilter@@MAGKXZ 10002440 f i FilterText.obj
 0001:00001450       ?QueryInterface@CTextFilter@@MAGJABU_GUID@@PAPAX@Z 10002450 f i FilterText.obj
 0001:00001460       ??1CTextFilter@@IAE@XZ     10002460 f i FilterText.obj
 0001:000014d0       ?CreateInstance@CTextFilter@@SAPAV1@XZ 100024d0 f i FilterText.obj
 0001:00001540       ??_GCTextFilter@@IAEPAXI@Z 10002540 f i FilterText.obj
 0001:00001560       ?Clearup@CTextFilter@@MAEHXZ 10002560 f   FilterText.obj
 0001:00001650       _CreateTextFilter          10002650 f   FilterText.obj
 0001:00001680       ?insert@?$vector@VRegexp@@V?$allocator@VRegexp@@@std@@@std@@QAE?AV?$_Vector_iterator@VRegexp@@V?$allocator@VRegexp@@@std@@@2@V32@ABVRegexp@@@Z 10002680 f i FilterText.obj
 0001:00001730       ?Release@CTextFilter@@MAGKXZ 10002730 f i FilterText.obj
 0001:00001760       ?push_back@?$vector@VRegexp@@V?$allocator@VRegexp@@@std@@@std@@QAEXABVRegexp@@@Z 10002760 f i FilterText.obj
 0001:00001810       ?AddExpression@CTextFilter@@MAEHPBD@Z 10002810 f   FilterText.obj
 0001:00001980       ??0CRegErrorHandler@@QAE@XZ 10002980 f i Regexp.obj
 0001:00001990       ?regerror@CRegErrorHandler@@IBEXPBD@Z 10002990 f   Regexp.obj
 0001:000019a0       ?GetErrorString@CRegErrorHandler@@QBEABV?$basic_string@DU?$char_traits@D@std@@V?$allocator@D@2@@std@@XZ 100029a0 f   Regexp.obj
 0001:000019b0       ?ClearErrorString@CRegErrorHandler@@IBEXXZ 100029b0 f   Regexp.obj
 0001:000019c0       ?FindErr@CRegErrorHandler@@CAPBDH@Z 100029c0 f   Regexp.obj
 0001:000019f0       ?OP@CRegProgramAccessor@@SADPAD@Z 100029f0 f i Regexp.obj
 0001:00001a00       ?OPERAND@CRegProgramAccessor@@SAPADPAD@Z 10002a00 f i Regexp.obj
 0001:00001a10       ?regnext@CRegProgramAccessor@@SAPADPAD@Z 10002a10 f i Regexp.obj
 0001:00001a30       ?Status@regexp@@QBE_NXZ    10002a30 f i Regexp.obj
 0001:00001a40       ?ISREPN@CRegCompilerBase@@IAE_ND@Z 10002a40 f i Regexp.obj
 0001:00001a60       ?Size@CRegValidator@@QBEJXZ 10002a60 f i Regexp.obj
 0001:00001a70       ?regc@CRegValidator@@MAEXH@Z 10002a70 f i Regexp.obj
 0001:00001a80       ?regc@CRegCompiler@@MAEXH@Z 10002a80 f i Regexp.obj
 0001:00001a90       ?regnode@CRegCompiler@@MAEPADH@Z 10002a90 f   Regexp.obj
 0001:00001ab0       ?reginsert@CRegCompiler@@MAEXDPAD@Z 10002ab0 f   Regexp.obj
 0001:00001af0       ?regtail@CRegCompiler@@MAEXPAD0@Z 10002af0 f   Regexp.obj
 0001:00001b40       ?regoptail@CRegCompiler@@MAEXPAD0@Z 10002b40 f   Regexp.obj
 0001:00001b60       ??1CRegErrorHandler@@QAE@XZ 10002b60 f i Regexp.obj
 0001:00001b70       __tcschr                   10002b70 f i Regexp.obj
 0001:00001b80       __tcscspn                  10002b80 f i Regexp.obj
 0001:00001b90       __tcsncpy                  10002b90 f i Regexp.obj
 0001:00001ba0       __tcsspn                   10002ba0 f i Regexp.obj
 0001:00001bb0       __tcsstr                   10002bb0 f i Regexp.obj
 0001:00001bc0       __tcsncmp                  10002bc0 f i Regexp.obj
 0001:00001bd0       ??0Regexp@@QAE@XZ          10002bd0 f   Regexp.obj
 0001:00001bf0       ??0Regexp@@QAE@ABV0@@Z     10002bf0 f   Regexp.obj
 0001:00001c30       ?_tcschr@@YAPADPADI@Z      10002c30 f i Regexp.obj
 0001:00001c40       ?_tcsstr@@YAPADPADPBD@Z    10002c40 f i Regexp.obj
 0001:00001c50       ?CompiledOK@Regexp@@QBE_NXZ 10002c50 f   Regexp.obj
 0001:00001c70       ?safeIndex@Regexp@@ABEHI@Z 10002c70 f   Regexp.obj
 0001:00001c90       ?ignoreCase@regexp@@QAEXPBDPAD@Z 10002c90 f   Regexp.obj
 0001:00001d40       ?GetErrorString@Regexp@@QBE?AV?$basic_string@DU?$char_traits@D@std@@V?$allocator@D@2@@std@@XZ 10002d40 f   Regexp.obj
 0001:00001d90       ?ClearErrorString@Regexp@@ABEXXZ 10002d90 f   Regexp.obj
 0001:00001db0       ?regerror@CRegErrorHandler@@IBEXH@Z 10002db0 f   Regexp.obj
 0001:00001dd0       ??0CRegProgramAccessor@@QAE@XZ 10002dd0 f i Regexp.obj
 0001:00001de0       ??1CRegProgramAccessor@@QAE@XZ 10002de0 f i Regexp.obj
 0001:00001df0       ??1CRegCompilerBase@@QAE@XZ 10002df0 f i Regexp.obj
 0001:00001e10       ??0regexp@@QAE@ABV0@@Z     10002e10 f   Regexp.obj
 0001:00001f50       ??1regexp@@QAE@XZ          10002f50 f   Regexp.obj
 0001:00001f70       ??1CRegValidator@@QAE@XZ   10002f70 f i Regexp.obj
 0001:00001f90       ??1CRegCompiler@@QAE@XZ    10002f90 f i Regexp.obj
 0001:00001fb0       ?getCopy@regexp@@QAEPAV1@XZ 10002fb0 f   Regexp.obj
 0001:00002020       ?regatom@CRegCompilerBase@@IAEPADPAH@Z 10003020 f   Regexp.obj
 0001:00002430       ??0CRegExecutor@@QAE@PAVregexp@@PAD@Z 10003430 f   Regexp.obj
 0001:00002460       ??1CRegExecutor@@QAE@XZ    10003460 f i Regexp.obj
 0001:00002470       ?regrepeat@CRegExecutor@@IAEIPAD@Z 10003470 f   Regexp.obj
 0001:00002510       ??_Gregexp@@QAEPAXI@Z      10003510 f i Regexp.obj
 0001:00002530       ??1Regexp@@QAE@XZ          10003530 f   Regexp.obj
 0001:000025c0       ?SubStrings@Regexp@@QBEHXZ 100035c0 f   Regexp.obj
 0001:00002600       ?SubStart@Regexp@@QBEHI@Z  10003600 f   Regexp.obj
 0001:00002650       ?SubLength@Regexp@@QBEHI@Z 10003650 f   Regexp.obj
 0001:000026a0       ??ARegexp@@QBE?BV?$basic_string@DU?$char_traits@D@std@@V?$allocator@D@2@@std@@I@Z 100036a0 f   Regexp.obj
 0001:00002740       ?GetReplaceString@regexp@@QBE?AV?$basic_string@DU?$char_traits@D@std@@V?$allocator@D@2@@std@@PBD@Z 10003740 f   Regexp.obj
 0001:000029c0       ??0CRegCompilerBase@@QAE@PBD@Z 100039c0 f   Regexp.obj
 0001:000029f0       ??0CRegValidator@@QAE@PBD@Z 100039f0 f   Regexp.obj
 0001:00002a20       ?regnode@CRegValidator@@MAEPADH@Z 10003a20 f i Regexp.obj
 0001:00002a30       ?reginsert@CRegValidator@@MAEXDPAD@Z 10003a30 f i Regexp.obj
 0001:00002a40       ?regtail@CRegValidator@@MAEXPAD0@Z 10003a40 f i Regexp.obj
 0001:00002a50       ?regoptail@CRegValidator@@MAEXPAD0@Z 10003a50 f i Regexp.obj
 0001:00002a60       ??0CRegCompiler@@QAE@PBDPAD@Z 10003a60 f   Regexp.obj
 0001:00002a90       ?regpiece@CRegCompilerBase@@IAEPADPAH@Z 10003a90 f   Regexp.obj
 0001:00002c60       ?regmatch@CRegExecutor@@IAE_NPAD@Z 10003c60 f   Regexp.obj
 0001:00002fb0       ??4Regexp@@QAEABV0@ABV0@@Z 10003fb0 f   Regexp.obj
 0001:00003020       ?GetReplaceString@Regexp@@QBE?AV?$basic_string@DU?$char_traits@D@std@@V?$allocator@D@2@@std@@PBD@Z 10004020 f   Regexp.obj
 0001:00003080       ?regbranch@CRegCompilerBase@@IAEPADPAH@Z 10004080 f   Regexp.obj
 0001:00003130       ?regtry@CRegExecutor@@IAE_NPAD@Z 10004130 f   Regexp.obj
 0001:000031b0       ?reg@CRegCompilerBase@@QAEPADHPAH@Z 100041b0 f   Regexp.obj
 0001:00003350       ?regexec@regexp@@QAE_NPBD@Z 10004350 f   Regexp.obj
 0001:000034c0       ?Match@Regexp@@QAE_NPBD@Z  100044c0 f   Regexp.obj
 0001:00003550       ?regcomp@regexp@@QAE_NPBD@Z 10004550 f   Regexp.obj
 0001:00003730       ??0regexp@@QAE@PBDH@Z      10004730 f   Regexp.obj
 0001:00003800       ??0Regexp@@QAE@PBDH@Z      10004800 f   Regexp.obj
 0001:00003888       ??0?$basic_string@DU?$char_traits@D@std@@V?$allocator@D@2@@std@@QAE@ABV01@@Z 10004888 f   msvcprt:MSVCP80.dll
 0001:0000388e       ??1?$basic_string@DU?$char_traits@D@std@@V?$allocator@D@2@@std@@QAE@XZ 1000488e f   msvcprt:MSVCP80.dll
 0001:00003894       ?c_str@?$basic_string@DU?$char_traits@D@std@@V?$allocator@D@2@@std@@QBEPBDXZ 10004894 f   msvcprt:MSVCP80.dll
 0001:0000389a       ??0?$basic_string@DU?$char_traits@D@std@@V?$allocator@D@2@@std@@QAE@PBD@Z 1000489a f   msvcprt:MSVCP80.dll
 0001:000038a0       ??0?$basic_string@DU?$char_traits@D@std@@V?$allocator@D@2@@std@@QAE@XZ 100048a0 f   msvcprt:MSVCP80.dll
 0001:000038a6       ??4?$basic_string@DU?$char_traits@D@std@@V?$allocator@D@2@@std@@QAEAAV01@PBD@Z 100048a6 f   msvcprt:MSVCP80.dll
 0001:000038ac       ?resize@?$basic_string@DU?$char_traits@D@std@@V?$allocator@D@2@@std@@QAEXI@Z 100048ac f   msvcprt:MSVCP80.dll
 0001:000038b2       ??_U@YAPAXI@Z              100048b2 f   msvcprt:newaop_s.obj
 0001:000038b8       ??0?$basic_string@DU?$char_traits@D@std@@V?$allocator@D@2@@std@@QAE@PBDI@Z 100048b8 f   msvcprt:MSVCP80.dll
 0001:000038be       ?data@?$basic_string@DU?$char_traits@D@std@@V?$allocator@D@2@@std@@QBEPBDXZ 100048be f   msvcprt:MSVCP80.dll
 0001:000038c4       ?size@?$basic_string@DU?$char_traits@D@std@@V?$allocator@D@2@@std@@QBEIXZ 100048c4 f   msvcprt:MSVCP80.dll
 0001:000038ca       ??4?$basic_string@DU?$char_traits@D@std@@V?$allocator@D@2@@std@@QAEAAV01@ABV01@@Z 100048ca f   msvcprt:MSVCP80.dll
 0001:000038d0       __invalid_parameter_noinfo 100048d0 f   MSVCRT:MSVCR80.dll
 0001:000038d6       ??3@YAXPAX@Z               100048d6 f   MSVCRT:MSVCR80.dll
 0001:000038dc       ??0exception@std@@QAE@ABQBD@Z 100048dc f   MSVCRT:MSVCR80.dll
 0001:000038e2       ??0type_info@@AAE@ABV0@@Z  100048e2 f   MSVCRT:ti_inst.obj
 0001:000038ed       ??_Etype_info@@UAEPAXI@Z   100048ed f i MSVCRT:ti_inst.obj
 0001:00003936       ??4type_info@@AAEAAV0@ABV0@@Z 10004936 f   MSVCRT:ti_inst.obj
 0001:0000393c       ?what@exception@std@@UBEPBDXZ 1000493c f   MSVCRT:MSVCR80.dll
 0001:00003942       ??1exception@std@@UAE@XZ   10004942 f   MSVCRT:MSVCR80.dll
 0001:00003948       ??0exception@std@@QAE@XZ   10004948 f   MSVCRT:MSVCR80.dll
 0001:0000394e       ___CxxFrameHandler3        1000494e f   MSVCRT:MSVCR80.dll
 0001:00003954       @__security_check_cookie@4 10004954 f   MSVCRT:secchk.obj
 0001:00003964       __purecall                 10004964 f   MSVCRT:MSVCR80.dll
 0001:0000396a       _memset                    1000496a f   MSVCRT:MSVCR80.dll
 0001:00003970       __CxxThrowException@8      10004970 f   MSVCRT:MSVCR80.dll
 0001:00003976       ??0exception@std@@QAE@ABV01@@Z 10004976 f   MSVCRT:MSVCR80.dll
 0001:0000397c       ??2@YAPAXI@Z               1000497c f   MSVCRT:MSVCR80.dll
 0001:00003994       ?__ArrayUnwind@@YGXPAXIHP6EX0@Z@Z 10004994 f   MSVCRT:ehvecdtr.obj
 0001:000039f2       ??_M@YGXPAXIHP6EX0@Z@Z     100049f2 f   MSVCRT:ehvecdtr.obj
 0001:00003a55       ??_L@YGXPAXIHP6EX0@Z1@Z    10004a55 f   MSVCRT:ehvecctr.obj
 0001:00003aba       __ismbcalpha               10004aba f   MSVCRT:MSVCR80.dll
 0001:00003ac0       _memmove                   10004ac0 f   MSVCRT:MSVCR80.dll
 0001:00003ac6       __mbschr                   10004ac6 f   MSVCRT:MSVCR80.dll
 0001:00003acc       __mbscspn                  10004acc f   MSVCRT:MSVCR80.dll
 0001:00003ad2       __mbsnbcpy                 10004ad2 f   MSVCRT:MSVCR80.dll
 0001:00003ad8       __mbsspn                   10004ad8 f   MSVCRT:MSVCR80.dll
 0001:00003ade       __mbsstr                   10004ade f   MSVCRT:MSVCR80.dll
 0001:00003ae4       __mbsnbcmp                 10004ae4 f   MSVCRT:MSVCR80.dll
 0001:00003aea       _isalpha                   10004aea f   MSVCRT:MSVCR80.dll
 0001:00003af0       _tolower                   10004af0 f   MSVCRT:MSVCR80.dll
 0001:00003af6       _toupper                   10004af6 f   MSVCRT:MSVCR80.dll
 0001:00003afc       _memcpy                    10004afc f   MSVCRT:MSVCR80.dll
 0001:00003b02       ??_V@YAXPAX@Z              10004b02 f   MSVCRT:MSVCR80.dll
 0001:00003b10       __alloca_probe_16          10004b10 f   MSVCRT:alloca16.obj
 0001:00003b26       __alloca_probe_8           10004b26     MSVCRT:alloca16.obj
 0001:00003b3c       _isdigit                   10004b3c f   MSVCRT:MSVCR80.dll
 0001:00003b42       _isalnum                   10004b42 f   MSVCRT:MSVCR80.dll
 0001:00003b48       _NtCurrentTeb              10004b48 f i MSVCRT:crtdll.obj
 0001:00003b9c       __CRT_INIT@12              10004b9c f   MSVCRT:crtdll.obj
 0001:00003e75       __DllMainCRTStartup@12     10004e75 f   MSVCRT:crtdll.obj
 0001:00003e96       ___report_gsfailure        10004e96 f   MSVCRT:gs_report.obj
 0001:00003f9a       ?terminate@@YAXXZ          10004f9a f   MSVCRT:MSVCR80.dll
 0001:00003fa0       __SEH_prolog4              10004fa0 f   MSVCRT:sehprolg4.obj
 0001:00003fe5       __SEH_epilog4              10004fe5 f   MSVCRT:sehprolg4.obj
 0001:00003ff9       __except_handler4          10004ff9 f   MSVCRT:chandler4gs.obj
 0001:00004020       __alloca_probe             10005020     MSVCRT:chkstk.obj
 0001:00004020       __chkstk                   10005020 f   MSVCRT:chkstk.obj
 0001:0000404b       ___clean_type_info_names   1000504b f   MSVCRT:tncleanup.obj
 0001:00004057       __onexit                   10005057 f   MSVCRT:atonexit.obj
 0001:000040fc       _atexit                    100050fc f   MSVCRT:atonexit.obj
 0001:0000410e       __RTC_Initialize           1000510e f   MSVCRT:initsect.obj
 0001:00004132       __RTC_Terminate            10005132 f   MSVCRT:initsect.obj
 0001:00004156       __encode_pointer           10005156 f   MSVCRT:MSVCR80.dll
 0001:0000415c       __malloc_crt               1000515c f   MSVCRT:MSVCR80.dll
 0001:00004162       _free                      10005162 f   MSVCRT:MSVCR80.dll
 0001:00004168       __encoded_null             10005168 f   MSVCRT:MSVCR80.dll
 0001:0000416e       __decode_pointer           1000516e f   MSVCRT:MSVCR80.dll
 0001:00004180       __ValidateImageBase        10005180 f   MSVCRT:pesect.obj
 0001:000041b0       __FindPESection            100051b0 f   MSVCRT:pesect.obj
 0001:00004200       __IsNonwritableInCurrentImage 10005200 f   MSVCRT:pesect.obj
 0001:000042bc       __initterm                 100052bc f   MSVCRT:MSVCR80.dll
 0001:000042c2       __initterm_e               100052c2 f   MSVCRT:MSVCR80.dll
 0001:000042c8       __amsg_exit                100052c8 f   MSVCRT:MSVCR80.dll
 0001:000042ce       ___CppXcptFilter           100052ce f   MSVCRT:MSVCR80.dll
 0001:000042d4       _DllMain@12                100052d4 f   MSVCRT:dllmain.obj
 0001:000042f4       ___security_init_cookie    100052f4 f   MSVCRT:gs_support.obj
 0001:00004388       ?_type_info_dtor_internal_method@type_info@@QAEXXZ 10005388 f   MSVCRT:MSVCR80.dll
 0001:00004388       ??1type_info@@UAE@XZ       10005388 f   MSVCRT:MSVCR80.dll
 0001:0000438e       __crt_debugger_hook        1000538e f   MSVCRT:MSVCR80.dll
 0001:00004394       __except_handler4_common   10005394 f   MSVCRT:MSVCR80.dll
 0001:0000439a       ___clean_type_info_names_internal 1000539a f   MSVCRT:MSVCR80.dll
 0001:000043a0       __unlock                   100053a0 f   MSVCRT:MSVCR80.dll
 0001:000043a6       ___dllonexit               100053a6 f   MSVCRT:MSVCR80.dll
 0001:000043ac       __lock                     100053ac f   MSVCRT:MSVCR80.dll
 0001:000043b2       _InterlockedExchange@8     100053b2 f   kernel32:KERNEL32.dll
 0001:000043b8       _Sleep@4                   100053b8 f   kernel32:KERNEL32.dll
 0001:000043be       _InterlockedCompareExchange@12 100053be f   kernel32:KERNEL32.dll
 0001:000043c4       _TerminateProcess@8        100053c4 f   kernel32:KERNEL32.dll
 0001:000043ca       _GetCurrentProcess@0       100053ca f   kernel32:KERNEL32.dll
 0001:000043d0       _UnhandledExceptionFilter@4 100053d0 f   kernel32:KERNEL32.dll
 0001:000043d6       _SetUnhandledExceptionFilter@4 100053d6 f   kernel32:KERNEL32.dll
 0001:000043dc       _IsDebuggerPresent@0       100053dc f   kernel32:KERNEL32.dll
 0001:000043e2       _DisableThreadLibraryCalls@4 100053e2 f   kernel32:KERNEL32.dll
 0001:000043e8       _QueryPerformanceCounter@4 100053e8 f   kernel32:KERNEL32.dll
 0001:000043ee       _GetTickCount@0            100053ee f   kernel32:KERNEL32.dll
 0001:000043f4       _GetCurrentThreadId@0      100053f4 f   kernel32:KERNEL32.dll
 0001:000043fa       _GetCurrentProcessId@0     100053fa f   kernel32:KERNEL32.dll
 0001:00004400       _GetSystemTimeAsFileTime@4 10005400 f   kernel32:KERNEL32.dll
 0002:00000000       __imp__Sleep@4             10006000     kernel32:KERNEL32.dll
 0002:00000004       __imp__InterlockedCompareExchange@12 10006004     kernel32:KERNEL32.dll
 0002:00000008       __imp__TerminateProcess@8  10006008     kernel32:KERNEL32.dll
 0002:0000000c       __imp__GetCurrentProcess@0 1000600c     kernel32:KERNEL32.dll
 0002:00000010       __imp__UnhandledExceptionFilter@4 10006010     kernel32:KERNEL32.dll
 0002:00000014       __imp__SetUnhandledExceptionFilter@4 10006014     kernel32:KERNEL32.dll
 0002:00000018       __imp__IsDebuggerPresent@0 10006018     kernel32:KERNEL32.dll
 0002:0000001c       __imp__DisableThreadLibraryCalls@4 1000601c     kernel32:KERNEL32.dll
 0002:00000020       __imp__QueryPerformanceCounter@4 10006020     kernel32:KERNEL32.dll
 0002:00000024       __imp__GetTickCount@0      10006024     kernel32:KERNEL32.dll
 0002:00000028       __imp__GetCurrentThreadId@0 10006028     kernel32:KERNEL32.dll
 0002:0000002c       __imp__GetSystemTimeAsFileTime@4 1000602c     kernel32:KERNEL32.dll
 0002:00000030       __imp__GetCurrentProcessId@0 10006030     kernel32:KERNEL32.dll
 0002:00000034       __imp__InterlockedExchange@8 10006034     kernel32:KERNEL32.dll
 0002:00000038       \177KERNEL32_NULL_THUNK_DATA 10006038     kernel32:KERNEL32.dll
 0002:0000003c       __imp_??4?$basic_string@DU?$char_traits@D@std@@V?$allocator@D@2@@std@@QAEAAV01@ABV01@@Z 1000603c     msvcprt:MSVCP80.dll
 0002:00000040       __imp_?size@?$basic_string@DU?$char_traits@D@std@@V?$allocator@D@2@@std@@QBEIXZ 10006040     msvcprt:MSVCP80.dll
 0002:00000044       __imp_?data@?$basic_string@DU?$char_traits@D@std@@V?$allocator@D@2@@std@@QBEPBDXZ 10006044     msvcprt:MSVCP80.dll
 0002:00000048       __imp_??0?$basic_string@DU?$char_traits@D@std@@V?$allocator@D@2@@std@@QAE@PBDI@Z 10006048     msvcprt:MSVCP80.dll
 0002:0000004c       __imp_?resize@?$basic_string@DU?$char_traits@D@std@@V?$allocator@D@2@@std@@QAEXI@Z 1000604c     msvcprt:MSVCP80.dll
 0002:00000050       __imp_??4?$basic_string@DU?$char_traits@D@std@@V?$allocator@D@2@@std@@QAEAAV01@PBD@Z 10006050     msvcprt:MSVCP80.dll
 0002:00000054       __imp_??0?$basic_string@DU?$char_traits@D@std@@V?$allocator@D@2@@std@@QAE@XZ 10006054     msvcprt:MSVCP80.dll
 0002:00000058       __imp_??0?$basic_string@DU?$char_traits@D@std@@V?$allocator@D@2@@std@@QAE@PBD@Z 10006058     msvcprt:MSVCP80.dll
 0002:0000005c       __imp_?c_str@?$basic_string@DU?$char_traits@D@std@@V?$allocator@D@2@@std@@QBEPBDXZ 1000605c     msvcprt:MSVCP80.dll
 0002:00000060       __imp_??1?$basic_string@DU?$char_traits@D@std@@V?$allocator@D@2@@std@@QAE@XZ 10006060     msvcprt:MSVCP80.dll
 0002:00000064       __imp_??0?$basic_string@DU?$char_traits@D@std@@V?$allocator@D@2@@std@@QAE@ABV01@@Z 10006064     msvcprt:MSVCP80.dll
 0002:00000068       \177MSVCP80_NULL_THUNK_DATA 10006068     msvcprt:MSVCP80.dll
 0002:0000006c       __imp___mbscspn            1000606c     MSVCRT:MSVCR80.dll
 0002:00000070       __imp___mbsnbcpy           10006070     MSVCRT:MSVCR80.dll
 0002:00000074       __imp___mbsspn             10006074     MSVCRT:MSVCR80.dll
 0002:00000078       __imp___mbsstr             10006078     MSVCRT:MSVCR80.dll
 0002:0000007c       __imp___mbsnbcmp           1000607c     MSVCRT:MSVCR80.dll
 0002:00000080       __imp__isalpha             10006080     MSVCRT:MSVCR80.dll
 0002:00000084       __imp__tolower             10006084     MSVCRT:MSVCR80.dll
 0002:00000088       __imp__toupper             10006088     MSVCRT:MSVCR80.dll
 0002:0000008c       __imp__memcpy              1000608c     MSVCRT:MSVCR80.dll
 0002:00000090       __imp_??_V@YAXPAX@Z        10006090     MSVCRT:MSVCR80.dll
 0002:00000094       __imp___mbschr             10006094     MSVCRT:MSVCR80.dll
 0002:00000098       __imp__isalnum             10006098     MSVCRT:MSVCR80.dll
 0002:0000009c       __imp_?terminate@@YAXXZ    1000609c     MSVCRT:MSVCR80.dll
 0002:000000a0       __imp___encode_pointer     100060a0     MSVCRT:MSVCR80.dll
 0002:000000a4       __imp___malloc_crt         100060a4     MSVCRT:MSVCR80.dll
 0002:000000a8       __imp__free                100060a8     MSVCRT:MSVCR80.dll
 0002:000000ac       __imp___encoded_null       100060ac     MSVCRT:MSVCR80.dll
 0002:000000b0       __imp___decode_pointer     100060b0     MSVCRT:MSVCR80.dll
 0002:000000b4       __imp___initterm           100060b4     MSVCRT:MSVCR80.dll
 0002:000000b8       __imp___initterm_e         100060b8     MSVCRT:MSVCR80.dll
 0002:000000bc       __imp___amsg_exit          100060bc     MSVCRT:MSVCR80.dll
 0002:000000c0       __imp___adjust_fdiv        100060c0     MSVCRT:MSVCR80.dll
 0002:000000c4       __imp____CppXcptFilter     100060c4     MSVCRT:MSVCR80.dll
 0002:000000c8       __imp_?_type_info_dtor_internal_method@type_info@@QAEXXZ 100060c8     MSVCRT:MSVCR80.dll
 0002:000000cc       __imp___crt_debugger_hook  100060cc     MSVCRT:MSVCR80.dll
 0002:000000d0       __imp___except_handler4_common 100060d0     MSVCRT:MSVCR80.dll
 0002:000000d4       __imp____clean_type_info_names_internal 100060d4     MSVCRT:MSVCR80.dll
 0002:000000d8       __imp___unlock             100060d8     MSVCRT:MSVCR80.dll
 0002:000000dc       __imp____dllonexit         100060dc     MSVCRT:MSVCR80.dll
 0002:000000e0       __imp___lock               100060e0     MSVCRT:MSVCR80.dll
 0002:000000e4       __imp___onexit             100060e4     MSVCRT:MSVCR80.dll
 0002:000000e8       __imp__memmove             100060e8     MSVCRT:MSVCR80.dll
 0002:000000ec       __imp___ismbcalpha         100060ec     MSVCRT:MSVCR80.dll
 0002:000000f0       __imp_??2@YAPAXI@Z         100060f0     MSVCRT:MSVCR80.dll
 0002:000000f4       __imp_??0exception@std@@QAE@ABV01@@Z 100060f4     MSVCRT:MSVCR80.dll
 0002:000000f8       __imp___CxxThrowException@8 100060f8     MSVCRT:MSVCR80.dll
 0002:000000fc       __imp__memset              100060fc     MSVCRT:MSVCR80.dll
 0002:00000100       __imp___purecall           10006100     MSVCRT:MSVCR80.dll
 0002:00000104       __imp____CxxFrameHandler3  10006104     MSVCRT:MSVCR80.dll
 0002:00000108       __imp_??0exception@std@@QAE@XZ 10006108     MSVCRT:MSVCR80.dll
 0002:0000010c       __imp_??1exception@std@@UAE@XZ 1000610c     MSVCRT:MSVCR80.dll
 0002:00000110       __imp_?what@exception@std@@UBEPBDXZ 10006110     MSVCRT:MSVCR80.dll
 0002:00000114       __imp_??0exception@std@@QAE@ABQBD@Z 10006114     MSVCRT:MSVCR80.dll
 0002:00000118       __imp_??3@YAXPAX@Z         10006118     MSVCRT:MSVCR80.dll
 0002:0000011c       __imp___invalid_parameter_noinfo 1000611c     MSVCRT:MSVCR80.dll
 0002:00000120       __imp__isdigit             10006120     MSVCRT:MSVCR80.dll
 0002:00000124       \177MSVCR80_NULL_THUNK_DATA 10006124     MSVCRT:MSVCR80.dll
 0002:00000128       ___xc_a                    10006128     MSVCRT:cinitexe.obj
 0002:0000012c       ___xc_z                    1000612c     MSVCRT:cinitexe.obj
 0002:00000130       ___xi_a                    10006130     MSVCRT:cinitexe.obj
 0002:00000138       ___xi_z                    10006138     MSVCRT:cinitexe.obj
 0002:00000160       ??_7bad_alloc@std@@6B@     10006160     FilterText.obj
 0002:0000016c       ??_7logic_error@std@@6B@   1000616c     FilterText.obj
 0002:00000178       ??_7length_error@std@@6B@  10006178     FilterText.obj
 0002:00000184       ??_7ITextFilter@@6B@       10006184     FilterText.obj
 0002:0000019c       ??_C@_0BD@OLBABOEK@vector?$DMT?$DO?5too?5long?$AA@ 1000619c     FilterText.obj
 0002:000001b4       ??_7CTextFilter@@6B@       100061b4     FilterText.obj
 0002:000001cc       ??_C@_0O@NIPGCINC@Unknown?5error?$AA@ 100061cc     Regexp.obj
 0002:000001dc       ??_C@_0M@GADOOKOK@NULL?5regexp?$AA@ 100061dc     Regexp.obj
 0002:000001e8       ??_C@_0BK@PLNEMFFN@internal?5error?3?5strcspn?50?$AA@ 100061e8     Regexp.obj
 0002:00000204       ??_C@_0L@GBNODOJN@trailing?5?2?$AA@ 10006204     Regexp.obj
 0002:00000210       ??_C@_0BE@GIHOAEJA@?$DP?$CL?$CK?5follows?5nothing?$AA@ 10006210     Regexp.obj
 0002:00000224       ??_C@_0CA@IBIFAGHL@internal?5error?3?5?20?$HM?$CJ?5unexpected?$AA@ 10006224     Regexp.obj
 0002:00000244       ??_C@_0N@IDGBEIJM@unmatched?5?$FL?$FN?$AA@ 10006244     Regexp.obj
 0002:00000254       ??_C@_0BB@BLNMCFIK@invalid?5?$FL?$FN?5range?$AA@ 10006254     Regexp.obj
 0002:00000268       ??_C@_0L@FNMCENPH@nested?5?$CK?$DP?$CL?$AA@ 10006268     Regexp.obj
 0002:00000274       ??_C@_0BK@JKLFJDNL@?$CK?$CL?5operand?5could?5be?5empty?$AA@ 10006274     Regexp.obj
 0002:00000290       ??_C@_0BM@MHFKIKDK@internal?5error?3?5junk?5on?5end?$AA@ 10006290     Regexp.obj
 0002:000002ac       ??_C@_0N@JOIFCCGH@unmatched?5?$CI?$CJ?$AA@ 100062ac     Regexp.obj
 0002:000002bc       ??_C@_0BA@PBIMFPAM@unterminated?5?$CI?$CJ?$AA@ 100062bc     Regexp.obj
 0002:000002cc       ??_C@_0M@LAGOAFJJ@too?5many?5?$CI?$CJ?$AA@ 100062cc     Regexp.obj
 0002:000002d8       ??_C@_0P@OMLCAGFI@regexp?5too?5big?$AA@ 100062d8     Regexp.obj
 0002:000002e8       ??_C@_0BJ@EOHHPBHP@NULL?5argument?5to?5regcomp?$AA@ 100062e8     Regexp.obj
 0002:00000304       ??_C@_0BF@LEALBKCB@damaged?5match?5string?$AA@ 10006304     Regexp.obj
 0002:0000031c       ??_C@_0BN@FIMBHCGG@damaged?5regexp?5fed?5to?5regsub?$AA@ 1000631c     Regexp.obj
 0002:0000033c       ??_C@_0BE@MJBBGELP@NULL?5parm?5to?5regsub?$AA@ 1000633c     Regexp.obj
 0002:00000350       ??_C@_0BB@JKBNMBGD@corrupted?5opcode?$AA@ 10006350     Regexp.obj
 0002:00000364       ??_C@_0CG@JACMFPGF@internal?5error?3?5bad?5call?5of?5regr@ 10006364     Regexp.obj
 0002:0000038c       ??_C@_0BD@CIPKHDBK@corrupted?5pointers?$AA@ 1000638c     Regexp.obj
 0002:000003a0       ??_C@_0BC@IDOAOEOL@regexp?5corruption?$AA@ 100063a0     Regexp.obj
 0002:000003b4       ??_C@_0BB@HHLLFFOB@corrupted?5regexp?$AA@ 100063b4     Regexp.obj
 0002:000003c8       ??_C@_0BJ@GDAFHLND@NULL?5argument?5to?5regexec?$AA@ 100063c8     Regexp.obj
 0002:000003e1       ??_C@_00CNPNBAHC@?$AA@     100063e1     Regexp.obj
 0002:000003e8       ??_7CRegCompilerBase@@6B@  100063e8     Regexp.obj
 0002:00000400       ??_7CRegValidator@@6B@     10006400     Regexp.obj
 0002:00000418       ??_7CRegCompiler@@6B@      10006418     Regexp.obj
 0002:0000042c       ??_C@_0P@GHFPNOJB@bad?5allocation?$AA@ 1000642c     StdAfx.obj
 0002:0000043c       ?collate@?$_Locbase@H@std@@2HB 1000643c     StdAfx.obj
 0002:00000440       ?ctype@?$_Locbase@H@std@@2HB 10006440     StdAfx.obj
 0002:00000444       ?monetary@?$_Locbase@H@std@@2HB 10006444     StdAfx.obj
 0002:00000448       ?numeric@?$_Locbase@H@std@@2HB 10006448     StdAfx.obj
 0002:0000044c       ?time@?$_Locbase@H@std@@2HB 1000644c     StdAfx.obj
 0002:00000450       ?messages@?$_Locbase@H@std@@2HB 10006450     StdAfx.obj
 0002:00000454       ?all@?$_Locbase@H@std@@2HB 10006454     StdAfx.obj
 0002:00000458       ?none@?$_Locbase@H@std@@2HB 10006458     StdAfx.obj
 0002:0000045c       ?skipws@?$_Iosb@H@std@@2W4_Fmtflags@12@B 1000645c     StdAfx.obj
 0002:00000460       ?unitbuf@?$_Iosb@H@std@@2W4_Fmtflags@12@B 10006460     StdAfx.obj
 0002:00000464       ?uppercase@?$_Iosb@H@std@@2W4_Fmtflags@12@B 10006464     StdAfx.obj
 0002:00000468       ?showbase@?$_Iosb@H@std@@2W4_Fmtflags@12@B 10006468     StdAfx.obj
 0002:0000046c       ?showpoint@?$_Iosb@H@std@@2W4_Fmtflags@12@B 1000646c     StdAfx.obj
 0002:00000470       ?showpos@?$_Iosb@H@std@@2W4_Fmtflags@12@B 10006470     StdAfx.obj
 0002:00000474       ?left@?$_Iosb@H@std@@2W4_Fmtflags@12@B 10006474     StdAfx.obj
 0002:00000478       ?right@?$_Iosb@H@std@@2W4_Fmtflags@12@B 10006478     StdAfx.obj
 0002:0000047c       ?internal@?$_Iosb@H@std@@2W4_Fmtflags@12@B 1000647c     StdAfx.obj
 0002:00000480       ?dec@?$_Iosb@H@std@@2W4_Fmtflags@12@B 10006480     StdAfx.obj
 0002:00000484       ?oct@?$_Iosb@H@std@@2W4_Fmtflags@12@B 10006484     StdAfx.obj
 0002:00000488       ?hex@?$_Iosb@H@std@@2W4_Fmtflags@12@B 10006488     StdAfx.obj
 0002:0000048c       ?scientific@?$_Iosb@H@std@@2W4_Fmtflags@12@B 1000648c     StdAfx.obj
 0002:00000490       ?fixed@?$_Iosb@H@std@@2W4_Fmtflags@12@B 10006490     StdAfx.obj
 0002:00000494       ?boolalpha@?$_Iosb@H@std@@2W4_Fmtflags@12@B 10006494     StdAfx.obj
 0002:00000498       ?_Stdio@?$_Iosb@H@std@@2W4_Fmtflags@12@B 10006498     StdAfx.obj
 0002:0000049c       ?adjustfield@?$_Iosb@H@std@@2W4_Fmtflags@12@B 1000649c     StdAfx.obj
 0002:000004a0       ?basefield@?$_Iosb@H@std@@2W4_Fmtflags@12@B 100064a0     StdAfx.obj
 0002:000004a4       ?floatfield@?$_Iosb@H@std@@2W4_Fmtflags@12@B 100064a4     StdAfx.obj
 0002:000004a8       ?goodbit@?$_Iosb@H@std@@2W4_Iostate@12@B 100064a8     StdAfx.obj
 0002:000004ac       ?eofbit@?$_Iosb@H@std@@2W4_Iostate@12@B 100064ac     StdAfx.obj
 0002:000004b0       ?failbit@?$_Iosb@H@std@@2W4_Iostate@12@B 100064b0     StdAfx.obj
 0002:000004b4       ?badbit@?$_Iosb@H@std@@2W4_Iostate@12@B 100064b4     StdAfx.obj
 0002:000004b8       ?_Hardfail@?$_Iosb@H@std@@2W4_Iostate@12@B 100064b8     StdAfx.obj
 0002:000004bc       ?in@?$_Iosb@H@std@@2W4_Openmode@12@B 100064bc     StdAfx.obj
 0002:000004c0       ?out@?$_Iosb@H@std@@2W4_Openmode@12@B 100064c0     StdAfx.obj
 0002:000004c4       ?ate@?$_Iosb@H@std@@2W4_Openmode@12@B 100064c4     StdAfx.obj
 0002:000004c8       ?app@?$_Iosb@H@std@@2W4_Openmode@12@B 100064c8     StdAfx.obj
 0002:000004cc       ?trunc@?$_Iosb@H@std@@2W4_Openmode@12@B 100064cc     StdAfx.obj
 0002:000004d0       ?_Nocreate@?$_Iosb@H@std@@2W4_Openmode@12@B 100064d0     StdAfx.obj
 0002:000004d4       ?_Noreplace@?$_Iosb@H@std@@2W4_Openmode@12@B 100064d4     StdAfx.obj
 0002:000004d8       ?binary@?$_Iosb@H@std@@2W4_Openmode@12@B 100064d8     StdAfx.obj
 0002:000004dc       ?beg@?$_Iosb@H@std@@2W4_Seekdir@12@B 100064dc     StdAfx.obj
 0002:000004e0       ?cur@?$_Iosb@H@std@@2W4_Seekdir@12@B 100064e0     StdAfx.obj
 0002:000004e4       ?end@?$_Iosb@H@std@@2W4_Seekdir@12@B 100064e4     StdAfx.obj
 0002:000004ec       ??_7type_info@@6B@         100064ec     MSVCRT:ti_inst.obj
 0002:000004f0       __pRawDllMain              100064f0     MSVCRT:crtdll.obj
 0002:000004f0       __pDefaultRawDllMain       100064f0     MSVCRT:crtdll.obj
 0002:000004fc       ?ProcessDetach@NativeDll@<CrtImplementationDetails>@@0IB 100064fc     MSVCRT:tncleanup.obj
 0002:00000500       ?ProcessAttach@NativeDll@<CrtImplementationDetails>@@0IB 10006500     MSVCRT:tncleanup.obj
 0002:00000504       ?ThreadAttach@NativeDll@<CrtImplementationDetails>@@0IB 10006504     MSVCRT:tncleanup.obj
 0002:00000508       ?ThreadDetach@NativeDll@<CrtImplementationDetails>@@0IB 10006508     MSVCRT:tncleanup.obj
 0002:0000050c       ?ProcessVerifier@NativeDll@<CrtImplementationDetails>@@0IB 1000650c     MSVCRT:tncleanup.obj
 0002:00000510       __load_config_used         10006510     MSVCRT:loadcfg.obj
 0002:000005b4       ??_R4bad_alloc@std@@6B@    100065b4     FilterText.obj
 0002:000005c8       ??_R3bad_alloc@std@@8      100065c8     FilterText.obj
 0002:000005d8       ??_R2bad_alloc@std@@8      100065d8     FilterText.obj
 0002:000005e4       ??_R1A@?0A@EA@bad_alloc@std@@8 100065e4     FilterText.obj
 0002:00000600       ??_R1A@?0A@EA@exception@std@@8 10006600     FilterText.obj
 0002:0000061c       ??_R3exception@std@@8      1000661c     FilterText.obj
 0002:0000062c       ??_R2exception@std@@8      1000662c     FilterText.obj
 0002:00000634       ??_R4logic_error@std@@6B@  10006634     FilterText.obj
 0002:00000648       ??_R3logic_error@std@@8    10006648     FilterText.obj
 0002:00000658       ??_R2logic_error@std@@8    10006658     FilterText.obj
 0002:00000664       ??_R1A@?0A@EA@logic_error@std@@8 10006664     FilterText.obj
 0002:00000680       ??_R4length_error@std@@6B@ 10006680     FilterText.obj
 0002:00000694       ??_R3length_error@std@@8   10006694     FilterText.obj
 0002:000006a4       ??_R2length_error@std@@8   100066a4     FilterText.obj
 0002:000006b4       ??_R1A@?0A@EA@length_error@std@@8 100066b4     FilterText.obj
 0002:000006d0       ??_R4ITextFilter@@6B@      100066d0     FilterText.obj
 0002:000006e4       ??_R3ITextFilter@@8        100066e4     FilterText.obj
 0002:000006f4       ??_R2ITextFilter@@8        100066f4     FilterText.obj
 0002:00000700       ??_R1A@?0A@EA@ITextFilter@@8 10006700     FilterText.obj
 0002:0000071c       ??_R1A@?0A@EA@IUnknown@@8  1000671c     FilterText.obj
 0002:00000738       ??_R3IUnknown@@8           10006738     FilterText.obj
 0002:00000748       ??_R2IUnknown@@8           10006748     FilterText.obj
 0002:00000750       ??_R4CTextFilter@@6B@      10006750     FilterText.obj
 0002:00000764       ??_R3CTextFilter@@8        10006764     FilterText.obj
 0002:00000774       ??_R2CTextFilter@@8        10006774     FilterText.obj
 0002:00000784       ??_R1A@?0A@EA@CTextFilter@@8 10006784     FilterText.obj
 0002:000007a0       ??_R4CRegCompilerBase@@6B@ 100067a0     Regexp.obj
 0002:000007b4       ??_R3CRegCompilerBase@@8   100067b4     Regexp.obj
 0002:000007c4       ??_R2CRegCompilerBase@@8   100067c4     Regexp.obj
 0002:000007d4       ??_R1A@?0A@EA@CRegCompilerBase@@8 100067d4     Regexp.obj
 0002:000007f0       ??_R13?0A@EA@CRegProgramAccessor@@8 100067f0     Regexp.obj
 0002:0000080c       ??_R3CRegProgramAccessor@@8 1000680c     Regexp.obj
 0002:0000081c       ??_R2CRegProgramAccessor@@8 1000681c     Regexp.obj
 0002:00000828       ??_R1A@?0A@EA@CRegProgramAccessor@@8 10006828     Regexp.obj
 0002:00000844       ??_R1A@?0A@EA@CRegErrorHandler@@8 10006844     Regexp.obj
 0002:00000860       ??_R3CRegErrorHandler@@8   10006860     Regexp.obj
 0002:00000870       ??_R2CRegErrorHandler@@8   10006870     Regexp.obj
 0002:00000878       ??_R13?0A@EA@CRegErrorHandler@@8 10006878     Regexp.obj
 0002:00000894       ??_R4CRegValidator@@6B@    10006894     Regexp.obj
 0002:000008a8       ??_R3CRegValidator@@8      100068a8     Regexp.obj
 0002:000008b8       ??_R2CRegValidator@@8      100068b8     Regexp.obj
 0002:000008cc       ??_R1A@?0A@EA@CRegValidator@@8 100068cc     Regexp.obj
 0002:000008e8       ??_R4CRegCompiler@@6B@     100068e8     Regexp.obj
 0002:000008fc       ??_R3CRegCompiler@@8       100068fc     Regexp.obj
 0002:0000090c       ??_R2CRegCompiler@@8       1000690c     Regexp.obj
 0002:00000920       ??_R1A@?0A@EA@CRegCompiler@@8 10006920     Regexp.obj
 0002:0000093c       ??_R4type_info@@6B@        1000693c     MSVCRT:ti_inst.obj
 0002:00000950       ??_R3type_info@@8          10006950     MSVCRT:ti_inst.obj
 0002:00000960       ??_R2type_info@@8          10006960     MSVCRT:ti_inst.obj
 0002:00000968       ??_R1A@?0A@EA@type_info@@8 10006968     MSVCRT:ti_inst.obj
 0002:00000990       ___safe_se_handler_table   10006990     <linker-defined>
 0002:000009e8       ___rtc_iaa                 100069e8     MSVCRT:initsect.obj
 0002:000009ec       ___rtc_izz                 100069ec     MSVCRT:initsect.obj
 0002:000009f0       ___rtc_taa                 100069f0     MSVCRT:initsect.obj
 0002:000009f4       ___rtc_tzz                 100069f4     MSVCRT:initsect.obj
 0002:00000a7c       __TI3?AVlength_error@std@@ 10006a7c     FilterText.obj
 0002:00000ab8       __CTA3?AVlength_error@std@@ 10006ab8     FilterText.obj
 0002:00000ac8       __CT??_R0?AVlength_error@std@@@8??0length_error@std@@QAE@ABV01@@Z40 10006ac8     FilterText.obj
 0002:00000ae4       __CT??_R0?AVlogic_error@std@@@8??0logic_error@std@@QAE@ABV01@@Z40 10006ae4     FilterText.obj
 0002:00000b00       __CT??_R0?AVexception@std@@@8??0exception@std@@QAE@ABV01@@Z12 10006b00     FilterText.obj
 0002:00000b48       __TI2?AVbad_alloc@std@@    10006b48     FilterText.obj
 0002:00000b58       __CTA2?AVbad_alloc@std@@   10006b58     FilterText.obj
 0002:00000b64       __CT??_R0?AVbad_alloc@std@@@8??0bad_alloc@std@@QAE@ABV01@@Z12 10006b64     FilterText.obj
 0002:00001084       __IMPORT_DESCRIPTOR_MSVCP80 10007084     msvcprt:MSVCP80.dll
 0002:00001098       __IMPORT_DESCRIPTOR_MSVCR80 10007098     MSVCRT:MSVCR80.dll
 0002:000010ac       __IMPORT_DESCRIPTOR_KERNEL32 100070ac     kernel32:KERNEL32.dll
 0002:000010c0       __NULL_IMPORT_DESCRIPTOR   100070c0     msvcprt:MSVCP80.dll
 0003:00000000       ??_R0?AVbad_alloc@std@@@8  10008000     FilterText.obj
 0003:0000001c       ??_R0?AVexception@std@@@8  1000801c     FilterText.obj
 0003:00000038       ??_R0?AVlogic_error@std@@@8 10008038     FilterText.obj
 0003:00000058       ??_R0?AVlength_error@std@@@8 10008058     FilterText.obj
 0003:00000078       ??_R0?AUITextFilter@@@8    10008078     FilterText.obj
 0003:00000094       ??_R0?AUIUnknown@@@8       10008094     FilterText.obj
 0003:000000ac       ??_R0?AVCTextFilter@@@8    100080ac     FilterText.obj
 0003:000000c8       ?errors@@3PAUregErr@@A     100080c8     Regexp.obj
 0003:00000190       ??_R0?AVCRegCompilerBase@@@8 10008190     Regexp.obj
 0003:000001b0       ??_R0?AVCRegProgramAccessor@@@8 100081b0     Regexp.obj
 0003:000001d4       ??_R0?AVCRegErrorHandler@@@8 100081d4     Regexp.obj
 0003:000001f4       ??_R0?AVCRegValidator@@@8  100081f4     Regexp.obj
 0003:00000210       ??_R0?AVCRegCompiler@@@8   10008210     Regexp.obj
 0003:00000234       ??_R0?AVtype_info@@@8      10008234     MSVCRT:ti_inst.obj
 0003:0000024c       ___security_cookie         1000824c     MSVCRT:gs_cookie.obj
 0003:00000250       ___security_cookie_complement 10008250     MSVCRT:gs_cookie.obj
 0003:00000260       ___native_dllmain_reason   10008260     MSVCRT:natstart.obj
 0003:00000264       ___native_vcclrit_reason   10008264     MSVCRT:natstart.obj
 0003:00000594       __forceCRTManifest         10008594     MSVCRT:crtmanifest.obj
 0003:00000598       ?__type_info_root_node@@3U__type_info_node@@A 10008598     MSVCRT:tncleanup.obj
 0003:000005a0       __adjust_fdiv              100085a0     <common>
 0003:000005a4       ___native_startup_state    100085a4     <common>
 0003:000005a8       ___native_startup_lock     100085a8     <common>
 0003:000005ac       ___onexitend               100085ac     <common>
 0003:000005b0       ___onexitbegin             100085b0     <common>
 0003:000005b4       ___dyn_tls_init_callback   100085b4     <common>

 entry point at        0001:00003e75

 Static symbols

 0001:0000064d       __catch$?IsTextPass@CTextFilter@@MAEHPBD@Z$0 1000164d f   FilterText.obj
 0001:00000be9       __catch$??$_Uninit_copy@PAVRegexp@@PAV1@V?$allocator@VRegexp@@@std@@@std@@YAPAVRegexp@@PAV1@00AAV?$allocator@VRegexp@@@0@U_Nonscalar_ptr_iterator_tag@0@U_Range_checked_iterator_tag@0@@Z$0 10001be9 f i FilterText.obj
 0001:00000d4b       __catch$??$_Uninit_fill_n@PAVRegexp@@IV1@V?$allocator@VRegexp@@@std@@@std@@YAXPAVRegexp@@IABV1@AAV?$allocator@VRegexp@@@0@U_Nonscalar_ptr_iterator_tag@0@U_Range_checked_iterator_tag@0@@Z$0 10001d4b f i FilterText.obj
 0001:00001284       __catch$?_Insert_n@?$vector@VRegexp@@V?$allocator@VRegexp@@@std@@@std@@IAEXV?$_Vector_iterator@VRegexp@@V?$allocator@VRegexp@@@std@@@2@IABVRegexp@@@Z$0 10002284 f i FilterText.obj
 0001:0000132f       __catch$?_Insert_n@?$vector@VRegexp@@V?$allocator@VRegexp@@@std@@@std@@IAEXV?$_Vector_iterator@VRegexp@@V?$allocator@VRegexp@@@std@@@2@IABVRegexp@@@Z$2 1000232f f i FilterText.obj
 0001:00001631       __catch$?Clearup@CTextFilter@@MAEHXZ$0 10002631 f   FilterText.obj
 0001:00001977       __catch$?AddExpression@CTextFilter@@MAEHPBD@Z$0 10002977 f   FilterText.obj
 0001:00003982       ?ArrayUnwindFilter@@YAHPAU_EXCEPTION_POINTERS@@@Z 10004982 f   MSVCRT:ehvecdtr.obj
 0001:00003b4f       _pre_c_init                10004b4f f   MSVCRT:crtdll.obj
 0001:00003d5f       ___DllMainCRTStartup       10004d5f f   MSVCRT:crtdll.obj
 0001:00004410       __unwindfunclet$??0logic_error@std@@QAE@ABV?$basic_string@DU?$char_traits@D@std@@V?$allocator@D@2@@1@@Z$0 10005410 f   FilterText.obj
 0001:00004419       __ehhandler$??0logic_error@std@@QAE@ABV?$basic_string@DU?$char_traits@D@std@@V?$allocator@D@2@@1@@Z 10005419 f   FilterText.obj
 0001:00004440       __ehhandler$?IsTextPass@CTextFilter@@MAEHPBD@Z 10005440 f   FilterText.obj
 0001:00004470       __unwindfunclet$?_Xlen@?$vector@VRegexp@@V?$allocator@VRegexp@@@std@@@std@@KAXXZ$0 10005470 f   FilterText.obj
 0001:00004479       __ehhandler$?_Xlen@?$vector@VRegexp@@V?$allocator@VRegexp@@@std@@@std@@KAXXZ 10005479 f   FilterText.obj
 0001:000044a0       __unwindfunclet$??0logic_error@std@@QAE@ABV01@@Z$0 100054a0 f   FilterText.obj
 0001:000044a9       __ehhandler$??0logic_error@std@@QAE@ABV01@@Z 100054a9 f   FilterText.obj
 0001:000044d0       __unwindfunclet$??$_Construct@VRegexp@@V1@@std@@YAXPAVRegexp@@ABV1@@Z$0 100054d0 f   FilterText.obj
 0001:000044e1       __ehhandler$??$_Construct@VRegexp@@V1@@std@@YAXPAVRegexp@@ABV1@@Z 100054e1 f   FilterText.obj
 0001:00004500       __unwindfunclet$??$_Uninit_copy@PAVRegexp@@PAV1@V?$allocator@VRegexp@@@std@@@std@@YAPAVRegexp@@PAV1@00AAV?$allocator@VRegexp@@@0@U_Nonscalar_ptr_iterator_tag@0@U_Range_checked_iterator_tag@0@@Z$2 10005500 f   FilterText.obj
 0001:00004511       __ehhandler$??$_Uninit_copy@PAVRegexp@@PAV1@V?$allocator@VRegexp@@@std@@@std@@YAPAVRegexp@@PAV1@00AAV?$allocator@VRegexp@@@0@U_Nonscalar_ptr_iterator_tag@0@U_Range_checked_iterator_tag@0@@Z 10005511 f   FilterText.obj
 0001:00004530       __unwindfunclet$??$_Uninit_fill_n@PAVRegexp@@IV1@V?$allocator@VRegexp@@@std@@@std@@YAXPAVRegexp@@IABV1@AAV?$allocator@VRegexp@@@0@U_Nonscalar_ptr_iterator_tag@0@U_Range_checked_iterator_tag@0@@Z$2 10005530 f   FilterText.obj
 0001:00004541       __ehhandler$??$_Uninit_fill_n@PAVRegexp@@IV1@V?$allocator@VRegexp@@@std@@@std@@YAXPAVRegexp@@IABV1@AAV?$allocator@VRegexp@@@0@U_Nonscalar_ptr_iterator_tag@0@U_Range_checked_iterator_tag@0@@Z 10005541 f   FilterText.obj
 0001:00004560       __unwindfunclet$?_Insert_n@?$vector@VRegexp@@V?$allocator@VRegexp@@@std@@@std@@IAEXV?$_Vector_iterator@VRegexp@@V?$allocator@VRegexp@@@std@@@2@IABVRegexp@@@Z$4 10005560 f   FilterText.obj
 0001:00004568       __ehhandler$?_Insert_n@?$vector@VRegexp@@V?$allocator@VRegexp@@@std@@@std@@IAEXV?$_Vector_iterator@VRegexp@@V?$allocator@VRegexp@@@std@@@2@IABVRegexp@@@Z 10005568 f   FilterText.obj
 0001:00004590       __unwindfunclet$??0CTextFilter@@IAE@XZ$0 10005590 f   FilterText.obj
 0001:000045a9       __ehhandler$??0CTextFilter@@IAE@XZ 100055a9 f   FilterText.obj
 0001:000045d0       __unwindfunclet$??1CTextFilter@@IAE@XZ$0 100055d0 f   FilterText.obj
 0001:000045e9       __ehhandler$??1CTextFilter@@IAE@XZ 100055e9 f   FilterText.obj
 0001:00004610       __unwindfunclet$?CreateInstance@CTextFilter@@SAPAV1@XZ$0 10005610 f   FilterText.obj
 0001:0000461b       __ehhandler$?CreateInstance@CTextFilter@@SAPAV1@XZ 1000561b f   FilterText.obj
 0001:00004640       __ehhandler$?Clearup@CTextFilter@@MAEHXZ 10005640 f   FilterText.obj
 0001:00004660       __unwindfunclet$?AddExpression@CTextFilter@@MAEHPBD@Z$2 10005660 f   FilterText.obj
 0001:00004668       __ehhandler$?AddExpression@CTextFilter@@MAEHPBD@Z 10005668 f   FilterText.obj
 0001:00004690       __unwindfunclet$??0regexp@@QAE@ABV0@@Z$0 10005690 f   Regexp.obj
 0001:00004698       __ehhandler$??0regexp@@QAE@ABV0@@Z 10005698 f   Regexp.obj
 0001:000046c0       __unwindfunclet$?getCopy@regexp@@QAEPAV1@XZ$0 100056c0 f   Regexp.obj
 0001:000046cb       __ehhandler$?getCopy@regexp@@QAEPAV1@XZ 100056cb f   Regexp.obj
 0001:000046f0       __unwindfunclet$??1Regexp@@QAE@XZ$0 100056f0 f   Regexp.obj
 0001:000046fc       __ehhandler$??1Regexp@@QAE@XZ 100056fc f   Regexp.obj
 0001:00004720       __unwindfunclet$?GetReplaceString@regexp@@QBE?AV?$basic_string@DU?$char_traits@D@std@@V?$allocator@D@2@@std@@PBD@Z$0 10005720 f   Regexp.obj
 0001:00004729       __unwindfunclet$?GetReplaceString@regexp@@QBE?AV?$basic_string@DU?$char_traits@D@std@@V?$allocator@D@2@@std@@PBD@Z$1 10005729 f   Regexp.obj
 0001:00004743       __unwindfunclet$?GetReplaceString@regexp@@QBE?AV?$basic_string@DU?$char_traits@D@std@@V?$allocator@D@2@@std@@PBD@Z$2 10005743 f   Regexp.obj
 0001:0000474c       __ehhandler$?GetReplaceString@regexp@@QBE?AV?$basic_string@DU?$char_traits@D@std@@V?$allocator@D@2@@std@@PBD@Z 1000574c f   Regexp.obj
 0001:00004780       __unwindfunclet$?regexec@regexp@@QAE_NPBD@Z$0 10005780 f   Regexp.obj
 0001:00004788       __ehhandler$?regexec@regexp@@QAE_NPBD@Z 10005788 f   Regexp.obj
 0001:000047b0       __unwindfunclet$?regcomp@regexp@@QAE_NPBD@Z$0 100057b0 f   Regexp.obj
 0001:000047b8       __unwindfunclet$?regcomp@regexp@@QAE_NPBD@Z$1 100057b8 f   Regexp.obj
 0001:000047c0       __ehhandler$?regcomp@regexp@@QAE_NPBD@Z 100057c0 f   Regexp.obj
 0001:000047f0       __unwindfunclet$??0regexp@@QAE@PBDH@Z$0 100057f0 f   Regexp.obj
 0001:000047f8       __ehhandler$??0regexp@@QAE@PBDH@Z 100057f8 f   Regexp.obj
 0001:00004820       __unwindfunclet$??0Regexp@@QAE@PBDH@Z$0 10005820 f   Regexp.obj
 0001:0000482c       __unwindfunclet$??0Regexp@@QAE@PBDH@Z$1 1000582c f   Regexp.obj
 0001:00004837       __ehhandler$??0Regexp@@QAE@PBDH@Z 10005837 f   Regexp.obj
