 Game

 Timestamp is 507eb51d (Wed Oct 17 20:39:41 2012)

 Preferred load address is 00400000

 Start         Length     Name                   Class
 0001:00000000 0005c2d4H .text                   CODE
 0001:0005c2e0 000070c2H .text$x                 CODE
 0001:000633b0 000002b1H .text$yc                CODE
 0001:00063670 0000023aH .text$yd                CODE
 0002:00000000 000003fcH .idata$5                DATA
 0002:000003fc 00000004H .CRT$XCA                DATA
 0002:00000400 00000004H .CRT$XCAA               DATA
 0002:00000404 00000058H .CRT$XCU                DATA
 0002:0000045c 00000004H .CRT$XCZ                DATA
 0002:00000460 00000004H .CRT$XIA                DATA
 0002:00000464 00000004H .CRT$XIAA               DATA
 0002:00000468 00000004H .CRT$XIC                DATA
 0002:0000046c 00000004H .CRT$XIY                DATA
 0002:00000470 00000004H .CRT$XIZ                DATA
 0002:00000480 000061c0H .rdata                  DATA
 0002:00006640 00000054H .rdata$debug            DATA
 0002:00006694 00002cccH .rdata$r                DATA
 0002:00009360 0000064cH .rdata$sxdata           DATA
 0002:000099ac 00000004H .rtc$IAA                DATA
 0002:000099b0 00000004H .rtc$IZZ                DATA
 0002:000099b4 00000004H .rtc$TAA                DATA
 0002:000099b8 00000004H .rtc$TZZ                DATA
 0002:000099c0 00005e50H .xdata$x                DATA
 0002:0000f810 000000c8H .idata$2                DATA
 0002:0000f8d8 00000014H .idata$3                DATA
 0002:0000f8ec 000003fcH .idata$4                DATA
 0002:0000fce8 00001904H .idata$6                DATA
 0002:000115ec 00000000H .edata                  DATA
 0003:00000000 00002023H .data                   DATA
 0003:00002028 00003904H .bss                    DATA
 0004:00000000 000000a0H .rsrc$01                DATA
 0004:000000a0 000008c0H .rsrc$02                DATA

  Address         Publics by Value              Rva+Base       Lib:Object

 0000:00000000       __except_list              00000000     <absolute>
 0000:00000193       ___safe_se_handler_count   00000193     <absolute>
 0000:00009876       __fltused                  00009876     <absolute>
 0000:00009876       __ldused                   00009876     <absolute>
 0000:00000000       ___ImageBase               00400000     <linker-defined>
 0001:00000000       ??0_Iterator_base@std@@QAE@XZ 00401000 f i GameSpaceChangedNotify.obj
 0001:00000010       ??0bad_alloc@std@@QAE@PBD@Z 00401010 f i GameSpaceChangedNotify.obj
 0001:00000030       ??1bad_alloc@std@@UAE@XZ   00401030 f i GameSpaceChangedNotify.obj
 0001:00000040       ??_Ebad_alloc@std@@UAEPAXI@Z 00401040 f i GameSpaceChangedNotify.obj
 0001:00000040       ??_Gbad_alloc@std@@UAEPAXI@Z 00401040 f i GameSpaceChangedNotify.obj
 0001:00000070       ??2@YAPAXIPAX@Z            00401070 f i GameSpaceChangedNotify.obj
 0001:00000080       ??3@YAXPAX0@Z              00401080 f i GameSpaceChangedNotify.obj
 0001:00000090       ??0logic_error@std@@QAE@ABV?$basic_string@DU?$char_traits@D@std@@V?$allocator@D@2@@1@@Z 00401090 f i GameSpaceChangedNotify.obj
 0001:000000f0       ??1logic_error@std@@UAE@XZ 004010f0 f i GameSpaceChangedNotify.obj
 0001:00000110       ?what@logic_error@std@@UBEPBDXZ 00401110 f i GameSpaceChangedNotify.obj
 0001:00000120       ??_Glogic_error@std@@UAEPAXI@Z 00401120 f i GameSpaceChangedNotify.obj
 0001:00000120       ??_Elogic_error@std@@UAEPAXI@Z 00401120 f i GameSpaceChangedNotify.obj
 0001:00000150       ??0length_error@std@@QAE@ABV?$basic_string@DU?$char_traits@D@std@@V?$allocator@D@2@@1@@Z 00401150 f i GameSpaceChangedNotify.obj
 0001:00000170       ??1length_error@std@@UAE@XZ 00401170 f i GameSpaceChangedNotify.obj
 0001:00000190       ??_Glength_error@std@@UAEPAXI@Z 00401190 f i GameSpaceChangedNotify.obj
 0001:00000190       ??_Elength_error@std@@UAEPAXI@Z 00401190 f i GameSpaceChangedNotify.obj
 0001:000001c0       ??0out_of_range@std@@QAE@ABV?$basic_string@DU?$char_traits@D@std@@V?$allocator@D@2@@1@@Z 004011c0 f i GameSpaceChangedNotify.obj
 0001:000001e0       ??1out_of_range@std@@UAE@XZ 004011e0 f i GameSpaceChangedNotify.obj
 0001:00000200       ??_Eout_of_range@std@@UAEPAXI@Z 00401200 f i GameSpaceChangedNotify.obj
 0001:00000200       ??_Gout_of_range@std@@UAEPAXI@Z 00401200 f i GameSpaceChangedNotify.obj
 0001:00000230       ??0FriendNotify@@QAE@XZ    00401230 f i GameSpaceChangedNotify.obj
 0001:00000240       ?NotifyChannelID@KClientCallback@@UAEXPADKE@Z 00401240 f   GameSpaceChangedNotify.obj
 0001:00000260       ?FriendInvite@KClientCallback@@UAEXPAD@Z 00401260 f   GameSpaceChangedNotify.obj
 0001:00000310       ?AddFriend@KClientCallback@@UAEXPADE@Z 00401310 f   GameSpaceChangedNotify.obj
 0001:00000480       ?FriendStatus@KClientCallback@@UAEXPADE@Z 00401480 f   GameSpaceChangedNotify.obj
 0001:00000530       ?FriendInfo@KClientCallback@@UAEXPAD00E@Z 00401530 f   GameSpaceChangedNotify.obj
 0001:000005a0       ?AddPeople@KClientCallback@@UAEXPAD0@Z 004015a0 f   GameSpaceChangedNotify.obj
 0001:00000600       ?LevelTips@@YAXH@Z         00401600 f   GameSpaceChangedNotify.obj
 0001:00000710       ?FactionTips@@YAXH@Z       00401710 f   GameSpaceChangedNotify.obj
 0001:00000830       ?GameWorldTips@@YAXIH@Z    00401830 f   GameSpaceChangedNotify.obj
 0001:00000860       ?size@?$_Tree@V?$_Tmap_traits@V?$basic_string@DU?$char_traits@D@std@@V?$allocator@D@2@@std@@V12@U?$less@V?$basic_string@DU?$char_traits@D@std@@V?$allocator@D@2@@std@@@2@V?$allocator@U?$pair@$$CBV?$basic_string@DU?$char_traits@D@std@@V?$allocator@D@2@@std@@V12@@std@@@2@$0A@@std@@@std@@QBEIXZ 00401860 f i GameSpaceChangedNotify.obj
 0001:00000870       ??1?$pair@$$CBV?$basic_string@DU?$char_traits@D@std@@V?$allocator@D@2@@std@@V12@@std@@QAE@XZ 00401870 f i GameSpaceChangedNotify.obj
 0001:000008d0       ?_Color@?$_Tree@V?$_Tmap_traits@V?$basic_string@DU?$char_traits@D@std@@V?$allocator@D@2@@std@@V12@U?$less@V?$basic_string@DU?$char_traits@D@std@@V?$allocator@D@2@@std@@@2@V?$allocator@U?$pair@$$CBV?$basic_string@DU?$char_traits@D@std@@V?$allocator@D@2@@std@@V12@@std@@@2@$0A@@std@@@std@@KAAADPAU_Node@?$_Tree_nod@V?$_Tmap_traits@V?$basic_string@DU?$char_traits@D@std@@V?$allocator@D@2@@std@@V12@U?$less@V?$basic_string@DU?$char_traits@D@std@@V?$allocator@D@2@@std@@@2@V?$allocator@U?$pair@$$CBV?$basic_string@DU?$char_traits@D@std@@V?$allocator@D@2@@std@@V12@@std@@@2@$0A@@std@@@2@@Z 004018d0 f i GameSpaceChangedNotify.obj
 0001:000008e0       ?_Isnil@?$_Tree@V?$_Tmap_traits@V?$basic_string@DU?$char_traits@D@std@@V?$allocator@D@2@@std@@V12@U?$less@V?$basic_string@DU?$char_traits@D@std@@V?$allocator@D@2@@std@@@2@V?$allocator@U?$pair@$$CBV?$basic_string@DU?$char_traits@D@std@@V?$allocator@D@2@@std@@V12@@std@@@2@$0A@@std@@@std@@KAAADPAU_Node@?$_Tree_nod@V?$_Tmap_traits@V?$basic_string@DU?$char_traits@D@std@@V?$allocator@D@2@@std@@V12@U?$less@V?$basic_string@DU?$char_traits@D@std@@V?$allocator@D@2@@std@@@2@V?$allocator@U?$pair@$$CBV?$basic_string@DU?$char_traits@D@std@@V?$allocator@D@2@@std@@V12@@std@@@2@$0A@@std@@@2@@Z 004018e0 f i GameSpaceChangedNotify.obj
 0001:000008f0       ?_Left@?$_Tree@V?$_Tmap_traits@V?$basic_string@DU?$char_traits@D@std@@V?$allocator@D@2@@std@@V12@U?$less@V?$basic_string@DU?$char_traits@D@std@@V?$allocator@D@2@@std@@@2@V?$allocator@U?$pair@$$CBV?$basic_string@DU?$char_traits@D@std@@V?$allocator@D@2@@std@@V12@@std@@@2@$0A@@std@@@std@@KAAAPAU_Node@?$_Tree_nod@V?$_Tmap_traits@V?$basic_string@DU?$char_traits@D@std@@V?$allocator@D@2@@std@@V12@U?$less@V?$basic_string@DU?$char_traits@D@std@@V?$allocator@D@2@@std@@@2@V?$allocator@U?$pair@$$CBV?$basic_string@DU?$char_traits@D@std@@V?$allocator@D@2@@std@@V12@@std@@@2@$0A@@std@@@2@PAU342@@Z 004018f0 f i GameSpaceChangedNotify.obj
 0001:00000900       ?_Parent@?$_Tree@V?$_Tmap_traits@V?$basic_string@DU?$char_traits@D@std@@V?$allocator@D@2@@std@@V12@U?$less@V?$basic_string@DU?$char_traits@D@std@@V?$allocator@D@2@@std@@@2@V?$allocator@U?$pair@$$CBV?$basic_string@DU?$char_traits@D@std@@V?$allocator@D@2@@std@@V12@@std@@@2@$0A@@std@@@std@@KAAAPAU_Node@?$_Tree_nod@V?$_Tmap_traits@V?$basic_string@DU?$char_traits@D@std@@V?$allocator@D@2@@std@@V12@U?$less@V?$basic_string@DU?$char_traits@D@std@@V?$allocator@D@2@@std@@@2@V?$allocator@U?$pair@$$CBV?$basic_string@DU?$char_traits@D@std@@V?$allocator@D@2@@std@@V12@@std@@@2@$0A@@std@@@2@PAU342@@Z 00401900 f i GameSpaceChangedNotify.obj
 0001:00000910       ?_Right@?$_Tree@V?$_Tmap_traits@V?$basic_string@DU?$char_traits@D@std@@V?$allocator@D@2@@std@@V12@U?$less@V?$basic_string@DU?$char_traits@D@std@@V?$allocator@D@2@@std@@@2@V?$allocator@U?$pair@$$CBV?$basic_string@DU?$char_traits@D@std@@V?$allocator@D@2@@std@@V12@@std@@@2@$0A@@std@@@std@@KAAAPAU_Node@?$_Tree_nod@V?$_Tmap_traits@V?$basic_string@DU?$char_traits@D@std@@V?$allocator@D@2@@std@@V12@U?$less@V?$basic_string@DU?$char_traits@D@std@@V?$allocator@D@2@@std@@@2@V?$allocator@U?$pair@$$CBV?$basic_string@DU?$char_traits@D@std@@V?$allocator@D@2@@std@@V12@@std@@@2@$0A@@std@@@2@PAU342@@Z 00401910 f i GameSpaceChangedNotify.obj
 0001:00000920       ?_Lmost@?$_Tree@V?$_Tmap_traits@V?$basic_string@DU?$char_traits@D@std@@V?$allocator@D@2@@std@@V12@U?$less@V?$basic_string@DU?$char_traits@D@std@@V?$allocator@D@2@@std@@@2@V?$allocator@U?$pair@$$CBV?$basic_string@DU?$char_traits@D@std@@V?$allocator@D@2@@std@@V12@@std@@@2@$0A@@std@@@std@@IBEAAPAU_Node@?$_Tree_nod@V?$_Tmap_traits@V?$basic_string@DU?$char_traits@D@std@@V?$allocator@D@2@@std@@V12@U?$less@V?$basic_string@DU?$char_traits@D@std@@V?$allocator@D@2@@std@@@2@V?$allocator@U?$pair@$$CBV?$basic_string@DU?$char_traits@D@std@@V?$allocator@D@2@@std@@V12@@std@@@2@$0A@@std@@@2@XZ 00401920 f i GameSpaceChangedNotify.obj
 0001:00000930       ?_Max@?$_Tree@V?$_Tmap_traits@V?$basic_string@DU?$char_traits@D@std@@V?$allocator@D@2@@std@@V12@U?$less@V?$basic_string@DU?$char_traits@D@std@@V?$allocator@D@2@@std@@@2@V?$allocator@U?$pair@$$CBV?$basic_string@DU?$char_traits@D@std@@V?$allocator@D@2@@std@@V12@@std@@@2@$0A@@std@@@std@@KAPAU_Node@?$_Tree_nod@V?$_Tmap_traits@V?$basic_string@DU?$char_traits@D@std@@V?$allocator@D@2@@std@@V12@U?$less@V?$basic_string@DU?$char_traits@D@std@@V?$allocator@D@2@@std@@@2@V?$allocator@U?$pair@$$CBV?$basic_string@DU?$char_traits@D@std@@V?$allocator@D@2@@std@@V12@@std@@@2@$0A@@std@@@2@PAU342@@Z 00401930 f i GameSpaceChangedNotify.obj
 0001:00000950       ?_Min@?$_Tree@V?$_Tmap_traits@V?$basic_string@DU?$char_traits@D@std@@V?$allocator@D@2@@std@@V12@U?$less@V?$basic_string@DU?$char_traits@D@std@@V?$allocator@D@2@@std@@@2@V?$allocator@U?$pair@$$CBV?$basic_string@DU?$char_traits@D@std@@V?$allocator@D@2@@std@@V12@@std@@@2@$0A@@std@@@std@@KAPAU_Node@?$_Tree_nod@V?$_Tmap_traits@V?$basic_string@DU?$char_traits@D@std@@V?$allocator@D@2@@std@@V12@U?$less@V?$basic_string@DU?$char_traits@D@std@@V?$allocator@D@2@@std@@@2@V?$allocator@U?$pair@$$CBV?$basic_string@DU?$char_traits@D@std@@V?$allocator@D@2@@std@@V12@@std@@@2@$0A@@std@@@2@PAU342@@Z 00401950 f i GameSpaceChangedNotify.obj
 0001:00000970       ?_Rmost@?$_Tree@V?$_Tmap_traits@V?$basic_string@DU?$char_traits@D@std@@V?$allocator@D@2@@std@@V12@U?$less@V?$basic_string@DU?$char_traits@D@std@@V?$allocator@D@2@@std@@@2@V?$allocator@U?$pair@$$CBV?$basic_string@DU?$char_traits@D@std@@V?$allocator@D@2@@std@@V12@@std@@@2@$0A@@std@@@std@@IBEAAPAU_Node@?$_Tree_nod@V?$_Tmap_traits@V?$basic_string@DU?$char_traits@D@std@@V?$allocator@D@2@@std@@V12@U?$less@V?$basic_string@DU?$char_traits@D@std@@V?$allocator@D@2@@std@@@2@V?$allocator@U?$pair@$$CBV?$basic_string@DU?$char_traits@D@std@@V?$allocator@D@2@@std@@V12@@std@@@2@$0A@@std@@@2@XZ 00401970 f i GameSpaceChangedNotify.obj
 0001:00000980       ?_Root@?$_Tree@V?$_Tmap_traits@V?$basic_string@DU?$char_traits@D@std@@V?$allocator@D@2@@std@@V12@U?$less@V?$basic_string@DU?$char_traits@D@std@@V?$allocator@D@2@@std@@@2@V?$allocator@U?$pair@$$CBV?$basic_string@DU?$char_traits@D@std@@V?$allocator@D@2@@std@@V12@@std@@@2@$0A@@std@@@std@@IBEAAPAU_Node@?$_Tree_nod@V?$_Tmap_traits@V?$basic_string@DU?$char_traits@D@std@@V?$allocator@D@2@@std@@V12@U?$less@V?$basic_string@DU?$char_traits@D@std@@V?$allocator@D@2@@std@@@2@V?$allocator@U?$pair@$$CBV?$basic_string@DU?$char_traits@D@std@@V?$allocator@D@2@@std@@V12@@std@@@2@$0A@@std@@@2@XZ 00401980 f i GameSpaceChangedNotify.obj
 0001:00000990       ?_Rrotate@?$_Tree@V?$_Tmap_traits@V?$basic_string@DU?$char_traits@D@std@@V?$allocator@D@2@@std@@V12@U?$less@V?$basic_string@DU?$char_traits@D@std@@V?$allocator@D@2@@std@@@2@V?$allocator@U?$pair@$$CBV?$basic_string@DU?$char_traits@D@std@@V?$allocator@D@2@@std@@V12@@std@@@2@$0A@@std@@@std@@IAEXPAU_Node@?$_Tree_nod@V?$_Tmap_traits@V?$basic_string@DU?$char_traits@D@std@@V?$allocator@D@2@@std@@V12@U?$less@V?$basic_string@DU?$char_traits@D@std@@V?$allocator@D@2@@std@@@2@V?$allocator@U?$pair@$$CBV?$basic_string@DU?$char_traits@D@std@@V?$allocator@D@2@@std@@V12@@std@@@2@$0A@@std@@@2@@Z 00401990 f i GameSpaceChangedNotify.obj
 0001:000009f0       ??0?$allocator@U?$pair@$$CBV?$basic_string@DU?$char_traits@D@std@@V?$allocator@D@2@@std@@V12@@std@@@std@@QAE@XZ 004019f0 f i GameSpaceChangedNotify.obj
 0001:00000a00       ??R?$less@V?$basic_string@DU?$char_traits@D@std@@V?$allocator@D@2@@std@@@std@@QBE_NABV?$basic_string@DU?$char_traits@D@std@@V?$allocator@D@2@@1@0@Z 00401a00 f i GameSpaceChangedNotify.obj
 0001:00000a20       ?deallocate@?$allocator@U_Node@?$_Tree_nod@V?$_Tmap_traits@V?$basic_string@DU?$char_traits@D@std@@V?$allocator@D@2@@std@@V12@U?$less@V?$basic_string@DU?$char_traits@D@std@@V?$allocator@D@2@@std@@@2@V?$allocator@U?$pair@$$CBV?$basic_string@DU?$char_traits@D@std@@V?$allocator@D@2@@std@@V12@@std@@@2@$0A@@std@@@std@@@std@@QAEXPAU_Node@?$_Tree_nod@V?$_Tmap_traits@V?$basic_string@DU?$char_traits@D@std@@V?$allocator@D@2@@std@@V12@U?$less@V?$basic_string@DU?$char_traits@D@std@@V?$allocator@D@2@@std@@@2@V?$allocator@U?$pair@$$CBV?$basic_string@DU?$char_traits@D@std@@V?$allocator@D@2@@std@@V12@@std@@@2@$0A@@std@@@2@I@Z 00401a20 f i GameSpaceChangedNotify.obj
 0001:00000a30       ??0?$allocator@V?$basic_string@DU?$char_traits@D@std@@V?$allocator@D@2@@std@@@std@@QAE@XZ 00401a30 f i GameSpaceChangedNotify.obj
 0001:00000a40       ??8const_iterator@?$_Tree@V?$_Tmap_traits@V?$basic_string@DU?$char_traits@D@std@@V?$allocator@D@2@@std@@V12@U?$less@V?$basic_string@DU?$char_traits@D@std@@V?$allocator@D@2@@std@@@2@V?$allocator@U?$pair@$$CBV?$basic_string@DU?$char_traits@D@std@@V?$allocator@D@2@@std@@V12@@std@@@2@$0A@@std@@@std@@QBE_NABV012@@Z 00401a40 f i GameSpaceChangedNotify.obj
 0001:00000a70       ?_Mynode@const_iterator@?$_Tree@V?$_Tmap_traits@V?$basic_string@DU?$char_traits@D@std@@V?$allocator@D@2@@std@@V12@U?$less@V?$basic_string@DU?$char_traits@D@std@@V?$allocator@D@2@@std@@@2@V?$allocator@U?$pair@$$CBV?$basic_string@DU?$char_traits@D@std@@V?$allocator@D@2@@std@@V12@@std@@@2@$0A@@std@@@std@@QBEPAU_Node@?$_Tree_nod@V?$_Tmap_traits@V?$basic_string@DU?$char_traits@D@std@@V?$allocator@D@2@@std@@V12@U?$less@V?$basic_string@DU?$char_traits@D@std@@V?$allocator@D@2@@std@@@2@V?$allocator@U?$pair@$$CBV?$basic_string@DU?$char_traits@D@std@@V?$allocator@D@2@@std@@V12@@std@@@2@$0A@@std@@@3@XZ 00401a70 f i GameSpaceChangedNotify.obj
 0001:00000a80       ??0?$pair@$$CBV?$basic_string@DU?$char_traits@D@std@@V?$allocator@D@2@@std@@V12@@std@@QAE@ABV?$basic_string@DU?$char_traits@D@std@@V?$allocator@D@2@@1@0@Z 00401a80 f i GameSpaceChangedNotify.obj
 0001:00000ae0       ?_Nextnode@?$list@V?$basic_string@DU?$char_traits@D@std@@V?$allocator@D@2@@std@@V?$allocator@V?$basic_string@DU?$char_traits@D@std@@V?$allocator@D@2@@std@@@2@@std@@KAAAPAU_Node@?$_List_nod@V?$basic_string@DU?$char_traits@D@std@@V?$allocator@D@2@@std@@V?$allocator@V?$basic_string@DU?$char_traits@D@std@@V?$allocator@D@2@@std@@@2@@2@PAU342@@Z 00401ae0 f i GameSpaceChangedNotify.obj
 0001:00000af0       ?_Myval@?$list@V?$basic_string@DU?$char_traits@D@std@@V?$allocator@D@2@@std@@V?$allocator@V?$basic_string@DU?$char_traits@D@std@@V?$allocator@D@2@@std@@@2@@std@@KAAAV?$basic_string@DU?$char_traits@D@std@@V?$allocator@D@2@@2@PAU_Node@?$_List_nod@V?$basic_string@DU?$char_traits@D@std@@V?$allocator@D@2@@std@@V?$allocator@V?$basic_string@DU?$char_traits@D@std@@V?$allocator@D@2@@std@@@2@@2@@Z 00401af0 f i GameSpaceChangedNotify.obj
 0001:00000b00       ??E?$_Const_iterator@$00@?$list@V?$basic_string@DU?$char_traits@D@std@@V?$allocator@D@2@@std@@V?$allocator@V?$basic_string@DU?$char_traits@D@std@@V?$allocator@D@2@@std@@@2@@std@@QAEAAV012@XZ 00401b00 f i GameSpaceChangedNotify.obj
 0001:00000b30       ??8?$_Const_iterator@$00@?$list@V?$basic_string@DU?$char_traits@D@std@@V?$allocator@D@2@@std@@V?$allocator@V?$basic_string@DU?$char_traits@D@std@@V?$allocator@D@2@@std@@@2@@std@@QBE_NABV012@@Z 00401b30 f i GameSpaceChangedNotify.obj
 0001:00000b60       ??0?$_Bidit@V?$basic_string@DU?$char_traits@D@std@@V?$allocator@D@2@@std@@HPBV12@ABV12@@std@@QAE@XZ 00401b60 f i GameSpaceChangedNotify.obj
 0001:00000b70       ?_Myval@?$_Tree@V?$_Tmap_traits@V?$basic_string@DU?$char_traits@D@std@@V?$allocator@D@2@@std@@V12@U?$less@V?$basic_string@DU?$char_traits@D@std@@V?$allocator@D@2@@std@@@2@V?$allocator@U?$pair@$$CBV?$basic_string@DU?$char_traits@D@std@@V?$allocator@D@2@@std@@V12@@std@@@2@$0A@@std@@@std@@KAAAU?$pair@$$CBV?$basic_string@DU?$char_traits@D@std@@V?$allocator@D@2@@std@@V12@@2@PAU_Node@?$_Tree_nod@V?$_Tmap_traits@V?$basic_string@DU?$char_traits@D@std@@V?$allocator@D@2@@std@@V12@U?$less@V?$basic_string@DU?$char_traits@D@std@@V?$allocator@D@2@@std@@@2@V?$allocator@U?$pair@$$CBV?$basic_string@DU?$char_traits@D@std@@V?$allocator@D@2@@std@@V12@@std@@@2@$0A@@std@@@2@@Z 00401b70 f i GameSpaceChangedNotify.obj
 0001:00000b80       ?_Kfn@?$_Tmap_traits@V?$basic_string@DU?$char_traits@D@std@@V?$allocator@D@2@@std@@V12@U?$less@V?$basic_string@DU?$char_traits@D@std@@V?$allocator@D@2@@std@@@2@V?$allocator@U?$pair@$$CBV?$basic_string@DU?$char_traits@D@std@@V?$allocator@D@2@@std@@V12@@std@@@2@$0A@@std@@SAABV?$basic_string@DU?$char_traits@D@std@@V?$allocator@D@2@@2@ABU?$pair@$$CBV?$basic_string@DU?$char_traits@D@std@@V?$allocator@D@2@@std@@V12@@2@@Z 00401b80 f i GameSpaceChangedNotify.obj
 0001:00000b90       ??0?$allocator@U?$pair@$$CBV?$basic_string@DU?$char_traits@D@std@@V?$allocator@D@2@@std@@V12@@std@@@std@@QAE@ABV01@@Z 00401b90 f i GameSpaceChangedNotify.obj
 0001:00000ba0       ??0?$allocator@V?$basic_string@DU?$char_traits@D@std@@V?$allocator@D@2@@std@@@std@@QAE@ABV01@@Z 00401ba0 f i GameSpaceChangedNotify.obj
 0001:00000bb0       ??Dconst_iterator@?$_Tree@V?$_Tmap_traits@V?$basic_string@DU?$char_traits@D@std@@V?$allocator@D@2@@std@@V12@U?$less@V?$basic_string@DU?$char_traits@D@std@@V?$allocator@D@2@@std@@@2@V?$allocator@U?$pair@$$CBV?$basic_string@DU?$char_traits@D@std@@V?$allocator@D@2@@std@@V12@@std@@@2@$0A@@std@@@std@@QBEABU?$pair@$$CBV?$basic_string@DU?$char_traits@D@std@@V?$allocator@D@2@@std@@V12@@2@XZ 00401bb0 f i GameSpaceChangedNotify.obj
 0001:00000be0       ?_Prevnode@?$list@V?$basic_string@DU?$char_traits@D@std@@V?$allocator@D@2@@std@@V?$allocator@V?$basic_string@DU?$char_traits@D@std@@V?$allocator@D@2@@std@@@2@@std@@KAAAPAU_Node@?$_List_nod@V?$basic_string@DU?$char_traits@D@std@@V?$allocator@D@2@@std@@V?$allocator@V?$basic_string@DU?$char_traits@D@std@@V?$allocator@D@2@@std@@@2@@2@PAU342@@Z 00401be0 f i GameSpaceChangedNotify.obj
 0001:00000bf0       ?deallocate@?$allocator@U_Node@?$_List_nod@V?$basic_string@DU?$char_traits@D@std@@V?$allocator@D@2@@std@@V?$allocator@V?$basic_string@DU?$char_traits@D@std@@V?$allocator@D@2@@std@@@2@@std@@@std@@QAEXPAU_Node@?$_List_nod@V?$basic_string@DU?$char_traits@D@std@@V?$allocator@D@2@@std@@V?$allocator@V?$basic_string@DU?$char_traits@D@std@@V?$allocator@D@2@@std@@@2@@2@I@Z 00401bf0 f i GameSpaceChangedNotify.obj
 0001:00000c00       ?_Mynode@?$_Const_iterator@$00@?$list@V?$basic_string@DU?$char_traits@D@std@@V?$allocator@D@2@@std@@V?$allocator@V?$basic_string@DU?$char_traits@D@std@@V?$allocator@D@2@@std@@@2@@std@@QBEPAU_Node@?$_List_nod@V?$basic_string@DU?$char_traits@D@std@@V?$allocator@D@2@@std@@V?$allocator@V?$basic_string@DU?$char_traits@D@std@@V?$allocator@D@2@@std@@@2@@3@XZ 00401c00 f i GameSpaceChangedNotify.obj
 0001:00000c10       ??0?$_Bidit@U?$pair@$$CBV?$basic_string@DU?$char_traits@D@std@@V?$allocator@D@2@@std@@V12@@std@@HPBU12@ABU12@@std@@QAE@XZ 00401c10 f i GameSpaceChangedNotify.obj
 0001:00000c20       ??0const_iterator@?$_Tree@V?$_Tmap_traits@V?$basic_string@DU?$char_traits@D@std@@V?$allocator@D@2@@std@@V12@U?$less@V?$basic_string@DU?$char_traits@D@std@@V?$allocator@D@2@@std@@@2@V?$allocator@U?$pair@$$CBV?$basic_string@DU?$char_traits@D@std@@V?$allocator@D@2@@std@@V12@@std@@@2@$0A@@std@@@std@@QAE@XZ 00401c20 f i GameSpaceChangedNotify.obj
 0001:00000c30       ?_Inc@const_iterator@?$_Tree@V?$_Tmap_traits@V?$basic_string@DU?$char_traits@D@std@@V?$allocator@D@2@@std@@V12@U?$less@V?$basic_string@DU?$char_traits@D@std@@V?$allocator@D@2@@std@@@2@V?$allocator@U?$pair@$$CBV?$basic_string@DU?$char_traits@D@std@@V?$allocator@D@2@@std@@V12@@std@@@2@$0A@@std@@@std@@QAEXXZ 00401c30 f i GameSpaceChangedNotify.obj
 0001:00000ca0       ??0?$pair@Viterator@?$_Tree@V?$_Tmap_traits@V?$basic_string@DU?$char_traits@D@std@@V?$allocator@D@2@@std@@V12@U?$less@V?$basic_string@DU?$char_traits@D@std@@V?$allocator@D@2@@std@@@2@V?$allocator@U?$pair@$$CBV?$basic_string@DU?$char_traits@D@std@@V?$allocator@D@2@@std@@V12@@std@@@2@$0A@@std@@@std@@_N@std@@QAE@ABViterator@?$_Tree@V?$_Tmap_traits@V?$basic_string@DU?$char_traits@D@std@@V?$allocator@D@2@@std@@V12@U?$less@V?$basic_string@DU?$char_traits@D@std@@V?$allocator@D@2@@std@@@2@V?$allocator@U?$pair@$$CBV?$basic_string@DU?$char_traits@D@std@@V?$allocator@D@2@@std@@V12@@std@@@2@$0A@@std@@@1@AB_N@Z 00401ca0 f i GameSpaceChangedNotify.obj
 0001:00000cc0       ?max_size@?$allocator@U?$pair@$$CBV?$basic_string@DU?$char_traits@D@std@@V?$allocator@D@2@@std@@V12@@std@@@std@@QBEIXZ 00401cc0 f i GameSpaceChangedNotify.obj
 0001:00000cd0       ?max_size@?$allocator@V?$basic_string@DU?$char_traits@D@std@@V?$allocator@D@2@@std@@@std@@QBEIXZ 00401cd0 f i GameSpaceChangedNotify.obj
 0001:00000ce0       ?_Dec@const_iterator@?$_Tree@V?$_Tmap_traits@V?$basic_string@DU?$char_traits@D@std@@V?$allocator@D@2@@std@@V12@U?$less@V?$basic_string@DU?$char_traits@D@std@@V?$allocator@D@2@@std@@@2@V?$allocator@U?$pair@$$CBV?$basic_string@DU?$char_traits@D@std@@V?$allocator@D@2@@std@@V12@@std@@@2@$0A@@std@@@std@@QAEXXZ 00401ce0 f i GameSpaceChangedNotify.obj
 0001:00000d70       ??0?$pair@$$CBV?$basic_string@DU?$char_traits@D@std@@V?$allocator@D@2@@std@@V12@@std@@QAE@ABU01@@Z 00401d70 f i GameSpaceChangedNotify.obj
 0001:00000dd0       ??0?$_Tmap_traits@V?$basic_string@DU?$char_traits@D@std@@V?$allocator@D@2@@std@@V12@U?$less@V?$basic_string@DU?$char_traits@D@std@@V?$allocator@D@2@@std@@@2@V?$allocator@U?$pair@$$CBV?$basic_string@DU?$char_traits@D@std@@V?$allocator@D@2@@std@@V12@@std@@@2@$0A@@std@@QAE@U?$less@V?$basic_string@DU?$char_traits@D@std@@V?$allocator@D@2@@std@@@1@@Z 00401dd0 f i GameSpaceChangedNotify.obj
 0001:00000de0       ??$swap@D@std@@YAXAAD0@Z   00401de0 f i GameSpaceChangedNotify.obj
 0001:00000e00       ??$_Destroy@PAU_Node@?$_Tree_nod@V?$_Tmap_traits@V?$basic_string@DU?$char_traits@D@std@@V?$allocator@D@2@@std@@V12@U?$less@V?$basic_string@DU?$char_traits@D@std@@V?$allocator@D@2@@std@@@2@V?$allocator@U?$pair@$$CBV?$basic_string@DU?$char_traits@D@std@@V?$allocator@D@2@@std@@V12@@std@@@2@$0A@@std@@@std@@@std@@YAXPAPAU_Node@?$_Tree_nod@V?$_Tmap_traits@V?$basic_string@DU?$char_traits@D@std@@V?$allocator@D@2@@std@@V12@U?$less@V?$basic_string@DU?$char_traits@D@std@@V?$allocator@D@2@@std@@@2@V?$allocator@U?$pair@$$CBV?$basic_string@DU?$char_traits@D@std@@V?$allocator@D@2@@std@@V12@@std@@@2@$0A@@std@@@0@@Z 00401e00 f i GameSpaceChangedNotify.obj
 0001:00000e10       ??$?0V?$basic_string@DU?$char_traits@D@std@@V?$allocator@D@2@@std@@@?$allocator@PAU_Node@?$_List_nod@V?$basic_string@DU?$char_traits@D@std@@V?$allocator@D@2@@std@@V?$allocator@V?$basic_string@DU?$char_traits@D@std@@V?$allocator@D@2@@std@@@2@@std@@@std@@QAE@ABV?$allocator@V?$basic_string@DU?$char_traits@D@std@@V?$allocator@D@2@@std@@@1@@Z 00401e10 f i GameSpaceChangedNotify.obj
 0001:00000e20       ??$_Allocate@U_Node@?$_List_nod@V?$basic_string@DU?$char_traits@D@std@@V?$allocator@D@2@@std@@V?$allocator@V?$basic_string@DU?$char_traits@D@std@@V?$allocator@D@2@@std@@@2@@std@@@std@@YAPAU_Node@?$_List_nod@V?$basic_string@DU?$char_traits@D@std@@V?$allocator@D@2@@std@@V?$allocator@V?$basic_string@DU?$char_traits@D@std@@V?$allocator@D@2@@std@@@2@@0@IPAU120@@Z 00401e20 f i GameSpaceChangedNotify.obj
 0001:00000e80       ??$_Construct@PAU_Node@?$_List_nod@V?$basic_string@DU?$char_traits@D@std@@V?$allocator@D@2@@std@@V?$allocator@V?$basic_string@DU?$char_traits@D@std@@V?$allocator@D@2@@std@@@2@@std@@PAU123@@std@@YAXPAPAU_Node@?$_List_nod@V?$basic_string@DU?$char_traits@D@std@@V?$allocator@D@2@@std@@V?$allocator@V?$basic_string@DU?$char_traits@D@std@@V?$allocator@D@2@@std@@@2@@0@ABQAU120@@Z 00401e80 f i GameSpaceChangedNotify.obj
 0001:00000ea0       ??$_Destroy@PAU_Node@?$_List_nod@V?$basic_string@DU?$char_traits@D@std@@V?$allocator@D@2@@std@@V?$allocator@V?$basic_string@DU?$char_traits@D@std@@V?$allocator@D@2@@std@@@2@@std@@@std@@YAXPAPAU_Node@?$_List_nod@V?$basic_string@DU?$char_traits@D@std@@V?$allocator@D@2@@std@@V?$allocator@V?$basic_string@DU?$char_traits@D@std@@V?$allocator@D@2@@std@@@2@@0@@Z 00401ea0 f i GameSpaceChangedNotify.obj
 0001:00000eb0       ??$?0U?$pair@$$CBV?$basic_string@DU?$char_traits@D@std@@V?$allocator@D@2@@std@@V12@@std@@@?$allocator@PAU_Node@?$_Tree_nod@V?$_Tmap_traits@V?$basic_string@DU?$char_traits@D@std@@V?$allocator@D@2@@std@@V12@U?$less@V?$basic_string@DU?$char_traits@D@std@@V?$allocator@D@2@@std@@@2@V?$allocator@U?$pair@$$CBV?$basic_string@DU?$char_traits@D@std@@V?$allocator@D@2@@std@@V12@@std@@@2@$0A@@std@@@std@@@std@@QAE@ABV?$allocator@U?$pair@$$CBV?$basic_string@DU?$char_traits@D@std@@V?$allocator@D@2@@std@@V12@@std@@@1@@Z 00401eb0 f i GameSpaceChangedNotify.obj
 0001:00000ec0       ??$_Construct@V?$basic_string@DU?$char_traits@D@std@@V?$allocator@D@2@@std@@V12@@std@@YAXPAV?$basic_string@DU?$char_traits@D@std@@V?$allocator@D@2@@0@ABV10@@Z 00401ec0 f i GameSpaceChangedNotify.obj
 0001:00000f20       ??$?0V?$basic_string@DU?$char_traits@D@std@@V?$allocator@D@2@@std@@@?$allocator@U_Node@?$_List_nod@V?$basic_string@DU?$char_traits@D@std@@V?$allocator@D@2@@std@@V?$allocator@V?$basic_string@DU?$char_traits@D@std@@V?$allocator@D@2@@std@@@2@@std@@@std@@QAE@ABV?$allocator@V?$basic_string@DU?$char_traits@D@std@@V?$allocator@D@2@@std@@@1@@Z 00401f20 f i GameSpaceChangedNotify.obj
 0001:00000f30       ??$?0U?$pair@$$CBV?$basic_string@DU?$char_traits@D@std@@V?$allocator@D@2@@std@@V12@@std@@@?$allocator@U_Node@?$_Tree_nod@V?$_Tmap_traits@V?$basic_string@DU?$char_traits@D@std@@V?$allocator@D@2@@std@@V12@U?$less@V?$basic_string@DU?$char_traits@D@std@@V?$allocator@D@2@@std@@@2@V?$allocator@U?$pair@$$CBV?$basic_string@DU?$char_traits@D@std@@V?$allocator@D@2@@std@@V12@@std@@@2@$0A@@std@@@std@@@std@@QAE@ABV?$allocator@U?$pair@$$CBV?$basic_string@DU?$char_traits@D@std@@V?$allocator@D@2@@std@@V12@@std@@@1@@Z 00401f30 f i GameSpaceChangedNotify.obj
 0001:00000f40       ??$_Allocate@U_Node@?$_Tree_nod@V?$_Tmap_traits@V?$basic_string@DU?$char_traits@D@std@@V?$allocator@D@2@@std@@V12@U?$less@V?$basic_string@DU?$char_traits@D@std@@V?$allocator@D@2@@std@@@2@V?$allocator@U?$pair@$$CBV?$basic_string@DU?$char_traits@D@std@@V?$allocator@D@2@@std@@V12@@std@@@2@$0A@@std@@@std@@@std@@YAPAU_Node@?$_Tree_nod@V?$_Tmap_traits@V?$basic_string@DU?$char_traits@D@std@@V?$allocator@D@2@@std@@V12@U?$less@V?$basic_string@DU?$char_traits@D@std@@V?$allocator@D@2@@std@@@2@V?$allocator@U?$pair@$$CBV?$basic_string@DU?$char_traits@D@std@@V?$allocator@D@2@@std@@V12@@std@@@2@$0A@@std@@@0@IPAU120@@Z 00401f40 f i GameSpaceChangedNotify.obj
 0001:00000fa0       ??$_Construct@PAU_Node@?$_Tree_nod@V?$_Tmap_traits@V?$basic_string@DU?$char_traits@D@std@@V?$allocator@D@2@@std@@V12@U?$less@V?$basic_string@DU?$char_traits@D@std@@V?$allocator@D@2@@std@@@2@V?$allocator@U?$pair@$$CBV?$basic_string@DU?$char_traits@D@std@@V?$allocator@D@2@@std@@V12@@std@@@2@$0A@@std@@@std@@PAU123@@std@@YAXPAPAU_Node@?$_Tree_nod@V?$_Tmap_traits@V?$basic_string@DU?$char_traits@D@std@@V?$allocator@D@2@@std@@V12@U?$less@V?$basic_string@DU?$char_traits@D@std@@V?$allocator@D@2@@std@@@2@V?$allocator@U?$pair@$$CBV?$basic_string@DU?$char_traits@D@std@@V?$allocator@D@2@@std@@V12@@std@@@2@$0A@@std@@@0@ABQAU120@@Z 00401fa0 f i GameSpaceChangedNotify.obj
 0001:00000fc0       ??0bad_alloc@std@@QAE@ABV01@@Z 00401fc0 f i GameSpaceChangedNotify.obj
 0001:00000fe0       ??1_Node@?$_Tree_nod@V?$_Tmap_traits@V?$basic_string@DU?$char_traits@D@std@@V?$allocator@D@2@@std@@V12@U?$less@V?$basic_string@DU?$char_traits@D@std@@V?$allocator@D@2@@std@@@2@V?$allocator@U?$pair@$$CBV?$basic_string@DU?$char_traits@D@std@@V?$allocator@D@2@@std@@V12@@std@@@2@$0A@@std@@@std@@QAE@XZ 00401fe0 f i GameSpaceChangedNotify.obj
 0001:00000ff0       ??1_Node@?$_List_nod@V?$basic_string@DU?$char_traits@D@std@@V?$allocator@D@2@@std@@V?$allocator@V?$basic_string@DU?$char_traits@D@std@@V?$allocator@D@2@@std@@@2@@std@@QAE@XZ 00401ff0 f i GameSpaceChangedNotify.obj
 0001:00001000       ?CoreDataChangedCallback@@YAXIIH@Z 00402000 f   GameSpaceChangedNotify.obj
 0001:000018f0       ?CoreDataChanged@KClientCallback@@UAEXIIH@Z 004028f0 f   GameSpaceChangedNotify.obj
 0001:00001910       ??0AddinNotify@@QAE@XZ     00402910 f i GameSpaceChangedNotify.obj
 0001:00001920       ??9const_iterator@?$_Tree@V?$_Tmap_traits@V?$basic_string@DU?$char_traits@D@std@@V?$allocator@D@2@@std@@V12@U?$less@V?$basic_string@DU?$char_traits@D@std@@V?$allocator@D@2@@std@@@2@V?$allocator@U?$pair@$$CBV?$basic_string@DU?$char_traits@D@std@@V?$allocator@D@2@@std@@V12@@std@@@2@$0A@@std@@@std@@QBE_NABV012@@Z 00402920 f i GameSpaceChangedNotify.obj
 0001:00001950       ??D?$_Const_iterator@$00@?$list@V?$basic_string@DU?$char_traits@D@std@@V?$allocator@D@2@@std@@V?$allocator@V?$basic_string@DU?$char_traits@D@std@@V?$allocator@D@2@@std@@@2@@std@@QBEABV?$basic_string@DU?$char_traits@D@std@@V?$allocator@D@2@@2@XZ 00402950 f i GameSpaceChangedNotify.obj
 0001:00001980       ??E?$_Const_iterator@$00@?$list@V?$basic_string@DU?$char_traits@D@std@@V?$allocator@D@2@@std@@V?$allocator@V?$basic_string@DU?$char_traits@D@std@@V?$allocator@D@2@@std@@@2@@std@@QAE?AV012@H@Z 00402980 f i GameSpaceChangedNotify.obj
 0001:000019c0       ??9?$_Const_iterator@$00@?$list@V?$basic_string@DU?$char_traits@D@std@@V?$allocator@D@2@@std@@V?$allocator@V?$basic_string@DU?$char_traits@D@std@@V?$allocator@D@2@@std@@@2@@std@@QBE_NABV012@@Z 004029c0 f i GameSpaceChangedNotify.obj
 0001:000019f0       ?_Key@?$_Tree@V?$_Tmap_traits@V?$basic_string@DU?$char_traits@D@std@@V?$allocator@D@2@@std@@V12@U?$less@V?$basic_string@DU?$char_traits@D@std@@V?$allocator@D@2@@std@@@2@V?$allocator@U?$pair@$$CBV?$basic_string@DU?$char_traits@D@std@@V?$allocator@D@2@@std@@V12@@std@@@2@$0A@@std@@@std@@KAABV?$basic_string@DU?$char_traits@D@std@@V?$allocator@D@2@@2@PAU_Node@?$_Tree_nod@V?$_Tmap_traits@V?$basic_string@DU?$char_traits@D@std@@V?$allocator@D@2@@std@@V12@U?$less@V?$basic_string@DU?$char_traits@D@std@@V?$allocator@D@2@@std@@@2@V?$allocator@U?$pair@$$CBV?$basic_string@DU?$char_traits@D@std@@V?$allocator@D@2@@std@@V12@@std@@@2@$0A@@std@@@2@@Z 004029f0 f i GameSpaceChangedNotify.obj
 0001:00001a00       ?_Lrotate@?$_Tree@V?$_Tmap_traits@V?$basic_string@DU?$char_traits@D@std@@V?$allocator@D@2@@std@@V12@U?$less@V?$basic_string@DU?$char_traits@D@std@@V?$allocator@D@2@@std@@@2@V?$allocator@U?$pair@$$CBV?$basic_string@DU?$char_traits@D@std@@V?$allocator@D@2@@std@@V12@@std@@@2@$0A@@std@@@std@@IAEXPAU_Node@?$_Tree_nod@V?$_Tmap_traits@V?$basic_string@DU?$char_traits@D@std@@V?$allocator@D@2@@std@@V12@U?$less@V?$basic_string@DU?$char_traits@D@std@@V?$allocator@D@2@@std@@@2@V?$allocator@U?$pair@$$CBV?$basic_string@DU?$char_traits@D@std@@V?$allocator@D@2@@std@@V12@@std@@@2@$0A@@std@@@2@@Z 00402a00 f i GameSpaceChangedNotify.obj
 0001:00001a50       ??Diterator@?$_Tree@V?$_Tmap_traits@V?$basic_string@DU?$char_traits@D@std@@V?$allocator@D@2@@std@@V12@U?$less@V?$basic_string@DU?$char_traits@D@std@@V?$allocator@D@2@@std@@@2@V?$allocator@U?$pair@$$CBV?$basic_string@DU?$char_traits@D@std@@V?$allocator@D@2@@std@@V12@@std@@@2@$0A@@std@@@std@@QBEAAU?$pair@$$CBV?$basic_string@DU?$char_traits@D@std@@V?$allocator@D@2@@std@@V12@@2@XZ 00402a50 f i GameSpaceChangedNotify.obj
 0001:00001a80       ??0?$_Const_iterator@$00@?$list@V?$basic_string@DU?$char_traits@D@std@@V?$allocator@D@2@@std@@V?$allocator@V?$basic_string@DU?$char_traits@D@std@@V?$allocator@D@2@@std@@@2@@std@@QAE@PAU_Node@?$_List_nod@V?$basic_string@DU?$char_traits@D@std@@V?$allocator@D@2@@std@@V?$allocator@V?$basic_string@DU?$char_traits@D@std@@V?$allocator@D@2@@std@@@2@@2@PBV12@@Z 00402a80 f i GameSpaceChangedNotify.obj
 0001:00001ab0       ?_Lbound@?$_Tree@V?$_Tmap_traits@V?$basic_string@DU?$char_traits@D@std@@V?$allocator@D@2@@std@@V12@U?$less@V?$basic_string@DU?$char_traits@D@std@@V?$allocator@D@2@@std@@@2@V?$allocator@U?$pair@$$CBV?$basic_string@DU?$char_traits@D@std@@V?$allocator@D@2@@std@@V12@@std@@@2@$0A@@std@@@std@@IBEPAU_Node@?$_Tree_nod@V?$_Tmap_traits@V?$basic_string@DU?$char_traits@D@std@@V?$allocator@D@2@@std@@V12@U?$less@V?$basic_string@DU?$char_traits@D@std@@V?$allocator@D@2@@std@@@2@V?$allocator@U?$pair@$$CBV?$basic_string@DU?$char_traits@D@std@@V?$allocator@D@2@@std@@V12@@std@@@2@$0A@@std@@@2@ABV?$basic_string@DU?$char_traits@D@std@@V?$allocator@D@2@@2@@Z 00402ab0 f i GameSpaceChangedNotify.obj
 0001:00001b00       ?destroy@?$allocator@PAU_Node@?$_Tree_nod@V?$_Tmap_traits@V?$basic_string@DU?$char_traits@D@std@@V?$allocator@D@2@@std@@V12@U?$less@V?$basic_string@DU?$char_traits@D@std@@V?$allocator@D@2@@std@@@2@V?$allocator@U?$pair@$$CBV?$basic_string@DU?$char_traits@D@std@@V?$allocator@D@2@@std@@V12@@std@@@2@$0A@@std@@@std@@@std@@QAEXPAPAU_Node@?$_Tree_nod@V?$_Tmap_traits@V?$basic_string@DU?$char_traits@D@std@@V?$allocator@D@2@@std@@V12@U?$less@V?$basic_string@DU?$char_traits@D@std@@V?$allocator@D@2@@std@@@2@V?$allocator@U?$pair@$$CBV?$basic_string@DU?$char_traits@D@std@@V?$allocator@D@2@@std@@V12@@std@@@2@$0A@@std@@@2@@Z 00402b00 f i GameSpaceChangedNotify.obj
 0001:00001b10       ??0iterator@?$_Tree@V?$_Tmap_traits@V?$basic_string@DU?$char_traits@D@std@@V?$allocator@D@2@@std@@V12@U?$less@V?$basic_string@DU?$char_traits@D@std@@V?$allocator@D@2@@std@@@2@V?$allocator@U?$pair@$$CBV?$basic_string@DU?$char_traits@D@std@@V?$allocator@D@2@@std@@V12@@std@@@2@$0A@@std@@@std@@QAE@XZ 00402b10 f i GameSpaceChangedNotify.obj
 0001:00001b20       ??0const_iterator@?$_Tree@V?$_Tmap_traits@V?$basic_string@DU?$char_traits@D@std@@V?$allocator@D@2@@std@@V12@U?$less@V?$basic_string@DU?$char_traits@D@std@@V?$allocator@D@2@@std@@@2@V?$allocator@U?$pair@$$CBV?$basic_string@DU?$char_traits@D@std@@V?$allocator@D@2@@std@@V12@@std@@@2@$0A@@std@@@std@@QAE@PAU_Node@?$_Tree_nod@V?$_Tmap_traits@V?$basic_string@DU?$char_traits@D@std@@V?$allocator@D@2@@std@@V12@U?$less@V?$basic_string@DU?$char_traits@D@std@@V?$allocator@D@2@@std@@@2@V?$allocator@U?$pair@$$CBV?$basic_string@DU?$char_traits@D@std@@V?$allocator@D@2@@std@@V12@@std@@@2@$0A@@std@@@2@PBV12@@Z 00402b20 f i GameSpaceChangedNotify.obj
 0001:00001b50       ??Econst_iterator@?$_Tree@V?$_Tmap_traits@V?$basic_string@DU?$char_traits@D@std@@V?$allocator@D@2@@std@@V12@U?$less@V?$basic_string@DU?$char_traits@D@std@@V?$allocator@D@2@@std@@@2@V?$allocator@U?$pair@$$CBV?$basic_string@DU?$char_traits@D@std@@V?$allocator@D@2@@std@@V12@@std@@@2@$0A@@std@@@std@@QAEAAV012@XZ 00402b50 f i GameSpaceChangedNotify.obj
 0001:00001b60       ?allocate@?$allocator@U_Node@?$_List_nod@V?$basic_string@DU?$char_traits@D@std@@V?$allocator@D@2@@std@@V?$allocator@V?$basic_string@DU?$char_traits@D@std@@V?$allocator@D@2@@std@@@2@@std@@@std@@QAEPAU_Node@?$_List_nod@V?$basic_string@DU?$char_traits@D@std@@V?$allocator@D@2@@std@@V?$allocator@V?$basic_string@DU?$char_traits@D@std@@V?$allocator@D@2@@std@@@2@@2@I@Z 00402b60 f i GameSpaceChangedNotify.obj
 0001:00001b80       ?construct@?$allocator@PAU_Node@?$_List_nod@V?$basic_string@DU?$char_traits@D@std@@V?$allocator@D@2@@std@@V?$allocator@V?$basic_string@DU?$char_traits@D@std@@V?$allocator@D@2@@std@@@2@@std@@@std@@QAEXPAPAU_Node@?$_List_nod@V?$basic_string@DU?$char_traits@D@std@@V?$allocator@D@2@@std@@V?$allocator@V?$basic_string@DU?$char_traits@D@std@@V?$allocator@D@2@@std@@@2@@2@ABQAU342@@Z 00402b80 f i GameSpaceChangedNotify.obj
 0001:00001ba0       ?destroy@?$allocator@PAU_Node@?$_List_nod@V?$basic_string@DU?$char_traits@D@std@@V?$allocator@D@2@@std@@V?$allocator@V?$basic_string@DU?$char_traits@D@std@@V?$allocator@D@2@@std@@@2@@std@@@std@@QAEXPAPAU_Node@?$_List_nod@V?$basic_string@DU?$char_traits@D@std@@V?$allocator@D@2@@std@@V?$allocator@V?$basic_string@DU?$char_traits@D@std@@V?$allocator@D@2@@std@@@2@@2@@Z 00402ba0 f i GameSpaceChangedNotify.obj
 0001:00001bb0       ??0?$_Iterator@$00@?$list@V?$basic_string@DU?$char_traits@D@std@@V?$allocator@D@2@@std@@V?$allocator@V?$basic_string@DU?$char_traits@D@std@@V?$allocator@D@2@@std@@@2@@std@@QAE@PAU_Node@?$_List_nod@V?$basic_string@DU?$char_traits@D@std@@V?$allocator@D@2@@std@@V?$allocator@V?$basic_string@DU?$char_traits@D@std@@V?$allocator@D@2@@std@@@2@@2@PBV12@@Z 00402bb0 f i GameSpaceChangedNotify.obj
 0001:00001be0       ?max_size@?$_Tree@V?$_Tmap_traits@V?$basic_string@DU?$char_traits@D@std@@V?$allocator@D@2@@std@@V12@U?$less@V?$basic_string@DU?$char_traits@D@std@@V?$allocator@D@2@@std@@@2@V?$allocator@U?$pair@$$CBV?$basic_string@DU?$char_traits@D@std@@V?$allocator@D@2@@std@@V12@@std@@@2@$0A@@std@@@std@@QBEIXZ 00402be0 f i GameSpaceChangedNotify.obj
 0001:00001bf0       ?construct@?$allocator@V?$basic_string@DU?$char_traits@D@std@@V?$allocator@D@2@@std@@@std@@QAEXPAV?$basic_string@DU?$char_traits@D@std@@V?$allocator@D@2@@2@ABV32@@Z 00402bf0 f i GameSpaceChangedNotify.obj
 0001:00001c10       ??Fconst_iterator@?$_Tree@V?$_Tmap_traits@V?$basic_string@DU?$char_traits@D@std@@V?$allocator@D@2@@std@@V12@U?$less@V?$basic_string@DU?$char_traits@D@std@@V?$allocator@D@2@@std@@@2@V?$allocator@U?$pair@$$CBV?$basic_string@DU?$char_traits@D@std@@V?$allocator@D@2@@std@@V12@@std@@@2@$0A@@std@@@std@@QAEAAV012@XZ 00402c10 f i GameSpaceChangedNotify.obj
 0001:00001c20       ?max_size@?$list@V?$basic_string@DU?$char_traits@D@std@@V?$allocator@D@2@@std@@V?$allocator@V?$basic_string@DU?$char_traits@D@std@@V?$allocator@D@2@@std@@@2@@std@@QBEIXZ 00402c20 f i GameSpaceChangedNotify.obj
 0001:00001c30       ??0?$_List_nod@V?$basic_string@DU?$char_traits@D@std@@V?$allocator@D@2@@std@@V?$allocator@V?$basic_string@DU?$char_traits@D@std@@V?$allocator@D@2@@std@@@2@@std@@IAE@V?$allocator@V?$basic_string@DU?$char_traits@D@std@@V?$allocator@D@2@@std@@@1@@Z 00402c30 f i GameSpaceChangedNotify.obj
 0001:00001c40       ??0?$_Tree_nod@V?$_Tmap_traits@V?$basic_string@DU?$char_traits@D@std@@V?$allocator@D@2@@std@@V12@U?$less@V?$basic_string@DU?$char_traits@D@std@@V?$allocator@D@2@@std@@@2@V?$allocator@U?$pair@$$CBV?$basic_string@DU?$char_traits@D@std@@V?$allocator@D@2@@std@@V12@@std@@@2@$0A@@std@@@std@@IAE@ABU?$less@V?$basic_string@DU?$char_traits@D@std@@V?$allocator@D@2@@std@@@1@V?$allocator@U?$pair@$$CBV?$basic_string@DU?$char_traits@D@std@@V?$allocator@D@2@@std@@V12@@std@@@1@@Z 00402c40 f i GameSpaceChangedNotify.obj
 0001:00001c50       ?allocate@?$allocator@U_Node@?$_Tree_nod@V?$_Tmap_traits@V?$basic_string@DU?$char_traits@D@std@@V?$allocator@D@2@@std@@V12@U?$less@V?$basic_string@DU?$char_traits@D@std@@V?$allocator@D@2@@std@@@2@V?$allocator@U?$pair@$$CBV?$basic_string@DU?$char_traits@D@std@@V?$allocator@D@2@@std@@V12@@std@@@2@$0A@@std@@@std@@@std@@QAEPAU_Node@?$_Tree_nod@V?$_Tmap_traits@V?$basic_string@DU?$char_traits@D@std@@V?$allocator@D@2@@std@@V12@U?$less@V?$basic_string@DU?$char_traits@D@std@@V?$allocator@D@2@@std@@@2@V?$allocator@U?$pair@$$CBV?$basic_string@DU?$char_traits@D@std@@V?$allocator@D@2@@std@@V12@@std@@@2@$0A@@std@@@2@I@Z 00402c50 f i GameSpaceChangedNotify.obj
 0001:00001c70       ?construct@?$allocator@PAU_Node@?$_Tree_nod@V?$_Tmap_traits@V?$basic_string@DU?$char_traits@D@std@@V?$allocator@D@2@@std@@V12@U?$less@V?$basic_string@DU?$char_traits@D@std@@V?$allocator@D@2@@std@@@2@V?$allocator@U?$pair@$$CBV?$basic_string@DU?$char_traits@D@std@@V?$allocator@D@2@@std@@V12@@std@@@2@$0A@@std@@@std@@@std@@QAEXPAPAU_Node@?$_Tree_nod@V?$_Tmap_traits@V?$basic_string@DU?$char_traits@D@std@@V?$allocator@D@2@@std@@V12@U?$less@V?$basic_string@DU?$char_traits@D@std@@V?$allocator@D@2@@std@@@2@V?$allocator@U?$pair@$$CBV?$basic_string@DU?$char_traits@D@std@@V?$allocator@D@2@@std@@V12@@std@@@2@$0A@@std@@@2@ABQAU342@@Z 00402c70 f i GameSpaceChangedNotify.obj
 0001:00001c90       ??0_Node@?$_Tree_nod@V?$_Tmap_traits@V?$basic_string@DU?$char_traits@D@std@@V?$allocator@D@2@@std@@V12@U?$less@V?$basic_string@DU?$char_traits@D@std@@V?$allocator@D@2@@std@@@2@V?$allocator@U?$pair@$$CBV?$basic_string@DU?$char_traits@D@std@@V?$allocator@D@2@@std@@V12@@std@@@2@$0A@@std@@@std@@QAE@PAU012@00ABU?$pair@$$CBV?$basic_string@DU?$char_traits@D@std@@V?$allocator@D@2@@std@@V12@@2@D@Z 00402c90 f i GameSpaceChangedNotify.obj
 0001:00001cd0       ??_G_Node@?$_Tree_nod@V?$_Tmap_traits@V?$basic_string@DU?$char_traits@D@std@@V?$allocator@D@2@@std@@V12@U?$less@V?$basic_string@DU?$char_traits@D@std@@V?$allocator@D@2@@std@@@2@V?$allocator@U?$pair@$$CBV?$basic_string@DU?$char_traits@D@std@@V?$allocator@D@2@@std@@V12@@std@@@2@$0A@@std@@@std@@QAEPAXI@Z 00402cd0 f i GameSpaceChangedNotify.obj
 0001:00001d00       ??_G_Node@?$_List_nod@V?$basic_string@DU?$char_traits@D@std@@V?$allocator@D@2@@std@@V?$allocator@V?$basic_string@DU?$char_traits@D@std@@V?$allocator@D@2@@std@@@2@@std@@QAEPAXI@Z 00402d00 f i GameSpaceChangedNotify.obj
 0001:00001d30       ??0BlacklistNotify@@QAE@XZ 00402d30 f i GameSpaceChangedNotify.obj
 0001:00001d40       ??Citerator@?$_Tree@V?$_Tmap_traits@V?$basic_string@DU?$char_traits@D@std@@V?$allocator@D@2@@std@@V12@U?$less@V?$basic_string@DU?$char_traits@D@std@@V?$allocator@D@2@@std@@@2@V?$allocator@U?$pair@$$CBV?$basic_string@DU?$char_traits@D@std@@V?$allocator@D@2@@std@@V12@@std@@@2@$0A@@std@@@std@@QBEPAU?$pair@$$CBV?$basic_string@DU?$char_traits@D@std@@V?$allocator@D@2@@std@@V12@@2@XZ 00402d40 f i GameSpaceChangedNotify.obj
 0001:00001d70       ?begin@?$list@V?$basic_string@DU?$char_traits@D@std@@V?$allocator@D@2@@std@@V?$allocator@V?$basic_string@DU?$char_traits@D@std@@V?$allocator@D@2@@std@@@2@@std@@QBE?AV?$_Const_iterator@$00@12@XZ 00402d70 f i GameSpaceChangedNotify.obj
 0001:00001d90       ?end@?$list@V?$basic_string@DU?$char_traits@D@std@@V?$allocator@D@2@@std@@V?$allocator@V?$basic_string@DU?$char_traits@D@std@@V?$allocator@D@2@@std@@@2@@std@@QBE?AV?$_Const_iterator@$00@12@XZ 00402d90 f i GameSpaceChangedNotify.obj
 0001:00001da0       ??0iterator@?$_Tree@V?$_Tmap_traits@V?$basic_string@DU?$char_traits@D@std@@V?$allocator@D@2@@std@@V12@U?$less@V?$basic_string@DU?$char_traits@D@std@@V?$allocator@D@2@@std@@@2@V?$allocator@U?$pair@$$CBV?$basic_string@DU?$char_traits@D@std@@V?$allocator@D@2@@std@@V12@@std@@@2@$0A@@std@@@std@@QAE@PAU_Node@?$_Tree_nod@V?$_Tmap_traits@V?$basic_string@DU?$char_traits@D@std@@V?$allocator@D@2@@std@@V12@U?$less@V?$basic_string@DU?$char_traits@D@std@@V?$allocator@D@2@@std@@@2@V?$allocator@U?$pair@$$CBV?$basic_string@DU?$char_traits@D@std@@V?$allocator@D@2@@std@@V12@@std@@@2@$0A@@std@@@2@PBV12@@Z 00402da0 f i GameSpaceChangedNotify.obj
 0001:00001dd0       ??Eiterator@?$_Tree@V?$_Tmap_traits@V?$basic_string@DU?$char_traits@D@std@@V?$allocator@D@2@@std@@V12@U?$less@V?$basic_string@DU?$char_traits@D@std@@V?$allocator@D@2@@std@@@2@V?$allocator@U?$pair@$$CBV?$basic_string@DU?$char_traits@D@std@@V?$allocator@D@2@@std@@V12@@std@@@2@$0A@@std@@@std@@QAEAAV012@XZ 00402dd0 f i GameSpaceChangedNotify.obj
 0001:00001de0       ?end@?$list@V?$basic_string@DU?$char_traits@D@std@@V?$allocator@D@2@@std@@V?$allocator@V?$basic_string@DU?$char_traits@D@std@@V?$allocator@D@2@@std@@@2@@std@@QAE?AV?$_Iterator@$00@12@XZ 00402de0 f i GameSpaceChangedNotify.obj
 0001:00001df0       ?_Buynode@?$list@V?$basic_string@DU?$char_traits@D@std@@V?$allocator@D@2@@std@@V?$allocator@V?$basic_string@DU?$char_traits@D@std@@V?$allocator@D@2@@std@@@2@@std@@IAEPAU_Node@?$_List_nod@V?$basic_string@DU?$char_traits@D@std@@V?$allocator@D@2@@std@@V?$allocator@V?$basic_string@DU?$char_traits@D@std@@V?$allocator@D@2@@std@@@2@@2@XZ 00402df0 f i GameSpaceChangedNotify.obj
 0001:00001e10       ??Fiterator@?$_Tree@V?$_Tmap_traits@V?$basic_string@DU?$char_traits@D@std@@V?$allocator@D@2@@std@@V12@U?$less@V?$basic_string@DU?$char_traits@D@std@@V?$allocator@D@2@@std@@@2@V?$allocator@U?$pair@$$CBV?$basic_string@DU?$char_traits@D@std@@V?$allocator@D@2@@std@@V12@@std@@@2@$0A@@std@@@std@@QAEAAV012@XZ 00402e10 f i GameSpaceChangedNotify.obj
 0001:00001e20       ?_Buynode@?$list@V?$basic_string@DU?$char_traits@D@std@@V?$allocator@D@2@@std@@V?$allocator@V?$basic_string@DU?$char_traits@D@std@@V?$allocator@D@2@@std@@@2@@std@@IAEPAU_Node@?$_List_nod@V?$basic_string@DU?$char_traits@D@std@@V?$allocator@D@2@@std@@V?$allocator@V?$basic_string@DU?$char_traits@D@std@@V?$allocator@D@2@@std@@@2@@2@PAU342@0ABV?$basic_string@DU?$char_traits@D@std@@V?$allocator@D@2@@2@@Z 00402e20 f i GameSpaceChangedNotify.obj
 0001:00001ec0       ?_Incsize@?$list@V?$basic_string@DU?$char_traits@D@std@@V?$allocator@D@2@@std@@V?$allocator@V?$basic_string@DU?$char_traits@D@std@@V?$allocator@D@2@@std@@@2@@std@@IAEXI@Z 00402ec0 f i GameSpaceChangedNotify.obj
 0001:00001f50       ??0logic_error@std@@QAE@ABV01@@Z 00402f50 f i GameSpaceChangedNotify.obj
 0001:00001fc0       ??0length_error@std@@QAE@ABV01@@Z 00402fc0 f i GameSpaceChangedNotify.obj
 0001:00001fe0       ??0?$_List_ptr@V?$basic_string@DU?$char_traits@D@std@@V?$allocator@D@2@@std@@V?$allocator@V?$basic_string@DU?$char_traits@D@std@@V?$allocator@D@2@@std@@@2@@std@@IAE@V?$allocator@V?$basic_string@DU?$char_traits@D@std@@V?$allocator@D@2@@std@@@1@@Z 00402fe0 f i GameSpaceChangedNotify.obj
 0001:00001ff0       ?_Buynode@?$_Tree@V?$_Tmap_traits@V?$basic_string@DU?$char_traits@D@std@@V?$allocator@D@2@@std@@V12@U?$less@V?$basic_string@DU?$char_traits@D@std@@V?$allocator@D@2@@std@@@2@V?$allocator@U?$pair@$$CBV?$basic_string@DU?$char_traits@D@std@@V?$allocator@D@2@@std@@V12@@std@@@2@$0A@@std@@@std@@IAEPAU_Node@?$_Tree_nod@V?$_Tmap_traits@V?$basic_string@DU?$char_traits@D@std@@V?$allocator@D@2@@std@@V12@U?$less@V?$basic_string@DU?$char_traits@D@std@@V?$allocator@D@2@@std@@@2@V?$allocator@U?$pair@$$CBV?$basic_string@DU?$char_traits@D@std@@V?$allocator@D@2@@std@@V12@@std@@@2@$0A@@std@@@2@XZ 00402ff0 f i GameSpaceChangedNotify.obj
 0001:00002030       ?_Buynode@?$_Tree@V?$_Tmap_traits@V?$basic_string@DU?$char_traits@D@std@@V?$allocator@D@2@@std@@V12@U?$less@V?$basic_string@DU?$char_traits@D@std@@V?$allocator@D@2@@std@@@2@V?$allocator@U?$pair@$$CBV?$basic_string@DU?$char_traits@D@std@@V?$allocator@D@2@@std@@V12@@std@@@2@$0A@@std@@@std@@IAEPAU_Node@?$_Tree_nod@V?$_Tmap_traits@V?$basic_string@DU?$char_traits@D@std@@V?$allocator@D@2@@std@@V12@U?$less@V?$basic_string@DU?$char_traits@D@std@@V?$allocator@D@2@@std@@@2@V?$allocator@U?$pair@$$CBV?$basic_string@DU?$char_traits@D@std@@V?$allocator@D@2@@std@@V12@@std@@@2@$0A@@std@@@2@PAU342@00ABU?$pair@$$CBV?$basic_string@DU?$char_traits@D@std@@V?$allocator@D@2@@std@@V12@@2@D@Z 00403030 f i GameSpaceChangedNotify.obj
 0001:000020d0       ??0?$_Tree_ptr@V?$_Tmap_traits@V?$basic_string@DU?$char_traits@D@std@@V?$allocator@D@2@@std@@V12@U?$less@V?$basic_string@DU?$char_traits@D@std@@V?$allocator@D@2@@std@@@2@V?$allocator@U?$pair@$$CBV?$basic_string@DU?$char_traits@D@std@@V?$allocator@D@2@@std@@V12@@std@@@2@$0A@@std@@@std@@IAE@ABU?$less@V?$basic_string@DU?$char_traits@D@std@@V?$allocator@D@2@@std@@@1@V?$allocator@U?$pair@$$CBV?$basic_string@DU?$char_traits@D@std@@V?$allocator@D@2@@std@@V12@@std@@@1@@Z 004030d0 f i GameSpaceChangedNotify.obj
 0001:000020e0       ??$_Destroy@U_Node@?$_Tree_nod@V?$_Tmap_traits@V?$basic_string@DU?$char_traits@D@std@@V?$allocator@D@2@@std@@V12@U?$less@V?$basic_string@DU?$char_traits@D@std@@V?$allocator@D@2@@std@@@2@V?$allocator@U?$pair@$$CBV?$basic_string@DU?$char_traits@D@std@@V?$allocator@D@2@@std@@V12@@std@@@2@$0A@@std@@@std@@@std@@YAXPAU_Node@?$_Tree_nod@V?$_Tmap_traits@V?$basic_string@DU?$char_traits@D@std@@V?$allocator@D@2@@std@@V12@U?$less@V?$basic_string@DU?$char_traits@D@std@@V?$allocator@D@2@@std@@@2@V?$allocator@U?$pair@$$CBV?$basic_string@DU?$char_traits@D@std@@V?$allocator@D@2@@std@@V12@@std@@@2@$0A@@std@@@0@@Z 004030e0 f i GameSpaceChangedNotify.obj
 0001:000020f0       ??$_Destroy@U_Node@?$_List_nod@V?$basic_string@DU?$char_traits@D@std@@V?$allocator@D@2@@std@@V?$allocator@V?$basic_string@DU?$char_traits@D@std@@V?$allocator@D@2@@std@@@2@@std@@@std@@YAXPAU_Node@?$_List_nod@V?$basic_string@DU?$char_traits@D@std@@V?$allocator@D@2@@std@@V?$allocator@V?$basic_string@DU?$char_traits@D@std@@V?$allocator@D@2@@std@@@2@@0@@Z 004030f0 f i GameSpaceChangedNotify.obj
 0001:00002100       ?begin@?$_Tree@V?$_Tmap_traits@V?$basic_string@DU?$char_traits@D@std@@V?$allocator@D@2@@std@@V12@U?$less@V?$basic_string@DU?$char_traits@D@std@@V?$allocator@D@2@@std@@@2@V?$allocator@U?$pair@$$CBV?$basic_string@DU?$char_traits@D@std@@V?$allocator@D@2@@std@@V12@@std@@@2@$0A@@std@@@std@@QAE?AViterator@12@XZ 00403100 f i GameSpaceChangedNotify.obj
 0001:00002120       ?end@?$_Tree@V?$_Tmap_traits@V?$basic_string@DU?$char_traits@D@std@@V?$allocator@D@2@@std@@V12@U?$less@V?$basic_string@DU?$char_traits@D@std@@V?$allocator@D@2@@std@@@2@V?$allocator@U?$pair@$$CBV?$basic_string@DU?$char_traits@D@std@@V?$allocator@D@2@@std@@V12@@std@@@2@$0A@@std@@@std@@QAE?AViterator@12@XZ 00403120 f i GameSpaceChangedNotify.obj
 0001:00002130       ??Eiterator@?$_Tree@V?$_Tmap_traits@V?$basic_string@DU?$char_traits@D@std@@V?$allocator@D@2@@std@@V12@U?$less@V?$basic_string@DU?$char_traits@D@std@@V?$allocator@D@2@@std@@@2@V?$allocator@U?$pair@$$CBV?$basic_string@DU?$char_traits@D@std@@V?$allocator@D@2@@std@@V12@@std@@@2@$0A@@std@@@std@@QAE?AV012@H@Z 00403130 f i GameSpaceChangedNotify.obj
 0001:00002150       ?lower_bound@?$_Tree@V?$_Tmap_traits@V?$basic_string@DU?$char_traits@D@std@@V?$allocator@D@2@@std@@V12@U?$less@V?$basic_string@DU?$char_traits@D@std@@V?$allocator@D@2@@std@@@2@V?$allocator@U?$pair@$$CBV?$basic_string@DU?$char_traits@D@std@@V?$allocator@D@2@@std@@V12@@std@@@2@$0A@@std@@@std@@QAE?AViterator@12@ABV?$basic_string@DU?$char_traits@D@std@@V?$allocator@D@2@@2@@Z 00403150 f i GameSpaceChangedNotify.obj
 0001:00002180       ?destroy@?$allocator@U_Node@?$_Tree_nod@V?$_Tmap_traits@V?$basic_string@DU?$char_traits@D@std@@V?$allocator@D@2@@std@@V12@U?$less@V?$basic_string@DU?$char_traits@D@std@@V?$allocator@D@2@@std@@@2@V?$allocator@U?$pair@$$CBV?$basic_string@DU?$char_traits@D@std@@V?$allocator@D@2@@std@@V12@@std@@@2@$0A@@std@@@std@@@std@@QAEXPAU_Node@?$_Tree_nod@V?$_Tmap_traits@V?$basic_string@DU?$char_traits@D@std@@V?$allocator@D@2@@std@@V12@U?$less@V?$basic_string@DU?$char_traits@D@std@@V?$allocator@D@2@@std@@@2@V?$allocator@U?$pair@$$CBV?$basic_string@DU?$char_traits@D@std@@V?$allocator@D@2@@std@@V12@@std@@@2@$0A@@std@@@2@@Z 00403180 f i GameSpaceChangedNotify.obj
 0001:00002190       ?_Insert@?$list@V?$basic_string@DU?$char_traits@D@std@@V?$allocator@D@2@@std@@V?$allocator@V?$basic_string@DU?$char_traits@D@std@@V?$allocator@D@2@@std@@@2@@std@@QAEXV?$_Iterator@$00@12@ABV?$basic_string@DU?$char_traits@D@std@@V?$allocator@D@2@@2@@Z 00403190 f i GameSpaceChangedNotify.obj
 0001:000021d0       ??0?$_List_val@V?$basic_string@DU?$char_traits@D@std@@V?$allocator@D@2@@std@@V?$allocator@V?$basic_string@DU?$char_traits@D@std@@V?$allocator@D@2@@std@@@2@@std@@QAE@V?$allocator@V?$basic_string@DU?$char_traits@D@std@@V?$allocator@D@2@@std@@@1@@Z 004031d0 f i GameSpaceChangedNotify.obj
 0001:000021e0       ?_Init@?$_Tree@V?$_Tmap_traits@V?$basic_string@DU?$char_traits@D@std@@V?$allocator@D@2@@std@@V12@U?$less@V?$basic_string@DU?$char_traits@D@std@@V?$allocator@D@2@@std@@@2@V?$allocator@U?$pair@$$CBV?$basic_string@DU?$char_traits@D@std@@V?$allocator@D@2@@std@@V12@@std@@@2@$0A@@std@@@std@@IAEXXZ 004031e0 f i GameSpaceChangedNotify.obj
 0001:00002210       ?_Insert@?$_Tree@V?$_Tmap_traits@V?$basic_string@DU?$char_traits@D@std@@V?$allocator@D@2@@std@@V12@U?$less@V?$basic_string@DU?$char_traits@D@std@@V?$allocator@D@2@@std@@@2@V?$allocator@U?$pair@$$CBV?$basic_string@DU?$char_traits@D@std@@V?$allocator@D@2@@std@@V12@@std@@@2@$0A@@std@@@std@@IAE?AViterator@12@_NPAU_Node@?$_Tree_nod@V?$_Tmap_traits@V?$basic_string@DU?$char_traits@D@std@@V?$allocator@D@2@@std@@V12@U?$less@V?$basic_string@DU?$char_traits@D@std@@V?$allocator@D@2@@std@@@2@V?$allocator@U?$pair@$$CBV?$basic_string@DU?$char_traits@D@std@@V?$allocator@D@2@@std@@V12@@std@@@2@$0A@@std@@@2@ABU?$pair@$$CBV?$basic_string@DU?$char_traits@D@std@@V?$allocator@D@2@@std@@V12@@2@@Z 00403210 f i GameSpaceChangedNotify.obj
 0001:00002400       ??0?$_Tree_val@V?$_Tmap_traits@V?$basic_string@DU?$char_traits@D@std@@V?$allocator@D@2@@std@@V12@U?$less@V?$basic_string@DU?$char_traits@D@std@@V?$allocator@D@2@@std@@@2@V?$allocator@U?$pair@$$CBV?$basic_string@DU?$char_traits@D@std@@V?$allocator@D@2@@std@@V12@@std@@@2@$0A@@std@@@std@@IAE@ABU?$less@V?$basic_string@DU?$char_traits@D@std@@V?$allocator@D@2@@std@@@1@V?$allocator@U?$pair@$$CBV?$basic_string@DU?$char_traits@D@std@@V?$allocator@D@2@@std@@V12@@std@@@1@@Z 00403400 f i GameSpaceChangedNotify.obj
 0001:00002410       ?destroy@?$allocator@U_Node@?$_List_nod@V?$basic_string@DU?$char_traits@D@std@@V?$allocator@D@2@@std@@V?$allocator@V?$basic_string@DU?$char_traits@D@std@@V?$allocator@D@2@@std@@@2@@std@@@std@@QAEXPAU_Node@?$_List_nod@V?$basic_string@DU?$char_traits@D@std@@V?$allocator@D@2@@std@@V?$allocator@V?$basic_string@DU?$char_traits@D@std@@V?$allocator@D@2@@std@@@2@@2@@Z 00403410 f i GameSpaceChangedNotify.obj
 0001:00002420       ?SaveBlackListPrivateSetting@@YAHPAVKIniFile@@PBDH@Z 00403420 f   GameSpaceChangedNotify.obj
 0001:00002550       ?erase@?$_Tree@V?$_Tmap_traits@V?$basic_string@DU?$char_traits@D@std@@V?$allocator@D@2@@std@@V12@U?$less@V?$basic_string@DU?$char_traits@D@std@@V?$allocator@D@2@@std@@@2@V?$allocator@U?$pair@$$CBV?$basic_string@DU?$char_traits@D@std@@V?$allocator@D@2@@std@@V12@@std@@@2@$0A@@std@@@std@@QAE?AViterator@12@V312@@Z 00403550 f i GameSpaceChangedNotify.obj
 0001:00002830       ??0out_of_range@std@@QAE@ABV01@@Z 00403830 f i GameSpaceChangedNotify.obj
 0001:00002850       ?find@?$_Tree@V?$_Tmap_traits@V?$basic_string@DU?$char_traits@D@std@@V?$allocator@D@2@@std@@V12@U?$less@V?$basic_string@DU?$char_traits@D@std@@V?$allocator@D@2@@std@@@2@V?$allocator@U?$pair@$$CBV?$basic_string@DU?$char_traits@D@std@@V?$allocator@D@2@@std@@V12@@std@@@2@$0A@@std@@@std@@QAE?AViterator@12@ABV?$basic_string@DU?$char_traits@D@std@@V?$allocator@D@2@@2@@Z 00403850 f i GameSpaceChangedNotify.obj
 0001:000028c0       ??0?$list@V?$basic_string@DU?$char_traits@D@std@@V?$allocator@D@2@@std@@V?$allocator@V?$basic_string@DU?$char_traits@D@std@@V?$allocator@D@2@@std@@@2@@std@@QAE@XZ 004038c0 f i GameSpaceChangedNotify.obj
 0001:000028e0       ?push_back@?$list@V?$basic_string@DU?$char_traits@D@std@@V?$allocator@D@2@@std@@V?$allocator@V?$basic_string@DU?$char_traits@D@std@@V?$allocator@D@2@@std@@@2@@std@@QAEXABV?$basic_string@DU?$char_traits@D@std@@V?$allocator@D@2@@2@@Z 004038e0 f i GameSpaceChangedNotify.obj
 0001:00002920       ??0?$_Tree@V?$_Tmap_traits@V?$basic_string@DU?$char_traits@D@std@@V?$allocator@D@2@@std@@V12@U?$less@V?$basic_string@DU?$char_traits@D@std@@V?$allocator@D@2@@std@@@2@V?$allocator@U?$pair@$$CBV?$basic_string@DU?$char_traits@D@std@@V?$allocator@D@2@@std@@V12@@std@@@2@$0A@@std@@@std@@QAE@ABU?$less@V?$basic_string@DU?$char_traits@D@std@@V?$allocator@D@2@@std@@@1@ABV?$allocator@U?$pair@$$CBV?$basic_string@DU?$char_traits@D@std@@V?$allocator@D@2@@std@@V12@@std@@@1@@Z 00403920 f i GameSpaceChangedNotify.obj
 0001:00002950       ?_Erase@?$_Tree@V?$_Tmap_traits@V?$basic_string@DU?$char_traits@D@std@@V?$allocator@D@2@@std@@V12@U?$less@V?$basic_string@DU?$char_traits@D@std@@V?$allocator@D@2@@std@@@2@V?$allocator@U?$pair@$$CBV?$basic_string@DU?$char_traits@D@std@@V?$allocator@D@2@@std@@V12@@std@@@2@$0A@@std@@@std@@IAEXPAU_Node@?$_Tree_nod@V?$_Tmap_traits@V?$basic_string@DU?$char_traits@D@std@@V?$allocator@D@2@@std@@V12@U?$less@V?$basic_string@DU?$char_traits@D@std@@V?$allocator@D@2@@std@@@2@V?$allocator@U?$pair@$$CBV?$basic_string@DU?$char_traits@D@std@@V?$allocator@D@2@@std@@V12@@std@@@2@$0A@@std@@@2@@Z 00403950 f i GameSpaceChangedNotify.obj
 0001:000029e0       ?insert@?$_Tree@V?$_Tmap_traits@V?$basic_string@DU?$char_traits@D@std@@V?$allocator@D@2@@std@@V12@U?$less@V?$basic_string@DU?$char_traits@D@std@@V?$allocator@D@2@@std@@@2@V?$allocator@U?$pair@$$CBV?$basic_string@DU?$char_traits@D@std@@V?$allocator@D@2@@std@@V12@@std@@@2@$0A@@std@@@std@@QAE?AU?$pair@Viterator@?$_Tree@V?$_Tmap_traits@V?$basic_string@DU?$char_traits@D@std@@V?$allocator@D@2@@std@@V12@U?$less@V?$basic_string@DU?$char_traits@D@std@@V?$allocator@D@2@@std@@@2@V?$allocator@U?$pair@$$CBV?$basic_string@DU?$char_traits@D@std@@V?$allocator@D@2@@std@@V12@@std@@@2@$0A@@std@@@std@@_N@2@ABU?$pair@$$CBV?$basic_string@DU?$char_traits@D@std@@V?$allocator@D@2@@std@@V12@@2@@Z 004039e0 f i GameSpaceChangedNotify.obj
 0001:00002ae0       ?clear@?$list@V?$basic_string@DU?$char_traits@D@std@@V?$allocator@D@2@@std@@V?$allocator@V?$basic_string@DU?$char_traits@D@std@@V?$allocator@D@2@@std@@@2@@std@@QAEXXZ 00403ae0 f i GameSpaceChangedNotify.obj
 0001:00002b20       ?RemoveBlackList@@YAXPAD@Z 00403b20 f   GameSpaceChangedNotify.obj
 0001:00002c00       ?IsInBlackName@@YA_NPAD@Z  00403c00 f   GameSpaceChangedNotify.obj
 0001:00002cc0       ?SendNotifyDeleteFriend@BlacklistNotify@@QAEXPBD0@Z 00403cc0 f   GameSpaceChangedNotify.obj
 0001:00002cf0       ?ChannelMessageArrival@KClientCallback@@UAEXKPADPBDG_N@Z 00403cf0 f   GameSpaceChangedNotify.obj
 0001:00002e60       ?MSNMessageArrival@KClientCallback@@UAEXPAD0PBDG_N@Z 00403e60 f   GameSpaceChangedNotify.obj
 0001:00002f00       ?clear@?$_Tree@V?$_Tmap_traits@V?$basic_string@DU?$char_traits@D@std@@V?$allocator@D@2@@std@@V12@U?$less@V?$basic_string@DU?$char_traits@D@std@@V?$allocator@D@2@@std@@@2@V?$allocator@U?$pair@$$CBV?$basic_string@DU?$char_traits@D@std@@V?$allocator@D@2@@std@@V12@@std@@@2@$0A@@std@@@std@@QAEXXZ 00403f00 f i GameSpaceChangedNotify.obj
 0001:00002f30       ?insert@?$_Tree@V?$_Tmap_traits@V?$basic_string@DU?$char_traits@D@std@@V?$allocator@D@2@@std@@V12@U?$less@V?$basic_string@DU?$char_traits@D@std@@V?$allocator@D@2@@std@@@2@V?$allocator@U?$pair@$$CBV?$basic_string@DU?$char_traits@D@std@@V?$allocator@D@2@@std@@V12@@std@@@2@$0A@@std@@@std@@QAE?AViterator@12@V312@ABU?$pair@$$CBV?$basic_string@DU?$char_traits@D@std@@V?$allocator@D@2@@std@@V12@@2@@Z 00403f30 f i GameSpaceChangedNotify.obj
 0001:00003140       ?_Tidy@?$list@V?$basic_string@DU?$char_traits@D@std@@V?$allocator@D@2@@std@@V?$allocator@V?$basic_string@DU?$char_traits@D@std@@V?$allocator@D@2@@std@@@2@@std@@IAEXXZ 00404140 f i GameSpaceChangedNotify.obj
 0001:00003160       ?erase@?$_Tree@V?$_Tmap_traits@V?$basic_string@DU?$char_traits@D@std@@V?$allocator@D@2@@std@@V12@U?$less@V?$basic_string@DU?$char_traits@D@std@@V?$allocator@D@2@@std@@@2@V?$allocator@U?$pair@$$CBV?$basic_string@DU?$char_traits@D@std@@V?$allocator@D@2@@std@@V12@@std@@@2@$0A@@std@@@std@@QAE?AViterator@12@V312@0@Z 00404160 f i GameSpaceChangedNotify.obj
 0001:00003230       ?ClearBlackList@@YAXXZ     00404230 f   GameSpaceChangedNotify.obj
 0001:00003270       ?CreateBlackListUnit@@YAXXZ 00404270 f   GameSpaceChangedNotify.obj
 0001:00003290       ?DeleteUnitMember@BlacklistNotify@@UAEHPBD0@Z 00404290 f   GameSpaceChangedNotify.obj
 0001:000032c0       ??A?$map@V?$basic_string@DU?$char_traits@D@std@@V?$allocator@D@2@@std@@V12@U?$less@V?$basic_string@DU?$char_traits@D@std@@V?$allocator@D@2@@std@@@2@V?$allocator@U?$pair@$$CBV?$basic_string@DU?$char_traits@D@std@@V?$allocator@D@2@@std@@V12@@std@@@2@@std@@QAEAAV?$basic_string@DU?$char_traits@D@std@@V?$allocator@D@2@@1@ABV21@@Z 004042c0 f i GameSpaceChangedNotify.obj
 0001:000033a0       ??1?$list@V?$basic_string@DU?$char_traits@D@std@@V?$allocator@D@2@@std@@V?$allocator@V?$basic_string@DU?$char_traits@D@std@@V?$allocator@D@2@@std@@@2@@std@@QAE@XZ 004043a0 f i GameSpaceChangedNotify.obj
 0001:000033c0       ?_Tidy@?$_Tree@V?$_Tmap_traits@V?$basic_string@DU?$char_traits@D@std@@V?$allocator@D@2@@std@@V12@U?$less@V?$basic_string@DU?$char_traits@D@std@@V?$allocator@D@2@@std@@@2@V?$allocator@U?$pair@$$CBV?$basic_string@DU?$char_traits@D@std@@V?$allocator@D@2@@std@@V12@@std@@@2@$0A@@std@@@std@@IAEXXZ 004043c0 f i GameSpaceChangedNotify.obj
 0001:00003400       ?AddBlackList@@YAXPBD0@Z   00404400 f   GameSpaceChangedNotify.obj
 0001:000034b0       ?SendNotifyGroupFriend@BlacklistNotify@@QAEXPBDABV?$basic_string@DU?$char_traits@D@std@@V?$allocator@D@2@@std@@ABV?$list@V?$basic_string@DU?$char_traits@D@std@@V?$allocator@D@2@@std@@V?$allocator@V?$basic_string@DU?$char_traits@D@std@@V?$allocator@D@2@@std@@@2@@3@@Z 004044b0 f   GameSpaceChangedNotify.obj
 0001:00003510       ??1?$_Tree@V?$_Tmap_traits@V?$basic_string@DU?$char_traits@D@std@@V?$allocator@D@2@@std@@V12@U?$less@V?$basic_string@DU?$char_traits@D@std@@V?$allocator@D@2@@std@@@2@V?$allocator@U?$pair@$$CBV?$basic_string@DU?$char_traits@D@std@@V?$allocator@D@2@@std@@V12@@std@@@2@$0A@@std@@@std@@QAE@XZ 00404510 f i GameSpaceChangedNotify.obj
 0001:00003550       ??1?$map@V?$basic_string@DU?$char_traits@D@std@@V?$allocator@D@2@@std@@V12@U?$less@V?$basic_string@DU?$char_traits@D@std@@V?$allocator@D@2@@std@@@2@V?$allocator@U?$pair@$$CBV?$basic_string@DU?$char_traits@D@std@@V?$allocator@D@2@@std@@V12@@std@@@2@@std@@QAE@XZ 00404550 f i GameSpaceChangedNotify.obj
 0001:00003590       ?RenameUnitGroup@BlacklistNotify@@UAEHPBD00ABV?$list@V?$basic_string@DU?$char_traits@D@std@@V?$allocator@D@2@@std@@V?$allocator@V?$basic_string@DU?$char_traits@D@std@@V?$allocator@D@2@@std@@@2@@std@@@Z 00404590 f   GameSpaceChangedNotify.obj
 0001:00003630       ?MoveUnitGroup@BlacklistNotify@@UAEHPBD00ABV?$list@V?$basic_string@DU?$char_traits@D@std@@V?$allocator@D@2@@std@@V?$allocator@V?$basic_string@DU?$char_traits@D@std@@V?$allocator@D@2@@std@@@2@@std@@@Z 00404630 f   GameSpaceChangedNotify.obj
 0001:000036d0       ?DeleteUnitGroup@BlacklistNotify@@UAEHPBD0ABV?$list@V?$basic_string@DU?$char_traits@D@std@@V?$allocator@D@2@@std@@V?$allocator@V?$basic_string@DU?$char_traits@D@std@@V?$allocator@D@2@@std@@@2@@std@@@Z 004046d0 f   GameSpaceChangedNotify.obj
 0001:00003770       ?MoveUnitMember@BlacklistNotify@@UAEHPBD00@Z 00404770 f   GameSpaceChangedNotify.obj
 0001:00003890       ??0?$map@V?$basic_string@DU?$char_traits@D@std@@V?$allocator@D@2@@std@@V12@U?$less@V?$basic_string@DU?$char_traits@D@std@@V?$allocator@D@2@@std@@@2@V?$allocator@U?$pair@$$CBV?$basic_string@DU?$char_traits@D@std@@V?$allocator@D@2@@std@@V12@@std@@@2@@std@@QAE@XZ 00404890 f i GameSpaceChangedNotify.obj
 0001:000038c0       __tcsicmp                  004048c0 f i ShortcutKey.obj
 0001:000038d0       ??Rstring_iless@@QBE_NABV?$basic_string@DU?$char_traits@D@std@@V?$allocator@D@2@@std@@0@Z 004048d0 f i ShortcutKey.obj
 0001:00003930       ?GetStatus@KUiBase@@QAE?AW4UISYS_STATUS@@XZ 00404930 f i ShortcutKey.obj
 0001:00003940       ?GetSelf@KUiMsgCentrePad@@SAPAV1@XZ 00404940 f i ShortcutKey.obj
 0001:00003950       ?IsSelfName@KUiPlayerBar@@SAHPAD@Z 00404950 f i ShortcutKey.obj
 0001:00003980       ?GetSelf@KUiMiniMap@@SAPAV1@XZ 00404980 f i ShortcutKey.obj
 0001:00003990       ?GetSelf@KUiHeaderControlBar@@SAPAV1@XZ 00404990 f i ShortcutKey.obj
 0001:000039a0       ?GetSelf@KUiToolsControlBar@@SAPAV1@XZ 004049a0 f i ShortcutKey.obj
 0001:000039d0       ?__x_memcpy_n@@YA_NPAXIPBXI@Z 004049d0 f i ShortcutKey.obj
 0001:00003a00       ?Enable@KShortcutKeyCentre@@SAX_N@Z 00404a00 f   ShortcutKey.obj
 0001:00003a10       ?FindWindowA@@YAHPBD@Z     00404a10 f   ShortcutKey.obj
 0001:00003a50       ?LuaOpenWindow@@YAHPAUlua_State@@@Z 00404a50 f   ShortcutKey.obj
 0001:00003c90       ?FindWndWindow@@YAPAVKWndWindow@@PBD@Z 00404c90 f   ShortcutKey.obj
 0001:00003d10       ?LuaMoveWindow@@YAHPAUlua_State@@@Z 00404d10 f   ShortcutKey.obj
 0001:00003d70       ?LuaSizeWindow@@YAHPAUlua_State@@@Z 00404d70 f   ShortcutKey.obj
 0001:00003dd0       ?LuaShowWindow@@YAHPAUlua_State@@@Z 00404dd0 f   ShortcutKey.obj
 0001:00003e30       ?LuaFocusWindow@@YAHPAUlua_State@@@Z 00404e30 f   ShortcutKey.obj
 0001:00003e80       ?LuaShortcutSkill@@YAHPAUlua_State@@@Z 00404e80 f   ShortcutKey.obj
 0001:00003eb0       ?LuaDirectShortcutSkill@@YAHPAUlua_State@@@Z 00404eb0 f   ShortcutKey.obj
 0001:00003ee0       ?LuaShortcutUseItem@@YAHPAUlua_State@@@Z 00404ee0 f   ShortcutKey.obj
 0001:00003f10       ?FindStatus@@YAHPBD@Z      00404f10 f   ShortcutKey.obj
 0001:00003f50       ?LuaSwitchStatus@@YAHPAUlua_State@@@Z 00404f50 f   ShortcutKey.obj
 0001:00004140       ?LuaSwitchChannel@@YAHPAUlua_State@@@Z 00405140 f   ShortcutKey.obj
 0001:00004180       ?LuaRegisterEvent@@YAHPAUlua_State@@@Z 00405180 f   ShortcutKey.obj
 0001:000041d0       ?LuaUnregisterEvent@@YAHPAUlua_State@@@Z 004051d0 f   ShortcutKey.obj
 0001:00004220       ?LuaSendEvent@@YAHPAUlua_State@@@Z 00405220 f   ShortcutKey.obj
 0001:000042b0       ?LuaGetAppStatus@@YAHPAUlua_State@@@Z 004052b0 f   ShortcutKey.obj
 0001:00004360       ?DescHotKey@hotkey_str@@YA?AV?$basic_string@DU?$char_traits@D@std@@V?$allocator@D@2@@std@@K@Z 00405360 f   ShortcutKey.obj
 0001:000044b0       ?LuaMakeFriend@@YAHPAUlua_State@@@Z 004054b0 f   ShortcutKey.obj
 0001:00004530       ?LuaCreateTeam@@YAHPAUlua_State@@@Z 00405530 f   ShortcutKey.obj
 0001:00004550       ?LuaJoinTeam@@YAHPAUlua_State@@@Z 00405550 f   ShortcutKey.obj
 0001:000045e0       ?LuaInviteTeam@@YAHPAUlua_State@@@Z 004055e0 f   ShortcutKey.obj
 0001:00004670       ?LuaTrade@@YAHPAUlua_State@@@Z 00405670 f   ShortcutKey.obj
 0001:00004700       ?LuaRevenge@@YAHPAUlua_State@@@Z 00405700 f   ShortcutKey.obj
 0001:00004790       ?LuaFollow@@YAHPAUlua_State@@@Z 00405790 f   ShortcutKey.obj
 0001:00004820       ?LuaViewItem@@YAHPAUlua_State@@@Z 00405820 f   ShortcutKey.obj
 0001:000048b0       ?LuaPrintScreen@@YAHPAUlua_State@@@Z 004058b0 f   ShortcutKey.obj
 0001:000048c0       ?LuaClearMessage@@YAHPAUlua_State@@@Z 004058c0 f   ShortcutKey.obj
 0001:000048d0       ?LuaSay@@YAHPAUlua_State@@@Z 004058d0 f   ShortcutKey.obj
 0001:00004990       ?LuaChat@@YAHPAUlua_State@@@Z 00405990 f   ShortcutKey.obj
 0001:00004a70       ?LuaSayPhrase@@YAHPAUlua_State@@@Z 00405a70 f   ShortcutKey.obj
 0001:00004b80       ?LuaSayEmote@@YAHPAUlua_State@@@Z 00405b80 f   ShortcutKey.obj
 0001:00004bd0       ?LuaGetCurrentChannelName@@YAHPAUlua_State@@@Z 00405bd0 f   ShortcutKey.obj
 0001:00004c20       ?LuaGetRecentPlayerName@@YAHPAUlua_State@@@Z 00405c20 f   ShortcutKey.obj
 0001:00004c70       ?LuaConvertEmotes@@YAHPAUlua_State@@@Z 00405c70 f   ShortcutKey.obj
 0001:00004c80       ?LuaSetEmote@@YAHPAUlua_State@@@Z 00405c80 f   ShortcutKey.obj
 0001:00004d10       ?LuaSetScreenShotFolder@@YAHPAUlua_State@@@Z 00405d10 f   ShortcutKey.obj
 0001:00004dd0       ?LuaSetPhrase@@YAHPAUlua_State@@@Z 00405dd0 f   ShortcutKey.obj
 0001:00004e40       ?LuaExitGame@@YAHPAUlua_State@@@Z 00405e40 f   ShortcutKey.obj
 0001:00004e90       ?LuaExit@@YAHPAUlua_State@@@Z 00405e90 f   ShortcutKey.obj
 0001:00004ea0       ?LuaSet3D@@YAHPAUlua_State@@@Z 00405ea0 f   ShortcutKey.obj
 0001:00005040       ?LuaSetFullWindow@@YAHPAUlua_State@@@Z 00406040 f   ShortcutKey.obj
 0001:000051d0       ?LuaMoveTo@@YAHPAUlua_State@@@Z 004061d0 f   ShortcutKey.obj
 0001:00005250       ?LuaTurnTo@@YAHPAUlua_State@@@Z 00406250 f   ShortcutKey.obj
 0001:000052a0       ?Mouse_Action@@YAHPAUlua_State@@@Z 004062a0 f   ShortcutKey.obj
 0001:00005440       ?Mouse_Force0@@YAHPAUlua_State@@@Z 00406440 f   ShortcutKey.obj
 0001:000054d0       ?Mouse_Force1@@YAHPAUlua_State@@@Z 004064d0 f   ShortcutKey.obj
 0001:00005560       ?Mouse_MoveTo@@YAHPAUlua_State@@@Z 00406560 f   ShortcutKey.obj
 0001:000055d0       ?Mouse_Menu@@YAHPAUlua_State@@@Z 004065d0 f   ShortcutKey.obj
 0001:00005660       ?Mouse_Emote_Menu@@YAHPAUlua_State@@@Z 00406660 f   ShortcutKey.obj
 0001:000056f0       ?Mouse_Say@@YAHPAUlua_State@@@Z 004066f0 f   ShortcutKey.obj
 0001:00005770       ?Mouse_MakeFriend@@YAHPAUlua_State@@@Z 00406770 f   ShortcutKey.obj
 0001:000057f0       ?Mouse_JoinTeam@@YAHPAUlua_State@@@Z 004067f0 f   ShortcutKey.obj
 0001:00005870       ?Mouse_InviteTeam@@YAHPAUlua_State@@@Z 00406870 f   ShortcutKey.obj
 0001:000058f0       ?Mouse_Trade@@YAHPAUlua_State@@@Z 004068f0 f   ShortcutKey.obj
 0001:00005970       ?Mouse_Revenge@@YAHPAUlua_State@@@Z 00406970 f   ShortcutKey.obj
 0001:000059f0       ?Mouse_Follow@@YAHPAUlua_State@@@Z 004069f0 f   ShortcutKey.obj
 0001:00005a70       ?Mouse_ViewItem@@YAHPAUlua_State@@@Z 00406a70 f   ShortcutKey.obj
 0001:00005af0       ?Mouse_BlackList@@YAHPAUlua_State@@@Z 00406af0 f   ShortcutKey.obj
 0001:00005b70       ?LuaThrowAwayItem@@YAHPAUlua_State@@@Z 00406b70 f   ShortcutKey.obj
 0001:00005b90       ?LuaSetChatFontSzie@@YAHPAUlua_State@@@Z 00406b90 f   ShortcutKey.obj
 0001:00005bc0       ?LuaSetChannelTextColor@@YAHPAUlua_State@@@Z 00406bc0 f   ShortcutKey.obj
 0001:00005c20       ?LuaSetMeTextColor@@YAHPAUlua_State@@@Z 00406c20 f   ShortcutKey.obj
 0001:00005c80       ?LuaSetFriendTextColor@@YAHPAUlua_State@@@Z 00406c80 f   ShortcutKey.obj
 0001:00005ce0       ?LuaSetStrangerTextColor@@YAHPAUlua_State@@@Z 00406ce0 f   ShortcutKey.obj
 0001:00005d40       ?LuaDebug@@YAHPAUlua_State@@@Z 00406d40 f   ShortcutKey.obj
 0001:00005d90       ?LuaAddBlackList@@YAHPAUlua_State@@@Z 00406d90 f   ShortcutKey.obj
 0001:00005e70       ?LuaRemoveBlackList@@YAHPAUlua_State@@@Z 00406e70 f   ShortcutKey.obj
 0001:00005eb0       ?LuaCreateAddinUnit@@YAHPAUlua_State@@@Z 00406eb0 f   ShortcutKey.obj
 0001:00005ee0       ?LuaDeleteAddinUnit@@YAHPAUlua_State@@@Z 00406ee0 f   ShortcutKey.obj
 0001:00005f10       ?LuaCreateUnitGroup@@YAHPAUlua_State@@@Z 00406f10 f   ShortcutKey.obj
 0001:00005f60       ?LuaRenameUnitGroup@@YAHPAUlua_State@@@Z 00406f60 f   ShortcutKey.obj
 0001:00005fc0       ?LuaMoveUnitGroup@@YAHPAUlua_State@@@Z 00406fc0 f   ShortcutKey.obj
 0001:00006020       ?LuaDeleteUnitGroup@@YAHPAUlua_State@@@Z 00407020 f   ShortcutKey.obj
 0001:00006070       ?LuaMoveUnitMember@@YAHPAUlua_State@@@Z 00407070 f   ShortcutKey.obj
 0001:000060d0       ?LuaCreateAddinUnitMember@@YAHPAUlua_State@@@Z 004070d0 f   ShortcutKey.obj
 0001:00006130       ?LuaDeleteAddinUnitMember@@YAHPAUlua_State@@@Z 00407130 f   ShortcutKey.obj
 0001:00006180       ?LuaSetAddinUnitMemberStatus@@YAHPAUlua_State@@@Z 00407180 f   ShortcutKey.obj
 0001:000061f0       ?LuaShowSomeoneMessage@@YAHPAUlua_State@@@Z 004071f0 f   ShortcutKey.obj
 0001:00006290       ?g_GetGameScriptFunNum@@YAHXZ 00407290 f   ShortcutKey.obj
 0001:000062a0       ?ExcuteScript@KShortcutKeyCentre@@SAHPBD@Z 004072a0 f   ShortcutKey.obj
 0001:000062f0       ?ExcuteHWNDScript@KShortcutKeyCentre@@SAHPBD@Z 004072f0 f   ShortcutKey.obj
 0001:00006330       ?RemoveCommand@KShortcutKeyCentre@@SAHH@Z 00407330 f   ShortcutKey.obj
 0001:00006390       ?RemoveCommandAll@KShortcutKeyCentre@@SAXXZ 00407390 f   ShortcutKey.obj
 0001:000063a0       ?FindCommand@KShortcutKeyCentre@@SAHK@Z 004073a0 f   ShortcutKey.obj
 0001:000063e0       ?FindCommand@KShortcutKeyCentre@@SAHPBD@Z 004073e0 f   ShortcutKey.obj
 0001:00006450       ?FindCommandByScript@KShortcutKeyCentre@@SAHPBD@Z 00407450 f   ShortcutKey.obj
 0001:000064c0       ?GetCommandKey@KShortcutKeyCentre@@SAKH@Z 004074c0 f   ShortcutKey.obj
 0001:000064f0       ?size@?$list@V?$basic_string@DU?$char_traits@D@std@@V?$allocator@D@2@@std@@V?$allocator@V?$basic_string@DU?$char_traits@D@std@@V?$allocator@D@2@@std@@@2@@std@@QBEIXZ 004074f0 f i ShortcutKey.obj
 0001:00006500       ??8const_iterator@?$_Tree@V?$_Tmap_traits@V?$basic_string@DU?$char_traits@D@std@@V?$allocator@D@2@@std@@U?$pair@KK@2@Ustring_iless@@V?$allocator@U?$pair@$$CBV?$basic_string@DU?$char_traits@D@std@@V?$allocator@D@2@@std@@U?$pair@KK@2@@std@@@2@$0A@@std@@@std@@QBE_NABV012@@Z 00407500 f i ShortcutKey.obj
 0001:00006530       ??8const_iterator@?$_Tree@V?$_Tmap_traits@V?$basic_string@DU?$char_traits@D@std@@V?$allocator@D@2@@std@@UShortFuncInfo@@Ustring_iless@@V?$allocator@U?$pair@$$CBV?$basic_string@DU?$char_traits@D@std@@V?$allocator@D@2@@std@@UShortFuncInfo@@@std@@@2@$0A@@std@@@std@@QBE_NABV012@@Z 00407530 f i ShortcutKey.obj
 0001:00006560       ??9const_iterator@?$_Tree@V?$_Tmap_traits@V?$basic_string@DU?$char_traits@D@std@@V?$allocator@D@2@@std@@UShortFuncInfo@@Ustring_iless@@V?$allocator@U?$pair@$$CBV?$basic_string@DU?$char_traits@D@std@@V?$allocator@D@2@@std@@UShortFuncInfo@@@std@@@2@$0A@@std@@@std@@QBE_NABV012@@Z 00407560 f i ShortcutKey.obj
 0001:00006590       ??1?$pair@$$CBV?$basic_string@DU?$char_traits@D@std@@V?$allocator@D@2@@std@@U?$pair@KK@2@@std@@QAE@XZ 00407590 f i ShortcutKey.obj
 0001:000065a0       ??0?$allocator@U?$pair@$$CBV?$basic_string@DU?$char_traits@D@std@@V?$allocator@D@2@@std@@UShortFuncInfo@@@std@@@std@@QAE@XZ 004075a0 f i ShortcutKey.obj
 0001:000065b0       ?_Myval@?$_Tree@V?$_Tmap_traits@V?$basic_string@DU?$char_traits@D@std@@V?$allocator@D@2@@std@@U?$pair@KK@2@Ustring_iless@@V?$allocator@U?$pair@$$CBV?$basic_string@DU?$char_traits@D@std@@V?$allocator@D@2@@std@@U?$pair@KK@2@@std@@@2@$0A@@std@@@std@@KAAAU?$pair@$$CBV?$basic_string@DU?$char_traits@D@std@@V?$allocator@D@2@@std@@U?$pair@KK@2@@2@PAU_Node@?$_Tree_nod@V?$_Tmap_traits@V?$basic_string@DU?$char_traits@D@std@@V?$allocator@D@2@@std@@U?$pair@KK@2@Ustring_iless@@V?$allocator@U?$pair@$$CBV?$basic_string@DU?$char_traits@D@std@@V?$allocator@D@2@@std@@U?$pair@KK@2@@std@@@2@$0A@@std@@@2@@Z 004075b0 f i ShortcutKey.obj
 0001:000065c0       ??0?$allocator@U?$pair@$$CBV?$basic_string@DU?$char_traits@D@std@@V?$allocator@D@2@@std@@U?$pair@KK@2@@std@@@std@@QAE@XZ 004075c0 f i ShortcutKey.obj
 0001:000065d0       ?_Mynode@const_iterator@?$_Tree@V?$_Tmap_traits@V?$basic_string@DU?$char_traits@D@std@@V?$allocator@D@2@@std@@U?$pair@KK@2@Ustring_iless@@V?$allocator@U?$pair@$$CBV?$basic_string@DU?$char_traits@D@std@@V?$allocator@D@2@@std@@U?$pair@KK@2@@std@@@2@$0A@@std@@@std@@QBEPAU_Node@?$_Tree_nod@V?$_Tmap_traits@V?$basic_string@DU?$char_traits@D@std@@V?$allocator@D@2@@std@@U?$pair@KK@2@Ustring_iless@@V?$allocator@U?$pair@$$CBV?$basic_string@DU?$char_traits@D@std@@V?$allocator@D@2@@std@@U?$pair@KK@2@@std@@@2@$0A@@std@@@3@XZ 004075d0 f i ShortcutKey.obj
 0001:000065e0       ??0?$pair@$$CBV?$basic_string@DU?$char_traits@D@std@@V?$allocator@D@2@@std@@U?$pair@KK@2@@std@@QAE@ABV?$basic_string@DU?$char_traits@D@std@@V?$allocator@D@2@@1@ABU?$pair@KK@1@@Z 004075e0 f i ShortcutKey.obj
 0001:00006610       ??0?$pair@KK@std@@QAE@XZ   00407610 f i ShortcutKey.obj
 0001:00006620       ?_Mynode@const_iterator@?$_Tree@V?$_Tmap_traits@V?$basic_string@DU?$char_traits@D@std@@V?$allocator@D@2@@std@@UShortFuncInfo@@Ustring_iless@@V?$allocator@U?$pair@$$CBV?$basic_string@DU?$char_traits@D@std@@V?$allocator@D@2@@std@@UShortFuncInfo@@@std@@@2@$0A@@std@@@std@@QBEPAU_Node@?$_Tree_nod@V?$_Tmap_traits@V?$basic_string@DU?$char_traits@D@std@@V?$allocator@D@2@@std@@UShortFuncInfo@@Ustring_iless@@V?$allocator@U?$pair@$$CBV?$basic_string@DU?$char_traits@D@std@@V?$allocator@D@2@@std@@UShortFuncInfo@@@std@@@2@$0A@@std@@@3@XZ 00407620 f i ShortcutKey.obj
 0001:00006630       ??0?$_Bidit@U?$pair@$$CBV?$basic_string@DU?$char_traits@D@std@@V?$allocator@D@2@@std@@U?$pair@KK@2@@std@@HPBU12@ABU12@@std@@QAE@XZ 00407630 f i ShortcutKey.obj
 0001:00006640       ?_Isnil@?$_Tree@V?$_Tmap_traits@V?$basic_string@DU?$char_traits@D@std@@V?$allocator@D@2@@std@@UShortFuncInfo@@Ustring_iless@@V?$allocator@U?$pair@$$CBV?$basic_string@DU?$char_traits@D@std@@V?$allocator@D@2@@std@@UShortFuncInfo@@@std@@@2@$0A@@std@@@std@@KAAADPAU_Node@?$_Tree_nod@V?$_Tmap_traits@V?$basic_string@DU?$char_traits@D@std@@V?$allocator@D@2@@std@@UShortFuncInfo@@Ustring_iless@@V?$allocator@U?$pair@$$CBV?$basic_string@DU?$char_traits@D@std@@V?$allocator@D@2@@std@@UShortFuncInfo@@@std@@@2@$0A@@std@@@2@@Z 00407640 f i ShortcutKey.obj
 0001:00006650       ?_Left@?$_Tree@V?$_Tmap_traits@V?$basic_string@DU?$char_traits@D@std@@V?$allocator@D@2@@std@@UShortFuncInfo@@Ustring_iless@@V?$allocator@U?$pair@$$CBV?$basic_string@DU?$char_traits@D@std@@V?$allocator@D@2@@std@@UShortFuncInfo@@@std@@@2@$0A@@std@@@std@@KAAAPAU_Node@?$_Tree_nod@V?$_Tmap_traits@V?$basic_string@DU?$char_traits@D@std@@V?$allocator@D@2@@std@@UShortFuncInfo@@Ustring_iless@@V?$allocator@U?$pair@$$CBV?$basic_string@DU?$char_traits@D@std@@V?$allocator@D@2@@std@@UShortFuncInfo@@@std@@@2@$0A@@std@@@2@PAU342@@Z 00407650 f i ShortcutKey.obj
 0001:00006660       ?_Parent@?$_Tree@V?$_Tmap_traits@V?$basic_string@DU?$char_traits@D@std@@V?$allocator@D@2@@std@@UShortFuncInfo@@Ustring_iless@@V?$allocator@U?$pair@$$CBV?$basic_string@DU?$char_traits@D@std@@V?$allocator@D@2@@std@@UShortFuncInfo@@@std@@@2@$0A@@std@@@std@@KAAAPAU_Node@?$_Tree_nod@V?$_Tmap_traits@V?$basic_string@DU?$char_traits@D@std@@V?$allocator@D@2@@std@@UShortFuncInfo@@Ustring_iless@@V?$allocator@U?$pair@$$CBV?$basic_string@DU?$char_traits@D@std@@V?$allocator@D@2@@std@@UShortFuncInfo@@@std@@@2@$0A@@std@@@2@PAU342@@Z 00407660 f i ShortcutKey.obj
 0001:00006670       ?_Right@?$_Tree@V?$_Tmap_traits@V?$basic_string@DU?$char_traits@D@std@@V?$allocator@D@2@@std@@UShortFuncInfo@@Ustring_iless@@V?$allocator@U?$pair@$$CBV?$basic_string@DU?$char_traits@D@std@@V?$allocator@D@2@@std@@UShortFuncInfo@@@std@@@2@$0A@@std@@@std@@KAAAPAU_Node@?$_Tree_nod@V?$_Tmap_traits@V?$basic_string@DU?$char_traits@D@std@@V?$allocator@D@2@@std@@UShortFuncInfo@@Ustring_iless@@V?$allocator@U?$pair@$$CBV?$basic_string@DU?$char_traits@D@std@@V?$allocator@D@2@@std@@UShortFuncInfo@@@std@@@2@$0A@@std@@@2@PAU342@@Z 00407670 f i ShortcutKey.obj
 0001:00006680       ?_Myval@?$_Tree@V?$_Tmap_traits@V?$basic_string@DU?$char_traits@D@std@@V?$allocator@D@2@@std@@UShortFuncInfo@@Ustring_iless@@V?$allocator@U?$pair@$$CBV?$basic_string@DU?$char_traits@D@std@@V?$allocator@D@2@@std@@UShortFuncInfo@@@std@@@2@$0A@@std@@@std@@KAAAU?$pair@$$CBV?$basic_string@DU?$char_traits@D@std@@V?$allocator@D@2@@std@@UShortFuncInfo@@@2@PAU_Node@?$_Tree_nod@V?$_Tmap_traits@V?$basic_string@DU?$char_traits@D@std@@V?$allocator@D@2@@std@@UShortFuncInfo@@Ustring_iless@@V?$allocator@U?$pair@$$CBV?$basic_string@DU?$char_traits@D@std@@V?$allocator@D@2@@std@@UShortFuncInfo@@@std@@@2@$0A@@std@@@2@@Z 00407680 f i ShortcutKey.obj
 0001:00006690       ?size@?$_Tree@V?$_Tmap_traits@V?$basic_string@DU?$char_traits@D@std@@V?$allocator@D@2@@std@@UShortFuncInfo@@Ustring_iless@@V?$allocator@U?$pair@$$CBV?$basic_string@DU?$char_traits@D@std@@V?$allocator@D@2@@std@@UShortFuncInfo@@@std@@@2@$0A@@std@@@std@@QBEIXZ 00407690 f i ShortcutKey.obj
 0001:000066a0       ?_Kfn@?$_Tmap_traits@V?$basic_string@DU?$char_traits@D@std@@V?$allocator@D@2@@std@@UShortFuncInfo@@Ustring_iless@@V?$allocator@U?$pair@$$CBV?$basic_string@DU?$char_traits@D@std@@V?$allocator@D@2@@std@@UShortFuncInfo@@@std@@@2@$0A@@std@@SAABV?$basic_string@DU?$char_traits@D@std@@V?$allocator@D@2@@2@ABU?$pair@$$CBV?$basic_string@DU?$char_traits@D@std@@V?$allocator@D@2@@std@@UShortFuncInfo@@@2@@Z 004076a0 f i ShortcutKey.obj
 0001:000066b0       ??0?$allocator@U?$pair@$$CBV?$basic_string@DU?$char_traits@D@std@@V?$allocator@D@2@@std@@UShortFuncInfo@@@std@@@std@@QAE@ABV01@@Z 004076b0 f i ShortcutKey.obj
[...]
 0001:0006293c       __unwindfunclet$??1KUiTrembleItem@@UAE@XZ$7 0046393c f   UiTrembleItem.obj
 0001:0006294a       __unwindfunclet$??1KUiTrembleItem@@UAE@XZ$8 0046394a f   UiTrembleItem.obj
 0001:00062958       __unwindfunclet$??1KUiTrembleItem@@UAE@XZ$9 00463958 f   UiTrembleItem.obj
 0001:00062966       __unwindfunclet$??1KUiTrembleItem@@UAE@XZ$10 00463966 f   UiTrembleItem.obj
 0001:00062974       __ehhandler$??1KUiTrembleItem@@UAE@XZ 00463974 f   UiTrembleItem.obj
 0001:00062990       __unwindfunclet$?LoadScheme@KUiTrembleItem@@SAXPBD@Z$0 00463990 f   UiTrembleItem.obj
 0001:0006299c       __ehhandler$?LoadScheme@KUiTrembleItem@@SAXPBD@Z 0046399c f   UiTrembleItem.obj
 0001:000629d0       __unwindfunclet$??0KUiTrembleItem@@QAE@XZ$0 004639d0 f   UiTrembleItem.obj
 0001:000629d8       __unwindfunclet$??0KUiTrembleItem@@QAE@XZ$1 004639d8 f   UiTrembleItem.obj
 0001:000629e6       __unwindfunclet$??0KUiTrembleItem@@QAE@XZ$2 004639e6 f   UiTrembleItem.obj
 0001:000629f4       __unwindfunclet$??0KUiTrembleItem@@QAE@XZ$3 004639f4 f   UiTrembleItem.obj
 0001:00062a02       __unwindfunclet$??0KUiTrembleItem@@QAE@XZ$4 00463a02 f   UiTrembleItem.obj
 0001:00062a10       __unwindfunclet$??0KUiTrembleItem@@QAE@XZ$5 00463a10 f   UiTrembleItem.obj
 0001:00062a1e       __unwindfunclet$??0KUiTrembleItem@@QAE@XZ$6 00463a1e f   UiTrembleItem.obj
 0001:00062a2c       __unwindfunclet$??0KUiTrembleItem@@QAE@XZ$7 00463a2c f   UiTrembleItem.obj
 0001:00062a3a       __unwindfunclet$??0KUiTrembleItem@@QAE@XZ$8 00463a3a f   UiTrembleItem.obj
 0001:00062a48       __unwindfunclet$??0KUiTrembleItem@@QAE@XZ$9 00463a48 f   UiTrembleItem.obj
 0001:00062a56       __unwindfunclet$??0KUiTrembleItem@@QAE@XZ$10 00463a56 f   UiTrembleItem.obj
 0001:00062a64       __ehhandler$??0KUiTrembleItem@@QAE@XZ 00463a64 f   UiTrembleItem.obj
 0001:00062a80       __unwindfunclet$?OpenWindow@KUiTrembleItem@@SAPAV1@XZ$0 00463a80 f   UiTrembleItem.obj
 0001:00062a8b       __ehhandler$?OpenWindow@KUiTrembleItem@@SAPAV1@XZ 00463a8b f   UiTrembleItem.obj
 0001:00062ab0       __unwindfunclet$?UiSoundLoadSetting@@YA_NXZ$0 00463ab0 f   UiSoundSetting.obj
 0001:00062ab9       __ehhandler$?UiSoundLoadSetting@@YA_NXZ 00463ab9 f   UiSoundSetting.obj
 0001:00062af0       __unwindfunclet$?Initialize@CChatFilter@@QAEHXZ$0 00463af0 f   ChatFilter.obj
 0001:00062af9       __ehhandler$?Initialize@CChatFilter@@QAEHXZ 00463af9 f   ChatFilter.obj
 0001:00062b20       __unwindfunclet$??1KMyApp@@QAE@XZ$0 00463b20 f   S3Client.obj
 0001:00062b2c       __unwindfunclet$??1KMyApp@@QAE@XZ$2 00463b2c f   S3Client.obj
 0001:00062b35       __unwindfunclet$??1KMyApp@@QAE@XZ$3 00463b35 f   S3Client.obj
 0001:00062b41       __ehhandler$??1KMyApp@@QAE@XZ 00463b41 f   S3Client.obj
 0001:00062b60       __unwindfunclet$??0KMyApp@@QAE@XZ$2 00463b60 f   S3Client.obj
 0001:00062b69       __unwindfunclet$??0KMyApp@@QAE@XZ$3 00463b69 f   S3Client.obj
 0001:00062b75       __unwindfunclet$??0KMyApp@@QAE@XZ$0 00463b75 f   S3Client.obj
 0001:00062b81       __unwindfunclet$??0KMyApp@@QAE@XZ$1 00463b81 f   S3Client.obj
 0001:00062b90       __ehhandler$??0KMyApp@@QAE@XZ 00463b90 f   S3Client.obj
 0001:00062bb0       __unwindfunclet$?GameInit@KMyApp@@UAEHXZ$0 00463bb0 f   S3Client.obj
 0001:00062bbc       __unwindfunclet$?GameInit@KMyApp@@UAEHXZ$1 00463bbc f   S3Client.obj
 0001:00062bca       __ehhandler$?GameInit@KMyApp@@UAEHXZ 00463bca f   S3Client.obj
 0001:00062c00       __unwindfunclet$?GetServerRegionList@KLogin@@QAEPAUKLoginServer@@AAH0@Z$0 00463c00 f   Login.obj
 0001:00062c0c       __ehhandler$?GetServerRegionList@KLogin@@QAEPAUKLoginServer@@AAH0@Z 00463c0c f   Login.obj
 0001:00062c40       __unwindfunclet$?GetServerList@KLogin@@QAEPAUKLoginServer@@HAAH0@Z$0 00463c40 f   Login.obj
 0001:00062c4c       __ehhandler$?GetServerList@KLogin@@QAEPAUKLoginServer@@HAAH0@Z 00463c4c f   Login.obj
 0001:00062c80       __unwindfunclet$?ConnectAccountServer@KLogin@@AAEHPBE@Z$0 00463c80 f   Login.obj
 0001:00062c89       __ehhandler$?ConnectAccountServer@KLogin@@AAEHPBE@Z 00463c89 f   Login.obj
 0001:00062cb0       __unwindfunclet$?Error_Box@@YAXXZ$0 00463cb0 f   ErrorCode.obj
 0001:00062cbc       __ehhandler$?Error_Box@@YAXXZ 00463cbc f   ErrorCode.obj
 0001:00062cf0       __unwindfunclet$?_Xlen@?$vector@VRegexp@@V?$allocator@VRegexp@@@std@@@std@@KAXXZ$0 00463cf0 f   FilterText_StaticLib:FilterText.obj
 0001:00062cf9       __ehhandler$?_Xlen@?$vector@VRegexp@@V?$allocator@VRegexp@@@std@@@std@@KAXXZ 00463cf9 f   FilterText_StaticLib:FilterText.obj
 0001:00062d20       __unwindfunclet$??$_Construct@VRegexp@@V1@@std@@YAXPAVRegexp@@ABV1@@Z$0 00463d20 f   FilterText_StaticLib:FilterText.obj
 0001:00062d31       __ehhandler$??$_Construct@VRegexp@@V1@@std@@YAXPAVRegexp@@ABV1@@Z 00463d31 f   FilterText_StaticLib:FilterText.obj
 0001:00062d50       __unwindfunclet$??1_Iterator_base@std@@QAE@XZ$0 00463d50 f   FilterText_StaticLib:FilterText.obj
 0001:00062d59       __ehhandler$??1_Iterator_base@std@@QAE@XZ 00463d59 f   FilterText_StaticLib:FilterText.obj
 0001:00062d80       __unwindfunclet$?_Adopt@_Iterator_base@std@@QAEXPBV_Container_base@2@@Z$0 00463d80 f   FilterText_StaticLib:FilterText.obj
 0001:00062d89       __ehhandler$?_Adopt@_Iterator_base@std@@QAEXPBV_Container_base@2@@Z 00463d89 f   FilterText_StaticLib:FilterText.obj
 0001:00062db0       __ehhandler$?IsTextPass@CTextFilter@@MAEHPBD@Z 00463db0 f   FilterText_StaticLib:FilterText.obj
 0001:00062de0       __unwindfunclet$??4_Iterator_base@std@@QAEAAV01@ABV01@@Z$0 00463de0 f   FilterText_StaticLib:FilterText.obj
 0001:00062de9       __ehhandler$??4_Iterator_base@std@@QAEAAV01@ABV01@@Z 00463de9 f   FilterText_StaticLib:FilterText.obj
 0001:00062e10       __unwindfunclet$??0?$_Vector_const_iterator@VRegexp@@V?$allocator@VRegexp@@@std@@@std@@QAE@PAVRegexp@@PBV_Container_base@1@@Z$0 00463e10 f   FilterText_StaticLib:FilterText.obj
 0001:00062e18       __ehhandler$??0?$_Vector_const_iterator@VRegexp@@V?$allocator@VRegexp@@@std@@@std@@QAE@PAVRegexp@@PBV_Container_base@1@@Z 00463e18 f   FilterText_StaticLib:FilterText.obj
 0001:00062e40       __unwindfunclet$??$_Uninit_copy@PAVRegexp@@PAV1@V?$allocator@VRegexp@@@std@@@std@@YAPAVRegexp@@PAV1@00AAV?$allocator@VRegexp@@@0@U_Nonscalar_ptr_iterator_tag@0@U_Range_checked_iterator_tag@0@@Z$2 00463e40 f   FilterText_StaticLib:FilterText.obj
 0001:00062e51       __ehhandler$??$_Uninit_copy@PAVRegexp@@PAV1@V?$allocator@VRegexp@@@std@@@std@@YAPAVRegexp@@PAV1@00AAV?$allocator@VRegexp@@@0@U_Nonscalar_ptr_iterator_tag@0@U_Range_checked_iterator_tag@0@@Z 00463e51 f   FilterText_StaticLib:FilterText.obj
 0001:00062e70       __unwindfunclet$??0?$vector@VRegexp@@V?$allocator@VRegexp@@@std@@@std@@QAE@XZ$0 00463e70 f   FilterText_StaticLib:FilterText.obj
 0001:00062e78       __ehhandler$??0?$vector@VRegexp@@V?$allocator@VRegexp@@@std@@@std@@QAE@XZ 00463e78 f   FilterText_StaticLib:FilterText.obj
 0001:00062ea0       __unwindfunclet$??$_Uninit_fill_n@PAVRegexp@@IV1@V?$allocator@VRegexp@@@std@@@std@@YAXPAVRegexp@@IABV1@AAV?$allocator@VRegexp@@@0@U_Nonscalar_ptr_iterator_tag@0@U_Range_checked_iterator_tag@0@@Z$2 00463ea0 f   FilterText_StaticLib:FilterText.obj
 0001:00062eb1       __ehhandler$??$_Uninit_fill_n@PAVRegexp@@IV1@V?$allocator@VRegexp@@@std@@@std@@YAXPAVRegexp@@IABV1@AAV?$allocator@VRegexp@@@0@U_Nonscalar_ptr_iterator_tag@0@U_Range_checked_iterator_tag@0@@Z 00463eb1 f   FilterText_StaticLib:FilterText.obj
 0001:00062ed0       __unwindfunclet$??H?$_Vector_iterator@VRegexp@@V?$allocator@VRegexp@@@std@@@std@@QBE?AV01@H@Z$0 00463ed0 f   FilterText_StaticLib:FilterText.obj
 0001:00062ed8       __unwindfunclet$??H?$_Vector_iterator@VRegexp@@V?$allocator@VRegexp@@@std@@@std@@QBE?AV01@H@Z$1 00463ed8 f   FilterText_StaticLib:FilterText.obj
 0001:00062ef1       __ehhandler$??H?$_Vector_iterator@VRegexp@@V?$allocator@VRegexp@@@std@@@std@@QBE?AV01@H@Z 00463ef1 f   FilterText_StaticLib:FilterText.obj
 0001:00062f10       __unwindfunclet$?erase@?$vector@VRegexp@@V?$allocator@VRegexp@@@std@@@std@@QAE?AV?$_Vector_iterator@VRegexp@@V?$allocator@VRegexp@@@std@@@2@V32@0@Z$0 00463f10 f   FilterText_StaticLib:FilterText.obj
 0001:00062f18       __unwindfunclet$?erase@?$vector@VRegexp@@V?$allocator@VRegexp@@@std@@@std@@QAE?AV?$_Vector_iterator@VRegexp@@V?$allocator@VRegexp@@@std@@@2@V32@0@Z$1 00463f18 f   FilterText_StaticLib:FilterText.obj
 0001:00062f20       __unwindfunclet$?erase@?$vector@VRegexp@@V?$allocator@VRegexp@@@std@@@std@@QAE?AV?$_Vector_iterator@VRegexp@@V?$allocator@VRegexp@@@std@@@2@V32@0@Z$2 00463f20 f   FilterText_StaticLib:FilterText.obj
 0001:00062f39       __ehhandler$?erase@?$vector@VRegexp@@V?$allocator@VRegexp@@@std@@@std@@QAE?AV?$_Vector_iterator@VRegexp@@V?$allocator@VRegexp@@@std@@@2@V32@0@Z 00463f39 f   FilterText_StaticLib:FilterText.obj
 0001:00062f60       __unwindfunclet$??1?$vector@VRegexp@@V?$allocator@VRegexp@@@std@@@std@@QAE@XZ$0 00463f60 f   FilterText_StaticLib:FilterText.obj
 0001:00062f68       __ehhandler$??1?$vector@VRegexp@@V?$allocator@VRegexp@@@std@@@std@@QAE@XZ 00463f68 f   FilterText_StaticLib:FilterText.obj
 0001:00062f90       __unwindfunclet$?clear@?$vector@VRegexp@@V?$allocator@VRegexp@@@std@@@std@@QAEXXZ$0 00463f90 f   FilterText_StaticLib:FilterText.obj
 0001:00062f98       __ehhandler$?clear@?$vector@VRegexp@@V?$allocator@VRegexp@@@std@@@std@@QAEXXZ 00463f98 f   FilterText_StaticLib:FilterText.obj
 0001:00062fc0       __unwindfunclet$?_Insert_n@?$vector@VRegexp@@V?$allocator@VRegexp@@@std@@@std@@IAEXV?$_Vector_iterator@VRegexp@@V?$allocator@VRegexp@@@std@@@2@IABVRegexp@@@Z$4 00463fc0 f   FilterText_StaticLib:FilterText.obj
 0001:00062fc8       __unwindfunclet$?_Insert_n@?$vector@VRegexp@@V?$allocator@VRegexp@@@std@@@std@@IAEXV?$_Vector_iterator@VRegexp@@V?$allocator@VRegexp@@@std@@@2@IABVRegexp@@@Z$5 00463fc8 f   FilterText_StaticLib:FilterText.obj
 0001:00062fd0       __ehhandler$?_Insert_n@?$vector@VRegexp@@V?$allocator@VRegexp@@@std@@@std@@IAEXV?$_Vector_iterator@VRegexp@@V?$allocator@VRegexp@@@std@@@2@IABVRegexp@@@Z 00463fd0 f   FilterText_StaticLib:FilterText.obj
 0001:00063000       __unwindfunclet$??0CTextFilter@@IAE@XZ$0 00464000 f   FilterText_StaticLib:FilterText.obj
 0001:00063019       __unwindfunclet$??0CTextFilter@@IAE@XZ$2 00464019 f   FilterText_StaticLib:FilterText.obj
 0001:00063021       __ehhandler$??0CTextFilter@@IAE@XZ 00464021 f   FilterText_StaticLib:FilterText.obj
 0001:00063040       __unwindfunclet$??1CTextFilter@@IAE@XZ$0 00464040 f   FilterText_StaticLib:FilterText.obj
 0001:00063059       __ehhandler$??1CTextFilter@@IAE@XZ 00464059 f   FilterText_StaticLib:FilterText.obj
 0001:00063080       __unwindfunclet$?CreateInstance@CTextFilter@@SAPAV1@XZ$0 00464080 f   FilterText_StaticLib:FilterText.obj
 0001:0006308b       __ehhandler$?CreateInstance@CTextFilter@@SAPAV1@XZ 0046408b f   FilterText_StaticLib:FilterText.obj
 0001:000630b0       __ehhandler$?Clearup@CTextFilter@@MAEHXZ 004640b0 f   FilterText_StaticLib:FilterText.obj
 0001:000630d0       __unwindfunclet$?insert@?$vector@VRegexp@@V?$allocator@VRegexp@@@std@@@std@@QAE?AV?$_Vector_iterator@VRegexp@@V?$allocator@VRegexp@@@std@@@2@V32@ABVRegexp@@@Z$0 004640d0 f   FilterText_StaticLib:FilterText.obj
 0001:000630d8       __unwindfunclet$?insert@?$vector@VRegexp@@V?$allocator@VRegexp@@@std@@@std@@QAE?AV?$_Vector_iterator@VRegexp@@V?$allocator@VRegexp@@@std@@@2@V32@ABVRegexp@@@Z$1 004640d8 f   FilterText_StaticLib:FilterText.obj
 0001:000630f1       __unwindfunclet$?insert@?$vector@VRegexp@@V?$allocator@VRegexp@@@std@@@std@@QAE?AV?$_Vector_iterator@VRegexp@@V?$allocator@VRegexp@@@std@@@2@V32@ABVRegexp@@@Z$3 004640f1 f   FilterText_StaticLib:FilterText.obj
 0001:000630f9       __unwindfunclet$?insert@?$vector@VRegexp@@V?$allocator@VRegexp@@@std@@@std@@QAE?AV?$_Vector_iterator@VRegexp@@V?$allocator@VRegexp@@@std@@@2@V32@ABVRegexp@@@Z$4 004640f9 f   FilterText_StaticLib:FilterText.obj
 0001:00063112       __ehhandler$?insert@?$vector@VRegexp@@V?$allocator@VRegexp@@@std@@@std@@QAE?AV?$_Vector_iterator@VRegexp@@V?$allocator@VRegexp@@@std@@@2@V32@ABVRegexp@@@Z 00464112 f   FilterText_StaticLib:FilterText.obj
 0001:00063130       __unwindfunclet$?AddExpression@CTextFilter@@MAEHPBD@Z$2 00464130 f   FilterText_StaticLib:FilterText.obj
 0001:00063138       __ehhandler$?AddExpression@CTextFilter@@MAEHPBD@Z 00464138 f   FilterText_StaticLib:FilterText.obj
 0001:00063160       __unwindfunclet$??0regexp@@QAE@ABV0@@Z$0 00464160 f   FilterText_StaticLib:Regexp.obj
 0001:00063168       __unwindfunclet$??0regexp@@QAE@ABV0@@Z$1 00464168 f   FilterText_StaticLib:Regexp.obj
 0001:00063177       __unwindfunclet$??0regexp@@QAE@ABV0@@Z$2 00464177 f   FilterText_StaticLib:Regexp.obj
 0001:00063186       __ehhandler$??0regexp@@QAE@ABV0@@Z 00464186 f   FilterText_StaticLib:Regexp.obj
 0001:000631b0       __unwindfunclet$??1regexp@@QAE@XZ$0 004641b0 f   FilterText_StaticLib:Regexp.obj
 0001:000631b8       __unwindfunclet$??1regexp@@QAE@XZ$1 004641b8 f   FilterText_StaticLib:Regexp.obj
 0001:000631c7       __ehhandler$??1regexp@@QAE@XZ 004641c7 f   FilterText_StaticLib:Regexp.obj
 0001:000631f0       __unwindfunclet$?getCopy@regexp@@QAEPAV1@XZ$0 004641f0 f   FilterText_StaticLib:Regexp.obj
 0001:000631fb       __ehhandler$?getCopy@regexp@@QAEPAV1@XZ 004641fb f   FilterText_StaticLib:Regexp.obj
 0001:00063220       __unwindfunclet$??1Regexp@@QAE@XZ$0 00464220 f   FilterText_StaticLib:Regexp.obj
 0001:0006322c       __ehhandler$??1Regexp@@QAE@XZ 0046422c f   FilterText_StaticLib:Regexp.obj
 0001:00063250       __unwindfunclet$?GetReplaceString@regexp@@QBE?AV?$basic_string@DU?$char_traits@D@std@@V?$allocator@D@2@@std@@PBD@Z$0 00464250 f   FilterText_StaticLib:Regexp.obj
 0001:00063259       __unwindfunclet$?GetReplaceString@regexp@@QBE?AV?$basic_string@DU?$char_traits@D@std@@V?$allocator@D@2@@std@@PBD@Z$1 00464259 f   FilterText_StaticLib:Regexp.obj
 0001:00063273       __unwindfunclet$?GetReplaceString@regexp@@QBE?AV?$basic_string@DU?$char_traits@D@std@@V?$allocator@D@2@@std@@PBD@Z$2 00464273 f   FilterText_StaticLib:Regexp.obj
 0001:0006327c       __ehhandler$?GetReplaceString@regexp@@QBE?AV?$basic_string@DU?$char_traits@D@std@@V?$allocator@D@2@@std@@PBD@Z 0046427c f   FilterText_StaticLib:Regexp.obj
 0001:000632b0       __unwindfunclet$?regexec@regexp@@QAE_NPBD@Z$0 004642b0 f   FilterText_StaticLib:Regexp.obj
 0001:000632b8       __ehhandler$?regexec@regexp@@QAE_NPBD@Z 004642b8 f   FilterText_StaticLib:Regexp.obj
 0001:000632e0       __unwindfunclet$?regcomp@regexp@@QAE_NPBD@Z$0 004642e0 f   FilterText_StaticLib:Regexp.obj
 0001:000632e8       __unwindfunclet$?regcomp@regexp@@QAE_NPBD@Z$1 004642e8 f   FilterText_StaticLib:Regexp.obj
 0001:000632f0       __ehhandler$?regcomp@regexp@@QAE_NPBD@Z 004642f0 f   FilterText_StaticLib:Regexp.obj
 0001:00063320       __unwindfunclet$??0regexp@@QAE@PBDH@Z$0 00464320 f   FilterText_StaticLib:Regexp.obj
 0001:00063328       __unwindfunclet$??0regexp@@QAE@PBDH@Z$1 00464328 f   FilterText_StaticLib:Regexp.obj
 0001:00063337       __unwindfunclet$??0regexp@@QAE@PBDH@Z$2 00464337 f   FilterText_StaticLib:Regexp.obj
 0001:00063346       __ehhandler$??0regexp@@QAE@PBDH@Z 00464346 f   FilterText_StaticLib:Regexp.obj
 0001:00063370       __unwindfunclet$??0Regexp@@QAE@PBDH@Z$0 00464370 f   FilterText_StaticLib:Regexp.obj
 0001:0006337c       __unwindfunclet$??0Regexp@@QAE@PBDH@Z$1 0046437c f   FilterText_StaticLib:Regexp.obj
 0001:00063387       __ehhandler$??0Regexp@@QAE@PBDH@Z 00464387 f   FilterText_StaticLib:Regexp.obj
 0001:000633b0       ??__Eg_BlackListUserNames@@YAXXZ 004643b0 f   GameSpaceChangedNotify.obj
 0001:000633f0       ??__E?ms_Script@KShortcutKeyCentre@@0VKLuaScript@@A@@YAXXZ 004643f0 f   ShortcutKey.obj
 0001:00063410       ??__E?ms_FunsMap@KShortcutKeyCentre@@2V?$map@V?$basic_string@DU?$char_traits@D@std@@V?$allocator@D@2@@std@@UShortFuncInfo@@Ustring_iless@@V?$allocator@U?$pair@$$CBV?$basic_string@DU?$char_traits@D@std@@V?$allocator@D@2@@std@@UShortFuncInfo@@@std@@@2@@std@@A@@YAXXZ 00464410 f   ShortcutKey.obj
 0001:00063450       ??__Eg_UiBase@@YAXXZ       00464450 f   UiBase.obj
 0001:00063470       ??__Egs_Factory@@YAXXZ     00464470 f   ComWindow.obj
 0001:00063480       ??__Eg_MouseOver@@YAXXZ    00464480 f   MouseHover.obj
 0001:00063490       ??__Es_Ime@@YAXXZ          00464490 f   WndEdit.obj
 0001:000634b0       ??__Es_WndStation@@YAXXZ   004644b0 f   Wnds.obj
 0001:000634d0       ??__Eg_UiChatPhrase@@YAXXZ 004644d0 f   UiChatPhrase.obj
 0001:000634f0       ??__Eg_UiInformation@@YAXXZ 004644f0 f   UiInformation.obj
 0001:00063510       ??__Eg_UiInformation2@@YAXXZ 00464510 f   UiInformation2.obj
 0001:00063530       ??__Eg_WndGameSpace@@YAXXZ 00464530 f   UiGame.obj
 0001:00063550       ??__E?m_IndexData@KUiStrengthRank@@0V?$KLinkStruct@UKRankIndexNode@@@@A@@YAXXZ 00464550 f   UiStrengthRank.obj
 0001:00063560       ??__E?m_RankData@KUiStrengthRank@@0V?$KLinkStruct@UKRankNode@@@@A@@YAXXZ 00464560 f   UiStrengthRank.obj
 0001:00063570       ??__E?m_IndexIDIni@KUiStrengthRank@@0VKIniFile@@A@@YAXXZ 00464570 f   UiStrengthRank.obj
 0001:00063590       ??__EMyApp@@YAXXZ          00464590 f   S3Client.obj
 0001:000635b0       ??__Eg_PakList@@YAXXZ      004645b0 f   S3Client.obj
 0001:000635d0       ??__Eg_libFilterText@@YAXXZ 004645d0 f   S3Client.obj
 0001:000635f0       ??__Eg_ChatFilter@@YAXXZ   004645f0 f   S3Client.obj
 0001:00063610       ??__Eg_NetConnectAgent@@YAXXZ 00464610 f   NetConnectAgent.obj
 0001:00063630       ??__Eg_LoginLogic@@YAXXZ   00464630 f   Login.obj
 0001:00063650       ??__Egs_holdrand@@YAXXZ    00464650 f   Login.obj
 0001:00063670       ??__Fg_BlackListUserNames@@YAXXZ 00464670 f   GameSpaceChangedNotify.obj
 0001:000636b0       ??__F?ms_Script@KShortcutKeyCentre@@0VKLuaScript@@A@@YAXXZ 004646b0 f   ShortcutKey.obj
 0001:000636c0       ??__Fs_descHK@?1??GetKeyName@KShortcutKeyCentre@@SAPBDK@Z@YAXXZ 004646c0 f   ShortcutKey.obj
 0001:000636d0       ??__Fs_mapPattern@?2??ParseHotKey@hotkey_str@@YAKABV?$basic_string@DU?$char_traits@D@std@@V?$allocator@D@2@@std@@@Z@YAXXZ 004646d0 f   ShortcutKey.obj
 0001:00063710       ??__F?ms_FunsMap@KShortcutKeyCentre@@2V?$map@V?$basic_string@DU?$char_traits@D@std@@V?$allocator@D@2@@std@@UShortFuncInfo@@Ustring_iless@@V?$allocator@U?$pair@$$CBV?$basic_string@DU?$char_traits@D@std@@V?$allocator@D@2@@std@@UShortFuncInfo@@@std@@@2@@std@@A@@YAXXZ 00464710 f   ShortcutKey.obj
 0001:00063750       ??__Fg_UiBase@@YAXXZ       00464750 f   UiBase.obj
 0001:00063760       ??__Fs_Ime@@YAXXZ          00464760 f   WndEdit.obj
 0001:00063770       ??__Fs_WndStation@@YAXXZ   00464770 f   Wnds.obj
 0001:00063780       ??__Fg_UiChatPhrase@@YAXXZ 00464780 f   UiChatPhrase.obj
 0001:00063790       ??__Fg_UiInformation@@YAXXZ 00464790 f   UiInformation.obj
 0001:000637a0       ??__Fg_UiInformation2@@YAXXZ 004647a0 f   UiInformation2.obj
 0001:000637b0       ??__Fg_WndGameSpace@@YAXXZ 004647b0 f   UiGame.obj
 0001:000637c0       ??__F?m_IndexIDIni@KUiStrengthRank@@0VKIniFile@@A@@YAXXZ 004647c0 f   UiStrengthRank.obj
 0001:000637d0       ??__F?m_IndexData@KUiStrengthRank@@0V?$KLinkStruct@UKRankIndexNode@@@@A@@YAXXZ 004647d0 f   UiStrengthRank.obj
 0001:00063810       ??__F?m_RankData@KUiStrengthRank@@0V?$KLinkStruct@UKRankNode@@@@A@@YAXXZ 00464810 f   UiStrengthRank.obj
 0001:00063850       ??__Fg_PakList@@YAXXZ      00464850 f   S3Client.obj
 0001:00063860       ??__Fg_libFilterText@@YAXXZ 00464860 f   S3Client.obj
 0001:00063870       ??__Fg_ChatFilter@@YAXXZ   00464870 f   S3Client.obj
 0001:00063880       ??__FMyApp@@YAXXZ          00464880 f   S3Client.obj
 0001:00063890       ??__Fg_NetConnectAgent@@YAXXZ 00464890 f   NetConnectAgent.obj
 0001:000638a0       ??__Fg_LoginLogic@@YAXXZ   004648a0 f   Login.obj
